source newer than binary -> rebuild
building obj_dir_cosim_tiny128/tb_cosim_tiny128 (MEM_LG2=31) ...
=== cosim 'tiny128' (mem=2048MiB fw=../workloads/ubuntu/fw_payload.bin dtb=../workloads/gb5/gb5.dtb@+2000000 initrd=../workloads/gb5/img.Geekbench5.cpio@+16270e00 a1=82000000) ===
[cosim-linux: loaded 25064456 bytes @ DDR+0000000000000000 (391633 lines)]
[cosim-linux: loaded 1807 bytes @ DDR+0000000002000000 (29 lines)]
[cosim-linux: loaded 164164096 bytes @ DDR+0000000016270e00 (2565064 lines)]
[c=0]
cosim: loaded 25064456 bytes @ DDR+0 (../workloads/ubuntu/fw_payload.bin)
cosim: loaded 1807 bytes @ DDR+2000000 (../workloads/gb5/gb5.dtb)
cosim: loaded 164164096 bytes @ DDR+16270e00 (../workloads/gb5/img.Geekbench5.cpio)
cosim: simmerv ready (reset_pc=0000000080000000, linux)
cosim: 1 retirements ok (pc=0000000080000000)
[c=1000000]
cosim: 1000000 retirements ok (pc=000000008001959e)

MMIO-DIVERGE#0 pc=0x80018596 pa=0x10000005 sz=1 model=0x60 dut=0x0
MMIO-DIVERGE#1 pc=0x80018596 pa=0x10000005 sz=1 model=0x60 dut=0x0
OMMIO-DIVERGE#2 pc=0x80018596 pa=0x10000005 sz=1 model=0x60 dut=0x0
MMIO-DIVERGE#3 pc=0x80018596 pa=0x10000005 sz=1 model=0x60 dut=0x0
MMIO-DIVERGE#4 pc=0x80018596 pa=0x10000005 sz=1 model=0x60 dut=0x0
MMIO-DIVERGE#5 pc=0x80018596 pa=0x10000005 sz=1 model=0x60 dut=0x0
pMMIO-DIVERGE#6 pc=0x80018596 pa=0x10000005 sz=1 model=0x60 dut=0x0
MMIO-DIVERGE#7 pc=0x80018596 pa=0x10000005 sz=1 model=0x60 dut=0x0
MMIO-DIVERGE#8 pc=0x80018596 pa=0x10000005 sz=1 model=0x60 dut=0x0
MMIO-DIVERGE#9 pc=0x80018596 pa=0x10000005 sz=1 model=0x60 dut=0x0
MMIO-DIVERGE#10 pc=0x80018596 pa=0x10000005 sz=1 model=0x60 dut=0x0
eMMIO-DIVERGE#11 pc=0x80018596 pa=0x10000005 sz=1 model=0x60 dut=0x0
MMIO-DIVERGE#12 pc=0x80018596 pa=0x10000005 sz=1 model=0x60 dut=0x0
MMIO-DIVERGE#13 pc=0x80018596 pa=0x10000005 sz=1 model=0x60 dut=0x0
MMIO-DIVERGE#14 pc=0x80018596 pa=0x10000005 sz=1 model=0x60 dut=0x0
nMMIO-DIVERGE#15 pc=0x80018596 pa=0x10000005 sz=1 model=0x60 dut=0x0
MMIO-DIVERGE#16 pc=0x80018596 pa=0x10000005 sz=1 model=0x60 dut=0x0
MMIO-DIVERGE#17 pc=0x80018596 pa=0x10000005 sz=1 model=0x60 dut=0x0
MMIO-DIVERGE#18 pc=0x80018596 pa=0x10000005 sz=1 model=0x60 dut=0x0
MMIO-DIVERGE#19 pc=0x80018596 pa=0x10000005 sz=1 model=0x60 dut=0x0
SMMIO-DIVERGE#20 pc=0x80018596 pa=0x10000005 sz=1 model=0x60 dut=0x0
MMIO-DIVERGE#21 pc=0x80018596 pa=0x10000005 sz=1 model=0x60 dut=0x0
MMIO-DIVERGE#22 pc=0x80018596 pa=0x10000005 sz=1 model=0x60 dut=0x0
MMIO-DIVERGE#23 pc=0x80018596 pa=0x10000005 sz=1 model=0x60 dut=0x0
BMMIO-DIVERGE#24 pc=0x80018596 pa=0x10000005 sz=1 model=0x60 dut=0x0
MMIO-DIVERGE#25 pc=0x80018596 pa=0x10000005 sz=1 model=0x60 dut=0x0
MMIO-DIVERGE#26 pc=0x80018596 pa=0x10000005 sz=1 model=0x60 dut=0x0
MMIO-DIVERGE#27 pc=0x80018596 pa=0x10000005 sz=1 model=0x60 dut=0x0
MMIO-DIVERGE#28 pc=0x80018596 pa=0x10000005 sz=1 model=0x60 dut=0x0
IMMIO-DIVERGE#29 pc=0x80018596 pa=0x10000005 sz=1 model=0x60 dut=0x0
MMIO-DIVERGE#30 pc=0x80018596 pa=0x10000005 sz=1 model=0x60 dut=0x0
MMIO-DIVERGE#31 pc=0x80018596 pa=0x10000005 sz=1 model=0x60 dut=0x0
MMIO-DIVERGE#32 pc=0x80018596 pa=0x10000005 sz=1 model=0x60 dut=0x0
 MMIO-DIVERGE#33 pc=0x80018596 pa=0x10000005 sz=1 model=0x60 dut=0x0
MMIO-DIVERGE#34 pc=0x80018596 pa=0x10000005 sz=1 model=0x60 dut=0x0
MMIO-DIVERGE#35 pc=0x80018596 pa=0x10000005 sz=1 model=0x60 dut=0x0
MMIO-DIVERGE#36 pc=0x80018596 pa=0x10000005 sz=1 model=0x60 dut=0x0
MMIO-DIVERGE#37 pc=0x80018596 pa=0x10000005 sz=1 model=0x60 dut=0x0
vMMIO-DIVERGE#38 pc=0x80018596 pa=0x10000005 sz=1 model=0x60 dut=0x0
MMIO-DIVERGE#39 pc=0x80018596 pa=0x10000005 sz=1 model=0x60 dut=0x0
MMIO-DIVERGE#40 pc=0x80018596 pa=0x10000005 sz=1 model=0x60 dut=0x0
MMIO-DIVERGE#41 pc=0x80018596 pa=0x10000005 sz=1 model=0x60 dut=0x0
1MMIO-DIVERGE#42 pc=0x80018596 pa=0x10000005 sz=1 model=0x60 dut=0x0
MMIO-DIVERGE#43 pc=0x80018596 pa=0x10000005 sz=1 model=0x60 dut=0x0
MMIO-DIVERGE#44 pc=0x80018596 pa=0x10000005 sz=1 model=0x60 dut=0x0
MMIO-DIVERGE#45 pc=0x80018596 pa=0x10000005 sz=1 model=0x60 dut=0x0
MMIO-DIVERGE#46 pc=0x80018596 pa=0x10000005 sz=1 model=0x60 dut=0x0
.MMIO-DIVERGE#47 pc=0x80018596 pa=0x10000005 sz=1 model=0x60 dut=0x0
MMIO-DIVERGE#48 pc=0x80018596 pa=0x10000005 sz=1 model=0x60 dut=0x0
MMIO-DIVERGE#49 pc=0x80018596 pa=0x10000005 sz=1 model=0x60 dut=0x0
MMIO-DIVERGE#50 pc=0x80018596 pa=0x10000005 sz=1 model=0x60 dut=0x0
8MMIO-DIVERGE#51 pc=0x80018596 pa=0x10000005 sz=1 model=0x60 dut=0x0
MMIO-DIVERGE#52 pc=0x80018596 pa=0x10000005 sz=1 model=0x60 dut=0x0
MMIO-DIVERGE#53 pc=0x80018596 pa=0x10000005 sz=1 model=0x60 dut=0x0
MMIO-DIVERGE#54 pc=0x80018596 pa=0x10000005 sz=1 model=0x60 dut=0x0
.MMIO-DIVERGE#55 pc=0x80018596 pa=0x10000005 sz=1 model=0x60 dut=0x0
MMIO-DIVERGE#56 pc=0x80018596 pa=0x10000005 sz=1 model=0x60 dut=0x0
MMIO-DIVERGE#57 pc=0x80018596 pa=0x10000005 sz=1 model=0x60 dut=0x0
MMIO-DIVERGE#58 pc=0x80018596 pa=0x10000005 sz=1 model=0x60 dut=0x0
MMIO-DIVERGE#59 pc=0x80018596 pa=0x10000005 sz=1 model=0x60 dut=0x0
1MMIO-DIVERGE#60 pc=0x80018596 pa=0x10000005 sz=1 model=0x60 dut=0x0
MMIO-DIVERGE#61 pc=0x80018596 pa=0x10000005 sz=1 model=0x60 dut=0x0
MMIO-DIVERGE#62 pc=0x80018596 pa=0x10000005 sz=1 model=0x60 dut=0x0
MMIO-DIVERGE#63 pc=0x80018596 pa=0x10000005 sz=1 model=0x60 dut=0x0
MMIO-DIVERGE#64 pc=0x80018596 pa=0x10000005 sz=1 model=0x60 dut=0x0
MMIO-DIVERGE#65 pc=0x80018596 pa=0x10000005 sz=1 model=0x60 dut=0x0
MMIO-DIVERGE#66 pc=0x80018596 pa=0x10000005 sz=1 model=0x60 dut=0x0
MMIO-DIVERGE#67 pc=0x80018596 pa=0x10000005 sz=1 model=0x60 dut=0x0
MMIO-DIVERGE#68 pc=0x80018596 pa=0x10000005 sz=1 model=0x60 dut=0x0

  MMIO-DIVERGE#69 pc=0x80018596 pa=0x10000005 sz=1 model=0x60 dut=0x0
MMIO-DIVERGE#70 pc=0x80018596 pa=0x10000005 sz=1 model=0x60 dut=0x0
 MMIO-DIVERGE#71 pc=0x80018596 pa=0x10000005 sz=1 model=0x60 dut=0x0
MMIO-DIVERGE#72 pc=0x80018596 pa=0x10000005 sz=1 model=0x60 dut=0x0
MMIO-DIVERGE#73 pc=0x80018596 pa=0x10000005 sz=1 model=0x60 dut=0x0
MMIO-DIVERGE#74 pc=0x80018596 pa=0x10000005 sz=1 model=0x60 dut=0x0
_MMIO-DIVERGE#75 pc=0x80018596 pa=0x10000005 sz=1 model=0x60 dut=0x0
MMIO-DIVERGE#76 pc=0x80018596 pa=0x10000005 sz=1 model=0x60 dut=0x0
MMIO-DIVERGE#77 pc=0x80018596 pa=0x10000005 sz=1 model=0x60 dut=0x0
MMIO-DIVERGE#78 pc=0x80018596 pa=0x10000005 sz=1 model=0x60 dut=0x0
MMIO-DIVERGE#79 pc=0x80018596 pa=0x10000005 sz=1 model=0x60 dut=0x0
_MMIO-DIVERGE#80 pc=0x80018596 pa=0x10000005 sz=1 model=0x60 dut=0x0
MMIO-DIVERGE#81 pc=0x80018596 pa=0x10000005 sz=1 model=0x60 dut=0x0
MMIO-DIVERGE#82 pc=0x80018596 pa=0x10000005 sz=1 model=0x60 dut=0x0
MMIO-DIVERGE#83 pc=0x80018596 pa=0x10000005 sz=1 model=0x60 dut=0x0
_MMIO-DIVERGE#84 pc=0x80018596 pa=0x10000005 sz=1 model=0x60 dut=0x0
MMIO-DIVERGE#85 pc=0x80018596 pa=0x10000005 sz=1 model=0x60 dut=0x0
MMIO-DIVERGE#86 pc=0x80018596 pa=0x10000005 sz=1 model=0x60 dut=0x0
MMIO-DIVERGE#87 pc=0x80018596 pa=0x10000005 sz=1 model=0x60 dut=0x0
MMIO-DIVERGE#88 pc=0x80018596 pa=0x10000005 sz=1 model=0x60 dut=0x0
_MMIO-DIVERGE#89 pc=0x80018596 pa=0x10000005 sz=1 model=0x60 dut=0x0
MMIO-DIVERGE#90 pc=0x80018596 pa=0x10000005 sz=1 model=0x60 dut=0x0
MMIO-DIVERGE#91 pc=0x80018596 pa=0x10000005 sz=1 model=0x60 dut=0x0
MMIO-DIVERGE#92 pc=0x80018596 pa=0x10000005 sz=1 model=0x60 dut=0x0
 MMIO-DIVERGE#93 pc=0x80018596 pa=0x10000005 sz=1 model=0x60 dut=0x0
MMIO-DIVERGE#94 pc=0x80018596 pa=0x10000005 sz=1 model=0x60 dut=0x0
MMIO-DIVERGE#95 pc=0x80018596 pa=0x10000005 sz=1 model=0x60 dut=0x0
MMIO-DIVERGE#96 pc=0x80018596 pa=0x10000005 sz=1 model=0x60 dut=0x0
MMIO-DIVERGE#97 pc=0x80018596 pa=0x10000005 sz=1 model=0x60 dut=0x0
 MMIO-DIVERGE#98 pc=0x80018596 pa=0x10000005 sz=1 model=0x60 dut=0x0
MMIO-DIVERGE#99 pc=0x80018596 pa=0x10000005 sz=1 model=0x60 dut=0x0
MMIO-DIVERGE#100 pc=0x80018596 pa=0x10000005 sz=1 model=0x60 dut=0x0
MMIO-DIVERGE#101 pc=0x80018596 pa=0x10000005 sz=1 model=0x60 dut=0x0
 MMIO-DIVERGE#102 pc=0x80018596 pa=0x10000005 sz=1 model=0x60 dut=0x0
MMIO-DIVERGE#103 pc=0x80018596 pa=0x10000005 sz=1 model=0x60 dut=0x0
MMIO-DIVERGE#104 pc=0x80018596 pa=0x10000005 sz=1 model=0x60 dut=0x0
MMIO-DIVERGE#105 pc=0x80018596 pa=0x10000005 sz=1 model=0x60 dut=0x0
MMIO-DIVERGE#106 pc=0x80018596 pa=0x10000005 sz=1 model=0x60 dut=0x0
 MMIO-DIVERGE#107 pc=0x80018596 pa=0x10000005 sz=1 model=0x60 dut=0x0
MMIO-DIVERGE#108 pc=0x80018596 pa=0x10000005 sz=1 model=0x60 dut=0x0
MMIO-DIVERGE#109 pc=0x80018596 pa=0x10000005 sz=1 model=0x60 dut=0x0
MMIO-DIVERGE#110 pc=0x80018596 pa=0x10000005 sz=1 model=0x60 dut=0x0
 MMIO-DIVERGE#111 pc=0x80018596 pa=0x10000005 sz=1 model=0x60 dut=0x0
MMIO-DIVERGE#112 pc=0x80018596 pa=0x10000005 sz=1 model=0x60 dut=0x0
MMIO-DIVERGE#113 pc=0x80018596 pa=0x10000005 sz=1 model=0x60 dut=0x0
MMIO-DIVERGE#114 pc=0x80018596 pa=0x10000005 sz=1 model=0x60 dut=0x0
MMIO-DIVERGE#115 pc=0x80018596 pa=0x10000005 sz=1 model=0x60 dut=0x0
 MMIO-DIVERGE#116 pc=0x80018596 pa=0x10000005 sz=1 model=0x60 dut=0x0
MMIO-DIVERGE#117 pc=0x80018596 pa=0x10000005 sz=1 model=0x60 dut=0x0
MMIO-DIVERGE#118 pc=0x80018596 pa=0x10000005 sz=1 model=0x60 dut=0x0
MMIO-DIVERGE#119 pc=0x80018596 pa=0x10000005 sz=1 model=0x60 dut=0x0
 MMIO-DIVERGE#120 pc=0x80018596 pa=0x10000005 sz=1 model=0x60 dut=0x0
MMIO-DIVERGE#121 pc=0x80018596 pa=0x10000005 sz=1 model=0x60 dut=0x0
MMIO-DIVERGE#122 pc=0x80018596 pa=0x10000005 sz=1 model=0x60 dut=0x0
MMIO-DIVERGE#123 pc=0x80018596 pa=0x10000005 sz=1 model=0x60 dut=0x0
MMIO-DIVERGE#124 pc=0x80018596 pa=0x10000005 sz=1 model=0x60 dut=0x0
 MMIO-DIVERGE#125 pc=0x80018596 pa=0x10000005 sz=1 model=0x60 dut=0x0
MMIO-DIVERGE#126 pc=0x80018596 pa=0x10000005 sz=1 model=0x60 dut=0x0
MMIO-DIVERGE#127 pc=0x80018596 pa=0x10000005 sz=1 model=0x60 dut=0x0
MMIO-DIVERGE#128 pc=0x80018596 pa=0x10000005 sz=1 model=0x60 dut=0x0
 MMIO-DIVERGE#129 pc=0x80018596 pa=0x10000005 sz=1 model=0x60 dut=0x0
MMIO-DIVERGE#130 pc=0x80018596 pa=0x10000005 sz=1 model=0x60 dut=0x0
MMIO-DIVERGE#131 pc=0x80018596 pa=0x10000005 sz=1 model=0x60 dut=0x0
MMIO-DIVERGE#132 pc=0x80018596 pa=0x10000005 sz=1 model=0x60 dut=0x0
MMIO-DIVERGE#133 pc=0x80018596 pa=0x10000005 sz=1 model=0x60 dut=0x0
 MMIO-DIVERGE#134 pc=0x80018596 pa=0x10000005 sz=1 model=0x60 dut=0x0
MMIO-DIVERGE#135 pc=0x80018596 pa=0x10000005 sz=1 model=0x60 dut=0x0
MMIO-DIVERGE#136 pc=0x80018596 pa=0x10000005 sz=1 model=0x60 dut=0x0
MMIO-DIVERGE#137 pc=0x80018596 pa=0x10000005 sz=1 model=0x60 dut=0x0
 MMIO-DIVERGE#138 pc=0x80018596 pa=0x10000005 sz=1 model=0x60 dut=0x0
MMIO-DIVERGE#139 pc=0x80018596 pa=0x10000005 sz=1 model=0x60 dut=0x0
MMIO-DIVERGE#140 pc=0x80018596 pa=0x10000005 sz=1 model=0x60 dut=0x0
MMIO-DIVERGE#141 pc=0x80018596 pa=0x10000005 sz=1 model=0x60 dut=0x0
 MMIO-DIVERGE#142 pc=0x80018596 pa=0x10000005 sz=1 model=0x60 dut=0x0
MMIO-DIVERGE#143 pc=0x80018596 pa=0x10000005 sz=1 model=0x60 dut=0x0
MMIO-DIVERGE#144 pc=0x80018596 pa=0x10000005 sz=1 model=0x60 dut=0x0
MMIO-DIVERGE#145 pc=0x80018596 pa=0x10000005 sz=1 model=0x60 dut=0x0
MMIO-DIVERGE#146 pc=0x80018596 pa=0x10000005 sz=1 model=0x60 dut=0x0
 MMIO-DIVERGE#147 pc=0x80018596 pa=0x10000005 sz=1 model=0x60 dut=0x0
MMIO-DIVERGE#148 pc=0x80018596 pa=0x10000005 sz=1 model=0x60 dut=0x0
MMIO-DIVERGE#149 pc=0x80018596 pa=0x10000005 sz=1 model=0x60 dut=0x0
MMIO-DIVERGE#150 pc=0x80018596 pa=0x10000005 sz=1 model=0x60 dut=0x0
 MMIO-DIVERGE#151 pc=0x80018596 pa=0x10000005 sz=1 model=0x60 dut=0x0
MMIO-DIVERGE#152 pc=0x80018596 pa=0x10000005 sz=1 model=0x60 dut=0x0
MMIO-DIVERGE#153 pc=0x80018596 pa=0x10000005 sz=1 model=0x60 dut=0x0
MMIO-DIVERGE#154 pc=0x80018596 pa=0x10000005 sz=1 model=0x60 dut=0x0
MMIO-DIVERGE#155 pc=0x80018596 pa=0x10000005 sz=1 model=0x60 dut=0x0
 MMIO-DIVERGE#156 pc=0x80018596 pa=0x10000005 sz=1 model=0x60 dut=0x0
MMIO-DIVERGE#157 pc=0x80018596 pa=0x10000005 sz=1 model=0x60 dut=0x0
MMIO-DIVERGE#158 pc=0x80018596 pa=0x10000005 sz=1 model=0x60 dut=0x0
MMIO-DIVERGE#159 pc=0x80018596 pa=0x10000005 sz=1 model=0x60 dut=0x0
 MMIO-DIVERGE#160 pc=0x80018596 pa=0x10000005 sz=1 model=0x60 dut=0x0
MMIO-DIVERGE#161 pc=0x80018596 pa=0x10000005 sz=1 model=0x60 dut=0x0
MMIO-DIVERGE#162 pc=0x80018596 pa=0x10000005 sz=1 model=0x60 dut=0x0
MMIO-DIVERGE#163 pc=0x80018596 pa=0x10000005 sz=1 model=0x60 dut=0x0
MMIO-DIVERGE#164 pc=0x80018596 pa=0x10000005 sz=1 model=0x60 dut=0x0
 MMIO-DIVERGE#165 pc=0x80018596 pa=0x10000005 sz=1 model=0x60 dut=0x0
MMIO-DIVERGE#166 pc=0x80018596 pa=0x10000005 sz=1 model=0x60 dut=0x0
MMIO-DIVERGE#167 pc=0x80018596 pa=0x10000005 sz=1 model=0x60 dut=0x0
MMIO-DIVERGE#168 pc=0x80018596 pa=0x10000005 sz=1 model=0x60 dut=0x0
 MMIO-DIVERGE#169 pc=0x80018596 pa=0x10000005 sz=1 model=0x60 dut=0x0
MMIO-DIVERGE#170 pc=0x80018596 pa=0x10000005 sz=1 model=0x60 dut=0x0
MMIO-DIVERGE#171 pc=0x80018596 pa=0x10000005 sz=1 model=0x60 dut=0x0
MMIO-DIVERGE#172 pc=0x80018596 pa=0x10000005 sz=1 model=0x60 dut=0x0
MMIO-DIVERGE#173 pc=0x80018596 pa=0x10000005 sz=1 model=0x60 dut=0x0
 MMIO-DIVERGE#174 pc=0x80018596 pa=0x10000005 sz=1 model=0x60 dut=0x0
MMIO-DIVERGE#175 pc=0x80018596 pa=0x10000005 sz=1 model=0x60 dut=0x0
MMIO-DIVERGE#176 pc=0x80018596 pa=0x10000005 sz=1 model=0x60 dut=0x0
MMIO-DIVERGE#177 pc=0x80018596 pa=0x10000005 sz=1 model=0x60 dut=0x0
 MMIO-DIVERGE#178 pc=0x80018596 pa=0x10000005 sz=1 model=0x60 dut=0x0
MMIO-DIVERGE#179 pc=0x80018596 pa=0x10000005 sz=1 model=0x60 dut=0x0
MMIO-DIVERGE#180 pc=0x80018596 pa=0x10000005 sz=1 model=0x60 dut=0x0
MMIO-DIVERGE#181 pc=0x80018596 pa=0x10000005 sz=1 model=0x60 dut=0x0
MMIO-DIVERGE#182 pc=0x80018596 pa=0x10000005 sz=1 model=0x60 dut=0x0
_MMIO-DIVERGE#183 pc=0x80018596 pa=0x10000005 sz=1 model=0x60 dut=0x0
MMIO-DIVERGE#184 pc=0x80018596 pa=0x10000005 sz=1 model=0x60 dut=0x0
MMIO-DIVERGE#185 pc=0x80018596 pa=0x10000005 sz=1 model=0x60 dut=0x0
MMIO-DIVERGE#186 pc=0x80018596 pa=0x10000005 sz=1 model=0x60 dut=0x0
_MMIO-DIVERGE#187 pc=0x80018596 pa=0x10000005 sz=1 model=0x60 dut=0x0
MMIO-DIVERGE#188 pc=0x80018596 pa=0x10000005 sz=1 model=0x60 dut=0x0
MMIO-DIVERGE#189 pc=0x80018596 pa=0x10000005 sz=1 model=0x60 dut=0x0
MMIO-DIVERGE#190 pc=0x80018596 pa=0x10000005 sz=1 model=0x60 dut=0x0
MMIO-DIVERGE#191 pc=0x80018596 pa=0x10000005 sz=1 model=0x60 dut=0x0
_MMIO-DIVERGE#192 pc=0x80018596 pa=0x10000005 sz=1 model=0x60 dut=0x0
MMIO-DIVERGE#193 pc=0x80018596 pa=0x10000005 sz=1 model=0x60 dut=0x0
MMIO-DIVERGE#194 pc=0x80018596 pa=0x10000005 sz=1 model=0x60 dut=0x0
MMIO-DIVERGE#195 pc=0x80018596 pa=0x10000005 sz=1 model=0x60 dut=0x0
_MMIO-DIVERGE#196 pc=0x80018596 pa=0x10000005 sz=1 model=0x60 dut=0x0
MMIO-DIVERGE#197 pc=0x80018596 pa=0x10000005 sz=1 model=0x60 dut=0x0
MMIO-DIVERGE#198 pc=0x80018596 pa=0x10000005 sz=1 model=0x60 dut=0x0
MMIO-DIVERGE#199 pc=0x80018596 pa=0x10000005 sz=1 model=0x60 dut=0x0
_ ____ _____
  / __ \ [c=2000000]
                 / ____|  _ \_   _|
 | |  | |_ __   ___ _ __ | (___ | |_) || |
 | |  | | '_ \ / _ \ '_ \ \___ \|  _ < | |
 | |__| | |_) |  __/ | | |____) | |_) || |_
  \____/| .__/ \___|_| |_|_____/|____/_____|
        | |
        |_|

cosim: 2000000 retirements ok (pc=0000000080019592)
[c=3000000]
[c=4000000]
cosim: 3000000 retirements ok (pc=0000000080019670)
[c=5000000]
cosim: 4000000 retirements ok (pc=000000008001952a)
[c=6000000]
cosim: 5000000 retirements ok (pc=0000000080019690)
Platform Name               : SmolRV64 gb5 2 GiB
Platform Features           : medeleg
Platform HART Count         : 1
Platform HART Protection    : ---
Platform IPI Device         : aclint-mswi
Platform Timer Device       : aclint-mtimer @ 100000Hz
Platform Console Device     : uart8250
Platform HSM Device         : ---
Platform PMU Device         : ---
Platform Reboot Device      : ---
Platform Shutdown Device    : ---
Platform Suspend Device     : ---
Platform CPPC Device        : ---
Firmware Base               : 0x80000000
Firmware Size               : 321 KB
Firmware RW Offset          : 0x40000
Firmware RW Size            : 65 KB
Firmware Heap Offset        : 0x47000
Firmware Heap Size          : 37 KB ([c=7000000]
total), 0 KB (reserved), 12 KB (used), 23 KB (free)
Firmware Scratch Size       : 4096 B (total), 424 B (used), 3672 B (free)
Runtime SBI Version         : 3.0
Standard SBI Extensions     : ipi,pmu,sse,hsm,rfnc,fwft,time,base,legacy,dbcn,dbtr
Experimental SBI Extensions : none

Domain0 Name                : root
Domain0 Boot HART           : 0
Domain0 HARTs               : 0*
Domain0 Region00            : 0x0000000080040000-0x000000008005ffff M: (F,R,W) S/U: ()
Domain0 Region01            : 0x0000000080000000-0x000000008003ffff M: (F,R,X) S/U: ()
Domain0 Region02            : 0x0000000010000000-0x0000000010000fff M: (I,R,W) S/U: (R,W)
Domain0 Region03            : 0x0000000002000000-0x000000000200ffff M: (I,R,W) S/U: ()
Domain0 Region04            : 0x000000000c000000-0x000000000fffffff M: (I,R,W) S/U: (R,W)
Domain0 Region05            : 0x0000000000000000-0xffffffffffffffff M: () S/U: (R,W,X)
Domain0 Next Address        : 0x0000000080200000
Domain0 Next Arg1           : 0x0000000082200000
Domain0 Next Mode           : S-mode
Domain0 SysReset            : yes
Domain0 SysSuspend          : yes

Boot HART ID                : 0
Boot HART Domain            : root
Boot HART Priv Version      : v1.12
Boot HART Base ISA          : rv64imafdc
Boot HART ISA Extensions    : sscofpmf,sstc,zicntr,zihpm,smcntrpmf,sdtrig
Boot HART PMP Count         : 0
Boot HART PMP Granularity   : 0 bits
Boot HART PMP Address Bits  : 0
Boot HART MHPM Info         : 13 (0x0000fff8)
Boot HART Debug Triggers    : 1 triggers
Boot HART MIDELEG           : 0x0000000000002222
Boot HART MEDELEG           : 0x000000000004b109
[c=8000000]
cosim: 6000000 retirements ok (pc=ffffffff808bd8dc)
[c=9000000]
[c=10000000]
cosim: 7000000 retirements ok (pc=ffffffff8049ad12)
[c=11000000]
cosim: 8000000 retirements ok (pc=ffffffff8019e864)
[c=12000000]
[c=13000000]
cosim: 9000000 retirements ok (pc=ffffffff8049ae88)
[c=14000000]
cosim: 10000000 retirements ok (pc=ffffffff8019e57e)
[c=15000000]
[c=16000000]
cosim: 11000000 retirements ok (pc=ffffffff808da65e)
[    0.000000] Linux version 7.1.0 (tommy@coffee) (riscv64-linux-gnu-gcc (Ubuntu 15.2.0-16ubuntu1) 15.2.0, GNU ld (GNU Binutils for Ubuntu) 2.46) #31 PREEMPT Sun Jun 28 15:03:59 PDT 2026
[    0.000000] random: crng init done
[    0.000000] Machine model: SmolRV64 gb5 2 GiB
[    0.000000] SBI specification v3.0 detected
[    0.000000] SBI implementation ID=0x1 Version=0x10008
[    0.000000] SBI TIME extension detected
[    0.000000] SBI IPI extension detected
[    0.000000] SBI RFENCE extension detected
[    0.000000] SBI DBCN extension detected
[    0.000000] SBI FWFT extension detected
[    0.000000] earlycon: sbi0 at I/O port 0x0 (options '')
[    0.000000] printk: legacy bootconsole [sbi0] enabled
[    0.000000] printk: debug: ignoring loglevel setting.
[c=17000000]
[    0.000000] efi: UEFI not found.
[c=18000000]
[    0.000000] OF: reserved mem: 0x0000000080000000..0x000000008003ffff (256 KiB) nomap non-reusable mmode_resv1@80000000
cosim: 12000000 retirements ok (pc=ffffffff808bd978)
[    0.000000] OF: reserved mem: 0x0000000080040000..0x000000008005ffff (128 KiB) nomap non-reusable mmode_resv0@80040000
[c=19000000]
[    0.000000] riscv: base ISA extensions acdfim
[    0.000000] riscv: ELF capabilities acdfim
[c=20000000]
[    0.000000] Ticket spinlock: enabled
[c=21000000]
[c=22000000]
cosim: 13000000 retirements ok (pc=ffffffff808e2b6c)
[c=23000000]
[c=24000000]
[c=25000000]
[c=26000000]
[c=27000000]
[c=28000000]
[c=29000000]
[c=30000000]
[c=31000000]
[c=32000000]
cosim: 14000000 retirements ok (pc=ffffffff808e2b4c)
[c=33000000]
[c=34000000]
[c=35000000]
[c=36000000]
[c=37000000]
[c=38000000]
[c=39000000]
[c=40000000]
[c=41000000]
[c=42000000]
[    0.000000] Zone ranges:
cosim: 15000000 retirements ok (pc=ffffffff80078960)
[    0.000000]   DMA32    [mem 0x0000000080000000-0x00000000ffefffff]
[c=43000000]
[    0.000000]   Normal   empty
[    0.000000] Movable zone start for each node
[    0.000000] Early memory node ranges
[    0.000000]   node   0: [mem 0x0000000080000000-0x000000008005ffff]
[    0.000000]   node   0: [mem 0x0000000080060000-0x00000000ffefffff]
[    0.000000] Initmem setup node 0 [mem 0x0000000080000000-0x00000000ffefffff]
[c=44000000]
[c=45000000]
cosim: 16000000 retirements ok (pc=ffffffff80a11b30)
[c=46000000]
[c=47000000]
cosim: 17000000 retirements ok (pc=ffffffff80a115be)
[c=48000000]
[c=49000000]
[c=50000000]
cosim: 18000000 retirements ok (pc=ffffffff80a115de)
[c=51000000]
[c=52000000]
cosim: 19000000 retirements ok (pc=ffffffff80a11a4e)
[c=53000000]
[c=54000000]
[c=55000000]
cosim: 20000000 retirements ok (pc=ffffffff80a11af6)
[c=56000000]
[c=57000000]
cosim: 21000000 retirements ok (pc=ffffffff80a11b1c)
[c=58000000]
[c=59000000]
cosim: 22000000 retirements ok (pc=ffffffff80a11b38)
[c=60000000]
[c=61000000]
[c=62000000]
cosim: 23000000 retirements ok (pc=ffffffff80a11a52)
[c=63000000]
[c=64000000]
cosim: 24000000 retirements ok (pc=ffffffff80a11af8)
[c=65000000]
[c=66000000]
[c=67000000]
cosim: 25000000 retirements ok (pc=ffffffff80a11b1e)
[c=68000000]
[c=69000000]
cosim: 26000000 retirements ok (pc=ffffffff80a115b0)
[c=70000000]
[c=71000000]
[c=72000000]
cosim: 27000000 retirements ok (pc=ffffffff80a115c8)
[c=73000000]
[c=74000000]
cosim: 28000000 retirements ok (pc=ffffffff80a11b54)
[c=75000000]
[c=76000000]
cosim: 29000000 retirements ok (pc=ffffffff80a11a5e)
[c=77000000]
[c=78000000]
[c=79000000]
cosim: 30000000 retirements ok (pc=ffffffff80a11b04)
[c=80000000]
[c=81000000]
cosim: 31000000 retirements ok (pc=ffffffff80a11b26)
[c=82000000]
[c=83000000]
[c=84000000]
cosim: 32000000 retirements ok (pc=ffffffff80a115b6)
[c=85000000]
[c=86000000]
cosim: 33000000 retirements ok (pc=ffffffff80a115d4)
[c=87000000]
[c=88000000]
[c=89000000]
cosim: 34000000 retirements ok (pc=ffffffff80a11b68)
[c=90000000]
[c=91000000]
cosim: 35000000 retirements ok (pc=ffffffff80a11b28)
[c=92000000]
[c=93000000]
cosim: 36000000 retirements ok (pc=ffffffff80a115b8)
[c=94000000]
[c=95000000]
[c=96000000]
cosim: 37000000 retirements ok (pc=ffffffff80a115d8)
[c=97000000]
[c=98000000]
cosim: 38000000 retirements ok (pc=ffffffff80a11a94)
[c=99000000]
[c=100000000]
[c=101000000]
cosim: 39000000 retirements ok (pc=ffffffff80a11aec)
[c=102000000]
[c=103000000]
cosim: 40000000 retirements ok (pc=ffffffff80a11b12)
[c=104000000]
[c=105000000]
[c=106000000]
cosim: 41000000 retirements ok (pc=ffffffff80a11b30)
[c=107000000]
[c=108000000]
cosim: 42000000 retirements ok (pc=ffffffff80a115be)
[c=109000000]
[c=110000000]
cosim: 43000000 retirements ok (pc=ffffffff80a115de)
[c=111000000]
[c=112000000]
[c=113000000]
cosim: 44000000 retirements ok (pc=ffffffff80a11a4e)
[c=114000000]
[c=115000000]
cosim: 45000000 retirements ok (pc=ffffffff80a11af6)
[c=116000000]
[c=117000000]
[c=118000000]
cosim: 46000000 retirements ok (pc=ffffffff80a11b1c)
[c=119000000]
[c=120000000]
cosim: 47000000 retirements ok (pc=ffffffff80a115ae)
[c=121000000]
[c=122000000]
[c=123000000]
cosim: 48000000 retirements ok (pc=ffffffff80a11a52)
[    0.000000] On node 0, zone DMA32: 256 pages in unavailable ranges
[    0.000000] pcpu-alloc: s0 r0 d32768 u32768 alloc=1*32768
[    0.000000] pcpu-alloc: [0] 0 
[    0.000000] Kernel command line: console=ttyS0 earlycon=sbi root=/dev/raw rw ignore_loglevel random.trust_bootloader=on
[c=124000000]
[    0.000000] printk: log buffer data + meta data: 131072 + 458752 = 589824 bytes
[c=125000000]
[c=126000000]
[c=127000000]
[    0.000000] Dentry cache hash table entries: 262144 (order: 9, 2097152 bytes, linear)
[c=128000000]
[    0.000000] Inode-cache hash table entries: 131072 (order: 8, 1048576 bytes, linear)
[    0.000000] Built 1 zonelists, mobility grouping on.  Total pages: 524032
[    0.000000] mem auto-init: stack:all(zero), heap alloc:off, heap free:off
cosim: 49000000 retirements ok (pc=ffffffff80a119fe)
[c=129000000]
[c=130000000]
cosim: 50000000 retirements ok (pc=ffffffff80a15270)
[c=131000000]
[c=132000000]
cosim: 51000000 retirements ok (pc=ffffffff80a15362)
[c=133000000]
[c=134000000]
[c=135000000]
[c=136000000]
cosim: 52000000 retirements ok (pc=ffffffff8020b6ba)
[c=137000000]
[c=138000000]
[c=139000000]
[c=140000000]
cosim: 53000000 retirements ok (pc=ffffffff8020b6b0)
[c=141000000]
[c=142000000]
[c=143000000]
cosim: 54000000 retirements ok (pc=ffffffff8020b6c4)
[c=144000000]
[c=145000000]
[c=146000000]
[c=147000000]
cosim: 55000000 retirements ok (pc=ffffffff80a14a46)
[c=148000000]
[c=149000000]
[c=150000000]
[c=151000000]
cosim: 56000000 retirements ok (pc=ffffffff80a14a5c)
[c=152000000]
[c=153000000]
[c=154000000]
[c=155000000]
cosim: 57000000 retirements ok (pc=ffffffff80a14a4e)
[c=156000000]
[c=157000000]
[c=158000000]
[c=159000000]
cosim: 58000000 retirements ok (pc=ffffffff80a14a5c)
[c=160000000]
[c=161000000]
[c=162000000]
[    0.000000] SLUB: HWalign=64, Order=0-3, MinObjects=0, CPUs=1, Nodes=1
[c=163000000]
cosim: 59000000 retirements ok (pc=ffffffff800ee020)
[    0.000000] RCU Tasks: Setting shift to 0 and lim to 1 rcu_task_cb_adjust=1 rcu_task_cpu_ids=1.
[c=164000000]
[c=165000000]
[c=166000000]
cosim: 60000000 retirements ok (pc=ffffffff800f6554)
[c=167000000]
[c=168000000]
[c=169000000]
cosim: 61000000 retirements ok (pc=ffffffff800f6552)
[c=170000000]
[c=171000000]
cosim: 62000000 retirements ok (pc=ffffffff800f6552)
[c=172000000]
[c=173000000]
[c=174000000]
[c=175000000]
cosim: 63000000 retirements ok (pc=ffffffff800f652a)
[c=176000000]
[c=177000000]
[c=178000000]
cosim: 64000000 retirements ok (pc=ffffffff800f6552)
[c=179000000]
[c=180000000]
[c=181000000]
cosim: 65000000 retirements ok (pc=ffffffff800f6554)
[c=182000000]
[c=183000000]
[c=184000000]
cosim: 66000000 retirements ok (pc=ffffffff808d89e2)
[c=185000000]
[c=186000000]
[c=187000000]
cosim: 67000000 retirements ok (pc=ffffffff800f6554)
[c=188000000]
cosim: 68000000 retirements ok (pc=ffffffff800f6552)
[c=189000000]
cosim: 69000000 retirements ok (pc=ffffffff808e2c90)
[c=190000000]
[c=191000000]
cosim: 70000000 retirements ok (pc=ffffffff80219778)
[c=192000000]
[c=193000000]
[c=194000000]
cosim: 71000000 retirements ok (pc=ffffffff80212f62)
[c=195000000]
[c=196000000]
cosim: 72000000 retirements ok (pc=ffffffff808d89d6)
[    0.000000] NR_IRQS: 64, nr_irqs: 64, preallocated irqs: 0
[    0.000000] riscv-intc: 64 local interrupts mapped
[    0.000000] clocksource: riscv_clocksource: mask: 0xffffffffffffffff max_cycles: 0x179dd7f66, max_idle_ns: 28210892933900 ns
[    0.000100] sched_clock: 64 bits at 100kHz, resolution 10000ns, wraps every 35184372085000ns
[c=197000000]
[    0.003920] riscv-timer: Timer interrupt in S-mode is available via sstc extension
[    0.031470] Console: colour dummy device 80x25

*** cosim MISMATCH at retire #72294908 ***

Recent history (DUT vs REF):
  DUT seq=72294877 pc=ffffffff8004f83e npc=ffffffff8004f842 insn=00e22423 prv=1 trap=0 rd=(k0,x0)=0000000000000000 cause=0000000000000000 tval=0000000000000000 mepc=ffffffff80016d14
  REF seq=72294877 pc=ffffffff8004f83e npc=ffffffff8004f842 insn=00e22423 prv=1 trap=0 rd=(k0,x0)=0000000000000000 cause=0000000000000000 tval=0000000000000000 mepc=ffffffff80016d14
  DUT seq=72294878 pc=ffffffff8004f842 npc=ffffffff8004f846 insn=00822703 prv=1 trap=0 rd=(k1,x14)=0000000000010004 cause=0000000000000000 tval=0000000000000000 mepc=ffffffff80016d14
  REF seq=72294878 pc=ffffffff8004f842 npc=ffffffff8004f846 insn=00822703 prv=1 trap=0 rd=(k1,x14)=0000000000010004 cause=0000000000000000 tval=0000000000000000 mepc=ffffffff80016d14
  DUT seq=72294879 pc=ffffffff8004f846 npc=ffffffff8004f84a insn=013c7517 prv=1 trap=0 rd=(k1,x10)=ffffffff81416846 cause=0000000000000000 tval=0000000000000000 mepc=ffffffff80016d14
  REF seq=72294879 pc=ffffffff8004f846 npc=ffffffff8004f84a insn=013c7517 prv=1 trap=0 rd=(k1,x10)=ffffffff81416846 cause=0000000000000000 tval=0000000000000000 mepc=ffffffff80016d14
  DUT seq=72294880 pc=ffffffff8004f84a npc=ffffffff8004f84e insn=13a50513 prv=1 trap=0 rd=(k1,x10)=ffffffff81416980 cause=0000000000000000 tval=0000000000000000 mepc=ffffffff80016d14
  REF seq=72294880 pc=ffffffff8004f84a npc=ffffffff8004f84e insn=13a50513 prv=1 trap=0 rd=(k1,x10)=ffffffff81416980 cause=0000000000000000 tval=0000000000000000 mepc=ffffffff80016d14
  DUT seq=72294881 pc=ffffffff8004f84e npc=ffffffff8004f850 insn=fff7071b prv=1 trap=0 rd=(k1,x14)=0000000000010003 cause=0000000000000000 tval=0000000000000000 mepc=ffffffff80016d14
  REF seq=72294881 pc=ffffffff8004f84e npc=ffffffff8004f850 insn=2423377d prv=1 trap=0 rd=(k1,x14)=0000000000010003 cause=0000000000000000 tval=0000000000000000 mepc=ffffffff80016d14
  DUT seq=72294882 pc=ffffffff8004f850 npc=ffffffff8004f854 insn=00e22423 prv=1 trap=0 rd=(k0,x0)=0000000000000000 cause=0000000000000000 tval=0000000000000000 mepc=ffffffff80016d14
  REF seq=72294882 pc=ffffffff8004f850 npc=ffffffff8004f854 insn=00e22423 prv=1 trap=0 rd=(k0,x0)=0000000000000000 cause=0000000000000000 tval=0000000000000000 mepc=ffffffff80016d14
  DUT seq=72294883 pc=ffffffff8004f854 npc=ffffffff8004f858 insn=013c8797 prv=1 trap=0 rd=(k1,x15)=ffffffff81417854 cause=0000000000000000 tval=0000000000000000 mepc=ffffffff80016d14
  REF seq=72294883 pc=ffffffff8004f854 npc=ffffffff8004f858 insn=013c8797 prv=1 trap=0 rd=(k1,x15)=ffffffff81417854 cause=0000000000000000 tval=0000000000000000 mepc=ffffffff80016d14
  DUT seq=72294884 pc=ffffffff8004f858 npc=ffffffff8004f85c insn=c4c7a783 prv=1 trap=0 rd=(k1,x15)=0000000000000004 cause=0000000000000000 tval=0000000000000000 mepc=ffffffff80016d14
  REF seq=72294884 pc=ffffffff8004f858 npc=ffffffff8004f85c insn=c4c7a783 prv=1 trap=0 rd=(k1,x15)=0000000000000004 cause=0000000000000000 tval=0000000000000000 mepc=ffffffff80016d14
  DUT seq=72294885 pc=ffffffff8004f85c npc=ffffffff8004f85e insn=01053483 prv=1 trap=0 rd=(k1,x9)=ffffffff81408ac0 cause=0000000000000000 tval=0000000000000000 mepc=ffffffff80016d14
  REF seq=72294885 pc=ffffffff8004f85c npc=ffffffff8004f85e insn=8b8d6904 prv=1 trap=0 rd=(k1,x9)=ffffffff81408ac0 cause=0000000000000000 tval=0000000000000000 mepc=ffffffff80016d14
  DUT seq=72294886 pc=ffffffff8004f85e npc=ffffffff8004f860 insn=0037f793 prv=1 trap=0 rd=(k1,x15)=0000000000000000 cause=0000000000000000 tval=0000000000000000 mepc=ffffffff80016d14
  REF seq=72294886 pc=ffffffff8004f85e npc=ffffffff8004f860 insn=87178b8d prv=1 trap=0 rd=(k1,x15)=0000000000000000 cause=0000000000000000 tval=0000000000000000 mepc=ffffffff80016d14
  DUT seq=72294887 pc=ffffffff8004f860 npc=ffffffff8004f864 insn=013c8717 prv=1 trap=0 rd=(k1,x14)=ffffffff81417860 cause=0000000000000000 tval=0000000000000000 mepc=ffffffff80016d14
  REF seq=72294887 pc=ffffffff8004f860 npc=ffffffff8004f864 insn=013c8717 prv=1 trap=0 rd=(k1,x14)=ffffffff81417860 cause=0000000000000000 tval=0000000000000000 mepc=ffffffff80016d14
  DUT seq=72294888 pc=ffffffff8004f864 npc=ffffffff8004f868 insn=c4f72023 prv=1 trap=0 rd=(k0,x0)=0000000000000000 cause=0000000000000000 tval=0000000000000000 mepc=ffffffff80016d14
  REF seq=72294888 pc=ffffffff8004f864 npc=ffffffff8004f868 insn=c4f72023 prv=1 trap=0 rd=(k0,x0)=0000000000000000 cause=0000000000000000 tval=0000000000000000 mepc=ffffffff80016d14
  DUT seq=72294889 pc=ffffffff8004f868 npc=ffffffff8004bf14 insn=eacfc0ef prv=1 trap=0 rd=(k1,x1)=ffffffff8004f86c cause=0000000000000000 tval=0000000000000000 mepc=ffffffff80016d14
  REF seq=72294889 pc=ffffffff8004f868 npc=ffffffff8004bf14 insn=eacfc0ef prv=1 trap=0 rd=(k1,x1)=ffffffff8004f86c cause=0000000000000000 tval=0000000000000000 mepc=ffffffff80016d14
  DUT seq=72294890 pc=ffffffff8004bf14 npc=ffffffff8004bf18 insn=7ff50793 prv=1 trap=0 rd=(k1,x15)=ffffffff8141717f cause=0000000000000000 tval=0000000000000000 mepc=ffffffff80016d14
  REF seq=72294890 pc=ffffffff8004bf14 npc=ffffffff8004bf18 insn=7ff50793 prv=1 trap=0 rd=(k1,x15)=ffffffff8141717f cause=0000000000000000 tval=0000000000000000 mepc=ffffffff80016d14
  DUT seq=72294891 pc=ffffffff8004bf18 npc=ffffffff8004bf1c insn=3217a783 prv=1 trap=0 rd=(k1,x15)=0000000000000000 cause=0000000000000000 tval=0000000000000000 mepc=ffffffff80016d14
  REF seq=72294891 pc=ffffffff8004bf18 npc=ffffffff8004bf1c insn=3217a783 prv=1 trap=0 rd=(k1,x15)=0000000000000000 cause=0000000000000000 tval=0000000000000000 mepc=ffffffff80016d14
  DUT seq=72294892 pc=ffffffff8004bf1c npc=ffffffff8004bf20 insn=0027f713 prv=1 trap=0 rd=(k1,x14)=0000000000000000 cause=0000000000000000 tval=0000000000000000 mepc=ffffffff80016d14
  REF seq=72294892 pc=ffffffff8004bf1c npc=ffffffff8004bf20 insn=0027f713 prv=1 trap=0 rd=(k1,x14)=0000000000000000 cause=0000000000000000 tval=0000000000000000 mepc=ffffffff80016d14
  DUT seq=72294893 pc=ffffffff8004bf20 npc=ffffffff8004bf22 insn=08071763 prv=1 trap=0 rd=(k0,x0)=0000000000000000 cause=0000000000000000 tval=0000000000000000 mepc=ffffffff80016d14
  REF seq=72294893 pc=ffffffff8004bf20 npc=ffffffff8004bf22 insn=1101e759 prv=1 trap=0 rd=(k0,x0)=0000000000000000 cause=0000000000000000 tval=0000000000000000 mepc=ffffffff80016d14
  DUT seq=72294894 pc=ffffffff8004bf22 npc=ffffffff8004bf24 insn=fe010113 prv=1 trap=0 rd=(k1,x2)=ffffffc600003e90 cause=0000000000000000 tval=0000000000000000 mepc=ffffffff80016d14
  REF seq=72294894 pc=ffffffff8004bf22 npc=ffffffff8004bf24 insn=e8221101 prv=1 trap=0 rd=(k1,x2)=ffffffc600003e90 cause=0000000000000000 tval=0000000000000000 mepc=ffffffff80016d14
  DUT seq=72294895 pc=ffffffff8004bf24 npc=ffffffff8004bf26 insn=00813823 prv=1 trap=0 rd=(k0,x0)=0000000000000000 cause=0000000000000000 tval=0000000000000000 mepc=ffffffff80016d14
  REF seq=72294895 pc=ffffffff8004bf24 npc=ffffffff8004bf26 insn=ec06e822 prv=1 trap=0 rd=(k0,x0)=0000000000000000 cause=0000000000000000 tval=0000000000000000 mepc=ffffffff80016d14
  DUT seq=72294896 pc=ffffffff8004bf26 npc=ffffffff8004bf28 insn=00113c23 prv=1 trap=0 rd=(k0,x0)=0000000000000000 cause=0000000000000000 tval=0000000000000000 mepc=ffffffff80016d14
  REF seq=72294896 pc=ffffffff8004bf26 npc=ffffffff8004bf28 insn=1000ec06 prv=1 trap=0 rd=(k0,x0)=0000000000000000 cause=0000000000000000 tval=0000000000000000 mepc=ffffffff80016d14
  DUT seq=72294897 pc=ffffffff8004bf28 npc=ffffffff8004bf2a insn=02010413 prv=1 trap=0 rd=(k1,x8)=ffffffc600003eb0 cause=0000000000000000 tval=0000000000000000 mepc=ffffffff80016d14
  REF seq=72294897 pc=ffffffff8004bf28 npc=ffffffff8004bf2a insn=00011000 prv=1 trap=0 rd=(k1,x8)=ffffffc600003eb0 cause=0000000000000000 tval=0000000000000000 mepc=ffffffff80016d14
  DUT seq=72294898 pc=ffffffff8004bf2a npc=ffffffff8004bf2c insn=00000013 prv=1 trap=0 rd=(k0,x0)=0000000000000000 cause=0000000000000000 tval=0000000000000000 mepc=ffffffff80016d14
  REF seq=72294898 pc=ffffffff8004bf2a npc=ffffffff8004bf2c insn=00130001 prv=1 trap=0 rd=(k0,x0)=0000000000000000 cause=0000000000000000 tval=0000000000000000 mepc=ffffffff80016d14
  DUT seq=72294899 pc=ffffffff8004bf2c npc=ffffffff8004bf30 insn=00000013 prv=1 trap=0 rd=(k0,x0)=0000000000000000 cause=0000000000000000 tval=0000000000000000 mepc=ffffffff80016d14
  REF seq=72294899 pc=ffffffff8004bf2c npc=ffffffff8004bf30 insn=00000013 prv=1 trap=0 rd=(k0,x0)=0000000000000000 cause=0000000000000000 tval=0000000000000000 mepc=ffffffff80016d14
  DUT seq=72294900 pc=ffffffff8004bf30 npc=ffffffff8004bf32 insn=00001737 prv=1 trap=0 rd=(k1,x14)=0000000000001000 cause=0000000000000000 tval=0000000000000000 mepc=ffffffff80016d14
  REF seq=72294900 pc=ffffffff8004bf30 npc=ffffffff8004bf32 insn=972a6705 prv=1 trap=0 rd=(k1,x14)=0000000000001000 cause=0000000000000000 tval=0000000000000000 mepc=ffffffff80016d14
  DUT seq=72294901 pc=ffffffff8004bf32 npc=ffffffff8004bf34 insn=00a70733 prv=1 trap=0 rd=(k1,x14)=ffffffff81417980 cause=0000000000000000 tval=0000000000000000 mepc=ffffffff80016d14
  REF seq=72294901 pc=ffffffff8004bf32 npc=ffffffff8004bf34 insn=3023972a prv=1 trap=0 rd=(k1,x14)=ffffffff81417980 cause=0000000000000000 tval=0000000000000000 mepc=ffffffff80016d14
  DUT seq=72294902 pc=ffffffff8004bf34 npc=ffffffff8004bf38 insn=fea43023 prv=1 trap=0 rd=(k0,x0)=0000000000000000 cause=0000000000000000 tval=0000000000000000 mepc=ffffffff80016d14
  REF seq=72294902 pc=ffffffff8004bf34 npc=ffffffff8004bf38 insn=fea43023 prv=1 trap=0 rd=(k0,x0)=0000000000000000 cause=0000000000000000 tval=0000000000000000 mepc=ffffffff80016d14
  DUT seq=72294903 pc=ffffffff8004bf38 npc=ffffffff8004bf3c insn=ba872503 prv=1 trap=0 rd=(k1,x10)=0000000000000000 cause=0000000000000000 tval=0000000000000000 mepc=ffffffff80016d14
  REF seq=72294903 pc=ffffffff8004bf38 npc=ffffffff8004bf3c insn=ba872503 prv=1 trap=0 rd=(k1,x10)=0000000000000000 cause=0000000000000000 tval=0000000000000000 mepc=ffffffff80016d14
  DUT seq=72294904 pc=ffffffff8004bf3c npc=ffffffff8004bf40 insn=0047e793 prv=1 trap=0 rd=(k1,x15)=0000000000000004 cause=0000000000000000 tval=0000000000000000 mepc=ffffffff80016d14
  REF seq=72294904 pc=ffffffff8004bf3c npc=ffffffff8004bf40 insn=0047e793 prv=1 trap=0 rd=(k1,x15)=0000000000000004 cause=0000000000000000 tval=0000000000000000 mepc=ffffffff80016d14
  DUT seq=72294905 pc=ffffffff8004bf40 npc=ffffffff8004bf44 insn=b2f72023 prv=1 trap=0 rd=(k0,x0)=0000000000000000 cause=0000000000000000 tval=0000000000000000 mepc=ffffffff80016d14
  REF seq=72294905 pc=ffffffff8004bf40 npc=ffffffff8004bf44 insn=b2f72023 prv=1 trap=0 rd=(k0,x0)=0000000000000000 cause=0000000000000000 tval=0000000000000000 mepc=ffffffff80016d14
  DUT seq=72294906 pc=ffffffff8004bf44 npc=ffffffff8004bf48 insn=fee43423 prv=1 trap=0 rd=(k0,x0)=0000000000000000 cause=0000000000000000 tval=0000000000000000 mepc=ffffffff80016d14
  REF seq=72294906 pc=ffffffff8004bf44 npc=ffffffff8004bf48 insn=fee43423 prv=1 trap=0 rd=(k0,x0)=0000000000000000 cause=0000000000000000 tval=0000000000000000 mepc=ffffffff80016d14
  DUT seq=72294907 pc=ffffffff8004bf48 npc=ffffffff8006c2d0 insn=388200ef prv=1 trap=0 rd=(k1,x1)=ffffffff8004bf4c cause=0000000000000000 tval=0000000000000000 mepc=ffffffff80016d14
  REF seq=72294907 pc=ffffffff8004bf48 npc=ffffffff8006c2d0 insn=388200ef prv=1 trap=0 rd=(k1,x1)=ffffffff8004bf4c cause=0000000000000000 tval=0000000000000000 mepc=ffffffff80016d14
  DUT seq=72294908 pc=ffffffff8006c2d0 npc=ffffffff8006c2e8 insn=0180006f prv=1 trap=0 rd=(k0,x0)=0000000000000000 cause=0000000000000000 tval=0000000000000000 mepc=ffffffff80016d14
  REF seq=72294908 pc=ffffffff8006c2d0 npc=ffffffff8006c2d4 insn=00000013 prv=1 trap=0 rd=(k0,x0)=0000000000000000 cause=0000000000000000 tval=0000000000000000 mepc=ffffffff80016d14
Diverging retire:
  DUT seq=72294908 pc=ffffffff8006c2d0 npc=ffffffff8006c2e8 insn=0180006f prv=1 trap=0 rd=(k0,x0)=0000000000000000 cause=0000000000000000 tval=0000000000000000 mepc=ffffffff80016d14
  REF seq=72294908 pc=ffffffff8006c2d0 npc=ffffffff8006c2d4 insn=00000013 prv=1 trap=0 rd=(k0,x0)=0000000000000000 cause=0000000000000000 tval=0000000000000000 mepc=ffffffff80016d14
./run-cosim-linux.sh: line 81: 96663 Abort trap: 6           "$BIN" +fw="$FW" +dtb="$DTB" +initrd="$INITRD" +a1=$A1 +dtb_off=$OFF_DTB +initrd_off=$OFF_INITRD +cycles=$CYC
