=== cosim 'tiny128' (mem=2048MiB fw=../workloads/ubuntu/fw_payload-7.1-small.bin dtb=../workloads/tiny128/tiny128.dtb@+2000000 initrd=../workloads/tiny128/tiny128.cpio@+1f52c000 a1=82000000) ===
[cosim-linux: loaded 15392264 bytes @ DDR+0000000000000000 (240505 lines)]
[cosim-linux: loaded 2910 bytes @ DDR+0000000002000000 (46 lines)]
[cosim-linux: loaded 10305536 bytes @ DDR+000000001f52c000 (161024 lines)]
[c=0]
cosim: loaded 15392264 bytes @ DDR+0 (../workloads/ubuntu/fw_payload-7.1-small.bin)
cosim: loaded 2910 bytes @ DDR+2000000 (../workloads/tiny128/tiny128.dtb)
cosim: loaded 10305536 bytes @ DDR+1f52c000 (../workloads/tiny128/tiny128.cpio)
cosim: simmerv ready (reset_pc=0000000080000000, linux)
cosim: 1 retirements ok (pc=0000000080000000)
[c=1000000]
cosim: 1000000 retirements ok (pc=00000000800197a2)
[c=2000000]

MMIO-DIVERGE#0 pc=0x80018596 pa=0x10000005 sz=1 model=0x60 dut=0x0
MMIO-DIVERGE#1 pc=0x80018596 pa=0x10000005 sz=1 model=0x60 dut=0x0
OMMIO-DIVERGE#2 pc=0x80018596 pa=0x10000005 sz=1 model=0x60 dut=0x0
MMIO-DIVERGE#3 pc=0x80018596 pa=0x10000005 sz=1 model=0x60 dut=0x0
MMIO-DIVERGE#4 pc=0x80018596 pa=0x10000005 sz=1 model=0x60 dut=0x0
MMIO-DIVERGE#5 pc=0x80018596 pa=0x10000005 sz=1 model=0x60 dut=0x0
pMMIO-DIVERGE#6 pc=0x80018596 pa=0x10000005 sz=1 model=0x60 dut=0x0
MMIO-DIVERGE#7 pc=0x80018596 pa=0x10000005 sz=1 model=0x60 dut=0x0
MMIO-DIVERGE#8 pc=0x80018596 pa=0x10000005 sz=1 model=0x60 dut=0x0
MMIO-DIVERGE#9 pc=0x80018596 pa=0x10000005 sz=1 model=0x60 dut=0x0
MMIO-DIVERGE#10 pc=0x80018596 pa=0x10000005 sz=1 model=0x60 dut=0x0
eMMIO-DIVERGE#11 pc=0x80018596 pa=0x10000005 sz=1 model=0x60 dut=0x0
MMIO-DIVERGE#12 pc=0x80018596 pa=0x10000005 sz=1 model=0x60 dut=0x0
MMIO-DIVERGE#13 pc=0x80018596 pa=0x10000005 sz=1 model=0x60 dut=0x0
MMIO-DIVERGE#14 pc=0x80018596 pa=0x10000005 sz=1 model=0x60 dut=0x0
nMMIO-DIVERGE#15 pc=0x80018596 pa=0x10000005 sz=1 model=0x60 dut=0x0
MMIO-DIVERGE#16 pc=0x80018596 pa=0x10000005 sz=1 model=0x60 dut=0x0
MMIO-DIVERGE#17 pc=0x80018596 pa=0x10000005 sz=1 model=0x60 dut=0x0
MMIO-DIVERGE#18 pc=0x80018596 pa=0x10000005 sz=1 model=0x60 dut=0x0
MMIO-DIVERGE#19 pc=0x80018596 pa=0x10000005 sz=1 model=0x60 dut=0x0
SMMIO-DIVERGE#20 pc=0x80018596 pa=0x10000005 sz=1 model=0x60 dut=0x0
MMIO-DIVERGE#21 pc=0x80018596 pa=0x10000005 sz=1 model=0x60 dut=0x0
MMIO-DIVERGE#22 pc=0x80018596 pa=0x10000005 sz=1 model=0x60 dut=0x0
MMIO-DIVERGE#23 pc=0x80018596 pa=0x10000005 sz=1 model=0x60 dut=0x0
BMMIO-DIVERGE#24 pc=0x80018596 pa=0x10000005 sz=1 model=0x60 dut=0x0
MMIO-DIVERGE#25 pc=0x80018596 pa=0x10000005 sz=1 model=0x60 dut=0x0
MMIO-DIVERGE#26 pc=0x80018596 pa=0x10000005 sz=1 model=0x60 dut=0x0
MMIO-DIVERGE#27 pc=0x80018596 pa=0x10000005 sz=1 model=0x60 dut=0x0
MMIO-DIVERGE#28 pc=0x80018596 pa=0x10000005 sz=1 model=0x60 dut=0x0
IMMIO-DIVERGE#29 pc=0x80018596 pa=0x10000005 sz=1 model=0x60 dut=0x0
MMIO-DIVERGE#30 pc=0x80018596 pa=0x10000005 sz=1 model=0x60 dut=0x0
MMIO-DIVERGE#31 pc=0x80018596 pa=0x10000005 sz=1 model=0x60 dut=0x0
MMIO-DIVERGE#32 pc=0x80018596 pa=0x10000005 sz=1 model=0x60 dut=0x0
 MMIO-DIVERGE#33 pc=0x80018596 pa=0x10000005 sz=1 model=0x60 dut=0x0
MMIO-DIVERGE#34 pc=0x80018596 pa=0x10000005 sz=1 model=0x60 dut=0x0
MMIO-DIVERGE#35 pc=0x80018596 pa=0x10000005 sz=1 model=0x60 dut=0x0
MMIO-DIVERGE#36 pc=0x80018596 pa=0x10000005 sz=1 model=0x60 dut=0x0
vMMIO-DIVERGE#37 pc=0x80018596 pa=0x10000005 sz=1 model=0x60 dut=0x0
MMIO-DIVERGE#38 pc=0x80018596 pa=0x10000005 sz=1 model=0x60 dut=0x0
MMIO-DIVERGE#39 pc=0x80018596 pa=0x10000005 sz=1 model=0x60 dut=0x0
MMIO-DIVERGE#40 pc=0x80018596 pa=0x10000005 sz=1 model=0x60 dut=0x0
MMIO-DIVERGE#41 pc=0x80018596 pa=0x10000005 sz=1 model=0x60 dut=0x0
1MMIO-DIVERGE#42 pc=0x80018596 pa=0x10000005 sz=1 model=0x60 dut=0x0
MMIO-DIVERGE#43 pc=0x80018596 pa=0x10000005 sz=1 model=0x60 dut=0x0
MMIO-DIVERGE#44 pc=0x80018596 pa=0x10000005 sz=1 model=0x60 dut=0x0
MMIO-DIVERGE#45 pc=0x80018596 pa=0x10000005 sz=1 model=0x60 dut=0x0
.MMIO-DIVERGE#46 pc=0x80018596 pa=0x10000005 sz=1 model=0x60 dut=0x0
MMIO-DIVERGE#47 pc=0x80018596 pa=0x10000005 sz=1 model=0x60 dut=0x0
MMIO-DIVERGE#48 pc=0x80018596 pa=0x10000005 sz=1 model=0x60 dut=0x0
MMIO-DIVERGE#49 pc=0x80018596 pa=0x10000005 sz=1 model=0x60 dut=0x0
MMIO-DIVERGE#50 pc=0x80018596 pa=0x10000005 sz=1 model=0x60 dut=0x0
8MMIO-DIVERGE#51 pc=0x80018596 pa=0x10000005 sz=1 model=0x60 dut=0x0
MMIO-DIVERGE#52 pc=0x80018596 pa=0x10000005 sz=1 model=0x60 dut=0x0
MMIO-DIVERGE#53 pc=0x80018596 pa=0x10000005 sz=1 model=0x60 dut=0x0
MMIO-DIVERGE#54 pc=0x80018596 pa=0x10000005 sz=1 model=0x60 dut=0x0
.MMIO-DIVERGE#55 pc=0x80018596 pa=0x10000005 sz=1 model=0x60 dut=0x0
MMIO-DIVERGE#56 pc=0x80018596 pa=0x10000005 sz=1 model=0x60 dut=0x0
MMIO-DIVERGE#57 pc=0x80018596 pa=0x10000005 sz=1 model=0x60 dut=0x0
MMIO-DIVERGE#58 pc=0x80018596 pa=0x10000005 sz=1 model=0x60 dut=0x0
MMIO-DIVERGE#59 pc=0x80018596 pa=0x10000005 sz=1 model=0x60 dut=0x0
1MMIO-DIVERGE#60 pc=0x80018596 pa=0x10000005 sz=1 model=0x60 dut=0x0
MMIO-DIVERGE#61 pc=0x80018596 pa=0x10000005 sz=1 model=0x60 dut=0x0
MMIO-DIVERGE#62 pc=0x80018596 pa=0x10000005 sz=1 model=0x60 dut=0x0
MMIO-DIVERGE#63 pc=0x80018596 pa=0x10000005 sz=1 model=0x60 dut=0x0
MMIO-DIVERGE#64 pc=0x80018596 pa=0x10000005 sz=1 model=0x60 dut=0x0
MMIO-DIVERGE#65 pc=0x80018596 pa=0x10000005 sz=1 model=0x60 dut=0x0
MMIO-DIVERGE#66 pc=0x80018596 pa=0x10000005 sz=1 model=0x60 dut=0x0
MMIO-DIVERGE#67 pc=0x80018596 pa=0x10000005 sz=1 model=0x60 dut=0x0
MMIO-DIVERGE#68 pc=0x80018596 pa=0x10000005 sz=1 model=0x60 dut=0x0

  MMIO-DIVERGE#69 pc=0x80018596 pa=0x10000005 sz=1 model=0x60 dut=0x0
MMIO-DIVERGE#70 pc=0x80018596 pa=0x10000005 sz=1 model=0x60 dut=0x0
 MMIO-DIVERGE#71 pc=0x80018596 pa=0x10000005 sz=1 model=0x60 dut=0x0
MMIO-DIVERGE#72 pc=0x80018596 pa=0x10000005 sz=1 model=0x60 dut=0x0
MMIO-DIVERGE#73 pc=0x80018596 pa=0x10000005 sz=1 model=0x60 dut=0x0
MMIO-DIVERGE#74 pc=0x80018596 pa=0x10000005 sz=1 model=0x60 dut=0x0
_MMIO-DIVERGE#75 pc=0x80018596 pa=0x10000005 sz=1 model=0x60 dut=0x0
MMIO-DIVERGE#76 pc=0x80018596 pa=0x10000005 sz=1 model=0x60 dut=0x0
MMIO-DIVERGE#77 pc=0x80018596 pa=0x10000005 sz=1 model=0x60 dut=0x0
MMIO-DIVERGE#78 pc=0x80018596 pa=0x10000005 sz=1 model=0x60 dut=0x0
MMIO-DIVERGE#79 pc=0x80018596 pa=0x10000005 sz=1 model=0x60 dut=0x0
_MMIO-DIVERGE#80 pc=0x80018596 pa=0x10000005 sz=1 model=0x60 dut=0x0
MMIO-DIVERGE#81 pc=0x80018596 pa=0x10000005 sz=1 model=0x60 dut=0x0
MMIO-DIVERGE#82 pc=0x80018596 pa=0x10000005 sz=1 model=0x60 dut=0x0
MMIO-DIVERGE#83 pc=0x80018596 pa=0x10000005 sz=1 model=0x60 dut=0x0
_MMIO-DIVERGE#84 pc=0x80018596 pa=0x10000005 sz=1 model=0x60 dut=0x0
MMIO-DIVERGE#85 pc=0x80018596 pa=0x10000005 sz=1 model=0x60 dut=0x0
MMIO-DIVERGE#86 pc=0x80018596 pa=0x10000005 sz=1 model=0x60 dut=0x0
MMIO-DIVERGE#87 pc=0x80018596 pa=0x10000005 sz=1 model=0x60 dut=0x0
MMIO-DIVERGE#88 pc=0x80018596 pa=0x10000005 sz=1 model=0x60 dut=0x0
_MMIO-DIVERGE#89 pc=0x80018596 pa=0x10000005 sz=1 model=0x60 dut=0x0
MMIO-DIVERGE#90 pc=0x80018596 pa=0x10000005 sz=1 model=0x60 dut=0x0
MMIO-DIVERGE#91 pc=0x80018596 pa=0x10000005 sz=1 model=0x60 dut=0x0
MMIO-DIVERGE#92 pc=0x80018596 pa=0x10000005 sz=1 model=0x60 dut=0x0
 MMIO-DIVERGE#93 pc=0x80018596 pa=0x10000005 sz=1 model=0x60 dut=0x0
MMIO-DIVERGE#94 pc=0x80018596 pa=0x10000005 sz=1 model=0x60 dut=0x0
MMIO-DIVERGE#95 pc=0x80018596 pa=0x10000005 sz=1 model=0x60 dut=0x0
MMIO-DIVERGE#96 pc=0x80018596 pa=0x10000005 sz=1 model=0x60 dut=0x0
MMIO-DIVERGE#97 pc=0x80018596 pa=0x10000005 sz=1 model=0x60 dut=0x0
 MMIO-DIVERGE#98 pc=0x80018596 pa=0x10000005 sz=1 model=0x60 dut=0x0
MMIO-DIVERGE#99 pc=0x80018596 pa=0x10000005 sz=1 model=0x60 dut=0x0
MMIO-DIVERGE#100 pc=0x80018596 pa=0x10000005 sz=1 model=0x60 dut=0x0
MMIO-DIVERGE#101 pc=0x80018596 pa=0x10000005 sz=1 model=0x60 dut=0x0
 MMIO-DIVERGE#102 pc=0x80018596 pa=0x10000005 sz=1 model=0x60 dut=0x0
MMIO-DIVERGE#103 pc=0x80018596 pa=0x10000005 sz=1 model=0x60 dut=0x0
MMIO-DIVERGE#104 pc=0x80018596 pa=0x10000005 sz=1 model=0x60 dut=0x0
MMIO-DIVERGE#105 pc=0x80018596 pa=0x10000005 sz=1 model=0x60 dut=0x0
MMIO-DIVERGE#106 pc=0x80018596 pa=0x10000005 sz=1 model=0x60 dut=0x0
 MMIO-DIVERGE#107 pc=0x80018596 pa=0x10000005 sz=1 model=0x60 dut=0x0
MMIO-DIVERGE#108 pc=0x80018596 pa=0x10000005 sz=1 model=0x60 dut=0x0
MMIO-DIVERGE#109 pc=0x80018596 pa=0x10000005 sz=1 model=0x60 dut=0x0
MMIO-DIVERGE#110 pc=0x80018596 pa=0x10000005 sz=1 model=0x60 dut=0x0
 MMIO-DIVERGE#111 pc=0x80018596 pa=0x10000005 sz=1 model=0x60 dut=0x0
MMIO-DIVERGE#112 pc=0x80018596 pa=0x10000005 sz=1 model=0x60 dut=0x0
MMIO-DIVERGE#113 pc=0x80018596 pa=0x10000005 sz=1 model=0x60 dut=0x0
MMIO-DIVERGE#114 pc=0x80018596 pa=0x10000005 sz=1 model=0x60 dut=0x0
MMIO-DIVERGE#115 pc=0x80018596 pa=0x10000005 sz=1 model=0x60 dut=0x0
 MMIO-DIVERGE#116 pc=0x80018596 pa=0x10000005 sz=1 model=0x60 dut=0x0
MMIO-DIVERGE#117 pc=0x80018596 pa=0x10000005 sz=1 model=0x60 dut=0x0
MMIO-DIVERGE#118 pc=0x80018596 pa=0x10000005 sz=1 model=0x60 dut=0x0
MMIO-DIVERGE#119 pc=0x80018596 pa=0x10000005 sz=1 model=0x60 dut=0x0
 MMIO-DIVERGE#120 pc=0x80018596 pa=0x10000005 sz=1 model=0x60 dut=0x0
MMIO-DIVERGE#121 pc=0x80018596 pa=0x10000005 sz=1 model=0x60 dut=0x0
MMIO-DIVERGE#122 pc=0x80018596 pa=0x10000005 sz=1 model=0x60 dut=0x0
MMIO-DIVERGE#123 pc=0x80018596 pa=0x10000005 sz=1 model=0x60 dut=0x0
MMIO-DIVERGE#124 pc=0x80018596 pa=0x10000005 sz=1 model=0x60 dut=0x0
 MMIO-DIVERGE#125 pc=0x80018596 pa=0x10000005 sz=1 model=0x60 dut=0x0
MMIO-DIVERGE#126 pc=0x80018596 pa=0x10000005 sz=1 model=0x60 dut=0x0
MMIO-DIVERGE#127 pc=0x80018596 pa=0x10000005 sz=1 model=0x60 dut=0x0
MMIO-DIVERGE#128 pc=0x80018596 pa=0x10000005 sz=1 model=0x60 dut=0x0
 MMIO-DIVERGE#129 pc=0x80018596 pa=0x10000005 sz=1 model=0x60 dut=0x0
MMIO-DIVERGE#130 pc=0x80018596 pa=0x10000005 sz=1 model=0x60 dut=0x0
MMIO-DIVERGE#131 pc=0x80018596 pa=0x10000005 sz=1 model=0x60 dut=0x0
MMIO-DIVERGE#132 pc=0x80018596 pa=0x10000005 sz=1 model=0x60 dut=0x0
MMIO-DIVERGE#133 pc=0x80018596 pa=0x10000005 sz=1 model=0x60 dut=0x0
 MMIO-DIVERGE#134 pc=0x80018596 pa=0x10000005 sz=1 model=0x60 dut=0x0
MMIO-DIVERGE#135 pc=0x80018596 pa=0x10000005 sz=1 model=0x60 dut=0x0
MMIO-DIVERGE#136 pc=0x80018596 pa=0x10000005 sz=1 model=0x60 dut=0x0
MMIO-DIVERGE#137 pc=0x80018596 pa=0x10000005 sz=1 model=0x60 dut=0x0
 MMIO-DIVERGE#138 pc=0x80018596 pa=0x10000005 sz=1 model=0x60 dut=0x0
MMIO-DIVERGE#139 pc=0x80018596 pa=0x10000005 sz=1 model=0x60 dut=0x0
MMIO-DIVERGE#140 pc=0x80018596 pa=0x10000005 sz=1 model=0x60 dut=0x0
MMIO-DIVERGE#141 pc=0x80018596 pa=0x10000005 sz=1 model=0x60 dut=0x0
 MMIO-DIVERGE#142 pc=0x80018596 pa=0x10000005 sz=1 model=0x60 dut=0x0
MMIO-DIVERGE#143 pc=0x80018596 pa=0x10000005 sz=1 model=0x60 dut=0x0
MMIO-DIVERGE#144 pc=0x80018596 pa=0x10000005 sz=1 model=0x60 dut=0x0
MMIO-DIVERGE#145 pc=0x80018596 pa=0x10000005 sz=1 model=0x60 dut=0x0
MMIO-DIVERGE#146 pc=0x80018596 pa=0x10000005 sz=1 model=0x60 dut=0x0
 MMIO-DIVERGE#147 pc=0x80018596 pa=0x10000005 sz=1 model=0x60 dut=0x0
MMIO-DIVERGE#148 pc=0x80018596 pa=0x10000005 sz=1 model=0x60 dut=0x0
MMIO-DIVERGE#149 pc=0x80018596 pa=0x10000005 sz=1 model=0x60 dut=0x0
MMIO-DIVERGE#150 pc=0x80018596 pa=0x10000005 sz=1 model=0x60 dut=0x0
 MMIO-DIVERGE#151 pc=0x80018596 pa=0x10000005 sz=1 model=0x60 dut=0x0
MMIO-DIVERGE#152 pc=0x80018596 pa=0x10000005 sz=1 model=0x60 dut=0x0
MMIO-DIVERGE#153 pc=0x80018596 pa=0x10000005 sz=1 model=0x60 dut=0x0
MMIO-DIVERGE#154 pc=0x80018596 pa=0x10000005 sz=1 model=0x60 dut=0x0
MMIO-DIVERGE#155 pc=0x80018596 pa=0x10000005 sz=1 model=0x60 dut=0x0
 MMIO-DIVERGE#156 pc=0x80018596 pa=0x10000005 sz=1 model=0x60 dut=0x0
MMIO-DIVERGE#157 pc=0x80018596 pa=0x10000005 sz=1 model=0x60 dut=0x0
MMIO-DIVERGE#158 pc=0x80018596 pa=0x10000005 sz=1 model=0x60 dut=0x0
MMIO-DIVERGE#159 pc=0x80018596 pa=0x10000005 sz=1 model=0x60 dut=0x0
 MMIO-DIVERGE#160 pc=0x80018596 pa=0x10000005 sz=1 model=0x60 dut=0x0
MMIO-DIVERGE#161 pc=0x80018596 pa=0x10000005 sz=1 model=0x60 dut=0x0
MMIO-DIVERGE#162 pc=0x80018596 pa=0x10000005 sz=1 model=0x60 dut=0x0
MMIO-DIVERGE#163 pc=0x80018596 pa=0x10000005 sz=1 model=0x60 dut=0x0
MMIO-DIVERGE#164 pc=0x80018596 pa=0x10000005 sz=1 model=0x60 dut=0x0
 MMIO-DIVERGE#165 pc=0x80018596 pa=0x10000005 sz=1 model=0x60 dut=0x0
MMIO-DIVERGE#166 pc=0x80018596 pa=0x10000005 sz=1 model=0x60 dut=0x0
MMIO-DIVERGE#167 pc=0x80018596 pa=0x10000005 sz=1 model=0x60 dut=0x0
MMIO-DIVERGE#168 pc=0x80018596 pa=0x10000005 sz=1 model=0x60 dut=0x0
 MMIO-DIVERGE#169 pc=0x80018596 pa=0x10000005 sz=1 model=0x60 dut=0x0
MMIO-DIVERGE#170 pc=0x80018596 pa=0x10000005 sz=1 model=0x60 dut=0x0
MMIO-DIVERGE#171 pc=0x80018596 pa=0x10000005 sz=1 model=0x60 dut=0x0
MMIO-DIVERGE#172 pc=0x80018596 pa=0x10000005 sz=1 model=0x60 dut=0x0
MMIO-DIVERGE#173 pc=0x80018596 pa=0x10000005 sz=1 model=0x60 dut=0x0
 MMIO-DIVERGE#174 pc=0x80018596 pa=0x10000005 sz=1 model=0x60 dut=0x0
MMIO-DIVERGE#175 pc=0x80018596 pa=0x10000005 sz=1 model=0x60 dut=0x0
MMIO-DIVERGE#176 pc=0x80018596 pa=0x10000005 sz=1 model=0x60 dut=0x0
MMIO-DIVERGE#177 pc=0x80018596 pa=0x10000005 sz=1 model=0x60 dut=0x0
 MMIO-DIVERGE#178 pc=0x80018596 pa=0x10000005 sz=1 model=0x60 dut=0x0
MMIO-DIVERGE#179 pc=0x80018596 pa=0x10000005 sz=1 model=0x60 dut=0x0
MMIO-DIVERGE#180 pc=0x80018596 pa=0x10000005 sz=1 model=0x60 dut=0x0
MMIO-DIVERGE#181 pc=0x80018596 pa=0x10000005 sz=1 model=0x60 dut=0x0
MMIO-DIVERGE#182 pc=0x80018596 pa=0x10000005 sz=1 model=0x60 dut=0x0
_MMIO-DIVERGE#183 pc=0x80018596 pa=0x10000005 sz=1 model=0x60 dut=0x0
MMIO-DIVERGE#184 pc=0x80018596 pa=0x10000005 sz=1 model=0x60 dut=0x0
MMIO-DIVERGE#185 pc=0x80018596 pa=0x10000005 sz=1 model=0x60 dut=0x0
MMIO-DIVERGE#186 pc=0x80018596 pa=0x10000005 sz=1 model=0x60 dut=0x0
_MMIO-DIVERGE#187 pc=0x80018596 pa=0x10000005 sz=1 model=0x60 dut=0x0
MMIO-DIVERGE#188 pc=0x80018596 pa=0x10000005 sz=1 model=0x60 dut=0x0
MMIO-DIVERGE#189 pc=0x80018596 pa=0x10000005 sz=1 model=0x60 dut=0x0
MMIO-DIVERGE#190 pc=0x80018596 pa=0x10000005 sz=1 model=0x60 dut=0x0
MMIO-DIVERGE#191 pc=0x80018596 pa=0x10000005 sz=1 model=0x60 dut=0x0
_MMIO-DIVERGE#192 pc=0x80018596 pa=0x10000005 sz=1 model=0x60 dut=0x0
MMIO-DIVERGE#193 pc=0x80018596 pa=0x10000005 sz=1 model=0x60 dut=0x0
MMIO-DIVERGE#194 pc=0x80018596 pa=0x10000005 sz=1 model=0x60 dut=0x0
MMIO-DIVERGE#195 pc=0x80018596 pa=0x10000005 sz=1 model=0x60 dut=0x0
_MMIO-DIVERGE#196 pc=0x80018596 pa=0x10000005 sz=1 model=0x60 dut=0x0
MMIO-DIVERGE#197 pc=0x80018596 pa=0x10000005 sz=1 model=0x60 dut=0x0
MMIO-DIVERGE#198 pc=0x80018596 pa=0x10000005 sz=1 model=0x60 dut=0x0
MMIO-DIVERGE#199 pc=0x80018596 pa=0x10000005 sz=1 model=0x60 dut=0x0
_ ____ _____
  / __ \                  / ____|  _ \_   _|
 | |  | |_ __   ___ _ __ | (___ | |_) || |
 | |  | | '_ \ / _ \ '_ \ \___ \|  _ < | |
 | |__| | |_) |  __/ | | |____) | |_) || |_
  \____/| .__/ \___|_| |_|_____/|____/_____|
        | |
        |_|

cosim: 2000000 retirements ok (pc=0000000080019cc8)
[c=3000000]
[c=4000000]
cosim: 3000000 retirements ok (pc=000000008001954e)
[c=5000000]
cosim: 4000000 retirements ok (pc=00000000800194de)
[c=6000000]
cosim: 5000000 retirements ok (pc=0000000080019582)
[c=7000000]
Platform Name               : SmooolRV64 w/512 MiB
Platform Features           : medeleg
Platform HART Count         : 1
Platform HART Protection    : ---
Platform IPI Device         : aclint-mswi
Platform Timer Device       : aclint-mtimer @ 501253Hz
Platform Console Device     : uart8250
Platform HSM Device         : ---
Platform PMU Device         : ---
Platform Reboot Device      : ---
Platform Shutdown Device    : ---
Platform Suspend Device     : ---
Platform CPPC Device        : ---
Firmware Base               : 0x80000000
Firmware Size               : 321 KB
Firmware RW Offset          : 0x40000
Firmware RW Size            : 65 KB
Firmware Heap Offset        : 0x47000
Firmware Heap Size          : 37 KB (t[c=8000000]
otal), 0 KB (reserved), 12 KB (used), 23 KB (free)
Firmware Scratch Size       : 4096 B (total), 1464 B (used), 2632 B (free)
Runtime SBI Version         : 3.0
Standard SBI Extensions     : ipi,pmu,sse,hsm,rfnc,fwft,time,base,legacy,dbcn,dbtr
Experimental SBI Extensions : none

Domain0 Name                : root
Domain0 Boot HART         cosim: 6000000 retirements ok (pc=0000000080018592)
  : 0
Domain0 HARTs               : 0*
Domain0 Region00            : 0x0000000080040000-0x000000008005ffff M: (F,R,W) S/U: ()
Domain0 Region01            : 0x0000000080000000-0x000000008003ffff M: (F,R,X) S/U: ()
Domain0 Region02            : 0x0000000010000000-0x0000000010000fff M: (I,R,W) S/U: (R,W)
Domain0 Region03            : 0x0000000002000000-0x000000000200ffff M: (I,R,W) S/U: ()
Domain0 Region04            : 0x000000000c000000-0x000000000fffffff M: (I,R,W) S/U: (R,W)
Domain0 Region05            : 0x0000000000000000-0xffffffffffffffff M: () S/U: (R,W,X)
Domain0 Next Address        : 0x0000000080200000
Domain0 Next Arg1           : 0x0000000082200000
Domain0 Next Mode           : S-mode
Domain0 SysReset            : yes
Domain0 SysSuspend          : yes

Boot HART ID                : 0
Boot HART Domain            : root
Boot HART Priv Version      : v1.12
Boot HART Base ISA          : rv64imafdc
Boot HART ISA Extensions    : sscofpmf,sstc,zicntr,zihpm,smcntrpmf,zicboz,zicbom,svpbmt,sdtrig
Boot HART PMP Count         : 0
Boot HART PMP Granularity   : 0 bits
Boot HART PMP Address Bits  : 0
Boot HART MHPM Info         : 13 (0x0000fff8)
Boot HART Debug Triggers    : 1 triggers
Boot HART MIDELEG           : 0x0000000000002222
Boot HART MEDELEG           : 0x000000000004b109
[c=9000000]
cosim: 7000000 retirements ok (pc=ffffffff802b047c)
[c=10000000]
[    0.000000] Linux version 7.1.0 (tommy@coffee) (riscv64-linux-gnu-gcc (Ubuntu 15.2.0-16ubuntu1) 15.2.0, GNU ld (GNU Binutils for Ubuntu) 2.46) #1 PREEMPT Sat Jul  4 09:01:16 PDT 2026
[    0.000000] random: crng init done
[    0.000000] Machine model: SmooolRV64 w/512 MiB
[    0.000000] SBI specification v3.0 detected
[    0.000000] SBI implementation ID=0x1 Version=0x10008
[    0.000000] SBI TIME extension detected
[    0.000000] SBI IPI extension detected
[    0.000000] SBI RFENCE extension detected
[    0.000000] SBI DBCN extension detected
[    0.000000] SBI FWFT extension detected
[    0.000000] earlycon: sbi0 at I/O port 0x0 (options '')
[    0.000000] printk: legacy bootconsole [sbi0] enabled
[    0.000000] printk: debug: ignoring loglevel setting.
[    0.000000] efi: UEFI not found.
[c=11000000]
cosim: 8000000 retirements ok (pc=ffffffff800105a0)
[    0.000000] OF: reserved mem: 0x0000000080000000..0x000000008003ffff (256 KiB) nomap non-reusable mmode_resv1@80000000
[    0.000000] OF: reserved mem: 0x0000000080040000..0x000000008005ffff (128 KiB) nomap non-reusable mmode_resv0@80040000
[c=12000000]
[   [c=13000000]
 0.000000] riscv: base ISA extensions acdfim
[    0.000000] riscv: ELF capabilities acdfim
[c=14000000]
[c=15000000]
cosim: 9000000 retirements ok (pc=ffffffff803e8058)
[c=16000000]
[c=17000000]
[    0.000000] Ticket spinlock: enabled
[c=18000000]
[c=19000000]
[c=20000000]
[c=21000000]
[c=22000000]
[c=23000000]
[c=24000000]
[c=25000000]
[c=26000000]
cosim: 10000000 retirements ok (pc=ffffffff803e29e4)
[c=27000000]
[c=28000000]
[c=29000000]
[c=30000000]
[c=31000000]
[c=32000000]
[c=33000000]
[c=34000000]
[c=35000000]
[c=36000000]
cosim: 11000000 retirements ok (pc=ffffffff803e29c4)
[c=37000000]
[c=38000000]
[c=39000000]
[c=40000000]
[    0.000000] Zone ranges:
[    0.000000]   DMA32    [mem 0x0000000080000000-0x000000009fefffff]
[    0.000000]   Normal   empty
[    0.000000] Movable zone start for each node
[    0.000000] Early memory node ranges
[    0.000000]   node   0: [mem 0x0000000080000000-0x000000008005ffff]
[    0.000000]   node   0: [mem 0x0000000080060000-0x000000009fefffff]
[    0.000000] Initmem setup node 0 [mem 0x0000000080000000-0x000000009fefffff]
[c=41000000]
[c=42000000]
cosim: 12000000 retirements ok (pc=ffffffff8040e106)
[c=43000000]
[c=44000000]
cosim: 13000000 retirements ok (pc=ffffffff8040e026)
[c=45000000]
[c=46000000]
cosim: 14000000 retirements ok (pc=ffffffff8040db82)
[c=47000000]
[c=48000000]
[c=49000000]
cosim: 15000000 retirements ok (pc=ffffffff8040dba0)
[c=50000000]
[c=51000000]
cosim: 16000000 retirements ok (pc=ffffffff8040e0cc)
[c=52000000]
[c=53000000]
[c=54000000]
cosim: 17000000 retirements ok (pc=ffffffff8040e0f0)
[c=55000000]
[c=56000000]
cosim: 18000000 retirements ok (pc=ffffffff8040e12e)
[c=57000000]
[c=58000000]
[c=59000000]
cosim: 19000000 retirements ok (pc=ffffffff8040e0b0)
[c=60000000]
[c=61000000]
[    0.000000] On node 0, zone DMA32: 256 pages in unavailable ranges
[    0.000000] pcpu-alloc: s0 r0 d32768 u32768 alloc=1*32768
[    0.000000] pcpu-alloc: [0] 0 
[    0.000000] Kernel command line: console=ttyS0 earlycon=sbi root=/dev/raw rw ignore_loglevel random.trust_bootloader=on
cosim: 20000000 retirements ok (pc=ffffffff802c221e)
[    0.000000] printk: log buffer data + meta data: 131072 + 458752 = 589824 bytes
[c=62000000]
[    0.000000] Dentry cache hash table entries: 65536 (order: 7, 524288 bytes, linear)
[    0.000000] Inode-cache hash table entries: 32768 (order: 6, 262144 bytes, linear)
[    0.000000] software IO TLB: SWIOTLB bounce buffer size adjusted to 0MB
[  [c=63000000]
  0.000000] software IO TLB: area num 1.
[c=64000000]
[    0.000000] software IO TLB: mapped [mem 0x000000009db80000-0x000000009dc00000] (0MB)
[    0.000000] Built 1 zonelists, mobility grouping on.  Total pages: 130816
[    0.000000] mem auto-init: stack:all(zero), heap alloc:off, heap free:off
[c=65000000]
cosim: 21000000 retirements ok (pc=ffffffff80153754)
[c=66000000]
[c=67000000]
[c=68000000]
[c=69000000]
cosim: 22000000 retirements ok (pc=ffffffff80410d62)
[c=70000000]
[c=71000000]
[c=72000000]
cosim: 23000000 retirements ok (pc=ffffffff803e29c4)
[    0.000000] SLUB: HWalign=64, Order=0-3, MinObjects=0, CPUs=1, Nodes=1
[c=73000000]
[    0.000000] RCU Tasks: Setting shift to 0 and lim to 1 rcu_task_cb_adjust=1 rcu_task_cpu_ids=1.
[    0.000000] NR_IRQS: 64, nr_irqs: 64, preallocated irqs: 0
[    0.000000] riscv-intc: 64 local interrupts mapped
[    0.000000] clocksource: riscv_clocksource: mask: 0xffffffffffffffff max_cycles: 0x1d983e3c8, max_idle_ns: 7052723234342 ns
[    0.000015] sched_clock: 64 bits at 501kHz, resolution 1995ns, wraps every 4398046510747ns
[c=74000000]
[    0.004578] Console: colour dummy device 80x25
[    0.005749] Calibrating delay loop (skipped), value calculated using timer frequency.. 1.00 BogoMIPS (lpj=2005)
[    0.006639] pid_max: default: 32768 minimum: 301
[    0.014519] Mount-cache hash table entries: 1024 (order: 1, 8192 bytes, linear)
[    0.015269] Mountpoint-cache hash table entries: 1024 (order: 1, 8192 bytes, linear)
[c=75000000]
[    0.020125] VFS: Finished mounting rootfs on nullfs
[c=76000000]
cosim: 24000000 retirements ok (pc=ffffffff803e5c60)
[    0.043489] ASID allocator using 10 bits (1024 entries)
[c=77000000]
[    0.046806] EFI services will not be available.
[    0.048344] Memory: 471436K/523264K available (4006K kernel code, 4690K rwdata, 2048K rodata, 2149K init, 271K bss, 50732K reserved, 0K cma-reserved)
[    0.055081] devtmpfs: initialized
[c=78000000]
[c=79000000]
cosim: 25000000 retirements ok (pc=ffffffff8003343c)
[    0.078636] clocksource: jiffies: mask: 0xffffffff max_cycles: 0xffffffff, max_idle_ns: 7645041785100000 ns
[    0.080175] posixtimers hash table entries: 512 (order: 0, 4096 bytes, linear)
[    0.081082] futex hash table entries: 256 (8192 bytes on 1 NUMA nodes, total 8 KiB, linear).
[    0.087229] DMA: preallocated 128 KiB GFP_KERNEL|GFP_DMA32 pool for atomic allocations
[c=80000000]
[c=81000000]
cosim: 26000000 retirements ok (pc=ffffffff80161eac)
[c=82000000]
[c=83000000]
[    0.142592] clocksource: Switched to clocksource riscv_clocksource
[c=84000000]
cosim: 27000000 retirements ok (pc=ffffffff803db7f4)
[c=85000000]
[c=86000000]
[c=87000000]
cosim: 28000000 retirements ok (pc=ffffffff801f58a0)
[c=88000000]
[c=89000000]
[c=90000000]
[c=91000000]
cosim: 29000000 retirements ok (pc=ffffffff803e29fc)
[c=92000000]
[c=93000000]
[c=94000000]
cosim: 30000000 retirements ok (pc=ffffffff8030986e)
[    0.315541] Unpacking initramfs...
[c=95000000]
[c=96000000]
[    0.332692] workingset: timestamp_bits=46 (anon: 42) max_order=17 bucket_order=0 (anon: 0)
[c=97000000]
cosim: 31000000 retirements ok (pc=ffffffff8018fd50)
[    0.355397] io scheduler mq-deadline registered
[    0.357929] io scheduler kyber registered
[c=98000000]
[c=99000000]
[    0.376829] riscv-plic: interrupt-controller@c000000: mapped 54 interrupts with 1 handlers for 2 contexts.
[c=100000000]
cosim: 32000000 retirements ok (pc=ffffffff80042ab0)

*** cosim MISMATCH at retire #32172915 ***

Recent history (DUT vs REF):
  DUT seq=32172884 pc=ffffffff8037652e npc=ffffffff80376530 insn=00013403 prv=1 trap=0 rd=(k1,x8)=ffffffc60000bb20 cause=0000000000000000 tval=0000000000000000 mepc=ffffffff80010424
  REF seq=32172884 pc=ffffffff8037652e npc=ffffffff80376530 insn=01416402 prv=1 trap=0 rd=(k1,x8)=ffffffc60000bb20 cause=0000000000000000 tval=0000000000000000 mepc=ffffffff80010424
  DUT seq=32172885 pc=ffffffff80376530 npc=ffffffff80376532 insn=01010113 prv=1 trap=0 rd=(k1,x2)=ffffffc60000bae0 cause=0000000000000000 tval=0000000000000000 mepc=ffffffff80010424
  REF seq=32172885 pc=ffffffff80376530 npc=ffffffff80376532 insn=80820141 prv=1 trap=0 rd=(k1,x2)=ffffffc60000bae0 cause=0000000000000000 tval=0000000000000000 mepc=ffffffff80010424
  DUT seq=32172886 pc=ffffffff80376532 npc=ffffffff802c4c86 insn=00008067 prv=1 trap=0 rd=(k0,x0)=0000000000000000 cause=0000000000000000 tval=0000000000000000 mepc=ffffffff80010424
  REF seq=32172886 pc=ffffffff80376532 npc=ffffffff802c4c86 insn=c9c58082 prv=1 trap=0 rd=(k0,x0)=0000000000000000 cause=0000000000000000 tval=0000000000000000 mepc=ffffffff80010424
  DUT seq=32172887 pc=ffffffff802c4c86 npc=ffffffff802c4c88 insn=03813083 prv=1 trap=0 rd=(k1,x1)=ffffffff802c4dc6 cause=0000000000000000 tval=0000000000000000 mepc=ffffffff80010424
  REF seq=32172887 pc=ffffffff802c4c86 npc=ffffffff802c4c88 insn=744270e2 prv=1 trap=0 rd=(k1,x1)=ffffffff802c4dc6 cause=0000000000000000 tval=0000000000000000 mepc=ffffffff80010424
  DUT seq=32172888 pc=ffffffff802c4c88 npc=ffffffff802c4c8a insn=03013403 prv=1 trap=0 rd=(k1,x8)=ffffffc60000bb70 cause=0000000000000000 tval=0000000000000000 mepc=ffffffff80010424
  REF seq=32172888 pc=ffffffff802c4c88 npc=ffffffff802c4c8a insn=79027442 prv=1 trap=0 rd=(k1,x8)=ffffffc60000bb70 cause=0000000000000000 tval=0000000000000000 mepc=ffffffff80010424
  DUT seq=32172889 pc=ffffffff802c4c8a npc=ffffffff802c4c8c insn=02013903 prv=1 trap=0 rd=(k1,x18)=ffffffd601143c10 cause=0000000000000000 tval=0000000000000000 mepc=ffffffff80010424
  REF seq=32172889 pc=ffffffff802c4c8a npc=ffffffff802c4c8c insn=69e27902 prv=1 trap=0 rd=(k1,x18)=ffffffd601143c10 cause=0000000000000000 tval=0000000000000000 mepc=ffffffff80010424
  DUT seq=32172890 pc=ffffffff802c4c8c npc=ffffffff802c4c8e insn=01813983 prv=1 trap=0 rd=(k1,x19)=0000000000001000 cause=0000000000000000 tval=0000000000000000 mepc=ffffffff80010424
  REF seq=32172890 pc=ffffffff802c4c8c npc=ffffffff802c4c8e insn=6a4269e2 prv=1 trap=0 rd=(k1,x19)=0000000000001000 cause=0000000000000000 tval=0000000000000000 mepc=ffffffff80010424
  DUT seq=32172891 pc=ffffffff802c4c8e npc=ffffffff802c4c90 insn=01013a03 prv=1 trap=0 rd=(k1,x20)=0000000000000000 cause=0000000000000000 tval=0000000000000000 mepc=ffffffff80010424
  REF seq=32172891 pc=ffffffff802c4c8e npc=ffffffff802c4c90 insn=85266a42 prv=1 trap=0 rd=(k1,x20)=0000000000000000 cause=0000000000000000 tval=0000000000000000 mepc=ffffffff80010424
  DUT seq=32172892 pc=ffffffff802c4c90 npc=ffffffff802c4c92 insn=00900533 prv=1 trap=0 rd=(k1,x10)=ffffffc60000d000 cause=0000000000000000 tval=0000000000000000 mepc=ffffffff80010424
  REF seq=32172892 pc=ffffffff802c4c90 npc=ffffffff802c4c92 insn=74a28526 prv=1 trap=0 rd=(k1,x10)=ffffffc60000d000 cause=0000000000000000 tval=0000000000000000 mepc=ffffffff80010424
  DUT seq=32172893 pc=ffffffff802c4c92 npc=ffffffff802c4c94 insn=02813483 prv=1 trap=0 rd=(k1,x9)=ffffffd601009e00 cause=0000000000000000 tval=0000000000000000 mepc=ffffffff80010424
  REF seq=32172893 pc=ffffffff802c4c92 npc=ffffffff802c4c94 insn=612174a2 prv=1 trap=0 rd=(k1,x9)=ffffffd601009e00 cause=0000000000000000 tval=0000000000000000 mepc=ffffffff80010424
  DUT seq=32172894 pc=ffffffff802c4c94 npc=ffffffff802c4c96 insn=04010113 prv=1 trap=0 rd=(k1,x2)=ffffffc60000bb20 cause=0000000000000000 tval=0000000000000000 mepc=ffffffff80010424
  REF seq=32172894 pc=ffffffff802c4c94 npc=ffffffff802c4c96 insn=80826121 prv=1 trap=0 rd=(k1,x2)=ffffffc60000bb20 cause=0000000000000000 tval=0000000000000000 mepc=ffffffff80010424
  DUT seq=32172895 pc=ffffffff802c4c96 npc=ffffffff802c4dc6 insn=00008067 prv=1 trap=0 rd=(k0,x0)=0000000000000000 cause=0000000000000000 tval=0000000000000000 mepc=ffffffff80010424
  REF seq=32172895 pc=ffffffff802c4c96 npc=ffffffff802c4dc6 insn=853e8082 prv=1 trap=0 rd=(k0,x0)=0000000000000000 cause=0000000000000000 tval=0000000000000000 mepc=ffffffff80010424
  DUT seq=32172896 pc=ffffffff802c4dc6 npc=ffffffff802c4dc8 insn=06050963 prv=1 trap=0 rd=(k0,x0)=0000000000000000 cause=0000000000000000 tval=0000000000000000 mepc=ffffffff80010424
  REF seq=32172896 pc=ffffffff802c4dc6 npc=ffffffff802c4dc8 insn=60a6c92d prv=1 trap=0 rd=(k0,x0)=0000000000000000 cause=0000000000000000 tval=0000000000000000 mepc=ffffffff80010424
  DUT seq=32172897 pc=ffffffff802c4dc8 npc=ffffffff802c4dca insn=04813083 prv=1 trap=0 rd=(k1,x1)=ffffffff802c4e86 cause=0000000000000000 tval=0000000000000000 mepc=ffffffff80010424
  REF seq=32172897 pc=ffffffff802c4dc8 npc=ffffffff802c4dca insn=640660a6 prv=1 trap=0 rd=(k1,x1)=ffffffff802c4e86 cause=0000000000000000 tval=0000000000000000 mepc=ffffffff80010424
  DUT seq=32172898 pc=ffffffff802c4dca npc=ffffffff802c4dcc insn=04013403 prv=1 trap=0 rd=(k1,x8)=ffffffc60000bb80 cause=0000000000000000 tval=0000000000000000 mepc=ffffffff80010424
  REF seq=32172898 pc=ffffffff802c4dca npc=ffffffff802c4dcc insn=79a26406 prv=1 trap=0 rd=(k1,x8)=ffffffc60000bb80 cause=0000000000000000 tval=0000000000000000 mepc=ffffffff80010424
  DUT seq=32172899 pc=ffffffff802c4dcc npc=ffffffff802c4dce insn=02813983 prv=1 trap=0 rd=(k1,x19)=ffffffd601143c10 cause=0000000000000000 tval=0000000000000000 mepc=ffffffff80010424
  REF seq=32172899 pc=ffffffff802c4dcc npc=ffffffff802c4dce insn=74e279a2 prv=1 trap=0 rd=(k1,x19)=ffffffd601143c10 cause=0000000000000000 tval=0000000000000000 mepc=ffffffff80010424
  DUT seq=32172900 pc=ffffffff802c4dce npc=ffffffff802c4dd0 insn=03813483 prv=1 trap=0 rd=(k1,x9)=ffffffd601063000 cause=0000000000000000 tval=0000000000000000 mepc=ffffffff80010424
  REF seq=32172900 pc=ffffffff802c4dce npc=ffffffff802c4dd0 insn=794274e2 prv=1 trap=0 rd=(k1,x9)=ffffffd601063000 cause=0000000000000000 tval=0000000000000000 mepc=ffffffff80010424
  DUT seq=32172901 pc=ffffffff802c4dd0 npc=ffffffff802c4dd2 insn=03013903 prv=1 trap=0 rd=(k1,x18)=ffffffd601143c00 cause=0000000000000000 tval=0000000000000000 mepc=ffffffff80010424
  REF seq=32172901 pc=ffffffff802c4dd0 npc=ffffffff802c4dd2 insn=61617942 prv=1 trap=0 rd=(k1,x18)=ffffffd601143c00 cause=0000000000000000 tval=0000000000000000 mepc=ffffffff80010424
  DUT seq=32172902 pc=ffffffff802c4dd2 npc=ffffffff802c4dd4 insn=05010113 prv=1 trap=0 rd=(k1,x2)=ffffffc60000bb70 cause=0000000000000000 tval=0000000000000000 mepc=ffffffff80010424
  REF seq=32172902 pc=ffffffff802c4dd2 npc=ffffffff802c4dd4 insn=80826161 prv=1 trap=0 rd=(k1,x2)=ffffffc60000bb70 cause=0000000000000000 tval=0000000000000000 mepc=ffffffff80010424
  DUT seq=32172903 pc=ffffffff802c4dd4 npc=ffffffff802c4e86 insn=00008067 prv=1 trap=0 rd=(k0,x0)=0000000000000000 cause=0000000000000000 tval=0000000000000000 mepc=ffffffff80010424
  REF seq=32172903 pc=ffffffff802c4dd4 npc=ffffffff802c4e86 insn=68988082 prv=1 trap=0 rd=(k0,x0)=0000000000000000 cause=0000000000000000 tval=0000000000000000 mepc=ffffffff80010424
  DUT seq=32172904 pc=ffffffff802c4e86 npc=ffffffff802c4e88 insn=00813083 prv=1 trap=0 rd=(k1,x1)=ffffffff80374ac2 cause=0000000000000000 tval=0000000000000000 mepc=ffffffff80010424
  REF seq=32172904 pc=ffffffff802c4e86 npc=ffffffff802c4e88 insn=640260a2 prv=1 trap=0 rd=(k1,x1)=ffffffff80374ac2 cause=0000000000000000 tval=0000000000000000 mepc=ffffffff80010424
  DUT seq=32172905 pc=ffffffff802c4e88 npc=ffffffff802c4e8a insn=00013403 prv=1 trap=0 rd=(k1,x8)=ffffffc60000bb90 cause=0000000000000000 tval=0000000000000000 mepc=ffffffff80010424
  REF seq=32172905 pc=ffffffff802c4e88 npc=ffffffff802c4e8a insn=01416402 prv=1 trap=0 rd=(k1,x8)=ffffffc60000bb90 cause=0000000000000000 tval=0000000000000000 mepc=ffffffff80010424
  DUT seq=32172906 pc=ffffffff802c4e8a npc=ffffffff802c4e8c insn=01010113 prv=1 trap=0 rd=(k1,x2)=ffffffc60000bb80 cause=0000000000000000 tval=0000000000000000 mepc=ffffffff80010424
  REF seq=32172906 pc=ffffffff802c4e8a npc=ffffffff802c4e8c insn=80820141 prv=1 trap=0 rd=(k1,x2)=ffffffc60000bb80 cause=0000000000000000 tval=0000000000000000 mepc=ffffffff80010424
  DUT seq=32172907 pc=ffffffff802c4e8c npc=ffffffff80374ac2 insn=00008067 prv=1 trap=0 rd=(k0,x0)=0000000000000000 cause=0000000000000000 tval=0000000000000000 mepc=ffffffff80010424
  REF seq=32172907 pc=ffffffff802c4e8c npc=ffffffff80374ac2 insn=00018082 prv=1 trap=0 rd=(k0,x0)=0000000000000000 cause=0000000000000000 tval=0000000000000000 mepc=ffffffff80010424
  DUT seq=32172908 pc=ffffffff80374ac2 npc=ffffffff80374ac4 insn=00813083 prv=1 trap=0 rd=(k1,x1)=ffffffff802ed634 cause=0000000000000000 tval=0000000000000000 mepc=ffffffff80010424
  REF seq=32172908 pc=ffffffff80374ac2 npc=ffffffff80374ac4 insn=640260a2 prv=1 trap=0 rd=(k1,x1)=ffffffff802ed634 cause=0000000000000000 tval=0000000000000000 mepc=ffffffff80010424
  DUT seq=32172909 pc=ffffffff80374ac4 npc=ffffffff80374ac6 insn=00013403 prv=1 trap=0 rd=(k1,x8)=ffffffc60000bbc0 cause=0000000000000000 tval=0000000000000000 mepc=ffffffff80010424
  REF seq=32172909 pc=ffffffff80374ac4 npc=ffffffff80374ac6 insn=01416402 prv=1 trap=0 rd=(k1,x8)=ffffffc60000bbc0 cause=0000000000000000 tval=0000000000000000 mepc=ffffffff80010424
  DUT seq=32172910 pc=ffffffff80374ac6 npc=ffffffff80374ac8 insn=01010113 prv=1 trap=0 rd=(k1,x2)=ffffffc60000bb90 cause=0000000000000000 tval=0000000000000000 mepc=ffffffff80010424
  REF seq=32172910 pc=ffffffff80374ac6 npc=ffffffff80374ac8 insn=80820141 prv=1 trap=0 rd=(k1,x2)=ffffffc60000bb90 cause=0000000000000000 tval=0000000000000000 mepc=ffffffff80010424
  DUT seq=32172911 pc=ffffffff80374ac8 npc=ffffffff802ed634 insn=00008067 prv=1 trap=0 rd=(k0,x0)=0000000000000000 cause=0000000000000000 tval=0000000000000000 mepc=ffffffff80010424
  REF seq=32172911 pc=ffffffff80374ac8 npc=ffffffff802ed634 insn=09e38082 prv=1 trap=0 rd=(k0,x0)=0000000000000000 cause=0000000000000000 tval=0000000000000000 mepc=ffffffff80010424
  DUT seq=32172912 pc=ffffffff802ed634 npc=ffffffff802ed638 insn=22a4b423 prv=1 trap=0 rd=(k0,x0)=0000000000000000 cause=0000000000000000 tval=0000000000000000 mepc=ffffffff80010424
  REF seq=32172912 pc=ffffffff802ed634 npc=ffffffff802ed638 insn=22a4b423 prv=1 trap=0 rd=(k0,x0)=0000000000000000 cause=0000000000000000 tval=0000000000000000 mepc=ffffffff80010424
  DUT seq=32172913 pc=ffffffff802ed638 npc=ffffffff802ed63a insn=fffff7b7 prv=1 trap=0 rd=(k1,x15)=fffffffffffff000 cause=0000000000000000 tval=0000000000000000 mepc=ffffffff80010424
  REF seq=32172913 pc=ffffffff802ed638 npc=ffffffff802ed63a insn=ef6377fd prv=1 trap=0 rd=(k1,x15)=fffffffffffff000 cause=0000000000000000 tval=0000000000000000 mepc=ffffffff80010424
  DUT seq=32172914 pc=ffffffff802ed63a npc=ffffffff802ed63e insn=10a7ef63 prv=1 trap=0 rd=(k0,x0)=0000000000000000 cause=0000000000000000 tval=0000000000000000 mepc=ffffffff80010424
  REF seq=32172914 pc=ffffffff802ed63a npc=ffffffff802ed63e insn=10a7ef63 prv=1 trap=0 rd=(k0,x0)=0000000000000000 cause=0000000000000000 tval=0000000000000000 mepc=ffffffff80010424
  DUT seq=32172915 pc=ffffffff802ed63e npc=00000000800003c8 insn=00052503 prv=1 trap=1 rd=(k0,x0)=0000000000000000 cause=0000000000000005 tval=ffffffc60000d000 mepc=ffffffff802ed63e
  REF seq=32172915 pc=ffffffff802ed63e npc=ffffffff802ed640 insn=000f4108 prv=1 trap=0 rd=(k1,x10)=0000000074726976 cause=0000000000000000 tval=0000000000000000 mepc=ffffffff80010424
Diverging retire:
  DUT seq=32172915 pc=ffffffff802ed63e npc=00000000800003c8 insn=00052503 prv=1 trap=1 rd=(k0,x0)=0000000000000000 cause=0000000000000005 tval=ffffffc60000d000 mepc=ffffffff802ed63e
  REF seq=32172915 pc=ffffffff802ed63e npc=ffffffff802ed640 insn=000f4108 prv=1 trap=0 rd=(k1,x10)=0000000074726976 cause=0000000000000000 tval=0000000000000000 mepc=ffffffff80010424
./run-cosim-linux.sh: line 81: 96955 Abort trap: 6           "$BIN" +fw="$FW" +dtb="$DTB" +initrd="$INITRD" +a1=$A1 +dtb_off=$OFF_DTB +initrd_off=$OFF_INITRD +cycles=$CYC
