building obj_dir_cosim_tiny128/tb_cosim_tiny128 (MEM_LG2=31) ...
=== cosim 'tiny128' (mem=2048MiB fw=../workloads/ubuntu/fw_payload-7.1-small.bin dtb=../workloads/tiny128/tiny128.dtb@+2000000 initrd=../workloads/tiny128/tiny128.cpio@+1f52c000 a1=82000000) ===
[cosim-linux: loaded 15392264 bytes @ DDR+0000000000000000 (240505 lines)]
[cosim-linux: loaded 2452 bytes @ DDR+0000000002000000 (39 lines)]
[cosim-linux: loaded 10305536 bytes @ DDR+000000001f52c000 (161024 lines)]
[c=0]
cosim: loaded 15392264 bytes @ DDR+0 (../workloads/ubuntu/fw_payload-7.1-small.bin)
cosim: loaded 2452 bytes @ DDR+2000000 (../workloads/tiny128/tiny128.dtb)
cosim: loaded 10305536 bytes @ DDR+1f52c000 (../workloads/tiny128/tiny128.cpio)
cosim: simmerv ready (reset_pc=0000000080000000, linux)
cosim: 1 retirements ok (pc=0000000080000000)
[c=1000000]
[c=2000000]
cosim: 1000000 retirements ok (pc=000000008001959a)
[c=3000000]
[c=4000000]

OpenSBI v1.8.1
   ____                    _____ ____ _____
  / __ \                  / ____|  _ \_   _|
 | |  | |_ __   ___ _ __ | (___ | |_) || |
 | |  | | '_ \ / _ \ '_ \ \___ \|  _ < | |
 | |__| | |_) |  __/ | | |____) | |_) || |_
  \____/| .__/ \___|_| |_|_____/|____/_____|
        | |
        |_|

[c=5000000]
cosim: 2000000 retirements ok (pc=000000008001955a)
[c=6000000]
[c=7000000]
[c=8000000]
cosim: 3000000 retirements ok (pc=000000008000b9ac)
[c=9000000]
[c=10000000]
[c=11000000]
cosim: 4000000 retirements ok (pc=00000000800195be)
[c=12000000]
[c=13000000]
[c=14000000]
cosim: 5000000 retirements ok (pc=0000000080019564)
[c=15000000]
Platform Name               : SmolRV64 tiny512MiB
Platform Features           : medeleg
Platform HART Count         : 1
Platform HART Protection    : ---
Platform IPI Device         : aclint-mswi
Platform Timer Device       : aclint-mtimer @ 1000000Hz
Platform Console Device     : uart8250
Platform HSM Device         : ---
Platform PMU Device         : ---
Platform Reboot Device      : ---
Platform Shutdown Device    : ---
Platform Suspend Device     : ---
Platform CPPC Device        : ---
Firmware Base               : 0x80000000
Firmware Size               : 321 KB
Firmware RW Offset          : 0x40000
Firmware RW Size            : 65 KB
Firmware Heap Offset        : 0x47000
Firmware Heap Size          : 37 KB (total), 0 KB (reserved), 12 KB (used), 23 KB (free)
Firmware Scratch Size       : 4096 B (total), 1464 B (used), 2632 B (free)
Runtime SBI Version         : 3.0
Standard SBI Extensions     : ipi,pmu,sse,hsm,rfnc,fwft,time,base,legacy,dbcn,dbtr
Experimental SBI Extensions : none

Domain0 Name                : root
Domain0 Boot HART           : 0
Domain0 HARTs               : 0*
Domain0 Region00            : 0x0000000080040000-0x000000008005ffff M: (F,R,W) S/U: ()
Domain0 Region01            : 0x0000000080000000-0x000000008003ffff M: (F,R,X) S/U: ()
Domain0 Region02            : 0x0000000010000000-0x0000000010000fff M: (I,R,W) S/U: (R,W)
Domain0 Region03            : 0x0000000002000000-0x000000000200ffff M: (I,R,W) S/U: ()
Domain0 Region04            : 0x000000000c000000-0x000000000fffffff M: (I,R,W) S/U: (R,W)
Domain0 Region05            : 0x0000000000000000-0xffffffffffffffff M: () S/U: (R,W,X)
Domain0 Next Address        : 0x0000000080200000
Domain0 Next Arg1           : 0x0000000082200000
Domain0 Next Mode           : S-mode
Domain0 SysReset            : yes
Domain0 SysSuspend          : yes

[c=16000000]
Boot HART ID                : 0
Boot HART Domain            : root
Boot HART Priv Version      : v1.12
Boot HART Base ISA          : rv64imafdc
Boot HART ISA Extensions    : sscofpmf,sstc,zicntr,zihpm,smcntrpmf,sdtrig
Boot HART PMP Count         : 0
Boot HART PMP Granularity   : 0 bits
Boot HART PMP Address Bits  : 0
Boot HART MHPM Info         : 13 (0x0000fff8)
Boot HART Debug Triggers    : 1 triggers
Boot HART MIDELEG           : 0x0000000000002222
Boot HART MEDELEG           : 0x000000000004b109
[c=17000000]
cosim: 6000000 retirements ok (pc=ffffffff802c0a12)
[c=18000000]
[c=19000000]
[    0.000000] Linux version 7.1.0 (tommy@coffee) (riscv64-linux-gnu-gcc (Ubuntu 15.2.0-16ubuntu1) 15.2.0, GNU ld (GNU Binutils for Ubuntu) 2.46) #1 PREEMPT Sat Jul  4 09:01:16 PDT 2026
[    0.000000] random: crng init done
[    0.000000] Machine model: SmolRV64 tiny512MiB
[c=20000000]
[    0.000000] SBI specification v3.0 detected
[    0.000000] SBI implementation ID=0x1 Version=0x10008
[    0.000000] SBI TIME extension detected
[    0.000000] SBI IPI extension detected
[    0.000000] SBI RFENCE extension detected
[    0.000000] SBI DBCN extension detected
[    0.000000] SBI FWFT extension detected
[    0.000000] earlycon: sbi0 at I/O port 0x0 (options '')
[    0.000000] printk: legacy bootconsole [sbi0] enabled
[    0.000000] printk: debug: ignoring loglevel setting.
[    0.000000] efi: UEFI not found.
cosim: 7000000 retirements ok (pc=ffffffff800105de)
[c=21000000]
[c=22000000]
[    0.000000] OF: reserved mem: 0x0000000080000000..0x000000008003ffff (256 KiB) nomap non-reusable mmode_resv1@80000000
[    0.000000] OF: reserved mem: 0x0000000080040000..0x000000008005ffff (128 KiB) nomap non-reusable mmode_resv0@80040000
[c=23000000]
[c=24000000]
[    0.000000] riscv: base ISA extensions acdfim
cosim: 8000000 retirements ok (pc=ffffffff80060cb6)
[    0.000000] riscv: ELF capabilities acdfim
[    0.000000] Ticket spinlock: enabled
[c=25000000]
[c=26000000]
[c=27000000]
[c=28000000]
[c=29000000]
[c=30000000]
[c=31000000]
[c=32000000]
[c=33000000]
[c=34000000]
[c=35000000]
cosim: 9000000 retirements ok (pc=ffffffff803e2a10)
[c=36000000]
[c=37000000]
[c=38000000]
[c=39000000]
[c=40000000]
[c=41000000]
[c=42000000]
[c=43000000]
[c=44000000]
[c=45000000]
[c=46000000]
cosim: 10000000 retirements ok (pc=ffffffff803e29f0)
[c=47000000]
[c=48000000]
[c=49000000]
[    0.000000] Zone ranges:
[    0.000000]   DMA32    [mem 0x0000000080000000-0x000000009fefffff]
[c=50000000]
[    0.000000]   Normal   empty
[    0.000000] Movable zone start for each node
[    0.000000] Early memory node ranges
[    0.000000]   node   0: [mem 0x0000000080000000-0x000000008005ffff]
[    0.000000]   node   0: [mem 0x0000000080060000-0x000000009fefffff]
[    0.000000] Initmem setup node 0 [mem 0x0000000080000000-0x000000009fefffff]
[c=51000000]
[c=52000000]
[c=53000000]
cosim: 11000000 retirements ok (pc=ffffffff8040e0da)
[c=54000000]
[c=55000000]
[c=56000000]
[c=57000000]
cosim: 12000000 retirements ok (pc=ffffffff8040e0fc)
[c=58000000]
[c=59000000]
[c=60000000]
[c=61000000]
[c=62000000]
cosim: 13000000 retirements ok (pc=ffffffff8040e012)
[c=63000000]
[c=64000000]
[c=65000000]
[c=66000000]
[c=67000000]
cosim: 14000000 retirements ok (pc=ffffffff8040e0be)
[c=68000000]
[c=69000000]
[c=70000000]
[c=71000000]
[c=72000000]
cosim: 15000000 retirements ok (pc=ffffffff8040db90)
[c=73000000]
[c=74000000]
[c=75000000]
[c=76000000]
[c=77000000]
cosim: 16000000 retirements ok (pc=ffffffff8040e102)
[c=78000000]
[c=79000000]
[c=80000000]
[c=81000000]
cosim: 17000000 retirements ok (pc=ffffffff8040e0e4)
[c=82000000]
[c=83000000]
[c=84000000]
[c=85000000]
[c=86000000]
cosim: 18000000 retirements ok (pc=ffffffff8040db80)
[c=87000000]
[c=88000000]
[c=89000000]
[    0.000000] On node 0, zone DMA32: 256 pages in unavailable ranges
[    0.000000] pcpu-alloc: s0 r0 d32768 u32768 alloc=1*32768
[    0.000000] pcpu-alloc: [0] 0 
[c=90000000]
[    0.000000] Kernel command line: console=ttyS0 earlycon=sbi root=/dev/raw rw ignore_loglevel random.trust_bootloader=on
[    0.000000] printk: log buffer data + meta data: 131072 + 458752 = 589824 bytes
[c=91000000]
[    0.000000] Dentry cache hash table entries: 65536 (order: 7, 524288 bytes, linear)
[    0.000000] Inode-cache hash table entries: 32768 (order: 6, 262144 bytes, linear)
[    0.000000] Built 1 zonelists, mobility grouping on.  Total pages: 130816
[    0.000000] mem auto-init: stack:cosim: 19000000 retirements ok (pc=000000008001854e)
all(zero), heap alloc:off, heap free:off
[c=92000000]
[c=93000000]
[c=94000000]
[c=95000000]
[c=96000000]
cosim: 20000000 retirements ok (pc=ffffffff8015375c)
[c=97000000]
[c=98000000]
[c=99000000]
[c=100000000]
[c=101000000]
cosim: 21000000 retirements ok (pc=ffffffff80410d6c)
[c=102000000]
[c=103000000]
[    0.000000] SLUB: HWalign=64, Order=0-3, MinObjects=0, CPUs=1, Nodes=1
[c=104000000]
[c=105000000]
[    0.000000] RCU Tasks: Setting shift to 0 and lim to 1 rcu_task_cb_adjust=1 rcu_task_cpu_ids=1.
[    0.000000] NR_IRQS: 64, nr_irqs: 64, preallocated irqs: 0
[    0.000000] riscv-intc: 64 local interrupts mapped
[    0.000000] clocksource: riscv_clocksource: mask: 0xffffffffffffffff max_cycles: 0x1d854df40, max_idle_ns: 3526361616960 ns
[    0.000012] sched_clock: 64 bits at 1000kHz, resolution 1000ns, wraps every 2199023255500ns
[c=106000000]
cosim: 22000000 retirements ok (pc=ffffffff80302d34)
[    0.003571] Console: colour dummy device 80x25
[    0.004255] Calibrating delay loop (skipped), value calculated using timer frequency.. 2.00 BogoMIPS (lpj=4000)
[    0.004940] pid_max: default: 32768 minimum: 301
[    0.010192] Mount-cache hash table entries: 1024 (order:[c=107000000]
 1, 8192 bytes, linear)
[    0.010753] Mountpoint-cache hash table entries: 1024 (order: 1, 8192 bytes, linear)
[    0.014299] VFS: Finished mounting rootfs on nullfs
[c=108000000]
[c=109000000]
[    0.031877] ASID allocator using 10 bits (1024 entries)
[c=110000000]
[    0.034252] EFI services will not be available.
[    0.035426] Memory: 471960K/523264K available (4006K kernel code, 4690K rwdata, 2048K rodata, 2149K init, 271K bss, 50208K reserved, 0K cma-reserved)
[    0.040272] devtmpfs: initialized
cosim: 23000000 retirements ok (pc=ffffffff8005d084)
[c=111000000]
[c=112000000]
[c=113000000]
[    0.057176] clocksource: jiffies: mask: 0xffffffff max_cycles: 0xffffffff, max_idle_ns: 7645041785100000 ns
[    0.058058] posixtimers hash table entries: 512 (order: 0, 4096 bytes, linear)
[    0.058630] futex hash table entries: 256 (8192 bytes on 1 NUMA nodes, total 8 KiB, linear).
[c=114000000]
[    0.063236] DMA: preallocated 128 KiB GFP_KERNEL|GFP_DMA32 pool for atomic allocations
[c=115000000]
cosim: 24000000 retirements ok (pc=ffffffff803b8404)
[c=116000000]
[c=117000000]
[c=118000000]
[    0.097720] clocksource: Switched to clocksource riscv_clocksource
[c=119000000]
[c=120000000]
cosim: 25000000 retirements ok (pc=000000008000885e)
[c=121000000]
[c=122000000]
[c=123000000]
[c=124000000]
cosim: 26000000 retirements ok (pc=ffffffff803c94b8)
[c=125000000]
[c=126000000]
[c=127000000]
[c=128000000]
cosim: 27000000 retirements ok (pc=ffffffff803c8bc2)
[c=129000000]
[c=130000000]
[c=131000000]
[c=132000000]
cosim: 28000000 retirements ok (pc=ffffffff8004451c)
[c=133000000]
[c=134000000]
[    0.218089] Unpacking initramfs...
[c=135000000]
[    0.226356] workingset: timestamp_bits=46 (anon: 42) max_order=17 bucket_order=0 (anon: 0)
[c=136000000]
[c=137000000]
cosim: 29000000 retirements ok (pc=ffffffff8015d45c)
[c=138000000]
[    0.246931] io scheduler mq-deadline registered
[    0.248558] io scheduler kyber registered
[c=139000000]
[    0.255041] riscv-plic: interrupt-controller@c000000: mapped 54 interrupts with 1 handlers for 2 contexts.
[c=140000000]
[c=141000000]
cosim: 30000000 retirements ok (pc=ffffffff803e2986)
[c=142000000]
[c=143000000]
[c=144000000]
[c=145000000]
[c=146000000]
cosim: 31000000 retirements ok (pc=ffffffff801f58a6)
[c=147000000]
[c=148000000]
[c=149000000]
[c=150000000]
[c=151000000]
cosim: 32000000 retirements ok (pc=ffffffff8018f42e)
[c=152000000]
[c=153000000]
[c=154000000]
[c=155000000]
cosim: 33000000 retirements ok (pc=ffffffff80160f14)
[c=156000000]
[c=157000000]
[c=158000000]
[c=159000000]
[c=160000000]
cosim: 34000000 retirements ok (pc=ffffffff80081d1e)
[c=161000000]
[c=162000000]
[c=163000000]
[c=164000000]
[c=165000000]
cosim: 35000000 retirements ok (pc=ffffffff8018f4d6)
[c=166000000]
[c=167000000]
[c=168000000]
[c=169000000]
cosim: 36000000 retirements ok (pc=ffffffff803dc77e)
[c=170000000]
[c=171000000]
[c=172000000]
[c=173000000]
cosim: 37000000 retirements ok (pc=ffffffff80197a2c)
[c=174000000]
[c=175000000]
[c=176000000]
[c=177000000]
[c=178000000]
cosim: 38000000 retirements ok (pc=ffffffff803b3bbc)
[c=179000000]
[c=180000000]
[c=181000000]
[c=182000000]
[c=183000000]
cosim: 39000000 retirements ok (pc=ffffffff801070be)
[c=184000000]
[c=185000000]
[c=186000000]
[c=187000000]
cosim: 40000000 retirements ok (pc=ffffffff803e27c0)
[c=188000000]
[c=189000000]
[c=190000000]
[c=191000000]
cosim: 41000000 retirements ok (pc=ffffffff8015e69e)
[c=192000000]
[c=193000000]
[c=194000000]
[c=195000000]
[c=196000000]
cosim: 42000000 retirements ok (pc=0000000080000454)
[c=197000000]
[c=198000000]
[c=199000000]
[c=200000000]
cosim: 43000000 retirements ok (pc=ffffffff800788de)
[c=201000000]
[c=202000000]
[c=203000000]
[c=204000000]
[c=205000000]
cosim: 44000000 retirements ok (pc=0000000080013ae6)
[c=206000000]
[c=207000000]
[c=208000000]
[c=209000000]
cosim: 45000000 retirements ok (pc=ffffffff803e27bc)
[c=210000000]
[c=211000000]
[c=212000000]
[c=213000000]
[c=214000000]
cosim: 46000000 retirements ok (pc=ffffffff8015e680)
[c=215000000]
[c=216000000]
[c=217000000]
[c=218000000]
cosim: 47000000 retirements ok (pc=ffffffff803e27ba)
[c=219000000]
[c=220000000]
[c=221000000]
[c=222000000]
cosim: 48000000 retirements ok (pc=ffffffff80042a8c)
[c=223000000]
[c=224000000]
[c=225000000]
[c=226000000]
[c=227000000]
cosim: 49000000 retirements ok (pc=ffffffff80160ece)
[c=228000000]
[c=229000000]
[c=230000000]
[c=231000000]
cosim: 50000000 retirements ok (pc=00000000800004c2)
[c=232000000]
[c=233000000]
[c=234000000]
[c=235000000]
[c=236000000]
cosim: 51000000 retirements ok (pc=ffffffff80045304)
[c=237000000]
[c=238000000]
[c=239000000]
[c=240000000]
cosim: 52000000 retirements ok (pc=ffffffff8018f578)
[c=241000000]
[c=242000000]
[c=243000000]
[c=244000000]
cosim: 53000000 retirements ok (pc=ffffffff803ca8a8)
[c=245000000]
[c=246000000]
[c=247000000]
[c=248000000]
[c=249000000]
cosim: 54000000 retirements ok (pc=ffffffff803d5b02)
[c=250000000]
[c=251000000]
[c=252000000]
[c=253000000]
cosim: 55000000 retirements ok (pc=ffffffff803daca8)
[c=254000000]
[c=255000000]
[c=256000000]
[c=257000000]
cosim: 56000000 retirements ok (pc=ffffffff80161990)
[c=258000000]
[c=259000000]
[c=260000000]
[c=261000000]
[c=262000000]
cosim: 57000000 retirements ok (pc=ffffffff803db7d0)
[c=263000000]
[c=264000000]
[c=265000000]
[c=266000000]
cosim: 58000000 retirements ok (pc=ffffffff80041186)
[c=267000000]
[c=268000000]
[c=269000000]
[c=270000000]
[c=271000000]
cosim: 59000000 retirements ok (pc=ffffffff803e2a48)
[c=272000000]
[c=273000000]
[c=274000000]
[c=275000000]
cosim: 60000000 retirements ok (pc=ffffffff80161ee0)
[c=276000000]
[c=277000000]
[c=278000000]
[c=279000000]
cosim: 61000000 retirements ok (pc=ffffffff803e27d4)
[c=280000000]
[c=281000000]
[c=282000000]
[c=283000000]
[c=284000000]
cosim: 62000000 retirements ok (pc=ffffffff8019e9f4)
[c=285000000]
[c=286000000]
[c=287000000]
[c=288000000]
cosim: 63000000 retirements ok (pc=ffffffff8010a010)
[c=289000000]
[c=290000000]
[c=291000000]
[c=292000000]
[c=293000000]
cosim: 64000000 retirements ok (pc=ffffffff8018fd6a)
[c=294000000]
[c=295000000]
[c=296000000]
[c=297000000]
cosim: 65000000 retirements ok (pc=ffffffff802b3d10)
[c=298000000]
[c=299000000]
[c=300000000]
[c=301000000]
[c=302000000]
cosim: 66000000 retirements ok (pc=ffffffff8005810c)
[c=303000000]
[c=304000000]
[c=305000000]
[c=306000000]
cosim: 67000000 retirements ok (pc=ffffffff803b3ba8)
[c=307000000]
[c=308000000]
[c=309000000]
[c=310000000]
cosim: 68000000 retirements ok (pc=ffffffff800732f8)
[c=311000000]
[c=312000000]
[c=313000000]
[c=314000000]
[c=315000000]
cosim: 69000000 retirements ok (pc=ffffffff803e633e)
[c=316000000]
[    1.584168] Serial: 8250/16550 driver, 4 ports, IRQ sharing disabled
[c=317000000]
[c=318000000]
[c=319000000]
[c=320000000]
cosim: 70000000 retirements ok (pc=ffffffff803b3b4c)
[c=321000000]
[c=322000000]
[c=323000000]
[c=324000000]
[    1.644726] printk: legacy console [ttyS0] disabled
cosim: 71000000 retirements ok (pc=ffffffff803e29dc)
[c=325000000]
[c=326000000]
[    1.655866] 10000000.uart: ttyS0 at MMIO 0x10000000 (irq = 1, base_baud = 230400) is a 16550A
[    1.659190] printk: legacy console [ttyS0] enabled
[    1.659190] printk: legacy console [ttyS0] enabled
[    1.660773] printk: legacy bootconsole [sbi0] disabled
[    1.660773] printk: legacy bootconsole [sbi0] disabled
[c=327000000]
[c=328000000]
[c=329000000]
cosim: 72000000 retirements ok (pc=ffffffff8018f462)
[c=330000000]
[c=331000000]
[c=332000000]
[c=333000000]
cosim: 73000000 retirements ok (pc=ffffffff80175240)
[c=334000000]
[c=335000000]
[c=336000000]
[c=337000000]
[c=338000000]
cosim: 74000000 retirements ok (pc=ffffffff800788a0)
[c=339000000]
[c=340000000]
[c=341000000]
[c=342000000]
cosim: 75000000 retirements ok (pc=ffffffff803e27c2)
[c=343000000]
[c=344000000]
[c=345000000]
[c=346000000]
[c=347000000]
cosim: 76000000 retirements ok (pc=ffffffff80155c8a)
[c=348000000]
[    1.826820] loop: module loaded
[c=349000000]
[c=350000000]
[    1.838190] mousedev: PS/2 mouse device common for all mice
[    1.840062] i2c_dev: i2c /dev entries driver
[c=351000000]
cosim: 77000000 retirements ok (pc=ffffffff8000f43e)
[c=352000000]
[c=353000000]
[    1.860044] cpu0: scalar unaligned word access speed is 5.80x byte access speed (fast)
[c=354000000]
[c=355000000]
[c=356000000]
cosim: 78000000 retirements ok (pc=ffffffff803e2a38)
[c=357000000]
[c=358000000]
[c=359000000]
[c=360000000]
cosim: 79000000 retirements ok (pc=ffffffff802bfa14)
[c=361000000]
[c=362000000]
[c=363000000]
[c=364000000]
cosim: 80000000 retirements ok (pc=ffffffff80032a2c)
[c=365000000]
[c=366000000]
[c=367000000]
[c=368000000]
[c=369000000]
cosim: 81000000 retirements ok (pc=0000000080013ada)
[c=370000000]
[c=371000000]
[c=372000000]
[c=373000000]
cosim: 82000000 retirements ok (pc=ffffffff80041340)
[c=374000000]
[c=375000000]
[c=376000000]
[c=377000000]
cosim: 83000000 retirements ok (pc=ffffffff801119d6)
[c=378000000]
[c=379000000]
[c=380000000]
[c=381000000]
cosim: 84000000 retirements ok (pc=ffffffff801f5a36)
[c=382000000]
[c=383000000]
[c=384000000]
[c=385000000]
[c=386000000]
cosim: 85000000 retirements ok (pc=ffffffff801f5acc)
[c=387000000]
[c=388000000]
[c=389000000]
[c=390000000]
cosim: 86000000 retirements ok (pc=ffffffff803d54a4)
[c=391000000]
[c=392000000]
[c=393000000]
[c=394000000]
cosim: 87000000 retirements ok (pc=ffffffff801f7ec4)
[c=395000000]
[c=396000000]
[c=397000000]
[c=398000000]
cosim: 88000000 retirements ok (pc=ffffffff803e8dc2)
[c=399000000]
[c=400000000]
[c=401000000]
[c=402000000]
cosim: 89000000 retirements ok (pc=ffffffff801f7fdc)
[c=403000000]
[c=404000000]
[c=405000000]
[c=406000000]
cosim: 90000000 retirements ok (pc=ffffffff801fab00)
[c=407000000]
[c=408000000]
[c=409000000]
[c=410000000]
[c=411000000]
cosim: 91000000 retirements ok (pc=ffffffff80121ccc)
[c=412000000]
[c=413000000]
[c=414000000]
[c=415000000]
cosim: 92000000 retirements ok (pc=ffffffff801f58da)
[c=416000000]
[c=417000000]
[c=418000000]
[c=419000000]
cosim: 93000000 retirements ok (pc=ffffffff80161162)
[    2.361524] clk: Disabling unused clocks
[c=420000000]
[c=421000000]
[c=422000000]
[c=423000000]
cosim: 94000000 retirements ok (pc=ffffffff801a54ec)
[c=424000000]
[c=425000000]
[c=426000000]
[c=427000000]
cosim: 95000000 retirements ok (pc=ffffffff8018b960)
[c=428000000]
[c=429000000]
[c=430000000]
[c=431000000]
[c=432000000]
cosim: 96000000 retirements ok (pc=ffffffff802bf966)
[c=433000000]
[c=434000000]
[c=435000000]
[c=436000000]
cosim: 97000000 retirements ok (pc=ffffffff8018ed1a)
[c=437000000]
[c=438000000]
[c=439000000]
[c=440000000]
cosim: 98000000 retirements ok (pc=ffffffff802bf9f0)
[c=441000000]
[c=442000000]
[c=443000000]
[c=444000000]
[c=445000000]
[c=446000000]
cosim: 99000000 retirements ok (pc=ffffffff80151e2e)
[c=447000000]
[c=448000000]
[c=449000000]
[c=450000000]
[c=451000000]
[c=452000000]
[c=453000000]
cosim: 100000000 retirements ok (pc=ffffffff80151dde)
[c=454000000]
[c=455000000]
[c=456000000]
[c=457000000]
[c=458000000]
[c=459000000]
[c=460000000]
cosim: 101000000 retirements ok (pc=ffffffff803e2a14)
[c=461000000]
[c=462000000]
[c=463000000]
[c=464000000]
[c=465000000]
[    2.705316] Freeing initrd memory: 10064K
MMIO-DIVERGE#0 pc=0xffffffff802cdc68 pa=0xc201004 sz=4 model=0x0 dut=0xa
MMIO-DIVERGE#1 pc=0xffffffff802cdc68 pa=0xc201004 sz=4 model=0x0 dut=0xa
[c=466000000]
cosim: 102000000 retirements ok (pc=ffffffff80152a62)
[c=467000000]
[c=468000000]
[c=469000000]
[c=470000000]
[    2.746440] Freeing unused kernel image (initmem) memory: 2148K
[c=471000000]
[    2.747287] Run /init as init process
[    2.747597]   with arguments:
[    2.747860]     /init
[    2.748104]   with environment:
[    2.748376]     HOME=/
[    2.748627]     TERM=linux
[c=472000000]
[c=473000000]
cosim: 103000000 retirements ok (pc=ffffffff80011e90)
[c=474000000]
[c=475000000]
[c=476000000]
[c=477000000]
[c=478000000]
cosim: 104000000 retirements ok (pc=ffffffff8010b23e)
[c=479000000]
[c=480000000]
[c=481000000]
[c=482000000]
[c=483000000]
cosim: 105000000 retirements ok (pc=ffffffff80109280)
[c=484000000]
[c=485000000]
[c=486000000]
[c=487000000]
[c=488000000]
cosim: 106000000 retirements ok (pc=ffffffff801363ba)
[c=489000000]
[c=490000000]
[c=491000000]
[c=492000000]
cosim: 107000000 retirements ok (pc=ffffffff80107cd2)
[c=493000000]
[c=494000000]
[c=495000000]
[c=496000000]
[c=497000000]
cosim: 108000000 retirements ok (pc=0000003faff4cf78)
[c=498000000]
[c=499000000]
[c=500000000]
[c=501000000]
[c=502000000]
cosim: 109000000 retirements ok (pc=0000003fbe805268)
[c=503000000]
[c=504000000]
[c=505000000]
[c=506000000]
cosim: 110000000 retirements ok (pc=ffffffff802c2cd4)
[c=507000000]
[c=508000000]
[c=509000000]
[c=510000000]
[c=511000000]
cosim: 111000000 retirements ok (pc=ffffffff801360aa)
[c=512000000]
[c=513000000]
[c=514000000]
[c=515000000]
cosim: 112000000 retirements ok (pc=0000003f91423920)
[c=516000000]
[c=517000000]
[c=518000000]
[c=519000000]
[c=520000000]
cosim: 113000000 retirements ok (pc=ffffffff80075c78)
[c=521000000]
[c=522000000]
[c=523000000]
[c=524000000]
[c=525000000]
cosim: 114000000 retirements ok (pc=000000008000bf64)
[c=526000000]
[c=527000000]
[c=528000000]
[c=529000000]
cosim: 115000000 retirements ok (pc=000000008000886a)
[c=530000000]
[c=531000000]
[c=532000000]
[c=533000000]
[c=534000000]
cosim: 116000000 retirements ok (pc=0000003f9adbf264)
[c=535000000]
[c=536000000]
[c=537000000]
[c=538000000]
[c=539000000]
cosim: 117000000 retirements ok (pc=ffffffff8011458e)
[c=540000000]
[c=541000000]
[c=542000000]
[c=543000000]
cosim: 118000000 retirements ok (pc=ffffffff8016944a)
[c=544000000]
[c=545000000]
[c=546000000]
[c=547000000]
[c=548000000]
cosim: 119000000 retirements ok (pc=ffffffff8031b15a)
[c=549000000]
[c=550000000]
[c=551000000]
[c=552000000]
[c=553000000]
cosim: 120000000 retirements ok (pc=0000003f99eed744)
[c=554000000]
[c=555000000]
[c=556000000]
[c=557000000]
cosim: 121000000 retirements ok (pc=0000003f9126ecc8)
[c=558000000]
[c=559000000]
[c=560000000]
[c=561000000]
[c=562000000]
cosim: 122000000 retirements ok (pc=ffffffff803ca292)
[c=563000000]
[c=564000000]
[c=565000000]
[c=566000000]
cosim: 123000000 retirements ok (pc=0000002ae5bf7938)
[c=567000000]
[c=568000000]
[c=569000000]
[c=570000000]
[c=571000000]
cosim: 124000000 retirements ok (pc=0000003fb7b49f70)
[c=572000000]
[c=573000000]
[c=574000000]
[c=575000000]
MMIO-DIVERGE#2 pc=0xffffffff802cdc68 pa=0xc201004 sz=4 model=0x0 dut=0xa
Starting syslogd: [c=576000000]
cosim: 125000000 retirements ok (pc=ffffffff803eb8b0)
[c=577000000]
[c=578000000]
[c=579000000]
[c=580000000]
cosim: 126000000 retirements ok (pc=0000003f966f7f4c)
[c=581000000]
[c=582000000]
[c=583000000]
[c=584000000]
[c=585000000]
MMIO-DIVERGE#3 pc=0xffffffff802cdc68 pa=0xc201004 sz=4 model=0x0 dut=0xa
OKMMIO-DIVERGE#4 pc=0xffffffff802cdc68 pa=0xc201004 sz=4 model=0x0 dut=0xa

cosim: 127000000 retirements ok (pc=ffffffff80163e3a)
[c=586000000]
[c=587000000]
[c=588000000]
[c=589000000]
[c=590000000]
cosim: 128000000 retirements ok (pc=0000003f8f0760e4)
[c=591000000]
[c=592000000]
[c=593000000]
[c=594000000]
cosim: 129000000 retirements ok (pc=ffffffff80135cc4)
[c=595000000]
[c=596000000]
[c=597000000]
[c=598000000]
[c=599000000]
cosim: 130000000 retirements ok (pc=0000002ae93ced78)
[c=600000000]
MMIO-DIVERGE#5 pc=0xffffffff802cdc68 pa=0xc201004 sz=4 model=0x0 dut=0xa
Starting klogd: [c=601000000]
[c=602000000]
[c=603000000]
[c=604000000]
cosim: 131000000 retirements ok (pc=ffffffff801374be)
[c=605000000]
[c=606000000]
[c=607000000]
[c=608000000]
cosim: 132000000 retirements ok (pc=ffffffff80114dee)
[c=609000000]
MMIO-DIVERGE#6 pc=0xffffffff802cdc68 pa=0xc201004 sz=4 model=0x0 dut=0xa
OKMMIO-DIVERGE#7 pc=0xffffffff802cdc68 pa=0xc201004 sz=4 model=0x0 dut=0xa

[c=610000000]
[c=611000000]
[c=612000000]
[c=613000000]
cosim: 133000000 retirements ok (pc=0000003f85151f7c)
[c=614000000]
[c=615000000]
[c=616000000]
[c=617000000]
[c=618000000]
cosim: 134000000 retirements ok (pc=ffffffff8003f6d0)
[c=619000000]
[c=620000000]
[c=621000000]
[c=622000000]
cosim: 135000000 retirements ok (pc=ffffffff803b3b48)
[c=623000000]
[c=624000000]
[c=625000000]
[c=626000000]
[c=627000000]
cosim: 136000000 retirements ok (pc=ffffffff8008113c)
[c=628000000]
[c=629000000]
[c=630000000]
MMIO-DIVERGE#8 pc=0xffffffff802cdc68 pa=0xc201004 sz=4 model=0x0 dut=0xa
Running sysctl: [c=631000000]
cosim: 137000000 retirements ok (pc=ffffffff80011e8c)
[c=632000000]
[c=633000000]
[c=634000000]
[c=635000000]
[c=636000000]
cosim: 138000000 retirements ok (pc=ffffffff801502ea)
[c=637000000]
[c=638000000]
[c=639000000]
[c=640000000]
[c=641000000]
cosim: 139000000 retirements ok (pc=ffffffff800788c8)
[c=642000000]
[c=643000000]
[c=644000000]
[c=645000000]
[c=646000000]
cosim: 140000000 retirements ok (pc=ffffffff80042388)
[c=647000000]
[c=648000000]
[c=649000000]
[c=650000000]
[c=651000000]
cosim: 141000000 retirements ok (pc=ffffffff8003d1bc)
[c=652000000]
[c=653000000]
[c=654000000]
[c=655000000]
cosim: 142000000 retirements ok (pc=ffffffff803e2e62)
[c=656000000]
[c=657000000]
[c=658000000]
[c=659000000]
[c=660000000]
cosim: 143000000 retirements ok (pc=0000003fa93aef78)
[c=661000000]
[c=662000000]
[c=663000000]
[c=664000000]
[c=665000000]
cosim: 144000000 retirements ok (pc=0000003fa939dd14)
[c=666000000]
[c=667000000]
[c=668000000]
[c=669000000]
cosim: 145000000 retirements ok (pc=ffffffff8003d58e)
[c=670000000]
[c=671000000]
[c=672000000]
[c=673000000]
[c=674000000]
cosim: 146000000 retirements ok (pc=ffffffff80077a4a)
[c=675000000]
[c=676000000]
[c=677000000]
MMIO-DIVERGE#9 pc=0xffffffff802cdc68 pa=0xc201004 sz=4 model=0x0 dut=0xa
OKMMIO-DIVERGE#10 pc=0xffffffff802cdc68 pa=0xc201004 sz=4 model=0x0 dut=0xa

[c=678000000]
[c=679000000]
cosim: 147000000 retirements ok (pc=ffffffff8003b092)
[c=680000000]
[c=681000000]
[c=682000000]
[c=683000000]
cosim: 148000000 retirements ok (pc=0000003f8ce5d12c)
[c=684000000]
[c=685000000]
[c=686000000]
[c=687000000]
[c=688000000]
cosim: 149000000 retirements ok (pc=ffffffff80042a92)
[c=689000000]
[c=690000000]
[c=691000000]
[c=692000000]
cosim: 150000000 retirements ok (pc=0000002adc7a3f0c)
[c=693000000]
[c=694000000]
MMIO-DIVERGE#11 pc=0xffffffff802cdc68 pa=0xc201004 sz=4 model=0x0 dut=0xa
Saving random seed: [c=695000000]
[c=696000000]
[c=697000000]
cosim: 151000000 retirements ok (pc=ffffffff800412de)
[c=698000000]
[c=699000000]
[c=700000000]
[c=701000000]
[c=702000000]
cosim: 152000000 retirements ok (pc=ffffffff80107ba2)
[c=703000000]
[c=704000000]
[c=705000000]
[c=706000000]
cosim: 153000000 retirements ok (pc=ffffffff80137228)
[c=707000000]
[c=708000000]
[c=709000000]
[c=710000000]
[c=711000000]
MMIO-DIVERGE#12 pc=0xffffffff802cdc68 pa=0xc201004 sz=4 model=0x0 dut=0xa
OKMMIO-DIVERGE#13 pc=0xffffffff802cdc68 pa=0xc201004 sz=4 model=0x0 dut=0xa

cosim: 154000000 retirements ok (pc=ffffffff801362a6)
[c=712000000]
[c=713000000]
[c=714000000]
[c=715000000]
[c=716000000]
cosim: 155000000 retirements ok (pc=0000003f928317f8)
[c=717000000]
[c=718000000]
[c=719000000]
[c=720000000]
cosim: 156000000 retirements ok (pc=ffffffff8004e82c)
[c=721000000]
[c=722000000]
[c=723000000]
[c=724000000]
[c=725000000]
cosim: 157000000 retirements ok (pc=ffffffff80153a38)
[c=726000000]
MMIO-DIVERGE#14 pc=0xffffffff802cdc68 pa=0xc201004 sz=4 model=0x0 dut=0xa
Starting network: [c=727000000]
[c=728000000]
[c=729000000]
[c=730000000]
cosim: 158000000 retirements ok (pc=0000003fbbe3e46c)
[c=731000000]
[c=732000000]
[c=733000000]
[c=734000000]
cosim: 159000000 retirements ok (pc=0000003f966997d0)
[c=735000000]
[c=736000000]
[c=737000000]
[c=738000000]
[c=739000000]
cosim: 160000000 retirements ok (pc=ffffffff80040e1e)
[c=740000000]
[c=741000000]
[c=742000000]
[c=743000000]
[c=744000000]
cosim: 161000000 retirements ok (pc=ffffffff801a047c)
[c=745000000]
[c=746000000]
[c=747000000]
[c=748000000]
cosim: 162000000 retirements ok (pc=0000002ac0f8c5f8)
[c=749000000]
[c=750000000]
[c=751000000]
[c=752000000]
[c=753000000]
cosim: 163000000 retirements ok (pc=0000003fbaf73320)
[c=754000000]
[c=755000000]
[c=756000000]
[c=757000000]
[c=758000000]
cosim: 164000000 retirements ok (pc=0000003f898c1f94)
[c=759000000]
[c=760000000]
[c=761000000]
MMIO-DIVERGE#15 pc=0xffffffff802cdc68 pa=0xc201004 sz=4 model=0x0 dut=0xa
ip: socket: Function not implementedMMIO-DIVERGE#16 pc=0xffffffff802cdc68 pa=0xc201004 sz=4 model=0x0 dut=0xa

[c=762000000]
cosim: 165000000 retirements ok (pc=ffffffff803eb7c6)
[c=763000000]
[c=764000000]
[c=765000000]
[c=766000000]
[c=767000000]
cosim: 166000000 retirements ok (pc=ffffffff8013656c)
[c=768000000]
[c=769000000]
[c=770000000]
[c=771000000]
[c=772000000]
cosim: 167000000 retirements ok (pc=ffffffff8010925e)
MMIO-DIVERGE#17 pc=0xffffffff802cdc68 pa=0xc201004 sz=4 model=0x0 dut=0xa
ip: socket: Function not implementedMMIO-DIVERGE#18 pc=0xffffffff802cdc68 pa=0xc201004 sz=4 model=0x0 dut=0xa

[c=773000000]
[c=774000000]
MMIO-DIVERGE#19 pc=0xffffffff802cdc68 pa=0xc201004 sz=4 model=0x0 dut=0xa
FAILMMIO-DIVERGE#20 pc=0xffffffff802cdc68 pa=0xc201004 sz=4 model=0x0 dut=0xa

[c=775000000]
[c=776000000]
cosim: 168000000 retirements ok (pc=ffffffff80154e3c)
[c=777000000]
[c=778000000]
[c=779000000]
[c=780000000]
[c=781000000]
cosim: 169000000 retirements ok (pc=ffffffff80155b5a)
[c=782000000]
[c=783000000]
[c=784000000]
[c=785000000]
cosim: 170000000 retirements ok (pc=ffffffff8007644c)
[c=786000000]
[c=787000000]
[c=788000000]
[c=789000000]
cosim: 171000000 retirements ok (pc=ffffffff8004ca6a)
[c=790000000]
[c=791000000]
[c=792000000]
[c=793000000]
[c=794000000]
cosim: 172000000 retirements ok (pc=ffffffff800751e4)
[c=795000000]
[c=796000000]
MMIO-DIVERGE#21 pc=0xffffffff802cdc68 pa=0xc201004 sz=4 model=0x0 dut=0xa
MMIO-DIVERGE#22 pc=0xffffffff802cdc68 pa=0xc201004 sz=4 model=0x0 dut=0xa

MMIO-DIVERGE#23 pc=0xffffffff802cdc68 pa=0xc201004 sz=4 model=0x0 dut=0xa
Welcome to Simmerv/SmolRV64's tiny 10 MiB imageMMIO-DIVERGE#24 pc=0xffffffff802cdc68 pa=0xc201004 sz=4 model=0x0 dut=0xa

MMIO-DIVERGE#25 pc=0xffffffff802cdc68 pa=0xc201004 sz=4 model=0x0 dut=0xa
MMIO-DIVERGE#26 pc=0xffffffff802cdc68 pa=0xc201004 sz=4 model=0x0 dut=0xa
smolrv64 login: [c=797000000]
[c=798000000]
cosim: 173000000 retirements ok (pc=ffffffff8009a5a2)
[c=799000000]
[c=800000000]
[c=801000000]
[c=802000000]
cosim: 174000000 retirements ok (pc=ffffffff800826c4)
[c=803000000]
[c=804000000]
[c=805000000]
[c=806000000]
[c=807000000]
cosim: 175000000 retirements ok (pc=ffffffff800751dc)
[c=808000000]
[c=809000000]
[c=810000000]
[c=811000000]
cosim: 176000000 retirements ok (pc=ffffffff800826e8)
[c=812000000]
[c=813000000]
[c=814000000]
[c=815000000]
cosim: 177000000 retirements ok (pc=ffffffff80074a08)
[c=816000000]
[c=817000000]
[c=818000000]
[c=819000000]
[c=820000000]
cosim: 178000000 retirements ok (pc=ffffffff80082734)
[c=821000000]
[c=822000000]
[c=823000000]
[c=824000000]
cosim: 179000000 retirements ok (pc=ffffffff80074a3c)
[c=825000000]
[c=826000000]
[c=827000000]
[c=828000000]
cosim: 180000000 retirements ok (pc=ffffffff803e4b04)
[c=829000000]
[c=830000000]
[c=831000000]
[c=832000000]
cosim: 181000000 retirements ok (pc=ffffffff80074bb8)
[c=833000000]
[c=834000000]
[c=835000000]
[c=836000000]
[c=837000000]
cosim: 182000000 retirements ok (pc=ffffffff803e2ee6)
[c=838000000]
[c=839000000]
[c=840000000]
[c=841000000]
cosim: 183000000 retirements ok (pc=ffffffff80074aa0)
[c=842000000]
[c=843000000]
[c=844000000]
[c=845000000]
cosim: 184000000 retirements ok (pc=ffffffff8008298e)
[c=846000000]
[c=847000000]
[c=848000000]
[c=849000000]
cosim: 185000000 retirements ok (pc=ffffffff8007641c)
[c=850000000]
[c=851000000]
[c=852000000]
[c=853000000]
[c=854000000]
cosim: 186000000 retirements ok (pc=ffffffff8004c9f8)
[c=855000000]
[c=856000000]
[c=857000000]
[c=858000000]
cosim: 187000000 retirements ok (pc=ffffffff80076446)
[c=859000000]
[c=860000000]
[c=861000000]
[c=862000000]
cosim: 188000000 retirements ok (pc=ffffffff8004c9ec)
[c=863000000]
[c=864000000]
[c=865000000]
[c=866000000]
[c=867000000]
cosim: 189000000 retirements ok (pc=ffffffff80074b86)
[c=868000000]
[c=869000000]
[c=870000000]
[c=871000000]
cosim: 190000000 retirements ok (pc=ffffffff8004c9f6)
[c=872000000]
[c=873000000]
[c=874000000]
[c=875000000]
cosim: 191000000 retirements ok (pc=ffffffff80076442)
[c=876000000]
[c=877000000]
[c=878000000]
[c=879000000]
cosim: 192000000 retirements ok (pc=ffffffff8004c9ea)
[c=880000000]
[c=881000000]
[c=882000000]
[c=883000000]
[c=884000000]
cosim: 193000000 retirements ok (pc=ffffffff80074b84)
[c=885000000]
[c=886000000]
[c=887000000]
[c=888000000]
cosim: 194000000 retirements ok (pc=ffffffff80082600)
[c=889000000]
[c=890000000]
[c=891000000]
[c=892000000]
cosim: 195000000 retirements ok (pc=ffffffff80079104)
[c=893000000]
[c=894000000]
[c=895000000]
[c=896000000]
[c=897000000]
cosim: 196000000 retirements ok (pc=ffffffff8008267e)
[c=898000000]
[c=899000000]
[c=900000000]
[c=901000000]
cosim: 197000000 retirements ok (pc=ffffffff80079132)
[c=902000000]
[c=903000000]
[c=904000000]
[c=905000000]
cosim: 198000000 retirements ok (pc=ffffffff8008239c)
[c=906000000]
[c=907000000]
[c=908000000]
[c=909000000]
cosim: 199000000 retirements ok (pc=ffffffff80082428)
[c=910000000]
[c=911000000]
[c=912000000]
[c=913000000]
[c=914000000]
cosim: 200000000 retirements ok (pc=ffffffff800823cc)
[c=915000000]
[c=916000000]
[c=917000000]
[c=918000000]
cosim: 201000000 retirements ok (pc=ffffffff80082788)
[c=919000000]
[c=920000000]
[c=921000000]
[c=922000000]
cosim: 202000000 retirements ok (pc=ffffffff80082988)
[c=923000000]
[c=924000000]
[c=925000000]
[c=926000000]
cosim: 203000000 retirements ok (pc=ffffffff80074b1e)
[c=927000000]
[c=928000000]
[c=929000000]
[c=930000000]
[c=931000000]
cosim: 204000000 retirements ok (pc=ffffffff8004c9f2)
[c=932000000]
[c=933000000]
[c=934000000]
[c=935000000]
cosim: 205000000 retirements ok (pc=ffffffff8007643e)
[c=936000000]
[c=937000000]
[c=938000000]
[c=939000000]
cosim: 206000000 retirements ok (pc=ffffffff80074bb8)
[c=940000000]
[c=941000000]
[c=942000000]
[c=943000000]
[c=944000000]
cosim: 207000000 retirements ok (pc=ffffffff803e2ee6)
[c=945000000]
[c=946000000]
[c=947000000]
[c=948000000]
cosim: 208000000 retirements ok (pc=ffffffff80074aa0)
[c=949000000]
[c=950000000]
[c=951000000]
[c=952000000]
cosim: 209000000 retirements ok (pc=ffffffff8008298e)
[c=953000000]
[c=954000000]
[c=955000000]
[c=956000000]
cosim: 210000000 retirements ok (pc=ffffffff8007641c)
[c=957000000]
[c=958000000]
[c=959000000]
[c=960000000]
[c=961000000]
cosim: 211000000 retirements ok (pc=ffffffff8004c9f8)
[c=962000000]
[c=963000000]
[c=964000000]
[c=965000000]
cosim: 212000000 retirements ok (pc=ffffffff80076446)
[c=966000000]
[c=967000000]
[c=968000000]
[c=969000000]
cosim: 213000000 retirements ok (pc=ffffffff8004c9ec)
[c=970000000]
[c=971000000]
[c=972000000]
[c=973000000]
[c=974000000]
cosim: 214000000 retirements ok (pc=ffffffff80074b86)
[c=975000000]
[c=976000000]
[c=977000000]
[c=978000000]
cosim: 215000000 retirements ok (pc=ffffffff80082604)
[c=979000000]
[c=980000000]
[c=981000000]
[c=982000000]
cosim: 216000000 retirements ok (pc=ffffffff80079106)
[c=983000000]
[c=984000000]
[c=985000000]
[c=986000000]
