=== cosim 'tiny128' (mem=2048MiB fw=../workloads/ubuntu/fw_payload-7.1-small.bin dtb=../workloads/tiny128/tiny128-cosim.dtb@+2000000 initrd=../workloads/tiny128/tiny128.cpio@+1f52c000 a1=82000000) ===
[cosim-linux: loaded 15392264 bytes @ DDR+0000000000000000 (240505 lines)]
[cosim-linux: loaded 2614 bytes @ DDR+0000000002000000 (41 lines)]
[cosim-linux: loaded 10305536 bytes @ DDR+000000001f52c000 (161024 lines)]
[c=0]
cosim: loaded 15392264 bytes @ DDR+0 (../workloads/ubuntu/fw_payload-7.1-small.bin)
cosim: loaded 2614 bytes @ DDR+2000000 (../workloads/tiny128/tiny128-cosim.dtb)
cosim: loaded 10305536 bytes @ DDR+1f52c000 (../workloads/tiny128/tiny128.cpio)
cosim: simmerv ready (reset_pc=0000000080000000, linux)
cosim: 1 retirements ok (pc=0000000080000000)
[c=1000000]
cosim: 1000000 retirements ok (pc=0000000080019502)
[c=2000000]

MMIO-DIVERGE#0 pc=0x80018596 pa=0x10000005 sz=1 model=0x60 dut=0x0
MMIO-DIVERGE#1 pc=0x80018596 pa=0x10000005 sz=1 model=0x60 dut=0x0
OMMIO-DIVERGE#2 pc=0x80018596 pa=0x10000005 sz=1 model=0x60 dut=0x0
MMIO-DIVERGE#3 pc=0x80018596 pa=0x10000005 sz=1 model=0x60 dut=0x0
MMIO-DIVERGE#4 pc=0x80018596 pa=0x10000005 sz=1 model=0x60 dut=0x0
MMIO-DIVERGE#5 pc=0x80018596 pa=0x10000005 sz=1 model=0x60 dut=0x0
pMMIO-DIVERGE#6 pc=0x80018596 pa=0x10000005 sz=1 model=0x60 dut=0x0
MMIO-DIVERGE#7 pc=0x80018596 pa=0x10000005 sz=1 model=0x60 dut=0x0
MMIO-DIVERGE#8 pc=0x80018596 pa=0x10000005 sz=1 model=0x60 dut=0x0
MMIO-DIVERGE#9 pc=0x80018596 pa=0x10000005 sz=1 model=0x60 dut=0x0
MMIO-DIVERGE#10 pc=0x80018596 pa=0x10000005 sz=1 model=0x60 dut=0x0
eMMIO-DIVERGE#11 pc=0x80018596 pa=0x10000005 sz=1 model=0x60 dut=0x0
MMIO-DIVERGE#12 pc=0x80018596 pa=0x10000005 sz=1 model=0x60 dut=0x0
MMIO-DIVERGE#13 pc=0x80018596 pa=0x10000005 sz=1 model=0x60 dut=0x0
MMIO-DIVERGE#14 pc=0x80018596 pa=0x10000005 sz=1 model=0x60 dut=0x0
nMMIO-DIVERGE#15 pc=0x80018596 pa=0x10000005 sz=1 model=0x60 dut=0x0
MMIO-DIVERGE#16 pc=0x80018596 pa=0x10000005 sz=1 model=0x60 dut=0x0
MMIO-DIVERGE#17 pc=0x80018596 pa=0x10000005 sz=1 model=0x60 dut=0x0
MMIO-DIVERGE#18 pc=0x80018596 pa=0x10000005 sz=1 model=0x60 dut=0x0
MMIO-DIVERGE#19 pc=0x80018596 pa=0x10000005 sz=1 model=0x60 dut=0x0
SMMIO-DIVERGE#20 pc=0x80018596 pa=0x10000005 sz=1 model=0x60 dut=0x0
MMIO-DIVERGE#21 pc=0x80018596 pa=0x10000005 sz=1 model=0x60 dut=0x0
MMIO-DIVERGE#22 pc=0x80018596 pa=0x10000005 sz=1 model=0x60 dut=0x0
MMIO-DIVERGE#23 pc=0x80018596 pa=0x10000005 sz=1 model=0x60 dut=0x0
BMMIO-DIVERGE#24 pc=0x80018596 pa=0x10000005 sz=1 model=0x60 dut=0x0
MMIO-DIVERGE#25 pc=0x80018596 pa=0x10000005 sz=1 model=0x60 dut=0x0
MMIO-DIVERGE#26 pc=0x80018596 pa=0x10000005 sz=1 model=0x60 dut=0x0
MMIO-DIVERGE#27 pc=0x80018596 pa=0x10000005 sz=1 model=0x60 dut=0x0
MMIO-DIVERGE#28 pc=0x80018596 pa=0x10000005 sz=1 model=0x60 dut=0x0
IMMIO-DIVERGE#29 pc=0x80018596 pa=0x10000005 sz=1 model=0x60 dut=0x0
MMIO-DIVERGE#30 pc=0x80018596 pa=0x10000005 sz=1 model=0x60 dut=0x0
MMIO-DIVERGE#31 pc=0x80018596 pa=0x10000005 sz=1 model=0x60 dut=0x0
MMIO-DIVERGE#32 pc=0x80018596 pa=0x10000005 sz=1 model=0x60 dut=0x0
 MMIO-DIVERGE#33 pc=0x80018596 pa=0x10000005 sz=1 model=0x60 dut=0x0
MMIO-DIVERGE#34 pc=0x80018596 pa=0x10000005 sz=1 model=0x60 dut=0x0
MMIO-DIVERGE#35 pc=0x80018596 pa=0x10000005 sz=1 model=0x60 dut=0x0
MMIO-DIVERGE#36 pc=0x80018596 pa=0x10000005 sz=1 model=0x60 dut=0x0
vMMIO-DIVERGE#37 pc=0x80018596 pa=0x10000005 sz=1 model=0x60 dut=0x0
MMIO-DIVERGE#38 pc=0x80018596 pa=0x10000005 sz=1 model=0x60 dut=0x0
MMIO-DIVERGE#39 pc=0x80018596 pa=0x10000005 sz=1 model=0x60 dut=0x0
MMIO-DIVERGE#40 pc=0x80018596 pa=0x10000005 sz=1 model=0x60 dut=0x0
MMIO-DIVERGE#41 pc=0x80018596 pa=0x10000005 sz=1 model=0x60 dut=0x0
1MMIO-DIVERGE#42 pc=0x80018596 pa=0x10000005 sz=1 model=0x60 dut=0x0
MMIO-DIVERGE#43 pc=0x80018596 pa=0x10000005 sz=1 model=0x60 dut=0x0
MMIO-DIVERGE#44 pc=0x80018596 pa=0x10000005 sz=1 model=0x60 dut=0x0
MMIO-DIVERGE#45 pc=0x80018596 pa=0x10000005 sz=1 model=0x60 dut=0x0
.MMIO-DIVERGE#46 pc=0x80018596 pa=0x10000005 sz=1 model=0x60 dut=0x0
MMIO-DIVERGE#47 pc=0x80018596 pa=0x10000005 sz=1 model=0x60 dut=0x0
MMIO-DIVERGE#48 pc=0x80018596 pa=0x10000005 sz=1 model=0x60 dut=0x0
MMIO-DIVERGE#49 pc=0x80018596 pa=0x10000005 sz=1 model=0x60 dut=0x0
MMIO-DIVERGE#50 pc=0x80018596 pa=0x10000005 sz=1 model=0x60 dut=0x0
8MMIO-DIVERGE#51 pc=0x80018596 pa=0x10000005 sz=1 model=0x60 dut=0x0
MMIO-DIVERGE#52 pc=0x80018596 pa=0x10000005 sz=1 model=0x60 dut=0x0
MMIO-DIVERGE#53 pc=0x80018596 pa=0x10000005 sz=1 model=0x60 dut=0x0
MMIO-DIVERGE#54 pc=0x80018596 pa=0x10000005 sz=1 model=0x60 dut=0x0
.MMIO-DIVERGE#55 pc=0x80018596 pa=0x10000005 sz=1 model=0x60 dut=0x0
MMIO-DIVERGE#56 pc=0x80018596 pa=0x10000005 sz=1 model=0x60 dut=0x0
MMIO-DIVERGE#57 pc=0x80018596 pa=0x10000005 sz=1 model=0x60 dut=0x0
MMIO-DIVERGE#58 pc=0x80018596 pa=0x10000005 sz=1 model=0x60 dut=0x0
MMIO-DIVERGE#59 pc=0x80018596 pa=0x10000005 sz=1 model=0x60 dut=0x0
1MMIO-DIVERGE#60 pc=0x80018596 pa=0x10000005 sz=1 model=0x60 dut=0x0
MMIO-DIVERGE#61 pc=0x80018596 pa=0x10000005 sz=1 model=0x60 dut=0x0
MMIO-DIVERGE#62 pc=0x80018596 pa=0x10000005 sz=1 model=0x60 dut=0x0
MMIO-DIVERGE#63 pc=0x80018596 pa=0x10000005 sz=1 model=0x60 dut=0x0
MMIO-DIVERGE#64 pc=0x80018596 pa=0x10000005 sz=1 model=0x60 dut=0x0
MMIO-DIVERGE#65 pc=0x80018596 pa=0x10000005 sz=1 model=0x60 dut=0x0
MMIO-DIVERGE#66 pc=0x80018596 pa=0x10000005 sz=1 model=0x60 dut=0x0
MMIO-DIVERGE#67 pc=0x80018596 pa=0x10000005 sz=1 model=0x60 dut=0x0
MMIO-DIVERGE#68 pc=0x80018596 pa=0x10000005 sz=1 model=0x60 dut=0x0

  MMIO-DIVERGE#69 pc=0x80018596 pa=0x10000005 sz=1 model=0x60 dut=0x0
MMIO-DIVERGE#70 pc=0x80018596 pa=0x10000005 sz=1 model=0x60 dut=0x0
 MMIO-DIVERGE#71 pc=0x80018596 pa=0x10000005 sz=1 model=0x60 dut=0x0
MMIO-DIVERGE#72 pc=0x80018596 pa=0x10000005 sz=1 model=0x60 dut=0x0
MMIO-DIVERGE#73 pc=0x80018596 pa=0x10000005 sz=1 model=0x60 dut=0x0
MMIO-DIVERGE#74 pc=0x80018596 pa=0x10000005 sz=1 model=0x60 dut=0x0
_MMIO-DIVERGE#75 pc=0x80018596 pa=0x10000005 sz=1 model=0x60 dut=0x0
MMIO-DIVERGE#76 pc=0x80018596 pa=0x10000005 sz=1 model=0x60 dut=0x0
MMIO-DIVERGE#77 pc=0x80018596 pa=0x10000005 sz=1 model=0x60 dut=0x0
MMIO-DIVERGE#78 pc=0x80018596 pa=0x10000005 sz=1 model=0x60 dut=0x0
MMIO-DIVERGE#79 pc=0x80018596 pa=0x10000005 sz=1 model=0x60 dut=0x0
_MMIO-DIVERGE#80 pc=0x80018596 pa=0x10000005 sz=1 model=0x60 dut=0x0
MMIO-DIVERGE#81 pc=0x80018596 pa=0x10000005 sz=1 model=0x60 dut=0x0
MMIO-DIVERGE#82 pc=0x80018596 pa=0x10000005 sz=1 model=0x60 dut=0x0
MMIO-DIVERGE#83 pc=0x80018596 pa=0x10000005 sz=1 model=0x60 dut=0x0
_MMIO-DIVERGE#84 pc=0x80018596 pa=0x10000005 sz=1 model=0x60 dut=0x0
MMIO-DIVERGE#85 pc=0x80018596 pa=0x10000005 sz=1 model=0x60 dut=0x0
MMIO-DIVERGE#86 pc=0x80018596 pa=0x10000005 sz=1 model=0x60 dut=0x0
MMIO-DIVERGE#87 pc=0x80018596 pa=0x10000005 sz=1 model=0x60 dut=0x0
MMIO-DIVERGE#88 pc=0x80018596 pa=0x10000005 sz=1 model=0x60 dut=0x0
_MMIO-DIVERGE#89 pc=0x80018596 pa=0x10000005 sz=1 model=0x60 dut=0x0
MMIO-DIVERGE#90 pc=0x80018596 pa=0x10000005 sz=1 model=0x60 dut=0x0
MMIO-DIVERGE#91 pc=0x80018596 pa=0x10000005 sz=1 model=0x60 dut=0x0
MMIO-DIVERGE#92 pc=0x80018596 pa=0x10000005 sz=1 model=0x60 dut=0x0
 MMIO-DIVERGE#93 pc=0x80018596 pa=0x10000005 sz=1 model=0x60 dut=0x0
MMIO-DIVERGE#94 pc=0x80018596 pa=0x10000005 sz=1 model=0x60 dut=0x0
MMIO-DIVERGE#95 pc=0x80018596 pa=0x10000005 sz=1 model=0x60 dut=0x0
MMIO-DIVERGE#96 pc=0x80018596 pa=0x10000005 sz=1 model=0x60 dut=0x0
MMIO-DIVERGE#97 pc=0x80018596 pa=0x10000005 sz=1 model=0x60 dut=0x0
 MMIO-DIVERGE#98 pc=0x80018596 pa=0x10000005 sz=1 model=0x60 dut=0x0
MMIO-DIVERGE#99 pc=0x80018596 pa=0x10000005 sz=1 model=0x60 dut=0x0
MMIO-DIVERGE#100 pc=0x80018596 pa=0x10000005 sz=1 model=0x60 dut=0x0
MMIO-DIVERGE#101 pc=0x80018596 pa=0x10000005 sz=1 model=0x60 dut=0x0
 MMIO-DIVERGE#102 pc=0x80018596 pa=0x10000005 sz=1 model=0x60 dut=0x0
MMIO-DIVERGE#103 pc=0x80018596 pa=0x10000005 sz=1 model=0x60 dut=0x0
MMIO-DIVERGE#104 pc=0x80018596 pa=0x10000005 sz=1 model=0x60 dut=0x0
MMIO-DIVERGE#105 pc=0x80018596 pa=0x10000005 sz=1 model=0x60 dut=0x0
MMIO-DIVERGE#106 pc=0x80018596 pa=0x10000005 sz=1 model=0x60 dut=0x0
 MMIO-DIVERGE#107 pc=0x80018596 pa=0x10000005 sz=1 model=0x60 dut=0x0
MMIO-DIVERGE#108 pc=0x80018596 pa=0x10000005 sz=1 model=0x60 dut=0x0
MMIO-DIVERGE#109 pc=0x80018596 pa=0x10000005 sz=1 model=0x60 dut=0x0
MMIO-DIVERGE#110 pc=0x80018596 pa=0x10000005 sz=1 model=0x60 dut=0x0
 MMIO-DIVERGE#111 pc=0x80018596 pa=0x10000005 sz=1 model=0x60 dut=0x0
MMIO-DIVERGE#112 pc=0x80018596 pa=0x10000005 sz=1 model=0x60 dut=0x0
MMIO-DIVERGE#113 pc=0x80018596 pa=0x10000005 sz=1 model=0x60 dut=0x0
MMIO-DIVERGE#114 pc=0x80018596 pa=0x10000005 sz=1 model=0x60 dut=0x0
MMIO-DIVERGE#115 pc=0x80018596 pa=0x10000005 sz=1 model=0x60 dut=0x0
 MMIO-DIVERGE#116 pc=0x80018596 pa=0x10000005 sz=1 model=0x60 dut=0x0
MMIO-DIVERGE#117 pc=0x80018596 pa=0x10000005 sz=1 model=0x60 dut=0x0
MMIO-DIVERGE#118 pc=0x80018596 pa=0x10000005 sz=1 model=0x60 dut=0x0
MMIO-DIVERGE#119 pc=0x80018596 pa=0x10000005 sz=1 model=0x60 dut=0x0
 MMIO-DIVERGE#120 pc=0x80018596 pa=0x10000005 sz=1 model=0x60 dut=0x0
MMIO-DIVERGE#121 pc=0x80018596 pa=0x10000005 sz=1 model=0x60 dut=0x0
MMIO-DIVERGE#122 pc=0x80018596 pa=0x10000005 sz=1 model=0x60 dut=0x0
MMIO-DIVERGE#123 pc=0x80018596 pa=0x10000005 sz=1 model=0x60 dut=0x0
MMIO-DIVERGE#124 pc=0x80018596 pa=0x10000005 sz=1 model=0x60 dut=0x0
 MMIO-DIVERGE#125 pc=0x80018596 pa=0x10000005 sz=1 model=0x60 dut=0x0
MMIO-DIVERGE#126 pc=0x80018596 pa=0x10000005 sz=1 model=0x60 dut=0x0
MMIO-DIVERGE#127 pc=0x80018596 pa=0x10000005 sz=1 model=0x60 dut=0x0
MMIO-DIVERGE#128 pc=0x80018596 pa=0x10000005 sz=1 model=0x60 dut=0x0
 MMIO-DIVERGE#129 pc=0x80018596 pa=0x10000005 sz=1 model=0x60 dut=0x0
MMIO-DIVERGE#130 pc=0x80018596 pa=0x10000005 sz=1 model=0x60 dut=0x0
MMIO-DIVERGE#131 pc=0x80018596 pa=0x10000005 sz=1 model=0x60 dut=0x0
MMIO-DIVERGE#132 pc=0x80018596 pa=0x10000005 sz=1 model=0x60 dut=0x0
MMIO-DIVERGE#133 pc=0x80018596 pa=0x10000005 sz=1 model=0x60 dut=0x0
 MMIO-DIVERGE#134 pc=0x80018596 pa=0x10000005 sz=1 model=0x60 dut=0x0
MMIO-DIVERGE#135 pc=0x80018596 pa=0x10000005 sz=1 model=0x60 dut=0x0
MMIO-DIVERGE#136 pc=0x80018596 pa=0x10000005 sz=1 model=0x60 dut=0x0
MMIO-DIVERGE#137 pc=0x80018596 pa=0x10000005 sz=1 model=0x60 dut=0x0
 MMIO-DIVERGE#138 pc=0x80018596 pa=0x10000005 sz=1 model=0x60 dut=0x0
MMIO-DIVERGE#139 pc=0x80018596 pa=0x10000005 sz=1 model=0x60 dut=0x0
MMIO-DIVERGE#140 pc=0x80018596 pa=0x10000005 sz=1 model=0x60 dut=0x0
MMIO-DIVERGE#141 pc=0x80018596 pa=0x10000005 sz=1 model=0x60 dut=0x0
 MMIO-DIVERGE#142 pc=0x80018596 pa=0x10000005 sz=1 model=0x60 dut=0x0
MMIO-DIVERGE#143 pc=0x80018596 pa=0x10000005 sz=1 model=0x60 dut=0x0
MMIO-DIVERGE#144 pc=0x80018596 pa=0x10000005 sz=1 model=0x60 dut=0x0
MMIO-DIVERGE#145 pc=0x80018596 pa=0x10000005 sz=1 model=0x60 dut=0x0
MMIO-DIVERGE#146 pc=0x80018596 pa=0x10000005 sz=1 model=0x60 dut=0x0
 MMIO-DIVERGE#147 pc=0x80018596 pa=0x10000005 sz=1 model=0x60 dut=0x0
MMIO-DIVERGE#148 pc=0x80018596 pa=0x10000005 sz=1 model=0x60 dut=0x0
MMIO-DIVERGE#149 pc=0x80018596 pa=0x10000005 sz=1 model=0x60 dut=0x0
MMIO-DIVERGE#150 pc=0x80018596 pa=0x10000005 sz=1 model=0x60 dut=0x0
 MMIO-DIVERGE#151 pc=0x80018596 pa=0x10000005 sz=1 model=0x60 dut=0x0
MMIO-DIVERGE#152 pc=0x80018596 pa=0x10000005 sz=1 model=0x60 dut=0x0
MMIO-DIVERGE#153 pc=0x80018596 pa=0x10000005 sz=1 model=0x60 dut=0x0
MMIO-DIVERGE#154 pc=0x80018596 pa=0x10000005 sz=1 model=0x60 dut=0x0
MMIO-DIVERGE#155 pc=0x80018596 pa=0x10000005 sz=1 model=0x60 dut=0x0
 MMIO-DIVERGE#156 pc=0x80018596 pa=0x10000005 sz=1 model=0x60 dut=0x0
MMIO-DIVERGE#157 pc=0x80018596 pa=0x10000005 sz=1 model=0x60 dut=0x0
MMIO-DIVERGE#158 pc=0x80018596 pa=0x10000005 sz=1 model=0x60 dut=0x0
MMIO-DIVERGE#159 pc=0x80018596 pa=0x10000005 sz=1 model=0x60 dut=0x0
 MMIO-DIVERGE#160 pc=0x80018596 pa=0x10000005 sz=1 model=0x60 dut=0x0
MMIO-DIVERGE#161 pc=0x80018596 pa=0x10000005 sz=1 model=0x60 dut=0x0
MMIO-DIVERGE#162 pc=0x80018596 pa=0x10000005 sz=1 model=0x60 dut=0x0
MMIO-DIVERGE#163 pc=0x80018596 pa=0x10000005 sz=1 model=0x60 dut=0x0
MMIO-DIVERGE#164 pc=0x80018596 pa=0x10000005 sz=1 model=0x60 dut=0x0
 MMIO-DIVERGE#165 pc=0x80018596 pa=0x10000005 sz=1 model=0x60 dut=0x0
MMIO-DIVERGE#166 pc=0x80018596 pa=0x10000005 sz=1 model=0x60 dut=0x0
MMIO-DIVERGE#167 pc=0x80018596 pa=0x10000005 sz=1 model=0x60 dut=0x0
MMIO-DIVERGE#168 pc=0x80018596 pa=0x10000005 sz=1 model=0x60 dut=0x0
 MMIO-DIVERGE#169 pc=0x80018596 pa=0x10000005 sz=1 model=0x60 dut=0x0
MMIO-DIVERGE#170 pc=0x80018596 pa=0x10000005 sz=1 model=0x60 dut=0x0
MMIO-DIVERGE#171 pc=0x80018596 pa=0x10000005 sz=1 model=0x60 dut=0x0
MMIO-DIVERGE#172 pc=0x80018596 pa=0x10000005 sz=1 model=0x60 dut=0x0
MMIO-DIVERGE#173 pc=0x80018596 pa=0x10000005 sz=1 model=0x60 dut=0x0
 MMIO-DIVERGE#174 pc=0x80018596 pa=0x10000005 sz=1 model=0x60 dut=0x0
MMIO-DIVERGE#175 pc=0x80018596 pa=0x10000005 sz=1 model=0x60 dut=0x0
MMIO-DIVERGE#176 pc=0x80018596 pa=0x10000005 sz=1 model=0x60 dut=0x0
MMIO-DIVERGE#177 pc=0x80018596 pa=0x10000005 sz=1 model=0x60 dut=0x0
 MMIO-DIVERGE#178 pc=0x80018596 pa=0x10000005 sz=1 model=0x60 dut=0x0
MMIO-DIVERGE#179 pc=0x80018596 pa=0x10000005 sz=1 model=0x60 dut=0x0
MMIO-DIVERGE#180 pc=0x80018596 pa=0x10000005 sz=1 model=0x60 dut=0x0
MMIO-DIVERGE#181 pc=0x80018596 pa=0x10000005 sz=1 model=0x60 dut=0x0
MMIO-DIVERGE#182 pc=0x80018596 pa=0x10000005 sz=1 model=0x60 dut=0x0
_MMIO-DIVERGE#183 pc=0x80018596 pa=0x10000005 sz=1 model=0x60 dut=0x0
MMIO-DIVERGE#184 pc=0x80018596 pa=0x10000005 sz=1 model=0x60 dut=0x0
MMIO-DIVERGE#185 pc=0x80018596 pa=0x10000005 sz=1 model=0x60 dut=0x0
MMIO-DIVERGE#186 pc=0x80018596 pa=0x10000005 sz=1 model=0x60 dut=0x0
_MMIO-DIVERGE#187 pc=0x80018596 pa=0x10000005 sz=1 model=0x60 dut=0x0
MMIO-DIVERGE#188 pc=0x80018596 pa=0x10000005 sz=1 model=0x60 dut=0x0
MMIO-DIVERGE#189 pc=0x80018596 pa=0x10000005 sz=1 model=0x60 dut=0x0
MMIO-DIVERGE#190 pc=0x80018596 pa=0x10000005 sz=1 model=0x60 dut=0x0
MMIO-DIVERGE#191 pc=0x80018596 pa=0x10000005 sz=1 model=0x60 dut=0x0
_MMIO-DIVERGE#192 pc=0x80018596 pa=0x10000005 sz=1 model=0x60 dut=0x0
MMIO-DIVERGE#193 pc=0x80018596 pa=0x10000005 sz=1 model=0x60 dut=0x0
MMIO-DIVERGE#194 pc=0x80018596 pa=0x10000005 sz=1 model=0x60 dut=0x0
MMIO-DIVERGE#195 pc=0x80018596 pa=0x10000005 sz=1 model=0x60 dut=0x0
_MMIO-DIVERGE#196 pc=0x80018596 pa=0x10000005 sz=1 model=0x60 dut=0x0
MMIO-DIVERGE#197 pc=0x80018596 pa=0x10000005 sz=1 model=0x60 dut=0x0
MMIO-DIVERGE#198 pc=0x80018596 pa=0x10000005 sz=1 model=0x60 dut=0x0
MMIO-DIVERGE#199 pc=0x80018596 pa=0x10000005 sz=1 model=0x60 dut=0x0
_ ____ _____
  / __ \                  / ____|  _ \_   _|
 | |  | |_ __   ___ _ __ | (___ | |_) || |
 | |  | | '_ \ / _ \ '_ \ \___ \|  _ < | |
 | |__| | |_) |  __/ | | |____) | |_) || |_
  \____/| .__/ \___|_| |_|_____/|____/_____|
        | |
        |_|

cosim: 2000000 retirements ok (pc=0000000080019536)
[c=3000000]
[c=4000000]
cosim: 3000000 retirements ok (pc=000000008001957a)
[c=5000000]
cosim: 4000000 retirements ok (pc=00000000800196c0)
[c=6000000]
cosim: 5000000 retirements ok (pc=000000008000b960)
[c=7000000]
Platform Name               : SmooolRV64 w/512 MiB
Platform Features           : medeleg
Platform HART Count         : 1
Platform HART Protection    : ---
Platform IPI Device         : aclint-mswi
Platform Timer Device       : aclint-mtimer @ 501253Hz
Platform Console Device     : uart8250
Platform HSM Device         : ---
Platform PMU Device         : ---
Platform Reboot Device      : ---
Platform Shutdown Device    : ---
Platform Suspend Device     : ---
Platform CPPC Device        : ---
Firmware Base               : 0x80000000
Firmware Size               : 321 KB
Firmware RW Offset          : 0x40000
Firmware RW Size            : 65 KB
Firmware Heap Offset        : 0x47000
Firmware Heap Size          : 37 KB (total), 0 KB (reserved), 12 KB (used), 23 KB (free)
Firmware Scratch Size       : 4096 B (total), 1464 B (used), 2632 B (free)
Runtime SBI Version         : 3.0
Standard SBI Extensions     : ipi,pmu,sse,hsm,rfnc,fwft,time,base,legacy,dbcn,dbtr
Experimental SBI Extensions : none

Domain0 Name                : root
Domain0 Boot HART           : 0
Domain0 HARTs               : 0*
Domain0 Region00            : 0x0000000080040000-0x000000008005ffff M: (F,R,W) S/U: ()
Domain0 Region01            : 0x0000000080000000-0x000000008003ffff M: (F,R,X) S/U: ()
Domain0 Region02            : 0x0000000010000000-0x0000000010000fff M: (I,R,W) S/U: (R,W)
Domain0 Region03            : 0x0000000002000000-0x000000000200ffff M: (I,R,W) S/U: ()
Domain0 Region04            : 0x000000000c000000-0x000000000fffffff M: (I,R,W) S/U: (R,W)
Domain0 Region05            : 0x0000000000000000-0xffffffffffffffff M: () S/U: (R,W,X)
Domain0 Next Address        : 0x0000000080200000
Domain0 Next Arg1           : 0x0000000082200000
Domain0 Next Mode           : S-mode
Domain0 SysReset            : yes
Domain0 SysSuspend          : yes

Boot HART ID                : 0
Boot HART Domain            : root
Boot HART Priv Version      : v1.12
Boot HART Base ISA          : rv64imafdc
Boot HART ISA Extensions    : sscofpmf,sstc,zicntr,zihpm,smcntrpmf,zicboz,zicbom,svpbmt,sdtrig
[c=8000000]
Boot HART PMP Count         : 0
Boot HART PMP Granularity   : 0 bits
Boot HART PMP Address Bits  : 0
Boot HART MHPM Info         : 13 (0x0000fff8)
Boot HART Debug Triggers    : 1 triggers
Boot HART MIDELEG           : 0x0000000000002222
Boot HART MEDELEG           : 0x000000000004b109
cosim: 6000000 retirements ok (pc=000000008081478e)
[c=9000000]
cosim: 7000000 retirements ok (pc=ffffffff803e27ce)
[    0.000000] Linux version 7.1.0 (tommy@coffee) (riscv64-linux-gnu-gcc (Ubuntu 15.2.0-16ubuntu1) 15.2.0, GNU ld (GNU Binutils for Ubuntu) 2.46) #1 PREEMPT Sat Jul  4 09:01:16 PDT 2026
[    0.000000] random: crng init done
[    0.000000] Machine model: SmooolRV64 w/512 MiB
[    0.000000] [c=10000000]
SBI specification v3.0 detected
[    0.000000] SBI implementation ID=0x1 Version=0x10008
[    0.000000] SBI TIME extension detected
[    0.000000] SBI IPI extension detected
[    0.000000] SBI RFENCE extension detected
[    0.000000] SBI DBCN extension detected
[    0.000000] SBI FWFT extension detected
[    0.000000] earlycon: sbi0 at I/O port 0x0 (options '')
[    0.000000] printk: legacy bootconsole [sbi0] enabled
[    0.000000] printk: debug: ignoring loglevel setting.
[    0.000000] efi: UEFI not found.
[c=11000000]
[    0.000000] OF: reserved mem: 0x0000000080000000..0x000000008003ffff (256 KiB) nomap non-reusable mmode_resv1@80000000
[    0.000000] OF: reserved mem: 0x0000000080040000..0x000000008005ffff (128 KiB) nomap non-reusable mmode_resv0@80040000
cosim: 8000000 retirements ok (pc=ffffffff803c11f4)
[c=12000000]
[    0.000000] riscv: base ISA extensions acdfim
[    0.000000] riscv: ELF capabilities acdfim
[c=13000000]
[c=14000000]
[c=15000000]
[c=16000000]
[c=17000000]
[    0.000000] Ticket spinlock: enabled
[c=18000000]
[c=19000000]
cosim: 9000000 retirements ok (pc=ffffffff803e2a38)
[c=20000000]
[c=21000000]
[c=22000000]
[c=23000000]
[c=24000000]
[c=25000000]
[c=26000000]
[c=27000000]
[c=28000000]
[c=29000000]
cosim: 10000000 retirements ok (pc=ffffffff803e2a18)
[c=30000000]
[c=31000000]
[c=32000000]
[c=33000000]
[c=34000000]
[c=35000000]
[c=36000000]
[c=37000000]
[c=38000000]
[c=39000000]
[c=40000000]
cosim: 11000000 retirements ok (pc=ffffffff803e29f8)
[    0.000000] Zone ranges:
[    0.000000]   DMA32    [mem 0x0000000080000000-0x000000009fefffff]
[    0.000000]   Normal   empty
[    0.000000] Movable zone start for each node
[    0.000000] Early memory node ranges
[    0.000000]   node   0: [mem 0x0000000080000000-0x000000008005ffff]
[    0.000000]   node   0: [mem 0x0000000080060000-0x000000009fefffff]
[    0.000000] Initmem setup node 0 [mem 0x0000000080000000-0x000000009fefffff]
[c=41000000]
[c=42000000]
cosim: 12000000 retirements ok (pc=ffffffff8040e106)
[c=43000000]
[c=44000000]
[c=45000000]
cosim: 13000000 retirements ok (pc=ffffffff8040e0e6)
[c=46000000]
[c=47000000]
cosim: 14000000 retirements ok (pc=ffffffff8040db82)
[c=48000000]
[c=49000000]
cosim: 15000000 retirements ok (pc=ffffffff8040e022)
[c=50000000]
[c=51000000]
[c=52000000]
cosim: 16000000 retirements ok (pc=ffffffff8040e0cc)
[c=53000000]
[c=54000000]
cosim: 17000000 retirements ok (pc=ffffffff8040db9c)
[c=55000000]
[c=56000000]
[c=57000000]
cosim: 18000000 retirements ok (pc=ffffffff8040e12e)
[c=58000000]
[c=59000000]
cosim: 19000000 retirements ok (pc=ffffffff8040e0ee)
[c=60000000]
[    0.000000] On node 0, zone DMA32: 256 pages in unavailable ranges
[    0.000000] pcpu-alloc: s0 r0 d32768 u32768 alloc=1*32768
[    0.000000] pcpu-alloc: [0] 0 
[    0.000000] Kernel command line: console=ttyS0 earlycon=sbi root=/dev/raw rw ignore_loglevel random.trust_bootloader=on
[c=61000000]
[    0.000000] printk: log buffer data + meta data: 131072 + 458752 = 589824 bytes
[    0.000000] Dentry cache hash table entries: 65536 (order: 7, 524288 bytes, linear)
[c=62000000]
[    0.000000] Inode-cache hash table entries: 32768 (order: 6, 262144 bytes, linear)
[    0.000000] software IO TLB: SWIOTLB bounce buffer size adjusted to 0MB
[    0.000000] software IO TLB: area num 1.
[c=63000000]
[    0.000000] software IO TLB: mapped [mem 0x000000009db80000-0x000000009dc00000] (0MB)
[c=64000000]
[    0.000000] Built 1 zonelists, mobility grouping on.  Total pages: 130816
[    0.000000] mecosim: 20000000 retirements ok (pc=000000008001854a)
m auto-init: stack:all(zero), heap alloc:off, heap free:off
[c=65000000]
[c=66000000]
cosim: 21000000 retirements ok (pc=ffffffff80410d6c)
[c=67000000]
[c=68000000]
[c=69000000]
[c=70000000]
cosim: 22000000 retirements ok (pc=ffffffff8015374c)
[c=71000000]
[c=72000000]
[    0.000000] SLUB: HWalign=64, Order=0-3, MinObjects=0, CPUs=1, Nodes=1
[    0.000000] RCU Tasks: Setting shift to 0 and lim to 1 rcu_task_cb_adjust=1 rcu_task_cpu_ids=1.
[c=73000000]
[    0.000000] NR_IRQS: 64, nr_irqs: 64, preallocated irqs: 0
[    0.000000] riscv-intc: 64 local interrupts mapped
[    0.000000] clocksource: riscv_clocksource: mask: 0xffffffffffffffff max_cycles: 0x1d983e3c8, max_idle_ns: 7052723234342 ns
[    0.000015] sched_clock: 64 bits at 501kHz, resolution 1995ns, wraps every 4398046510747ns
cosim: 23000000 retirements ok (pc=ffffffff803d9838)
[    0.004562] Console: colour dummy device 80x25
[    0.005729] Calibrating delay loop (skipped), value calculated using timer frequency.. 1.00 BogoMIPS (lpj=2005)
[    0.006621] pid_max: default: 32768 minimum: 301
[c=74000000]
[    0.014507] Mount-cache hash table entries: 1024 (order: 1, 8192 bytes, linear)
[    0.015259] Mountpoint-cache hash table entries: 1024 (order: 1, 8192 bytes, linear)
[    0.020117] VFS: Finished mounting rootfs on nullfs
[c=75000000]
[c=76000000]
[    0.043467] ASID allocator using 10 bits (1024 entries)
[    0.046796] EFI services will not be available.
[    0.048334] Memory: 471440K/523264K available (4006K kernel code, 4690K rwdata, 2048K rodata, 2149K init, 271K bss, 50728K reserved, 0K cma-reserved)
cosim: 24000000 retirements ok (pc=ffffffff80043bb2)
[c=77000000]
[    0.055069] devtmpfs: initialized
[c=78000000]
[    0.077108] clocksource: jiffies: mask: 0xffffffff max_cycles: 0xffffffff, max_idle_ns: 7645041785100000 ns
[    0.078253] posixtimers hash table entries: 512 (order: 0, 4096 bytes, linear)
[    0.079560] futex hash table entries: 256 (8192 bytes on 1 NUMA nodes, total 8 KiB, linear).
[c=79000000]
[    0.085617] DMA: preallocated 128 KiB GFP_KERNEL|GFP_DMA32 pool for atomic allocations
cosim: 25000000 retirements ok (pc=ffffffff803b4522)
[c=80000000]
[c=81000000]
[c=82000000]
[    0.132130] clocksource: Switched to clocksource riscv_clocksource
cosim: 26000000 retirements ok (pc=ffffffff800451ba)
[c=83000000]
[c=84000000]
[c=85000000]
cosim: 27000000 retirements ok (pc=ffffffff803e29e4)
[c=86000000]
[c=87000000]
[c=88000000]
cosim: 28000000 retirements ok (pc=ffffffff8019e0a0)
[c=89000000]
[c=90000000]
[c=91000000]
cosim: 29000000 retirements ok (pc=ffffffff80056130)
[c=92000000]
[c=93000000]
[    0.307780] Unpacking initramfs...
[c=94000000]
[    0.319782] workingset: timestamp_bits=46 (anon: 42) max_order=17 bucket_order=0 (anon: 0)
cosim: 30000000 retirements ok (pc=ffffffff803e191e)
[c=95000000]
[c=96000000]
[    0.352672] io scheduler mq-deadline registered
[    0.354731] io scheduler kyber registered
[c=97000000]
cosim: 31000000 retirements ok (pc=ffffffff803dac6c)
[c=98000000]
[    0.371177] riscv-plic: interrupt-controller@c000000: mapped 54 interrupts with 1 handlers for 2 contexts.
[c=99000000]
[c=100000000]
[c=101000000]
cosim: 32000000 retirements ok (pc=ffffffff803e2a30)
[c=102000000]
[c=103000000]
[c=104000000]
cosim: 33000000 retirements ok (pc=ffffffff801f7f5e)
[c=105000000]
[c=106000000]
[c=107000000]
cosim: 34000000 retirements ok (pc=ffffffff803e4162)
[c=108000000]
[c=109000000]
[c=110000000]
[c=111000000]
cosim: 35000000 retirements ok (pc=ffffffff80156fee)
[c=112000000]
[c=113000000]
[c=114000000]
cosim: 36000000 retirements ok (pc=ffffffff801f63fe)
[c=115000000]
[c=116000000]
[c=117000000]
cosim: 37000000 retirements ok (pc=ffffffff801929d6)
[c=118000000]
[c=119000000]
[c=120000000]
cosim: 38000000 retirements ok (pc=ffffffff8004e726)
[c=121000000]
[c=122000000]
[c=123000000]
cosim: 39000000 retirements ok (pc=ffffffff803c599e)
[c=124000000]
[c=125000000]
[c=126000000]
[c=127000000]
cosim: 40000000 retirements ok (pc=ffffffff803dacb2)
[c=128000000]
[c=129000000]
[c=130000000]
cosim: 41000000 retirements ok (pc=ffffffff8010a09e)
[c=131000000]
[c=132000000]
[c=133000000]
cosim: 42000000 retirements ok (pc=ffffffff803e27ba)
[c=134000000]
[c=135000000]
[c=136000000]
cosim: 43000000 retirements ok (pc=000000008000044c)
[c=137000000]
[c=138000000]
[c=139000000]
cosim: 44000000 retirements ok (pc=ffffffff803d6678)
[c=140000000]
[c=141000000]
[c=142000000]
cosim: 45000000 retirements ok (pc=ffffffff80044010)
[c=143000000]
[c=144000000]
[c=145000000]
cosim: 46000000 retirements ok (pc=0000000080000416)
[c=146000000]
[c=147000000]
[c=148000000]
cosim: 47000000 retirements ok (pc=ffffffff803df122)
[c=149000000]
[c=150000000]
[c=151000000]
cosim: 48000000 retirements ok (pc=ffffffff803e2b30)
[c=152000000]
[c=153000000]
[c=154000000]
cosim: 49000000 retirements ok (pc=ffffffff803d5a10)
[c=155000000]
[c=156000000]
[c=157000000]
cosim: 50000000 retirements ok (pc=ffffffff803e180c)
[c=158000000]
[c=159000000]
[c=160000000]
cosim: 51000000 retirements ok (pc=ffffffff8004ea4e)
[c=161000000]
[c=162000000]
[c=163000000]
cosim: 52000000 retirements ok (pc=ffffffff80076788)
[c=164000000]
[c=165000000]
[c=166000000]
cosim: 53000000 retirements ok (pc=ffffffff80043b86)
[c=167000000]
[c=168000000]
[c=169000000]
cosim: 54000000 retirements ok (pc=ffffffff8018acce)
[c=170000000]
[c=171000000]
[c=172000000]
cosim: 55000000 retirements ok (pc=ffffffff803c8bc6)
[c=173000000]
[c=174000000]
[c=175000000]
cosim: 56000000 retirements ok (pc=ffffffff8018f5c4)
[c=176000000]
[c=177000000]
[c=178000000]
cosim: 57000000 retirements ok (pc=ffffffff80061efe)
[c=179000000]
[c=180000000]
[c=181000000]
cosim: 58000000 retirements ok (pc=ffffffff801a3262)
[c=182000000]
[c=183000000]
[c=184000000]
cosim: 59000000 retirements ok (pc=ffffffff800767a4)
[c=185000000]
[c=186000000]
[c=187000000]
[c=188000000]
cosim: 60000000 retirements ok (pc=ffffffff803e5c7c)
[c=189000000]
[c=190000000]
[c=191000000]
cosim: 61000000 retirements ok (pc=ffffffff80252972)
[c=192000000]
[c=193000000]
[c=194000000]
cosim: 62000000 retirements ok (pc=ffffffff803db76e)
[c=195000000]
[c=196000000]
[c=197000000]
cosim: 63000000 retirements ok (pc=ffffffff8018f4e6)
[c=198000000]
[c=199000000]
[c=200000000]
cosim: 64000000 retirements ok (pc=ffffffff80109e18)
[c=201000000]
[c=202000000]
[c=203000000]
cosim: 65000000 retirements ok (pc=ffffffff8004e776)
[c=204000000]
[c=205000000]
[c=206000000]
cosim: 66000000 retirements ok (pc=ffffffff803e5c4e)
[c=207000000]
[c=208000000]
[c=209000000]
cosim: 67000000 retirements ok (pc=ffffffff8015f42c)
[c=210000000]
[c=211000000]
[c=212000000]
[c=213000000]
cosim: 68000000 retirements ok (pc=ffffffff803ce934)
[c=214000000]
[c=215000000]
[c=216000000]
cosim: 69000000 retirements ok (pc=0000000080000468)
[c=217000000]
[c=218000000]
[c=219000000]
cosim: 70000000 retirements ok (pc=ffffffff80077af2)
[c=220000000]
[c=221000000]
[c=222000000]
cosim: 71000000 retirements ok (pc=ffffffff8003b0cc)
[c=223000000]
[c=224000000]
[c=225000000]
cosim: 72000000 retirements ok (pc=ffffffff801f5a40)
[c=226000000]
[c=227000000]
[c=228000000]
cosim: 73000000 retirements ok (pc=ffffffff801f5ade)
[c=229000000]
[c=230000000]
[c=231000000]
[c=232000000]
cosim: 74000000 retirements ok (pc=ffffffff802bfa14)
[c=233000000]
[c=234000000]
[c=235000000]
cosim: 75000000 retirements ok (pc=ffffffff800431ec)
[c=236000000]
[    2.447185] Serial: 8250/16550 driver, 4 ports, IRQ sharing disabled
[c=237000000]
[c=238000000]
cosim: 76000000 retirements ok (pc=ffffffff801f5950)
[c=239000000]
[c=240000000]
[c=241000000]
cosim: 77000000 retirements ok (pc=ffffffff803e27bc)
[    2.529443] printk: legacy console [ttyS0] disabled
[c=242000000]
[    2.541115] 10000000.uart: ttyS0 at MMIO 0x10000000 (irq = 1, base_baud = 230400) is a 16550A
[c=243000000]
[    2.544465] printk: legacy console [ttyS0] enabled
[    2.544465] printk: legacy console [ttyS0] enabled
[    2.548034] printk: legacy bootconsole [sbi0] disabled
[    2.548034] printk: legacy bootconsole [sbi0] disabled
[c=244000000]
cosim: 78000000 retirements ok (pc=ffffffff8004e7a0)
[c=245000000]
[c=246000000]
cosim: 79000000 retirements ok (pc=ffffffff80155cf2)
[c=247000000]
[c=248000000]
[c=249000000]
cosim: 80000000 retirements ok (pc=ffffffff803e27c0)
[c=250000000]
[c=251000000]
[c=252000000]
cosim: 81000000 retirements ok (pc=ffffffff803e27c0)
[c=253000000]
[c=254000000]
[c=255000000]
cosim: 82000000 retirements ok (pc=ffffffff803d5d7c)
[c=256000000]
[c=257000000]
[    2.761210] loop: module loaded
[    2.768514] mousedev: PS/2 mouse device common for all mice
[c=258000000]
[    2.775636] i2c_dev: i2c /dev entries driver
cosim: 83000000 retirements ok (pc=ffffffff803e27c2)
[c=259000000]
[c=260000000]
[    2.805986] cpu0: scalar unaligned word access speed is 6.02x byte access speed (fast)
[c=261000000]
cosim: 84000000 retirements ok (pc=ffffffff803e27ba)
[c=262000000]
[c=263000000]
[c=264000000]
cosim: 85000000 retirements ok (pc=ffffffff80042380)
[c=265000000]
[c=266000000]
cosim: 86000000 retirements ok (pc=ffffffff803e27b8)
[c=267000000]
[c=268000000]
[c=269000000]
cosim: 87000000 retirements ok (pc=ffffffff803e27b8)
[c=270000000]
[c=271000000]
[c=272000000]
cosim: 88000000 retirements ok (pc=00000000800004d2)
[c=273000000]
[c=274000000]
[c=275000000]
cosim: 89000000 retirements ok (pc=ffffffff801f595a)
[c=276000000]
[c=277000000]
cosim: 90000000 retirements ok (pc=ffffffff803e27ba)
[c=278000000]
[c=279000000]
[c=280000000]
cosim: 91000000 retirements ok (pc=ffffffff80082fbe)
[c=281000000]
[c=282000000]
cosim: 92000000 retirements ok (pc=ffffffff801f5eaa)
[c=283000000]
[c=284000000]
[c=285000000]
cosim: 93000000 retirements ok (pc=ffffffff803e27ba)
[c=286000000]
[c=287000000]
[c=288000000]
cosim: 94000000 retirements ok (pc=ffffffff801f58a4)
[c=289000000]
[c=290000000]
cosim: 95000000 retirements ok (pc=ffffffff80155d08)
[c=291000000]
[c=292000000]
[c=293000000]
cosim: 96000000 retirements ok (pc=ffffffff80155ea6)
[c=294000000]
[c=295000000]
cosim: 97000000 retirements ok (pc=ffffffff803c58fa)
[c=296000000]
[c=297000000]
[c=298000000]
cosim: 98000000 retirements ok (pc=ffffffff801f802c)
[c=299000000]
[c=300000000]
[c=301000000]
cosim: 99000000 retirements ok (pc=ffffffff803e2b64)
[c=302000000]
[c=303000000]
[c=304000000]
cosim: 100000000 retirements ok (pc=ffffffff8019ef2e)
[c=305000000]
[    3.476015] clk: Disabling unused clocks
[c=306000000]
[c=307000000]
cosim: 101000000 retirements ok (pc=ffffffff8018f5f6)
[c=308000000]
[c=309000000]
[c=310000000]
cosim: 102000000 retirements ok (pc=ffffffff8019a66e)
[c=311000000]
[c=312000000]
cosim: 103000000 retirements ok (pc=ffffffff8018f4d2)
[c=313000000]
[c=314000000]
[c=315000000]
[c=316000000]
[c=317000000]
cosim: 104000000 retirements ok (pc=ffffffff80151e26)
[c=318000000]
[c=319000000]
[c=320000000]
[c=321000000]
[c=322000000]
cosim: 105000000 retirements ok (pc=ffffffff80151e2a)
[c=323000000]
[c=324000000]
[c=325000000]
[c=326000000]
[c=327000000]
[c=328000000]
cosim: 106000000 retirements ok (pc=ffffffff803e2a24)
[c=329000000]
[c=330000000]
[c=331000000]
[c=332000000]
[c=333000000]
[    3.909008] Freeing initrd memory: 10064K
[c=334000000]
cosim: 107000000 retirements ok (pc=ffffffff8036b532)
[c=335000000]
[c=336000000]
[c=337000000]
[c=338000000]
[    3.976808] Freeing unused kernel image (initmem) memory: 2148K
[    3.977604] Run /init as init process
[    3.977877]   with arguments:
[    3.978114]     /init
[    3.978352]   with environment:
[    3.978587]     HOME=/
[    3.978827]     TERM=linux
[c=339000000]
cosim: 108000000 retirements ok (pc=ffffffff80114df2)

*** cosim MISMATCH at retire #108012313 ***

Recent history (DUT vs REF):
  DUT seq=108012282 pc=ffffffff8005a7f8 npc=ffffffff8005a7fc insn=00f537af prv=1 trap=0 rd=(k1,x15)=0000000000000001 cause=0000000000000000 tval=0000000000000000 mepc=ffffffff80010424
  REF seq=108012282 pc=ffffffff8005a7f8 npc=ffffffff8005a7fc insn=00f537af prv=1 trap=0 rd=(k1,x15)=0000000000000001 cause=0000000000000000 tval=0000000000000000 mepc=ffffffff80010424
  DUT seq=108012283 pc=ffffffff8005a7fc npc=ffffffff8005a7fe insn=0027f793 prv=1 trap=0 rd=(k1,x15)=0000000000000000 cause=0000000000000000 tval=0000000000000000 mepc=ffffffff80010424
  REF seq=108012283 pc=ffffffff8005a7fc npc=ffffffff8005a7fe insn=e7858b89 prv=1 trap=0 rd=(k1,x15)=0000000000000000 cause=0000000000000000 tval=0000000000000000 mepc=ffffffff80010424
  DUT seq=108012284 pc=ffffffff8005a7fe npc=ffffffff8005a800 insn=02079463 prv=1 trap=0 rd=(k0,x0)=0000000000000000 cause=0000000000000000 tval=0000000000000000 mepc=ffffffff80010424
  REF seq=108012284 pc=ffffffff8005a7fe npc=ffffffff8005a800 insn=2783e785 prv=1 trap=0 rd=(k0,x0)=0000000000000000 cause=0000000000000000 tval=0000000000000000 mepc=ffffffff80010424
  DUT seq=108012285 pc=ffffffff8005a800 npc=ffffffff8005a804 insn=00822783 prv=1 trap=0 rd=(k1,x15)=0000000000000001 cause=0000000000000000 tval=0000000000000000 mepc=ffffffff80010424
  REF seq=108012285 pc=ffffffff8005a800 npc=ffffffff8005a804 insn=00822783 prv=1 trap=0 rd=(k1,x15)=0000000000000001 cause=0000000000000000 tval=0000000000000000 mepc=ffffffff80010424
  DUT seq=108012286 pc=ffffffff8005a804 npc=ffffffff8005a806 insn=fff7879b prv=1 trap=0 rd=(k1,x15)=0000000000000000 cause=0000000000000000 tval=0000000000000000 mepc=ffffffff80010424
  REF seq=108012286 pc=ffffffff8005a804 npc=ffffffff8005a806 insn=242337fd prv=1 trap=0 rd=(k1,x15)=0000000000000000 cause=0000000000000000 tval=0000000000000000 mepc=ffffffff80010424
  DUT seq=108012287 pc=ffffffff8005a806 npc=ffffffff8005a80a insn=00f22423 prv=1 trap=0 rd=(k0,x0)=0000000000000000 cause=0000000000000000 tval=0000000000000000 mepc=ffffffff80010424
  REF seq=108012287 pc=ffffffff8005a806 npc=ffffffff8005a80a insn=00f22423 prv=1 trap=0 rd=(k0,x0)=0000000000000000 cause=0000000000000000 tval=0000000000000000 mepc=ffffffff80010424
  DUT seq=108012288 pc=ffffffff8005a80a npc=ffffffff8005a80c insn=00079a63 prv=1 trap=0 rd=(k0,x0)=0000000000000000 cause=0000000000000000 tval=0000000000000000 mepc=ffffffff80010424
  REF seq=108012288 pc=ffffffff8005a80a npc=ffffffff8005a80c insn=3783eb91 prv=1 trap=0 rd=(k0,x0)=0000000000000000 cause=0000000000000000 tval=0000000000000000 mepc=ffffffff80010424
  DUT seq=108012289 pc=ffffffff8005a80c npc=ffffffff8005a810 insn=00023783 prv=1 trap=0 rd=(k1,x15)=0000000000000001 cause=0000000000000000 tval=0000000000000000 mepc=ffffffff80010424
  REF seq=108012289 pc=ffffffff8005a80c npc=ffffffff8005a810 insn=00023783 prv=1 trap=0 rd=(k1,x15)=0000000000000001 cause=0000000000000000 tval=0000000000000000 mepc=ffffffff80010424
  DUT seq=108012290 pc=ffffffff8005a810 npc=ffffffff8005a812 insn=0047d793 prv=1 trap=0 rd=(k1,x15)=0000000000000000 cause=0000000000000000 tval=0000000000000000 mepc=ffffffff80010424
  REF seq=108012290 pc=ffffffff8005a810 npc=ffffffff8005a812 insn=8b858391 prv=1 trap=0 rd=(k1,x15)=0000000000000000 cause=0000000000000000 tval=0000000000000000 mepc=ffffffff80010424
  DUT seq=108012291 pc=ffffffff8005a812 npc=ffffffff8005a814 insn=0017f793 prv=1 trap=0 rd=(k1,x15)=0000000000000000 cause=0000000000000000 tval=0000000000000000 mepc=ffffffff80010424
  REF seq=108012291 pc=ffffffff8005a812 npc=ffffffff8005a814 insn=c7898b85 prv=1 trap=0 rd=(k1,x15)=0000000000000000 cause=0000000000000000 tval=0000000000000000 mepc=ffffffff80010424
  DUT seq=108012292 pc=ffffffff8005a814 npc=ffffffff8005a81e insn=00078563 prv=1 trap=0 rd=(k0,x0)=0000000000000000 cause=0000000000000000 tval=0000000000000000 mepc=ffffffff80010424
  REF seq=108012292 pc=ffffffff8005a814 npc=ffffffff8005a81e insn=c097c789 prv=1 trap=0 rd=(k0,x0)=0000000000000000 cause=0000000000000000 tval=0000000000000000 mepc=ffffffff80010424
  DUT seq=108012293 pc=ffffffff8005a81e npc=ffffffff8005a820 insn=00813083 prv=1 trap=0 rd=(k1,x1)=ffffffff801d86c6 cause=0000000000000000 tval=0000000000000000 mepc=ffffffff80010424
  REF seq=108012293 pc=ffffffff8005a81e npc=ffffffff8005a820 insn=640260a2 prv=1 trap=0 rd=(k1,x1)=ffffffff801d86c6 cause=0000000000000000 tval=0000000000000000 mepc=ffffffff80010424
  DUT seq=108012294 pc=ffffffff8005a820 npc=ffffffff8005a822 insn=00013403 prv=1 trap=0 rd=(k1,x8)=ffffffc60000bda0 cause=0000000000000000 tval=0000000000000000 mepc=ffffffff80010424
  REF seq=108012294 pc=ffffffff8005a820 npc=ffffffff8005a822 insn=01416402 prv=1 trap=0 rd=(k1,x8)=ffffffc60000bda0 cause=0000000000000000 tval=0000000000000000 mepc=ffffffff80010424
  DUT seq=108012295 pc=ffffffff8005a822 npc=ffffffff8005a824 insn=01010113 prv=1 trap=0 rd=(k1,x2)=ffffffc60000bcc0 cause=0000000000000000 tval=0000000000000000 mepc=ffffffff80010424
  REF seq=108012295 pc=ffffffff8005a822 npc=ffffffff8005a824 insn=80820141 prv=1 trap=0 rd=(k1,x2)=ffffffc60000bcc0 cause=0000000000000000 tval=0000000000000000 mepc=ffffffff80010424
  DUT seq=108012296 pc=ffffffff8005a824 npc=ffffffff801d86c6 insn=00008067 prv=1 trap=0 rd=(k0,x0)=0000000000000000 cause=0000000000000000 tval=0000000000000000 mepc=ffffffff80010424
  REF seq=108012296 pc=ffffffff8005a824 npc=ffffffff801d86c6 insn=f0ef8082 prv=1 trap=0 rd=(k0,x0)=0000000000000000 cause=0000000000000000 tval=0000000000000000 mepc=ffffffff80010424
  DUT seq=108012297 pc=ffffffff801d86c6 npc=ffffffff801d86ca insn=f5843783 prv=1 trap=0 rd=(k1,x15)=ffffffd602818cc0 cause=0000000000000000 tval=0000000000000000 mepc=ffffffff80010424
  REF seq=108012297 pc=ffffffff801d86c6 npc=ffffffff801d86ca insn=f5843783 prv=1 trap=0 rd=(k1,x15)=ffffffd602818cc0 cause=0000000000000000 tval=0000000000000000 mepc=ffffffff80010424
  DUT seq=108012298 pc=ffffffff801d86ca npc=ffffffff801d86ce insn=18078463 prv=1 trap=0 rd=(k0,x0)=0000000000000000 cause=0000000000000000 tval=0000000000000000 mepc=ffffffff80010424
  REF seq=108012298 pc=ffffffff801d86ca npc=ffffffff801d86ce insn=18078463 prv=1 trap=0 rd=(k0,x0)=0000000000000000 cause=0000000000000000 tval=0000000000000000 mepc=ffffffff80010424
  DUT seq=108012299 pc=ffffffff801d86ce npc=ffffffff801d86d2 insn=0073f797 prv=1 trap=0 rd=(k1,x15)=ffffffff809176ce cause=0000000000000000 tval=0000000000000000 mepc=ffffffff80010424
  REF seq=108012299 pc=ffffffff801d86ce npc=ffffffff801d86d2 insn=0073f797 prv=1 trap=0 rd=(k1,x15)=ffffffff809176ce cause=0000000000000000 tval=0000000000000000 mepc=ffffffff80010424
  DUT seq=108012300 pc=ffffffff801d86d2 npc=ffffffff801d86d6 insn=0c27c783 prv=1 trap=0 rd=(k1,x15)=0000000000000000 cause=0000000000000000 tval=0000000000000000 mepc=ffffffff80010424
  REF seq=108012300 pc=ffffffff801d86d2 npc=ffffffff801d86d6 insn=0c27c783 prv=1 trap=0 rd=(k1,x15)=0000000000000000 cause=0000000000000000 tval=0000000000000000 mepc=ffffffff80010424
  DUT seq=108012301 pc=ffffffff801d86d6 npc=ffffffff801d86da insn=f5043603 prv=1 trap=0 rd=(k1,x12)=0000003fc37b6dd0 cause=0000000000000000 tval=0000000000000000 mepc=ffffffff80010424
  REF seq=108012301 pc=ffffffff801d86d6 npc=ffffffff801d86da insn=f5043603 prv=1 trap=0 rd=(k1,x12)=0000003fc37b6dd0 cause=0000000000000000 tval=0000000000000000 mepc=ffffffff80010424
  DUT seq=108012302 pc=ffffffff801d86da npc=ffffffff801d86de insn=16079f63 prv=1 trap=0 rd=(k0,x0)=0000000000000000 cause=0000000000000000 tval=0000000000000000 mepc=ffffffff80010424
  REF seq=108012302 pc=ffffffff801d86da npc=ffffffff801d86de insn=16079f63 prv=1 trap=0 rd=(k0,x0)=0000000000000000 cause=0000000000000000 tval=0000000000000000 mepc=ffffffff80010424
  DUT seq=108012303 pc=ffffffff801d86de npc=ffffffff801d86e2 insn=0073f797 prv=1 trap=0 rd=(k1,x15)=ffffffff809176de cause=0000000000000000 tval=0000000000000000 mepc=ffffffff80010424
  REF seq=108012303 pc=ffffffff801d86de npc=ffffffff801d86e2 insn=0073f797 prv=1 trap=0 rd=(k1,x15)=ffffffff809176de cause=0000000000000000 tval=0000000000000000 mepc=ffffffff80010424
  DUT seq=108012304 pc=ffffffff801d86e2 npc=ffffffff801d86e6 insn=0b37c783 prv=1 trap=0 rd=(k1,x15)=0000000000000000 cause=0000000000000000 tval=0000000000000000 mepc=ffffffff80010424
  REF seq=108012304 pc=ffffffff801d86e2 npc=ffffffff801d86e6 insn=0b37c783 prv=1 trap=0 rd=(k1,x15)=0000000000000000 cause=0000000000000000 tval=0000000000000000 mepc=ffffffff80010424
  DUT seq=108012305 pc=ffffffff801d86e6 npc=ffffffff801d86ea insn=2e079263 prv=1 trap=0 rd=(k0,x0)=0000000000000000 cause=0000000000000000 tval=0000000000000000 mepc=ffffffff80010424
  REF seq=108012305 pc=ffffffff801d86e6 npc=ffffffff801d86ea insn=2e079263 prv=1 trap=0 rd=(k0,x0)=0000000000000000 cause=0000000000000000 tval=0000000000000000 mepc=ffffffff80010424
  DUT seq=108012306 pc=ffffffff801d86ea npc=ffffffff801d86ec insn=00100793 prv=1 trap=0 rd=(k1,x15)=0000000000000001 cause=0000000000000000 tval=0000000000000000 mepc=ffffffff80010424
  REF seq=108012306 pc=ffffffff801d86ea npc=ffffffff801d86ec insn=179a4785 prv=1 trap=0 rd=(k1,x15)=0000000000000001 cause=0000000000000000 tval=0000000000000000 mepc=ffffffff80010424
  DUT seq=108012307 pc=ffffffff801d86ec npc=ffffffff801d86ee insn=02679793 prv=1 trap=0 rd=(k1,x15)=0000004000000000 cause=0000000000000000 tval=0000000000000000 mepc=ffffffff80010424
  REF seq=108012307 pc=ffffffff801d86ec npc=ffffffff801d86ee insn=17e1179a prv=1 trap=0 rd=(k1,x15)=0000004000000000 cause=0000000000000000 tval=0000000000000000 mepc=ffffffff80010424
  DUT seq=108012308 pc=ffffffff801d86ee npc=ffffffff801d86f0 insn=ff878793 prv=1 trap=0 rd=(k1,x15)=0000003ffffffff8 cause=0000000000000000 tval=0000000000000000 mepc=ffffffff80010424
  REF seq=108012308 pc=ffffffff801d86ee npc=ffffffff801d86f0 insn=e16317e1 prv=1 trap=0 rd=(k1,x15)=0000003ffffffff8 cause=0000000000000000 tval=0000000000000000 mepc=ffffffff80010424
  DUT seq=108012309 pc=ffffffff801d86f0 npc=ffffffff801d86f4 insn=16c7e163 prv=1 trap=0 rd=(k0,x0)=0000000000000000 cause=0000000000000000 tval=0000000000000000 mepc=ffffffff80010424
  REF seq=108012309 pc=ffffffff801d86f0 npc=ffffffff801d86f4 insn=16c7e163 prv=1 trap=0 rd=(k0,x0)=0000000000000000 cause=0000000000000000 tval=0000000000000000 mepc=ffffffff80010424
  DUT seq=108012310 pc=ffffffff801d86f4 npc=ffffffff801d86f8 insn=00860693 prv=1 trap=0 rd=(k1,x13)=0000003fc37b6dd8 cause=0000000000000000 tval=0000000000000000 mepc=ffffffff80010424
  REF seq=108012310 pc=ffffffff801d86f4 npc=ffffffff801d86f8 insn=00860693 prv=1 trap=0 rd=(k1,x13)=0000003fc37b6dd8 cause=0000000000000000 tval=0000000000000000 mepc=ffffffff80010424
  DUT seq=108012311 pc=ffffffff801d86f8 npc=ffffffff801d86fc insn=000407b7 prv=1 trap=0 rd=(k1,x15)=0000000000040000 cause=0000000000000000 tval=0000000000000000 mepc=ffffffff80010424
  REF seq=108012311 pc=ffffffff801d86f8 npc=ffffffff801d86fc insn=000407b7 prv=1 trap=0 rd=(k1,x15)=0000000000040000 cause=0000000000000000 tval=0000000000000000 mepc=ffffffff80010424
  DUT seq=108012312 pc=ffffffff801d86fc npc=ffffffff801d8700 insn=1007a073 prv=1 trap=0 rd=(k0,x0)=0000000000000000 cause=0000000000000000 tval=0000000000000000 mepc=ffffffff80010424
  REF seq=108012312 pc=ffffffff801d86fc npc=ffffffff801d8700 insn=1007a073 prv=1 trap=0 rd=(k0,x0)=0000000000000000 cause=0000000000000000 tval=0000000000000000 mepc=ffffffff80010424
  DUT seq=108012313 pc=ffffffff801d8700 npc=ffffffff803eb6dc insn=01663023 prv=1 trap=1 rd=(k0,x0)=0000000000000000 cause=000000000000000f tval=0000003fc37b6dd0 mepc=ffffffff80010424
  REF seq=108012313 pc=ffffffff801d8700 npc=ffffffff801d8704 insn=01663023 prv=1 trap=0 rd=(k0,x0)=0000000000000000 cause=0000000000000000 tval=0000000000000000 mepc=ffffffff80010424
Diverging retire:
  DUT seq=108012313 pc=ffffffff801d8700 npc=ffffffff803eb6dc insn=01663023 prv=1 trap=1 rd=(k0,x0)=0000000000000000 cause=000000000000000f tval=0000003fc37b6dd0 mepc=ffffffff80010424
  REF seq=108012313 pc=ffffffff801d8700 npc=ffffffff801d8704 insn=01663023 prv=1 trap=0 rd=(k0,x0)=0000000000000000 cause=0000000000000000 tval=0000000000000000 mepc=ffffffff80010424
./run-cosim-linux.sh: line 81:   251 Abort trap: 6           "$BIN" +fw="$FW" +dtb="$DTB" +initrd="$INITRD" +a1=$A1 +dtb_off=$OFF_DTB +initrd_off=$OFF_INITRD +cycles=$CYC
