config changed (MEM_LG2=31 VDEFS= PERF= THREADS=1) -> rebuild
building obj_dir_cosim_tiny128/tb_cosim_tiny128 (MEM_LG2=31) ...
=== cosim 'tiny128' (mem=2048MiB fw=../workloads/ubuntu/fw_payload-7.1-small.bin dtb=../workloads/tiny128/tiny128-cosim-stress.dtb@+2000000 initrd=../workloads/tiny128/tiny128.cpio@+1f52c000 a1=82000000) ===
[cosim-linux: loaded 15392264 bytes @ DDR+0000000000000000 (240505 lines)]
[cosim-linux: loaded 2640 bytes @ DDR+0000000002000000 (42 lines)]
[cosim-linux: loaded 10305536 bytes @ DDR+000000001f52c000 (161024 lines)]
[c=0]
cosim: loaded 15392264 bytes @ DDR+0 (../workloads/ubuntu/fw_payload-7.1-small.bin)
cosim: loaded 2640 bytes @ DDR+2000000 (../workloads/tiny128/tiny128-cosim-stress.dtb)
cosim: loaded 10305536 bytes @ DDR+1f52c000 (../workloads/tiny128/tiny128.cpio)
cosim: simmerv ready (reset_pc=0000000080000000, linux)
cosim: 1 retirements ok (pc=0000000080000000)
[c=1000000]
cosim: 1000000 retirements ok (pc=00000000800196b0)
[c=2000000]

MMIO-DIVERGE#0 pc=0x80018596 pa=0x10000005 sz=1 model=0x60 dut=0x0
MMIO-DIVERGE#1 pc=0x80018596 pa=0x10000005 sz=1 model=0x60 dut=0x0
OMMIO-DIVERGE#2 pc=0x80018596 pa=0x10000005 sz=1 model=0x60 dut=0x0
MMIO-DIVERGE#3 pc=0x80018596 pa=0x10000005 sz=1 model=0x60 dut=0x0
MMIO-DIVERGE#4 pc=0x80018596 pa=0x10000005 sz=1 model=0x60 dut=0x0
MMIO-DIVERGE#5 pc=0x80018596 pa=0x10000005 sz=1 model=0x60 dut=0x0
pMMIO-DIVERGE#6 pc=0x80018596 pa=0x10000005 sz=1 model=0x60 dut=0x0
MMIO-DIVERGE#7 pc=0x80018596 pa=0x10000005 sz=1 model=0x60 dut=0x0
MMIO-DIVERGE#8 pc=0x80018596 pa=0x10000005 sz=1 model=0x60 dut=0x0
MMIO-DIVERGE#9 pc=0x80018596 pa=0x10000005 sz=1 model=0x60 dut=0x0
MMIO-DIVERGE#10 pc=0x80018596 pa=0x10000005 sz=1 model=0x60 dut=0x0
eMMIO-DIVERGE#11 pc=0x80018596 pa=0x10000005 sz=1 model=0x60 dut=0x0
MMIO-DIVERGE#12 pc=0x80018596 pa=0x10000005 sz=1 model=0x60 dut=0x0
MMIO-DIVERGE#13 pc=0x80018596 pa=0x10000005 sz=1 model=0x60 dut=0x0
MMIO-DIVERGE#14 pc=0x80018596 pa=0x10000005 sz=1 model=0x60 dut=0x0
nMMIO-DIVERGE#15 pc=0x80018596 pa=0x10000005 sz=1 model=0x60 dut=0x0
MMIO-DIVERGE#16 pc=0x80018596 pa=0x10000005 sz=1 model=0x60 dut=0x0
MMIO-DIVERGE#17 pc=0x80018596 pa=0x10000005 sz=1 model=0x60 dut=0x0
MMIO-DIVERGE#18 pc=0x80018596 pa=0x10000005 sz=1 model=0x60 dut=0x0
MMIO-DIVERGE#19 pc=0x80018596 pa=0x10000005 sz=1 model=0x60 dut=0x0
SMMIO-DIVERGE#20 pc=0x80018596 pa=0x10000005 sz=1 model=0x60 dut=0x0
MMIO-DIVERGE#21 pc=0x80018596 pa=0x10000005 sz=1 model=0x60 dut=0x0
MMIO-DIVERGE#22 pc=0x80018596 pa=0x10000005 sz=1 model=0x60 dut=0x0
MMIO-DIVERGE#23 pc=0x80018596 pa=0x10000005 sz=1 model=0x60 dut=0x0
BMMIO-DIVERGE#24 pc=0x80018596 pa=0x10000005 sz=1 model=0x60 dut=0x0
MMIO-DIVERGE#25 pc=0x80018596 pa=0x10000005 sz=1 model=0x60 dut=0x0
MMIO-DIVERGE#26 pc=0x80018596 pa=0x10000005 sz=1 model=0x60 dut=0x0
MMIO-DIVERGE#27 pc=0x80018596 pa=0x10000005 sz=1 model=0x60 dut=0x0
MMIO-DIVERGE#28 pc=0x80018596 pa=0x10000005 sz=1 model=0x60 dut=0x0
IMMIO-DIVERGE#29 pc=0x80018596 pa=0x10000005 sz=1 model=0x60 dut=0x0
MMIO-DIVERGE#30 pc=0x80018596 pa=0x10000005 sz=1 model=0x60 dut=0x0
MMIO-DIVERGE#31 pc=0x80018596 pa=0x10000005 sz=1 model=0x60 dut=0x0
MMIO-DIVERGE#32 pc=0x80018596 pa=0x10000005 sz=1 model=0x60 dut=0x0
 MMIO-DIVERGE#33 pc=0x80018596 pa=0x10000005 sz=1 model=0x60 dut=0x0
MMIO-DIVERGE#34 pc=0x80018596 pa=0x10000005 sz=1 model=0x60 dut=0x0
MMIO-DIVERGE#35 pc=0x80018596 pa=0x10000005 sz=1 model=0x60 dut=0x0
MMIO-DIVERGE#36 pc=0x80018596 pa=0x10000005 sz=1 model=0x60 dut=0x0
vMMIO-DIVERGE#37 pc=0x80018596 pa=0x10000005 sz=1 model=0x60 dut=0x0
MMIO-DIVERGE#38 pc=0x80018596 pa=0x10000005 sz=1 model=0x60 dut=0x0
MMIO-DIVERGE#39 pc=0x80018596 pa=0x10000005 sz=1 model=0x60 dut=0x0
MMIO-DIVERGE#40 pc=0x80018596 pa=0x10000005 sz=1 model=0x60 dut=0x0
MMIO-DIVERGE#41 pc=0x80018596 pa=0x10000005 sz=1 model=0x60 dut=0x0
1MMIO-DIVERGE#42 pc=0x80018596 pa=0x10000005 sz=1 model=0x60 dut=0x0
MMIO-DIVERGE#43 pc=0x80018596 pa=0x10000005 sz=1 model=0x60 dut=0x0
MMIO-DIVERGE#44 pc=0x80018596 pa=0x10000005 sz=1 model=0x60 dut=0x0
MMIO-DIVERGE#45 pc=0x80018596 pa=0x10000005 sz=1 model=0x60 dut=0x0
.MMIO-DIVERGE#46 pc=0x80018596 pa=0x10000005 sz=1 model=0x60 dut=0x0
MMIO-DIVERGE#47 pc=0x80018596 pa=0x10000005 sz=1 model=0x60 dut=0x0
MMIO-DIVERGE#48 pc=0x80018596 pa=0x10000005 sz=1 model=0x60 dut=0x0
MMIO-DIVERGE#49 pc=0x80018596 pa=0x10000005 sz=1 model=0x60 dut=0x0
MMIO-DIVERGE#50 pc=0x80018596 pa=0x10000005 sz=1 model=0x60 dut=0x0
8MMIO-DIVERGE#51 pc=0x80018596 pa=0x10000005 sz=1 model=0x60 dut=0x0
MMIO-DIVERGE#52 pc=0x80018596 pa=0x10000005 sz=1 model=0x60 dut=0x0
MMIO-DIVERGE#53 pc=0x80018596 pa=0x10000005 sz=1 model=0x60 dut=0x0
MMIO-DIVERGE#54 pc=0x80018596 pa=0x10000005 sz=1 model=0x60 dut=0x0
.MMIO-DIVERGE#55 pc=0x80018596 pa=0x10000005 sz=1 model=0x60 dut=0x0
MMIO-DIVERGE#56 pc=0x80018596 pa=0x10000005 sz=1 model=0x60 dut=0x0
MMIO-DIVERGE#57 pc=0x80018596 pa=0x10000005 sz=1 model=0x60 dut=0x0
MMIO-DIVERGE#58 pc=0x80018596 pa=0x10000005 sz=1 model=0x60 dut=0x0
MMIO-DIVERGE#59 pc=0x80018596 pa=0x10000005 sz=1 model=0x60 dut=0x0
1MMIO-DIVERGE#60 pc=0x80018596 pa=0x10000005 sz=1 model=0x60 dut=0x0
MMIO-DIVERGE#61 pc=0x80018596 pa=0x10000005 sz=1 model=0x60 dut=0x0
MMIO-DIVERGE#62 pc=0x80018596 pa=0x10000005 sz=1 model=0x60 dut=0x0
MMIO-DIVERGE#63 pc=0x80018596 pa=0x10000005 sz=1 model=0x60 dut=0x0
MMIO-DIVERGE#64 pc=0x80018596 pa=0x10000005 sz=1 model=0x60 dut=0x0
MMIO-DIVERGE#65 pc=0x80018596 pa=0x10000005 sz=1 model=0x60 dut=0x0
MMIO-DIVERGE#66 pc=0x80018596 pa=0x10000005 sz=1 model=0x60 dut=0x0
MMIO-DIVERGE#67 pc=0x80018596 pa=0x10000005 sz=1 model=0x60 dut=0x0
MMIO-DIVERGE#68 pc=0x80018596 pa=0x10000005 sz=1 model=0x60 dut=0x0

  MMIO-DIVERGE#69 pc=0x80018596 pa=0x10000005 sz=1 model=0x60 dut=0x0
MMIO-DIVERGE#70 pc=0x80018596 pa=0x10000005 sz=1 model=0x60 dut=0x0
 MMIO-DIVERGE#71 pc=0x80018596 pa=0x10000005 sz=1 model=0x60 dut=0x0
MMIO-DIVERGE#72 pc=0x80018596 pa=0x10000005 sz=1 model=0x60 dut=0x0
MMIO-DIVERGE#73 pc=0x80018596 pa=0x10000005 sz=1 model=0x60 dut=0x0
MMIO-DIVERGE#74 pc=0x80018596 pa=0x10000005 sz=1 model=0x60 dut=0x0
_MMIO-DIVERGE#75 pc=0x80018596 pa=0x10000005 sz=1 model=0x60 dut=0x0
MMIO-DIVERGE#76 pc=0x80018596 pa=0x10000005 sz=1 model=0x60 dut=0x0
MMIO-DIVERGE#77 pc=0x80018596 pa=0x10000005 sz=1 model=0x60 dut=0x0
MMIO-DIVERGE#78 pc=0x80018596 pa=0x10000005 sz=1 model=0x60 dut=0x0
MMIO-DIVERGE#79 pc=0x80018596 pa=0x10000005 sz=1 model=0x60 dut=0x0
_MMIO-DIVERGE#80 pc=0x80018596 pa=0x10000005 sz=1 model=0x60 dut=0x0
MMIO-DIVERGE#81 pc=0x80018596 pa=0x10000005 sz=1 model=0x60 dut=0x0
MMIO-DIVERGE#82 pc=0x80018596 pa=0x10000005 sz=1 model=0x60 dut=0x0
MMIO-DIVERGE#83 pc=0x80018596 pa=0x10000005 sz=1 model=0x60 dut=0x0
_MMIO-DIVERGE#84 pc=0x80018596 pa=0x10000005 sz=1 model=0x60 dut=0x0
MMIO-DIVERGE#85 pc=0x80018596 pa=0x10000005 sz=1 model=0x60 dut=0x0
MMIO-DIVERGE#86 pc=0x80018596 pa=0x10000005 sz=1 model=0x60 dut=0x0
MMIO-DIVERGE#87 pc=0x80018596 pa=0x10000005 sz=1 model=0x60 dut=0x0
MMIO-DIVERGE#88 pc=0x80018596 pa=0x10000005 sz=1 model=0x60 dut=0x0
_MMIO-DIVERGE#89 pc=0x80018596 pa=0x10000005 sz=1 model=0x60 dut=0x0
MMIO-DIVERGE#90 pc=0x80018596 pa=0x10000005 sz=1 model=0x60 dut=0x0
MMIO-DIVERGE#91 pc=0x80018596 pa=0x10000005 sz=1 model=0x60 dut=0x0
MMIO-DIVERGE#92 pc=0x80018596 pa=0x10000005 sz=1 model=0x60 dut=0x0
 MMIO-DIVERGE#93 pc=0x80018596 pa=0x10000005 sz=1 model=0x60 dut=0x0
MMIO-DIVERGE#94 pc=0x80018596 pa=0x10000005 sz=1 model=0x60 dut=0x0
MMIO-DIVERGE#95 pc=0x80018596 pa=0x10000005 sz=1 model=0x60 dut=0x0
MMIO-DIVERGE#96 pc=0x80018596 pa=0x10000005 sz=1 model=0x60 dut=0x0
MMIO-DIVERGE#97 pc=0x80018596 pa=0x10000005 sz=1 model=0x60 dut=0x0
 MMIO-DIVERGE#98 pc=0x80018596 pa=0x10000005 sz=1 model=0x60 dut=0x0
MMIO-DIVERGE#99 pc=0x80018596 pa=0x10000005 sz=1 model=0x60 dut=0x0
MMIO-DIVERGE#100 pc=0x80018596 pa=0x10000005 sz=1 model=0x60 dut=0x0
MMIO-DIVERGE#101 pc=0x80018596 pa=0x10000005 sz=1 model=0x60 dut=0x0
 MMIO-DIVERGE#102 pc=0x80018596 pa=0x10000005 sz=1 model=0x60 dut=0x0
MMIO-DIVERGE#103 pc=0x80018596 pa=0x10000005 sz=1 model=0x60 dut=0x0
MMIO-DIVERGE#104 pc=0x80018596 pa=0x10000005 sz=1 model=0x60 dut=0x0
MMIO-DIVERGE#105 pc=0x80018596 pa=0x10000005 sz=1 model=0x60 dut=0x0
MMIO-DIVERGE#106 pc=0x80018596 pa=0x10000005 sz=1 model=0x60 dut=0x0
 MMIO-DIVERGE#107 pc=0x80018596 pa=0x10000005 sz=1 model=0x60 dut=0x0
MMIO-DIVERGE#108 pc=0x80018596 pa=0x10000005 sz=1 model=0x60 dut=0x0
MMIO-DIVERGE#109 pc=0x80018596 pa=0x10000005 sz=1 model=0x60 dut=0x0
MMIO-DIVERGE#110 pc=0x80018596 pa=0x10000005 sz=1 model=0x60 dut=0x0
 MMIO-DIVERGE#111 pc=0x80018596 pa=0x10000005 sz=1 model=0x60 dut=0x0
MMIO-DIVERGE#112 pc=0x80018596 pa=0x10000005 sz=1 model=0x60 dut=0x0
MMIO-DIVERGE#113 pc=0x80018596 pa=0x10000005 sz=1 model=0x60 dut=0x0
MMIO-DIVERGE#114 pc=0x80018596 pa=0x10000005 sz=1 model=0x60 dut=0x0
MMIO-DIVERGE#115 pc=0x80018596 pa=0x10000005 sz=1 model=0x60 dut=0x0
 MMIO-DIVERGE#116 pc=0x80018596 pa=0x10000005 sz=1 model=0x60 dut=0x0
MMIO-DIVERGE#117 pc=0x80018596 pa=0x10000005 sz=1 model=0x60 dut=0x0
MMIO-DIVERGE#118 pc=0x80018596 pa=0x10000005 sz=1 model=0x60 dut=0x0
MMIO-DIVERGE#119 pc=0x80018596 pa=0x10000005 sz=1 model=0x60 dut=0x0
 MMIO-DIVERGE#120 pc=0x80018596 pa=0x10000005 sz=1 model=0x60 dut=0x0
MMIO-DIVERGE#121 pc=0x80018596 pa=0x10000005 sz=1 model=0x60 dut=0x0
MMIO-DIVERGE#122 pc=0x80018596 pa=0x10000005 sz=1 model=0x60 dut=0x0
MMIO-DIVERGE#123 pc=0x80018596 pa=0x10000005 sz=1 model=0x60 dut=0x0
MMIO-DIVERGE#124 pc=0x80018596 pa=0x10000005 sz=1 model=0x60 dut=0x0
 MMIO-DIVERGE#125 pc=0x80018596 pa=0x10000005 sz=1 model=0x60 dut=0x0
MMIO-DIVERGE#126 pc=0x80018596 pa=0x10000005 sz=1 model=0x60 dut=0x0
MMIO-DIVERGE#127 pc=0x80018596 pa=0x10000005 sz=1 model=0x60 dut=0x0
MMIO-DIVERGE#128 pc=0x80018596 pa=0x10000005 sz=1 model=0x60 dut=0x0
 MMIO-DIVERGE#129 pc=0x80018596 pa=0x10000005 sz=1 model=0x60 dut=0x0
MMIO-DIVERGE#130 pc=0x80018596 pa=0x10000005 sz=1 model=0x60 dut=0x0
MMIO-DIVERGE#131 pc=0x80018596 pa=0x10000005 sz=1 model=0x60 dut=0x0
MMIO-DIVERGE#132 pc=0x80018596 pa=0x10000005 sz=1 model=0x60 dut=0x0
MMIO-DIVERGE#133 pc=0x80018596 pa=0x10000005 sz=1 model=0x60 dut=0x0
 MMIO-DIVERGE#134 pc=0x80018596 pa=0x10000005 sz=1 model=0x60 dut=0x0
MMIO-DIVERGE#135 pc=0x80018596 pa=0x10000005 sz=1 model=0x60 dut=0x0
MMIO-DIVERGE#136 pc=0x80018596 pa=0x10000005 sz=1 model=0x60 dut=0x0
MMIO-DIVERGE#137 pc=0x80018596 pa=0x10000005 sz=1 model=0x60 dut=0x0
 MMIO-DIVERGE#138 pc=0x80018596 pa=0x10000005 sz=1 model=0x60 dut=0x0
MMIO-DIVERGE#139 pc=0x80018596 pa=0x10000005 sz=1 model=0x60 dut=0x0
MMIO-DIVERGE#140 pc=0x80018596 pa=0x10000005 sz=1 model=0x60 dut=0x0
MMIO-DIVERGE#141 pc=0x80018596 pa=0x10000005 sz=1 model=0x60 dut=0x0
 MMIO-DIVERGE#142 pc=0x80018596 pa=0x10000005 sz=1 model=0x60 dut=0x0
MMIO-DIVERGE#143 pc=0x80018596 pa=0x10000005 sz=1 model=0x60 dut=0x0
MMIO-DIVERGE#144 pc=0x80018596 pa=0x10000005 sz=1 model=0x60 dut=0x0
MMIO-DIVERGE#145 pc=0x80018596 pa=0x10000005 sz=1 model=0x60 dut=0x0
MMIO-DIVERGE#146 pc=0x80018596 pa=0x10000005 sz=1 model=0x60 dut=0x0
 MMIO-DIVERGE#147 pc=0x80018596 pa=0x10000005 sz=1 model=0x60 dut=0x0
MMIO-DIVERGE#148 pc=0x80018596 pa=0x10000005 sz=1 model=0x60 dut=0x0
MMIO-DIVERGE#149 pc=0x80018596 pa=0x10000005 sz=1 model=0x60 dut=0x0
MMIO-DIVERGE#150 pc=0x80018596 pa=0x10000005 sz=1 model=0x60 dut=0x0
 MMIO-DIVERGE#151 pc=0x80018596 pa=0x10000005 sz=1 model=0x60 dut=0x0
MMIO-DIVERGE#152 pc=0x80018596 pa=0x10000005 sz=1 model=0x60 dut=0x0
MMIO-DIVERGE#153 pc=0x80018596 pa=0x10000005 sz=1 model=0x60 dut=0x0
MMIO-DIVERGE#154 pc=0x80018596 pa=0x10000005 sz=1 model=0x60 dut=0x0
MMIO-DIVERGE#155 pc=0x80018596 pa=0x10000005 sz=1 model=0x60 dut=0x0
 MMIO-DIVERGE#156 pc=0x80018596 pa=0x10000005 sz=1 model=0x60 dut=0x0
MMIO-DIVERGE#157 pc=0x80018596 pa=0x10000005 sz=1 model=0x60 dut=0x0
MMIO-DIVERGE#158 pc=0x80018596 pa=0x10000005 sz=1 model=0x60 dut=0x0
MMIO-DIVERGE#159 pc=0x80018596 pa=0x10000005 sz=1 model=0x60 dut=0x0
 MMIO-DIVERGE#160 pc=0x80018596 pa=0x10000005 sz=1 model=0x60 dut=0x0
MMIO-DIVERGE#161 pc=0x80018596 pa=0x10000005 sz=1 model=0x60 dut=0x0
MMIO-DIVERGE#162 pc=0x80018596 pa=0x10000005 sz=1 model=0x60 dut=0x0
MMIO-DIVERGE#163 pc=0x80018596 pa=0x10000005 sz=1 model=0x60 dut=0x0
MMIO-DIVERGE#164 pc=0x80018596 pa=0x10000005 sz=1 model=0x60 dut=0x0
 MMIO-DIVERGE#165 pc=0x80018596 pa=0x10000005 sz=1 model=0x60 dut=0x0
MMIO-DIVERGE#166 pc=0x80018596 pa=0x10000005 sz=1 model=0x60 dut=0x0
MMIO-DIVERGE#167 pc=0x80018596 pa=0x10000005 sz=1 model=0x60 dut=0x0
MMIO-DIVERGE#168 pc=0x80018596 pa=0x10000005 sz=1 model=0x60 dut=0x0
 MMIO-DIVERGE#169 pc=0x80018596 pa=0x10000005 sz=1 model=0x60 dut=0x0
MMIO-DIVERGE#170 pc=0x80018596 pa=0x10000005 sz=1 model=0x60 dut=0x0
MMIO-DIVERGE#171 pc=0x80018596 pa=0x10000005 sz=1 model=0x60 dut=0x0
MMIO-DIVERGE#172 pc=0x80018596 pa=0x10000005 sz=1 model=0x60 dut=0x0
MMIO-DIVERGE#173 pc=0x80018596 pa=0x10000005 sz=1 model=0x60 dut=0x0
 MMIO-DIVERGE#174 pc=0x80018596 pa=0x10000005 sz=1 model=0x60 dut=0x0
MMIO-DIVERGE#175 pc=0x80018596 pa=0x10000005 sz=1 model=0x60 dut=0x0
MMIO-DIVERGE#176 pc=0x80018596 pa=0x10000005 sz=1 model=0x60 dut=0x0
MMIO-DIVERGE#177 pc=0x80018596 pa=0x10000005 sz=1 model=0x60 dut=0x0
 MMIO-DIVERGE#178 pc=0x80018596 pa=0x10000005 sz=1 model=0x60 dut=0x0
MMIO-DIVERGE#179 pc=0x80018596 pa=0x10000005 sz=1 model=0x60 dut=0x0
MMIO-DIVERGE#180 pc=0x80018596 pa=0x10000005 sz=1 model=0x60 dut=0x0
MMIO-DIVERGE#181 pc=0x80018596 pa=0x10000005 sz=1 model=0x60 dut=0x0
MMIO-DIVERGE#182 pc=0x80018596 pa=0x10000005 sz=1 model=0x60 dut=0x0
_MMIO-DIVERGE#183 pc=0x80018596 pa=0x10000005 sz=1 model=0x60 dut=0x0
MMIO-DIVERGE#184 pc=0x80018596 pa=0x10000005 sz=1 model=0x60 dut=0x0
MMIO-DIVERGE#185 pc=0x80018596 pa=0x10000005 sz=1 model=0x60 dut=0x0
MMIO-DIVERGE#186 pc=0x80018596 pa=0x10000005 sz=1 model=0x60 dut=0x0
_MMIO-DIVERGE#187 pc=0x80018596 pa=0x10000005 sz=1 model=0x60 dut=0x0
MMIO-DIVERGE#188 pc=0x80018596 pa=0x10000005 sz=1 model=0x60 dut=0x0
MMIO-DIVERGE#189 pc=0x80018596 pa=0x10000005 sz=1 model=0x60 dut=0x0
MMIO-DIVERGE#190 pc=0x80018596 pa=0x10000005 sz=1 model=0x60 dut=0x0
MMIO-DIVERGE#191 pc=0x80018596 pa=0x10000005 sz=1 model=0x60 dut=0x0
_MMIO-DIVERGE#192 pc=0x80018596 pa=0x10000005 sz=1 model=0x60 dut=0x0
MMIO-DIVERGE#193 pc=0x80018596 pa=0x10000005 sz=1 model=0x60 dut=0x0
MMIO-DIVERGE#194 pc=0x80018596 pa=0x10000005 sz=1 model=0x60 dut=0x0
MMIO-DIVERGE#195 pc=0x80018596 pa=0x10000005 sz=1 model=0x60 dut=0x0
_MMIO-DIVERGE#196 pc=0x80018596 pa=0x10000005 sz=1 model=0x60 dut=0x0
MMIO-DIVERGE#197 pc=0x80018596 pa=0x10000005 sz=1 model=0x60 dut=0x0
MMIO-DIVERGE#198 pc=0x80018596 pa=0x10000005 sz=1 model=0x60 dut=0x0
MMIO-DIVERGE#199 pc=0x80018596 pa=0x10000005 sz=1 model=0x60 dut=0x0
_ ____ _____
  / __ \                  / ____|  _ \_   _|
 | |  | |_ __   ___ _ __ | (___ | |_) || |
 | |  | | '_ \ / _ \ '_ \ \___ \|  _ < | |
 | |__| | |_) |  __/ | | |____) | |_) || |_
  \____/| .__/ \___|_| |_|_____/|____/_____|
        | |
        |_|

cosim: 2000000 retirements ok (pc=00000000800194d2)
[c=3000000]
[c=4000000]
cosim: 3000000 retirements ok (pc=0000000080019526)
[c=5000000]
cosim: 4000000 retirements ok (pc=0000000080019542)
[c=6000000]
cosim: 5000000 retirements ok (pc=000000008000b940)
[c=7000000]
Platform Name               : SmooolRV64 w/512 MiB
Platform Features           : medeleg
Platform HART Count         : 1
Platform HART Protection    : ---
Platform IPI Device         : aclint-mswi
Platform Timer Device       : aclint-mtimer @ 501253Hz
Platform Console Device     : uart8250
Platform HSM Device         : ---
Platform PMU Device         : ---
Platform Reboot Device      : ---
Platform Shutdown Device    : ---
Platform Suspend Device     : ---
Platform CPPC Device        : ---
Firmware Base               : 0x80000000
Firmware Size               : 321 KB
Firmware RW Offset          : 0x40000
Firmware RW Size            : 65 KB
Firmware Heap Offset        : 0x47000
Firmware Heap Size          : 37 KB (total), 0 KB (reserved), 12 KB (used), 23 KB (free)
Firmware Scratch Size       : 4096 B (total), 1464 B (used), 2632 B (free)
Runtime SBI Version         : 3.0
Standard SBI Extensions     : ipi,pmu,sse,hsm,rfnc,fwft,time,base,legacy,dbcn,dbtr
Experimental SBI Extensions : none

Domain0 Name                : root
Domain0 Boot HART           : 0
Domain0 HARTs               : 0*
Domain0 Region00            : 0x0000000080040000-0x000000008005ffff M: (F,R,W) S/U: ()
Domain0 Region01            : 0x0000000080000000-0x000000008003ffff M: (F,R,X) S/U: ()
Domain0 Region02            : 0x0000000010000000-0x0000000010000fff M: (I,R,W) S/U: (R,W)
Domain0 Region03            : 0x0000000002000000-0x000000000200ffff M: (I,R,W) S/U: ()
Domain0 Region04            : 0x000000000c000000-0x000000000fffffff M: (I,R,W) S/U: (R,W)
Domain0 Region05            : 0x0000000000000000-0xffffffffffffffff M: () S/U: (R,W,X)
Domain0 Next Address        : 0x0000000080200000
Domain0 Next Arg1           : 0x0000000082200000
Domain0 Next Mode           : S-mode
Domain0 SysReset            : yes
Domain0 SysSuspend          : yes

Boot HART ID                : 0
Boot HART Domain  [c=8000000]
          : root
Boot HART Priv Version      : v1.12
Boot HART Base ISA          : rv64imafdc
Boot HART ISA Extensions    : sscofpmf,sstc,zicntr,zihpm,smcntrpmf,zicboz,zicbom,svpbmt,sdtrig
Boot HART PMP Count         : 0
Boot HART PMP Granularity   : 0 bits
Boot HART PMP Address Bits  : 0
Boot HART MHPM Info         : 13 (0x0000fff8)
Boot HART Debug Triggers    : 1 triggers
Boot HART MIDELEG           : 0x0000000000002222
Boot HART MEDELEG           : 0x000000000004b109
cosim: 6000000 retirements ok (pc=00000000802010bc)
[c=9000000]
cosim: 7000000 retirements ok (pc=ffffffff8010499a)
[    0.000000] Linux version 7.1.0 (tommy@coffee) (riscv64-linux-gnu-gcc (Ubuntu 15.2.0-16ubun[c=10000000]
tu1) 15.2.0, GNU ld (GNU Binutils for Ubuntu) 2.46) #1 PREEMPT Sat Jul  4 09:01:16 PDT 2026
[    0.000000] random: crng init done
[    0.000000] Machine model: SmooolRV64 w/512 MiB
[    0.000000] SBI specification v3.0 detected
[    0.000000] SBI implementation ID=0x1 Version=0x10008
[    0.000000] SBI TIME extension detected
[    0.000000] SBI IPI extension detected
[    0.000000] SBI RFENCE extension detected
[    0.000000] SBI DBCN extension detected
[    0.000000] SBI FWFT extension detected
[    0.000000] earlycon: sbi0 at I/O port 0x0 (options '')
[    0.000000] printk: legacy bootconsole [sbi0] enabled
[    0.000000] printk: debug: ignoring loglevel setting.
[    0.000000] efi: UEFI not found.
[c=11000000]
[    0.000000] OF: reserved mem: 0x0000000080000000..0x000000008003ffff (256 KiB) nomap non-reusable mmode_resv1@80000000
[    0.000000] OF: reserved mem: 0x0000000080040000..0x000000008005ffff (128 KiB) nomap non-reusable mmode_resv0@80040000
cosim: 8000000 retirements ok (pc=ffffffff803c1172)
[c=12000000]
[    0.000000] riscv: base ISA extensions acdfim
[    0.000000] riscv: ELF capabilities acdfim
[c=13000000]
[c=14000000]
[c=15000000]
[c=16000000]
[c=17000000]
[c=18000000]
[c=19000000]
[c=20000000]
[    0.000000] Ticket spinlock: enabled
[c=21000000]
[c=22000000]
cosim: 9000000 retirements ok (pc=ffffffff803e2a44)
[c=23000000]
[c=24000000]
[c=25000000]
[c=26000000]
[c=27000000]
[c=28000000]
[c=29000000]
[c=30000000]
[c=31000000]
[c=32000000]
cosim: 10000000 retirements ok (pc=ffffffff803e2a24)
[c=33000000]
[c=34000000]
[c=35000000]
[c=36000000]
[c=37000000]
[c=38000000]
[c=39000000]
[c=40000000]
[c=41000000]
[c=42000000]
cosim: 11000000 retirements ok (pc=ffffffff803e2a04)
[c=43000000]
[    0.000000] Zone ranges:
[    0.000000]   DMA32    [mem 0x0000000080000000-0x000000009fefffff]
[    0.000000]   Normal   empty
[    0.000000] Movable zone start for each node
[    0.000000] Early memory node ranges
[    0.000000]   node   0: [mem 0x0000000080000000-0x000000008005ffff]
[    0.000000]   node   0: [mem 0x0000000080060000-0x000000009fefffff]
[    0.000000] Initmem setup node 0 [mem 0x0000000080000000-0x000000009fefffff]
[c=44000000]
[c=45000000]
cosim: 12000000 retirements ok (pc=ffffffff8040db80)
[c=46000000]
[c=47000000]
[c=48000000]
cosim: 13000000 retirements ok (pc=ffffffff8040db9c)
[c=49000000]
[c=50000000]
cosim: 14000000 retirements ok (pc=ffffffff8040e0c8)
[c=51000000]
[c=52000000]
[c=53000000]
cosim: 15000000 retirements ok (pc=ffffffff8040db98)
[c=54000000]
[c=55000000]
cosim: 16000000 retirements ok (pc=ffffffff8040e120)
[c=56000000]
[c=57000000]
[c=58000000]
cosim: 17000000 retirements ok (pc=ffffffff8040e0ec)
[c=59000000]
[c=60000000]
cosim: 18000000 retirements ok (pc=ffffffff8040db86)
[c=61000000]
[c=62000000]
cosim: 19000000 retirements ok (pc=ffffffff8040e028)
[c=63000000]
[c=64000000]
[    0.000000] On node 0, zone DMA32: 256 pages in unavailable ranges
[    0.000000] pcpu-alloc: s0 r0 d32768 u32768 alloc=1*32768
[    0.000000] pcpu-alloc: [0] 0 
[    0.000000] Kernel command line: console=ttyS0 earlycon=sbi root=/dev/raw rw ignore_loglevel random.trust_bootloader=on
[    0.000000] printk: log buffer data + meta data: 131072 + 458752 = 589824 bytes
[c=65000000]
[    0.000000] Dentry cache hash table entries: 65536 (order: 7, 524288 bytes, linear)
[    0.000000] Inode-cache hash table entries: 32768 (order: 6, 262144 bytes, linear)
[    0.000000] software IO TLB: SWIOTLB bounce buffer size adjusted to 0MB
[    0.000000] software IO TLB: area num 1.
[c=66000000]
[c=67000000]
cosim: 20000000 retirements ok (pc=ffffffff803e2a10)
[    0.000000] software IO TLB: mapped [mem 0x000000009db80000-0x000000009dc00000] (0MB)
[    0.000000] Built 1 zonelists, mobility grouping on.  Total pages: 130816
[    0.000000] mem auto-init: stack:all(zero), heap alloc:off, heap free:off
[c=68000000]
[c=69000000]
[c=70000000]
cosim: 21000000 retirements ok (pc=ffffffff80410d70)
[c=71000000]
[c=72000000]
[c=73000000]
cosim: 22000000 retirements ok (pc=ffffffff8015374c)
[c=74000000]
[c=75000000]
[    0.000000] SLUB: HWalign=64, Order=0-3, MinObjects=0, CPUs=1, Nodes=1
[c=76000000]
[    0.000000] RCU Tasks: Setting shift to 0 and lim to 1 rcu_task_cb_adjust=1 rcu_task_cpu_ids=1.
[    0.000000] NR_IRQS: 64, nr_irqs: 64, preallocated irqs: 0
[    0.000000] riscv-intc: 64 local interrupts mapped
[    0.000000] clocksource: riscv_clocksource: mask: 0xffffffffffffffff max_cycles: 0x1d983e3c8, max_idle_ns: 7052723234342 ns
[    0.000017] sched_clock: 64 bits at 501kHz, resolution 1995ns, wraps every 4398046510747ns
cosim: 23000000 retirements ok (pc=ffffffff800813a6)
[c=77000000]
[    0.005693] Console: colour dummy device 80x25
[    0.006771] Calibrating delay loop (skipped), value calculated using timer frequency.. 1.00 BogoMIPS (lpj=2005)
[    0.007662] pid_max: default: 32768 minimum: 301
[    0.018591] [c=78000000]
Mount-cache hash table entries: 1024 (order: 1, 8192 bytes, linear)
[    0.019343] Mountpoint-cache hash table entries: 1024 (order: 1, 8192 bytes, linear)
[    0.024147] VFS: Finished mounting rootfs on nullfs
[c=79000000]
[    0.047644] ASID allocator using 10 bits (1024 entries)
[c=80000000]
[    0.050914] EFI services will not be available.
[    0.052476] Memory: 471428K/523264K available (4006K kernel code, 4690K rwdata, 2048K rodata, 2149K init, 271K bss, 50740K reserved, 0K cma-reserved)
cosim: 24000000 retirements ok (pc=ffffffff80154a86)
[    0.059415] devtmpfs: initialized
[c=81000000]
[c=82000000]
[    0.081701] clocksource: jiffies: mask: 0xffffffff max_cycles: 0xffffffff, max_idle_ns: 7645041785100000 ns
[    0.082836] posixtimers hash table entries: 512 (order: 0, 4096 bytes, linear)
[    0.084139] futex hash table entries: 256 (8192 bytes on 1 NUMA nodes, total 8 KiB, linear).
[    0.090277] DMA: preallocated 128 KiB GFP_KERNEL|GFP_DMA32 pool for atomic allocations
[c=83000000]
cosim: 25000000 retirements ok (pc=ffffffff80158f86)
[c=84000000]
[c=85000000]
[    0.137172] clocksource: Switched to clocksource riscv_clocksource
[c=86000000]
cosim: 26000000 retirements ok (pc=ffffffff8015d41a)
[c=87000000]
[c=88000000]
[c=89000000]
cosim: 27000000 retirements ok (pc=ffffffff8015de92)
[c=90000000]
[c=91000000]
[c=92000000]
cosim: 28000000 retirements ok (pc=ffffffff8031b0a4)
[c=93000000]
[c=94000000]
[c=95000000]
cosim: 29000000 retirements ok (pc=ffffffff800438d4)
[c=96000000]
[c=97000000]
[    0.310555] Unpacking initramfs...
[c=98000000]
cosim: 30000000 retirements ok (pc=ffffffff8012801c)
[    0.326026] workingset: timestamp_bits=46 (anon: 42) max_order=17 bucket_order=0 (anon: 0)
[c=99000000]
[    0.345689] io scheduler mq-deadline registered
[    0.347455] io scheduler kyber registered
[c=100000000]
[    0.358748] riscv-plic: interrupt-controller@c000000: mapped 54 interrupts with 1 handlers for 2 contexts.
cosim: 31000000 retirements ok (pc=ffffffff80081d44)
[c=101000000]
[c=102000000]
[c=103000000]
cosim: 32000000 retirements ok (pc=ffffffff80402b7a)
[c=104000000]
[c=105000000]
cosim: 33000000 retirements ok (pc=ffffffff803e2b30)
[c=106000000]
[c=107000000]
[c=108000000]
cosim: 34000000 retirements ok (pc=ffffffff803e6dee)
[c=109000000]
[c=110000000]
[c=111000000]
cosim: 35000000 retirements ok (pc=ffffffff800425b2)
[c=112000000]
[c=113000000]
cosim: 36000000 retirements ok (pc=ffffffff80402b70)
[c=114000000]
[c=115000000]
[c=116000000]
cosim: 37000000 retirements ok (pc=ffffffff80402b70)
[c=117000000]
[c=118000000]
cosim: 38000000 retirements ok (pc=0000000080000412)
[c=119000000]
[c=120000000]
[c=121000000]
cosim: 39000000 retirements ok (pc=ffffffff8004e848)
[c=122000000]
[c=123000000]
[c=124000000]
cosim: 40000000 retirements ok (pc=ffffffff800667fa)
[c=125000000]
[c=126000000]
cosim: 41000000 retirements ok (pc=ffffffff80043900)
[c=127000000]
[c=128000000]
[c=129000000]
cosim: 42000000 retirements ok (pc=ffffffff80402b60)
[c=130000000]
[c=131000000]
cosim: 43000000 retirements ok (pc=ffffffff801f7e7a)
[c=132000000]
[c=133000000]
[c=134000000]
cosim: 44000000 retirements ok (pc=ffffffff80402b64)
[c=135000000]
[c=136000000]
[c=137000000]
cosim: 45000000 retirements ok (pc=ffffffff8004e77e)
[c=138000000]
[c=139000000]
cosim: 46000000 retirements ok (pc=ffffffff80402b70)
[c=140000000]
[c=141000000]
[c=142000000]
cosim: 47000000 retirements ok (pc=ffffffff8004e6f8)
[c=143000000]
[c=144000000]
cosim: 48000000 retirements ok (pc=ffffffff8004ea7e)
[c=145000000]
[c=146000000]
[c=147000000]
cosim: 49000000 retirements ok (pc=ffffffff80402b68)
[c=148000000]
[c=149000000]
[c=150000000]
cosim: 50000000 retirements ok (pc=ffffffff800779f4)
[c=151000000]
[c=152000000]
cosim: 51000000 retirements ok (pc=ffffffff80402b6a)
[c=153000000]
[c=154000000]
[c=155000000]
cosim: 52000000 retirements ok (pc=ffffffff80075b3c)
[c=156000000]
[c=157000000]
cosim: 53000000 retirements ok (pc=ffffffff80402b7e)
[c=158000000]
[c=159000000]
[c=160000000]
cosim: 54000000 retirements ok (pc=ffffffff801f64ca)
[c=161000000]
[c=162000000]
[c=163000000]
cosim: 55000000 retirements ok (pc=ffffffff803d65f8)
[c=164000000]
[c=165000000]
cosim: 56000000 retirements ok (pc=ffffffff80402b64)
[c=166000000]
[c=167000000]
[c=168000000]
cosim: 57000000 retirements ok (pc=ffffffff80402b76)
[c=169000000]
[c=170000000]
[c=171000000]
cosim: 58000000 retirements ok (pc=ffffffff80402b7a)
[c=172000000]
[c=173000000]
cosim: 59000000 retirements ok (pc=ffffffff801f7fdc)
[c=174000000]
[c=175000000]
[c=176000000]
cosim: 60000000 retirements ok (pc=ffffffff800431d4)
[c=177000000]
[c=178000000]
[c=179000000]
cosim: 61000000 retirements ok (pc=ffffffff80402b72)
[c=180000000]
[c=181000000]
[c=182000000]
cosim: 62000000 retirements ok (pc=ffffffff800431ec)
[c=183000000]
[c=184000000]
[c=185000000]
cosim: 63000000 retirements ok (pc=ffffffff801929e4)
[c=186000000]
[c=187000000]
[c=188000000]
cosim: 64000000 retirements ok (pc=ffffffff8036bc42)
[c=189000000]
[c=190000000]
[c=191000000]
[c=192000000]
cosim: 65000000 retirements ok (pc=ffffffff803e8dae)
[c=193000000]
[c=194000000]
[c=195000000]
cosim: 66000000 retirements ok (pc=ffffffff8010a07a)
[c=196000000]
[c=197000000]
[c=198000000]
cosim: 67000000 retirements ok (pc=ffffffff80161176)
[c=199000000]
[c=200000000]
[c=201000000]
cosim: 68000000 retirements ok (pc=ffffffff80010420)
[c=202000000]
[c=203000000]
[c=204000000]
cosim: 69000000 retirements ok (pc=000000008000cac4)
[c=205000000]
[c=206000000]
[c=207000000]
[c=208000000]
cosim: 70000000 retirements ok (pc=ffffffff800438d8)
[c=209000000]
[c=210000000]
[c=211000000]
cosim: 71000000 retirements ok (pc=000000008000cb30)
[c=212000000]
[c=213000000]
[c=214000000]
cosim: 72000000 retirements ok (pc=ffffffff80161124)
[c=215000000]
[c=216000000]
[c=217000000]
cosim: 73000000 retirements ok (pc=ffffffff8017373c)
[c=218000000]
[c=219000000]
[c=220000000]
cosim: 74000000 retirements ok (pc=ffffffff803e27c2)
[c=221000000]
[c=222000000]
[c=223000000]
cosim: 75000000 retirements ok (pc=ffffffff80198364)
[c=224000000]
[c=225000000]
[c=226000000]
cosim: 76000000 retirements ok (pc=ffffffff8003b368)
[c=227000000]
[c=228000000]
[    2.283489] Serial: 8250/16550 driver,[c=229000000]
 4 ports, IRQ sharing disabled
cosim: 77000000 retirements ok (pc=ffffffff801070ce)
[c=230000000]
[c=231000000]
[c=232000000]
cosim: 78000000 retirements ok (pc=ffffffff801fa550)
[c=233000000]
[c=234000000]
[    2.367790] printk: legacy console [ttyS0] disabled
[c=235000000]
cosim: 79000000 retirements ok (pc=ffffffff803e27c2)
[    2.383951] 10000000.uart: ttyS0 at MMIO 0x10000000 (irq = 1, base_baud = 230400) is a 16550A
[    2.386070] printk: legacy console [ttyS0] enabled
[    2.386070] printk: legacy console [ttyS0] enabled
[    2.388263] printk: legacy bootconsole [sbi0] disabled
[    2.388263][c=236000000]
 printk: legacy bootconsole [sbi0] disabled
[c=237000000]
cosim: 80000000 retirements ok (pc=ffffffff801f802a)
[c=238000000]
[c=239000000]
[c=240000000]
cosim: 81000000 retirements ok (pc=ffffffff80042248)
[c=241000000]
[c=242000000]
[c=243000000]
cosim: 82000000 retirements ok (pc=ffffffff8001a066)
[c=244000000]
[c=245000000]
[c=246000000]
cosim: 83000000 retirements ok (pc=ffffffff8015e64a)
[c=247000000]
[c=248000000]
[c=249000000]
[c=250000000]
cosim: 84000000 retirements ok (pc=ffffffff8003d686)
[c=251000000]
[c=252000000]
[    2.637664] loop: module loaded
[c=253000000]
cosim: 85000000 retirements ok (pc=ffffffff8019c298)
[    2.647670] mousedev: PS/2 mouse device common for all mice
[    2.655345] i2c_dev: i2c /dev entries driver
[c=254000000]
[c=255000000]
[    2.688241] cpu0: scalar unaligned word access speed is 6.02x byte access speed (fast)
[c=256000000]
cosim: 86000000 retirements ok (pc=ffffffff80155c4a)
[c=257000000]
[c=258000000]
[c=259000000]
cosim: 87000000 retirements ok (pc=ffffffff801f5eea)
[c=260000000]
[c=261000000]
cosim: 88000000 retirements ok (pc=ffffffff80061e6e)
[c=262000000]
[c=263000000]
[c=264000000]
cosim: 89000000 retirements ok (pc=ffffffff801f8002)
[c=265000000]
[c=266000000]
[c=267000000]
cosim: 90000000 retirements ok (pc=ffffffff800766c2)
[c=268000000]
[c=269000000]
[c=270000000]
cosim: 91000000 retirements ok (pc=ffffffff803e27cc)
[c=271000000]
[c=272000000]
[c=273000000]
cosim: 92000000 retirements ok (pc=ffffffff8018bf64)
[c=274000000]
[c=275000000]
[c=276000000]
cosim: 93000000 retirements ok (pc=ffffffff8003add4)
[c=277000000]
[c=278000000]
[c=279000000]
cosim: 94000000 retirements ok (pc=ffffffff803e29e4)
[c=280000000]
[c=281000000]
[c=282000000]
cosim: 95000000 retirements ok (pc=ffffffff802cb12c)
[c=283000000]
[c=284000000]
[c=285000000]
cosim: 96000000 retirements ok (pc=0000000080000496)
[c=286000000]
[c=287000000]
cosim: 97000000 retirements ok (pc=ffffffff801f7fce)
[c=288000000]
[c=289000000]
[c=290000000]
cosim: 98000000 retirements ok (pc=ffffffff803e8d9c)
[c=291000000]
[c=292000000]
[c=293000000]
cosim: 99000000 retirements ok (pc=ffffffff80155e8c)
[c=294000000]
[c=295000000]
[c=296000000]
cosim: 100000000 retirements ok (pc=ffffffff801f589a)
[c=297000000]
[c=298000000]
[c=299000000]
cosim: 101000000 retirements ok (pc=ffffffff803e8dc2)
[c=300000000]
[c=301000000]
[c=302000000]
cosim: 102000000 retirements ok (pc=ffffffff803e27b8)
[c=303000000]
[c=304000000]
[c=305000000]
cosim: 103000000 retirements ok (pc=ffffffff801144a0)
[c=306000000]
[c=307000000]
[    3.468094] clk: Disabling unused clocks
[c=308000000]
cosim: 104000000 retirements ok (pc=ffffffff803e27b8)
[c=309000000]
[c=310000000]
cosim: 105000000 retirements ok (pc=ffffffff80175298)
[c=311000000]
[c=312000000]
[c=313000000]
cosim: 106000000 retirements ok (pc=ffffffff801902c4)
[c=314000000]
[c=315000000]
cosim: 107000000 retirements ok (pc=ffffffff803e27c0)
[c=316000000]
[c=317000000]
[c=318000000]
cosim: 108000000 retirements ok (pc=ffffffff80157032)
[c=319000000]
[c=320000000]
cosim: 109000000 retirements ok (pc=ffffffff803e27c2)
[c=321000000]
[c=322000000]
[c=323000000]
cosim: 110000000 retirements ok (pc=ffffffff803e27b8)
[c=324000000]
[c=325000000]
cosim: 111000000 retirements ok (pc=ffffffff803e27c2)
[c=326000000]
[c=327000000]
[c=328000000]
[c=329000000]
cosim: 112000000 retirements ok (pc=ffffffff80152bd2)
[c=330000000]
[c=331000000]
[c=332000000]
[c=333000000]
[c=334000000]
cosim: 113000000 retirements ok (pc=ffffffff80077a86)
[c=335000000]
[c=336000000]
[c=337000000]
[c=338000000]
[c=339000000]
[c=340000000]
cosim: 114000000 retirements ok (pc=ffffffff803e2a28)
[c=341000000]
[c=342000000]
[c=343000000]
[c=344000000]
[c=345000000]
cosim: 115000000 retirements ok (pc=ffffffff80152da2)
[c=346000000]
[c=347000000]
[    4.063808] Freeing initrd memory: 10068K
[c=348000000]
[c=349000000]
[c=350000000]
[c=351000000]
cosim: 116000000 retirements ok (pc=ffffffff80152d76)
[c=352000000]
[    4.133886] Freeing unused kernel image (initmem) memory: 2148K
[    4.134876] Run /init as init process
[    4.135261]   with arguments:
[    4.135588]     /init
[    4.135893]   with environment:
[    4.136224]     HOME=/
[    4.136535]     TERM=linux
[c=353000000]
[c=354000000]
[c=355000000]
cosim: 117000000 retirements ok (pc=0000003f938f1f7c)
[c=356000000]
[c=357000000]
[c=358000000]
[c=359000000]
cosim: 118000000 retirements ok (pc=0000003fad474584)
[c=360000000]
[c=361000000]
[c=362000000]
[c=363000000]
cosim: 119000000 retirements ok (pc=ffffffff80156fc2)
[c=364000000]
[c=365000000]
[c=366000000]
cosim: 120000000 retirements ok (pc=ffffffff803e2e1e)
[c=367000000]
[c=368000000]
[c=369000000]
cosim: 121000000 retirements ok (pc=ffffffff80047eda)
[c=370000000]
[c=371000000]
[c=372000000]
cosim: 122000000 retirements ok (pc=ffffffff803ccc6c)
[c=373000000]
[c=374000000]
[c=375000000]
cosim: 123000000 retirements ok (pc=ffffffff8004e674)
[c=376000000]
[c=377000000]
[c=378000000]
cosim: 124000000 retirements ok (pc=ffffffff8013e4b6)
[c=379000000]
[c=380000000]
[c=381000000]
cosim: 125000000 retirements ok (pc=ffffffff800753ee)
[c=382000000]
[c=383000000]
[c=384000000]
cosim: 126000000 retirements ok (pc=ffffffff801385ee)
[c=385000000]
[c=386000000]
[c=387000000]
cosim: 127000000 retirements ok (pc=ffffffff80042b08)
[c=388000000]
[c=389000000]
[c=390000000]
[c=391000000]
cosim: 128000000 retirements ok (pc=ffffffff801363a8)
[c=392000000]
[c=393000000]
[c=394000000]
cosim: 129000000 retirements ok (pc=0000003fba529fc4)
[c=395000000]
[c=396000000]
[c=397000000]
cosim: 130000000 retirements ok (pc=0000003f88c49d88)
[c=398000000]
[c=399000000]
[c=400000000]
cosim: 131000000 retirements ok (pc=0000003fa277dcfc)
[c=401000000]
[c=402000000]
[c=403000000]
cosim: 132000000 retirements ok (pc=0000002ad7c0e740)
[c=404000000]
[c=405000000]
[c=406000000]
cosim: 133000000 retirements ok (pc=ffffffff801391dc)
[c=407000000]
[c=408000000]
[c=409000000]
cosim: 134000000 retirements ok (pc=0000003fb70177f4)
[c=410000000]
[c=411000000]
[c=412000000]
cosim: 135000000 retirements ok (pc=ffffffff8010b95e)
[c=413000000]
[c=414000000]
[c=415000000]
cosim: 136000000 retirements ok (pc=ffffffff803ccb44)
[c=416000000]
[c=417000000]
[c=418000000]
cosim: 137000000 retirements ok (pc=0000002ae806a9c8)
[c=419000000]
[c=420000000]
[c=421000000]
cosim: 138000000 retirements ok (pc=0000003f8af8cf48)
[c=422000000]
[c=423000000]
[c=424000000]
Starting syslogd: cosim: 139000000 retirements ok (pc=ffffffff8005a484)
[c=425000000]
[c=426000000]
[c=427000000]
cosim: 140000000 retirements ok (pc=0000003f9d8c2f94)
[c=428000000]
[c=429000000]
[c=430000000]
OK
cosim: 141000000 retirements ok (pc=ffffffff802cb0ca)
[c=431000000]
[c=432000000]
[c=433000000]
[c=434000000]
cosim: 142000000 retirements ok (pc=ffffffff803ccb5c)
[c=435000000]
[c=436000000]
[c=437000000]
cosim: 143000000 retirements ok (pc=ffffffff80011e7c)
[c=438000000]
[c=439000000]
[c=440000000]
cosim: 144000000 retirements ok (pc=ffffffff801092a0)
[c=441000000]
Starting klogd: [c=442000000]
[c=443000000]
cosim: 145000000 retirements ok (pc=ffffffff80107c02)
[c=444000000]
[c=445000000]
[c=446000000]
cosim: 146000000 retirements ok (pc=ffffffff8013637c)
[c=447000000]
OK
[c=448000000]
[c=449000000]
cosim: 147000000 retirements ok (pc=0000003fb0ba8264)
[c=450000000]
[c=451000000]
[c=452000000]
cosim: 148000000 retirements ok (pc=ffffffff8012d8a4)
[c=453000000]
[c=454000000]
[c=455000000]
cosim: 149000000 retirements ok (pc=0000003fb0a8905c)
[c=456000000]
[c=457000000]
[c=458000000]
cosim: 150000000 retirements ok (pc=ffffffff8017525e)
[c=459000000]
[c=460000000]
[c=461000000]
cosim: 151000000 retirements ok (pc=0000003f94ceaa44)
[c=462000000]
Running sysctl: [c=463000000]
[c=464000000]
cosim: 152000000 retirements ok (pc=ffffffff80107be8)
[c=465000000]
[c=466000000]
[c=467000000]
/etc/init.d/S02sysctl: line 55: xargs: not found
[c=468000000]
cosim: 153000000 retirements ok (pc=ffffffff80154f1c)
[c=469000000]
[c=470000000]
OK
cosim: 154000000 retirements ok (pc=ffffffff803e29c0)
[c=471000000]
[c=472000000]
[c=473000000]
[c=474000000]
cosim: 155000000 retirements ok (pc=0000003f8f614f8c)
[c=475000000]
[c=476000000]
[c=477000000]
cosim: 156000000 retirements ok (pc=ffffffff803e5a98)
[c=478000000]
[c=479000000]
[c=480000000]
cosim: 157000000 retirements ok (pc=ffffffff80093f06)
[c=481000000]
Saving random seed: [c=482000000]
[c=483000000]
cosim: 158000000 retirements ok (pc=ffffffff803ca28e)
[c=484000000]
[c=485000000]
cosim: 159000000 retirements ok (pc=ffffffff80145f7e)
[c=486000000]
SKIP (read-only file system detected)
[c=487000000]
[c=488000000]
cosim: 160000000 retirements ok (pc=ffffffff8018621a)
[c=489000000]
[c=490000000]
[c=491000000]
cosim: 161000000 retirements ok (pc=ffffffff801390ce)
[c=492000000]
[c=493000000]
[c=494000000]
cosim: 162000000 retirements ok (pc=ffffffff80175260)
[c=495000000]
[c=496000000]
Starting network: [c=497000000]
cosim: 163000000 retirements ok (pc=ffffffff80191b78)
[c=498000000]
[c=499000000]
[c=500000000]
cosim: 164000000 retirements ok (pc=ffffffff803ccfec)
[c=501000000]
[c=502000000]
[c=503000000]
cosim: 165000000 retirements ok (pc=ffffffff80151374)
[c=504000000]
[c=505000000]
[c=506000000]
cosim: 166000000 retirements ok (pc=ffffffff8013862e)
[c=507000000]
[c=508000000]
[c=509000000]
cosim: 167000000 retirements ok (pc=ffffffff8031b132)
[c=510000000]
[c=511000000]
[c=512000000]
cosim: 168000000 retirements ok (pc=ffffffff8018f4e8)
[c=513000000]
[c=514000000]
[c=515000000]
cosim: 169000000 retirements ok (pc=ffffffff80169324)
[c=516000000]
[c=517000000]
[c=518000000]
cosim: 170000000 retirements ok (pc=ffffffff80139c94)
ip: socket: Function not implemented
[c=519000000]
[c=520000000]
[c=521000000]
cosim: 171000000 retirements ok (pc=0000003f83252d0c)
[c=522000000]
[c=523000000]
[c=524000000]
cosim: 172000000 retirements ok (pc=0000003fb0a3925c)
[c=525000000]
i[c=526000000]
p: socket: Function not implemented
ifup: can't open '/var/run/ifstate.new': No such file or directory
[c=527000000]
cosim: 173000000 retirements ok (pc=ffffffff803eb7e2)
FAIL
[c=528000000]
[c=529000000]
[c=530000000]
cosim: 174000000 retirements ok (pc=ffffffff80077d94)
[c=531000000]
[c=532000000]
[c=533000000]
cosim: 175000000 retirements ok (pc=ffffffff80074ae0)
[c=534000000]
[c=535000000]
cosim: 176000000 retirements ok (pc=ffffffff800829a6)
[c=536000000]
[c=537000000]
cosim: 177000000 retirements ok (pc=ffffffff80076428)
[c=538000000]
[c=539000000]
cosim: 178000000 retirements ok (pc=ffffffff8004ca5e)

Welcome to Simmerv/SmolRV64's tiny 10 MiB image
smolrv64 login: [c=540000000]
[c=541000000]
cosim: 179000000 retirements ok (pc=ffffffff8004ca6e)
[c=542000000]
[c=543000000]
cosim: 180000000 retirements ok (pc=ffffffff800751e6)
[c=544000000]
[c=545000000]
cosim: 181000000 retirements ok (pc=ffffffff8008260a)
[c=546000000]
cosim: 182000000 retirements ok (pc=ffffffff8007910c)
[c=547000000]
[c=548000000]
cosim: 183000000 retirements ok (pc=ffffffff8008276c)
[c=549000000]
[c=550000000]
cosim: 184000000 retirements ok (pc=ffffffff80082410)
[c=551000000]
[c=552000000]
cosim: 185000000 retirements ok (pc=ffffffff800823a4)
[c=553000000]
[c=554000000]
cosim: 186000000 retirements ok (pc=ffffffff8008244c)
[c=555000000]
[c=556000000]
cosim: 187000000 retirements ok (pc=ffffffff8009a59c)
[c=557000000]
[c=558000000]
cosim: 188000000 retirements ok (pc=ffffffff80082690)
[c=559000000]
[c=560000000]
cosim: 189000000 retirements ok (pc=ffffffff800823dc)
[c=561000000]
[c=562000000]
cosim: 190000000 retirements ok (pc=ffffffff800826cc)
[c=563000000]
