   Compiling proc-macro2 v1.0.101
   Compiling unicode-ident v1.0.19
   Compiling autocfg v1.5.0
   Compiling futures-sink v0.3.31
   Compiling futures-core v0.3.31
   Compiling libc v0.2.181
   Compiling pin-project-lite v0.2.16
   Compiling pin-utils v0.1.0
   Compiling memchr v2.7.6
   Compiling futures-task v0.3.31
   Compiling parking_lot_core v0.8.6
   Compiling cfg-if v1.0.3
   Compiling futures-io v0.3.31
   Compiling futures-channel v0.3.31
   Compiling slab v0.4.11
   Compiling instant v0.1.13
   Compiling alloc-no-stdlib v2.0.4
   Compiling shlex v1.3.0
   Compiling smallvec v1.15.1
   Compiling find-msvc-tools v0.1.7
   Compiling scopeguard v1.2.0
   Compiling alloc-stdlib v0.2.4
   Compiling lock_api v0.4.13
   Compiling num-traits v0.2.19
   Compiling anyhow v1.0.100
   Compiling cc v1.2.52
   Compiling brotli-decompressor v4.0.3
   Compiling zero v0.1.3
   Compiling xmas-elf v0.10.0
   Compiling fnv v1.0.7
   Compiling log v0.4.28
   Compiling brotli v7.0.0
   Compiling simmerv v0.3.0 (/Users/tommy/simmerv)
   Compiling quote v1.0.40
   Compiling syn v2.0.106
   Compiling parking_lot v0.11.2
   Compiling futures-macro v0.3.31
   Compiling num-derive v0.4.2
   Compiling futures-util v0.3.31
   Compiling futures-executor v0.3.31
   Compiling futures v0.3.31
   Compiling wasm-timer v0.2.5
   Compiling simmerv-cosim v0.1.0 (/Users/tommy/simmerv/cosim)
    Finished `release` profile [optimized + debuginfo] target(s) in 6.06s
building obj_dir_cosim_tiny128/tb_cosim_tiny128 (MEM_LG2=31) ...
=== cosim 'tiny128' (mem=2048MiB fw=../workloads/ubuntu/fw_payload.bin dtb=../workloads/gb5/gb5.dtb@+2000000 initrd=../workloads/gb5/img.Geekbench5.cpio@+16270e00 a1=82000000) ===
[cosim-linux: loaded 25064456 bytes @ DDR+0000000000000000 (391633 lines)]
[cosim-linux: loaded 1807 bytes @ DDR+0000000002000000 (29 lines)]
[cosim-linux: loaded 164164096 bytes @ DDR+0000000016270e00 (2565064 lines)]
[c=0]
cosim: loaded 25064456 bytes @ DDR+0 (../workloads/ubuntu/fw_payload.bin)
cosim: loaded 1807 bytes @ DDR+2000000 (../workloads/gb5/gb5.dtb)
cosim: loaded 164164096 bytes @ DDR+16270e00 (../workloads/gb5/img.Geekbench5.cpio)
cosim: simmerv ready (reset_pc=0000000080000000, linux)
cosim: 1 retirements ok (pc=0000000080000000)
[c=1000000]
cosim: 1000000 retirements ok (pc=000000008001959e)

MMIO-DIVERGE#0 pc=0x80018596 pa=0x10000005 sz=1 model=0x60 dut=0x0
MMIO-DIVERGE#1 pc=0x80018596 pa=0x10000005 sz=1 model=0x60 dut=0x0
OMMIO-DIVERGE#2 pc=0x80018596 pa=0x10000005 sz=1 model=0x60 dut=0x0
MMIO-DIVERGE#3 pc=0x80018596 pa=0x10000005 sz=1 model=0x60 dut=0x0
MMIO-DIVERGE#4 pc=0x80018596 pa=0x10000005 sz=1 model=0x60 dut=0x0
MMIO-DIVERGE#5 pc=0x80018596 pa=0x10000005 sz=1 model=0x60 dut=0x0
pMMIO-DIVERGE#6 pc=0x80018596 pa=0x10000005 sz=1 model=0x60 dut=0x0
MMIO-DIVERGE#7 pc=0x80018596 pa=0x10000005 sz=1 model=0x60 dut=0x0
MMIO-DIVERGE#8 pc=0x80018596 pa=0x10000005 sz=1 model=0x60 dut=0x0
MMIO-DIVERGE#9 pc=0x80018596 pa=0x10000005 sz=1 model=0x60 dut=0x0
MMIO-DIVERGE#10 pc=0x80018596 pa=0x10000005 sz=1 model=0x60 dut=0x0
eMMIO-DIVERGE#11 pc=0x80018596 pa=0x10000005 sz=1 model=0x60 dut=0x0
MMIO-DIVERGE#12 pc=0x80018596 pa=0x10000005 sz=1 model=0x60 dut=0x0
MMIO-DIVERGE#13 pc=0x80018596 pa=0x10000005 sz=1 model=0x60 dut=0x0
MMIO-DIVERGE#14 pc=0x80018596 pa=0x10000005 sz=1 model=0x60 dut=0x0
nMMIO-DIVERGE#15 pc=0x80018596 pa=0x10000005 sz=1 model=0x60 dut=0x0
MMIO-DIVERGE#16 pc=0x80018596 pa=0x10000005 sz=1 model=0x60 dut=0x0
MMIO-DIVERGE#17 pc=0x80018596 pa=0x10000005 sz=1 model=0x60 dut=0x0
MMIO-DIVERGE#18 pc=0x80018596 pa=0x10000005 sz=1 model=0x60 dut=0x0
MMIO-DIVERGE#19 pc=0x80018596 pa=0x10000005 sz=1 model=0x60 dut=0x0
SMMIO-DIVERGE#20 pc=0x80018596 pa=0x10000005 sz=1 model=0x60 dut=0x0
MMIO-DIVERGE#21 pc=0x80018596 pa=0x10000005 sz=1 model=0x60 dut=0x0
MMIO-DIVERGE#22 pc=0x80018596 pa=0x10000005 sz=1 model=0x60 dut=0x0
MMIO-DIVERGE#23 pc=0x80018596 pa=0x10000005 sz=1 model=0x60 dut=0x0
BMMIO-DIVERGE#24 pc=0x80018596 pa=0x10000005 sz=1 model=0x60 dut=0x0
MMIO-DIVERGE#25 pc=0x80018596 pa=0x10000005 sz=1 model=0x60 dut=0x0
MMIO-DIVERGE#26 pc=0x80018596 pa=0x10000005 sz=1 model=0x60 dut=0x0
MMIO-DIVERGE#27 pc=0x80018596 pa=0x10000005 sz=1 model=0x60 dut=0x0
MMIO-DIVERGE#28 pc=0x80018596 pa=0x10000005 sz=1 model=0x60 dut=0x0
IMMIO-DIVERGE#29 pc=0x80018596 pa=0x10000005 sz=1 model=0x60 dut=0x0
MMIO-DIVERGE#30 pc=0x80018596 pa=0x10000005 sz=1 model=0x60 dut=0x0
MMIO-DIVERGE#31 pc=0x80018596 pa=0x10000005 sz=1 model=0x60 dut=0x0
MMIO-DIVERGE#32 pc=0x80018596 pa=0x10000005 sz=1 model=0x60 dut=0x0
 MMIO-DIVERGE#33 pc=0x80018596 pa=0x10000005 sz=1 model=0x60 dut=0x0
MMIO-DIVERGE#34 pc=0x80018596 pa=0x10000005 sz=1 model=0x60 dut=0x0
MMIO-DIVERGE#35 pc=0x80018596 pa=0x10000005 sz=1 model=0x60 dut=0x0
MMIO-DIVERGE#36 pc=0x80018596 pa=0x10000005 sz=1 model=0x60 dut=0x0
MMIO-DIVERGE#37 pc=0x80018596 pa=0x10000005 sz=1 model=0x60 dut=0x0
vMMIO-DIVERGE#38 pc=0x80018596 pa=0x10000005 sz=1 model=0x60 dut=0x0
MMIO-DIVERGE#39 pc=0x80018596 pa=0x10000005 sz=1 model=0x60 dut=0x0
MMIO-DIVERGE#40 pc=0x80018596 pa=0x10000005 sz=1 model=0x60 dut=0x0
MMIO-DIVERGE#41 pc=0x80018596 pa=0x10000005 sz=1 model=0x60 dut=0x0
1MMIO-DIVERGE#42 pc=0x80018596 pa=0x10000005 sz=1 model=0x60 dut=0x0
MMIO-DIVERGE#43 pc=0x80018596 pa=0x10000005 sz=1 model=0x60 dut=0x0
MMIO-DIVERGE#44 pc=0x80018596 pa=0x10000005 sz=1 model=0x60 dut=0x0
MMIO-DIVERGE#45 pc=0x80018596 pa=0x10000005 sz=1 model=0x60 dut=0x0
MMIO-DIVERGE#46 pc=0x80018596 pa=0x10000005 sz=1 model=0x60 dut=0x0
.MMIO-DIVERGE#47 pc=0x80018596 pa=0x10000005 sz=1 model=0x60 dut=0x0
MMIO-DIVERGE#48 pc=0x80018596 pa=0x10000005 sz=1 model=0x60 dut=0x0
MMIO-DIVERGE#49 pc=0x80018596 pa=0x10000005 sz=1 model=0x60 dut=0x0
MMIO-DIVERGE#50 pc=0x80018596 pa=0x10000005 sz=1 model=0x60 dut=0x0
8MMIO-DIVERGE#51 pc=0x80018596 pa=0x10000005 sz=1 model=0x60 dut=0x0
MMIO-DIVERGE#52 pc=0x80018596 pa=0x10000005 sz=1 model=0x60 dut=0x0
MMIO-DIVERGE#53 pc=0x80018596 pa=0x10000005 sz=1 model=0x60 dut=0x0
MMIO-DIVERGE#54 pc=0x80018596 pa=0x10000005 sz=1 model=0x60 dut=0x0
.MMIO-DIVERGE#55 pc=0x80018596 pa=0x10000005 sz=1 model=0x60 dut=0x0
MMIO-DIVERGE#56 pc=0x80018596 pa=0x10000005 sz=1 model=0x60 dut=0x0
MMIO-DIVERGE#57 pc=0x80018596 pa=0x10000005 sz=1 model=0x60 dut=0x0
MMIO-DIVERGE#58 pc=0x80018596 pa=0x10000005 sz=1 model=0x60 dut=0x0
MMIO-DIVERGE#59 pc=0x80018596 pa=0x10000005 sz=1 model=0x60 dut=0x0
1MMIO-DIVERGE#60 pc=0x80018596 pa=0x10000005 sz=1 model=0x60 dut=0x0
MMIO-DIVERGE#61 pc=0x80018596 pa=0x10000005 sz=1 model=0x60 dut=0x0
MMIO-DIVERGE#62 pc=0x80018596 pa=0x10000005 sz=1 model=0x60 dut=0x0
MMIO-DIVERGE#63 pc=0x80018596 pa=0x10000005 sz=1 model=0x60 dut=0x0
MMIO-DIVERGE#64 pc=0x80018596 pa=0x10000005 sz=1 model=0x60 dut=0x0
MMIO-DIVERGE#65 pc=0x80018596 pa=0x10000005 sz=1 model=0x60 dut=0x0
MMIO-DIVERGE#66 pc=0x80018596 pa=0x10000005 sz=1 model=0x60 dut=0x0
MMIO-DIVERGE#67 pc=0x80018596 pa=0x10000005 sz=1 model=0x60 dut=0x0
MMIO-DIVERGE#68 pc=0x80018596 pa=0x10000005 sz=1 model=0x60 dut=0x0

  MMIO-DIVERGE#69 pc=0x80018596 pa=0x10000005 sz=1 model=0x60 dut=0x0
MMIO-DIVERGE#70 pc=0x80018596 pa=0x10000005 sz=1 model=0x60 dut=0x0
 MMIO-DIVERGE#71 pc=0x80018596 pa=0x10000005 sz=1 model=0x60 dut=0x0
MMIO-DIVERGE#72 pc=0x80018596 pa=0x10000005 sz=1 model=0x60 dut=0x0
MMIO-DIVERGE#73 pc=0x80018596 pa=0x10000005 sz=1 model=0x60 dut=0x0
MMIO-DIVERGE#74 pc=0x80018596 pa=0x10000005 sz=1 model=0x60 dut=0x0
_MMIO-DIVERGE#75 pc=0x80018596 pa=0x10000005 sz=1 model=0x60 dut=0x0
MMIO-DIVERGE#76 pc=0x80018596 pa=0x10000005 sz=1 model=0x60 dut=0x0
MMIO-DIVERGE#77 pc=0x80018596 pa=0x10000005 sz=1 model=0x60 dut=0x0
MMIO-DIVERGE#78 pc=0x80018596 pa=0x10000005 sz=1 model=0x60 dut=0x0
MMIO-DIVERGE#79 pc=0x80018596 pa=0x10000005 sz=1 model=0x60 dut=0x0
_MMIO-DIVERGE#80 pc=0x80018596 pa=0x10000005 sz=1 model=0x60 dut=0x0
MMIO-DIVERGE#81 pc=0x80018596 pa=0x10000005 sz=1 model=0x60 dut=0x0
MMIO-DIVERGE#82 pc=0x80018596 pa=0x10000005 sz=1 model=0x60 dut=0x0
MMIO-DIVERGE#83 pc=0x80018596 pa=0x10000005 sz=1 model=0x60 dut=0x0
_MMIO-DIVERGE#84 pc=0x80018596 pa=0x10000005 sz=1 model=0x60 dut=0x0
MMIO-DIVERGE#85 pc=0x80018596 pa=0x10000005 sz=1 model=0x60 dut=0x0
MMIO-DIVERGE#86 pc=0x80018596 pa=0x10000005 sz=1 model=0x60 dut=0x0
MMIO-DIVERGE#87 pc=0x80018596 pa=0x10000005 sz=1 model=0x60 dut=0x0
MMIO-DIVERGE#88 pc=0x80018596 pa=0x10000005 sz=1 model=0x60 dut=0x0
_MMIO-DIVERGE#89 pc=0x80018596 pa=0x10000005 sz=1 model=0x60 dut=0x0
MMIO-DIVERGE#90 pc=0x80018596 pa=0x10000005 sz=1 model=0x60 dut=0x0
MMIO-DIVERGE#91 pc=0x80018596 pa=0x10000005 sz=1 model=0x60 dut=0x0
MMIO-DIVERGE#92 pc=0x80018596 pa=0x10000005 sz=1 model=0x60 dut=0x0
 MMIO-DIVERGE#93 pc=0x80018596 pa=0x10000005 sz=1 model=0x60 dut=0x0
MMIO-DIVERGE#94 pc=0x80018596 pa=0x10000005 sz=1 model=0x60 dut=0x0
MMIO-DIVERGE#95 pc=0x80018596 pa=0x10000005 sz=1 model=0x60 dut=0x0
MMIO-DIVERGE#96 pc=0x80018596 pa=0x10000005 sz=1 model=0x60 dut=0x0
MMIO-DIVERGE#97 pc=0x80018596 pa=0x10000005 sz=1 model=0x60 dut=0x0
 MMIO-DIVERGE#98 pc=0x80018596 pa=0x10000005 sz=1 model=0x60 dut=0x0
MMIO-DIVERGE#99 pc=0x80018596 pa=0x10000005 sz=1 model=0x60 dut=0x0
MMIO-DIVERGE#100 pc=0x80018596 pa=0x10000005 sz=1 model=0x60 dut=0x0
MMIO-DIVERGE#101 pc=0x80018596 pa=0x10000005 sz=1 model=0x60 dut=0x0
 MMIO-DIVERGE#102 pc=0x80018596 pa=0x10000005 sz=1 model=0x60 dut=0x0
MMIO-DIVERGE#103 pc=0x80018596 pa=0x10000005 sz=1 model=0x60 dut=0x0
MMIO-DIVERGE#104 pc=0x80018596 pa=0x10000005 sz=1 model=0x60 dut=0x0
MMIO-DIVERGE#105 pc=0x80018596 pa=0x10000005 sz=1 model=0x60 dut=0x0
MMIO-DIVERGE#106 pc=0x80018596 pa=0x10000005 sz=1 model=0x60 dut=0x0
 MMIO-DIVERGE#107 pc=0x80018596 pa=0x10000005 sz=1 model=0x60 dut=0x0
MMIO-DIVERGE#108 pc=0x80018596 pa=0x10000005 sz=1 model=0x60 dut=0x0
MMIO-DIVERGE#109 pc=0x80018596 pa=0x10000005 sz=1 model=0x60 dut=0x0
MMIO-DIVERGE#110 pc=0x80018596 pa=0x10000005 sz=1 model=0x60 dut=0x0
 MMIO-DIVERGE#111 pc=0x80018596 pa=0x10000005 sz=1 model=0x60 dut=0x0
MMIO-DIVERGE#112 pc=0x80018596 pa=0x10000005 sz=1 model=0x60 dut=0x0
MMIO-DIVERGE#113 pc=0x80018596 pa=0x10000005 sz=1 model=0x60 dut=0x0
MMIO-DIVERGE#114 pc=0x80018596 pa=0x10000005 sz=1 model=0x60 dut=0x0
MMIO-DIVERGE#115 pc=0x80018596 pa=0x10000005 sz=1 model=0x60 dut=0x0
 MMIO-DIVERGE#116 pc=0x80018596 pa=0x10000005 sz=1 model=0x60 dut=0x0
MMIO-DIVERGE#117 pc=0x80018596 pa=0x10000005 sz=1 model=0x60 dut=0x0
MMIO-DIVERGE#118 pc=0x80018596 pa=0x10000005 sz=1 model=0x60 dut=0x0
MMIO-DIVERGE#119 pc=0x80018596 pa=0x10000005 sz=1 model=0x60 dut=0x0
 MMIO-DIVERGE#120 pc=0x80018596 pa=0x10000005 sz=1 model=0x60 dut=0x0
MMIO-DIVERGE#121 pc=0x80018596 pa=0x10000005 sz=1 model=0x60 dut=0x0
MMIO-DIVERGE#122 pc=0x80018596 pa=0x10000005 sz=1 model=0x60 dut=0x0
MMIO-DIVERGE#123 pc=0x80018596 pa=0x10000005 sz=1 model=0x60 dut=0x0
MMIO-DIVERGE#124 pc=0x80018596 pa=0x10000005 sz=1 model=0x60 dut=0x0
 MMIO-DIVERGE#125 pc=0x80018596 pa=0x10000005 sz=1 model=0x60 dut=0x0
MMIO-DIVERGE#126 pc=0x80018596 pa=0x10000005 sz=1 model=0x60 dut=0x0
MMIO-DIVERGE#127 pc=0x80018596 pa=0x10000005 sz=1 model=0x60 dut=0x0
MMIO-DIVERGE#128 pc=0x80018596 pa=0x10000005 sz=1 model=0x60 dut=0x0
 MMIO-DIVERGE#129 pc=0x80018596 pa=0x10000005 sz=1 model=0x60 dut=0x0
MMIO-DIVERGE#130 pc=0x80018596 pa=0x10000005 sz=1 model=0x60 dut=0x0
MMIO-DIVERGE#131 pc=0x80018596 pa=0x10000005 sz=1 model=0x60 dut=0x0
MMIO-DIVERGE#132 pc=0x80018596 pa=0x10000005 sz=1 model=0x60 dut=0x0
MMIO-DIVERGE#133 pc=0x80018596 pa=0x10000005 sz=1 model=0x60 dut=0x0
 MMIO-DIVERGE#134 pc=0x80018596 pa=0x10000005 sz=1 model=0x60 dut=0x0
MMIO-DIVERGE#135 pc=0x80018596 pa=0x10000005 sz=1 model=0x60 dut=0x0
MMIO-DIVERGE#136 pc=0x80018596 pa=0x10000005 sz=1 model=0x60 dut=0x0
MMIO-DIVERGE#137 pc=0x80018596 pa=0x10000005 sz=1 model=0x60 dut=0x0
 MMIO-DIVERGE#138 pc=0x80018596 pa=0x10000005 sz=1 model=0x60 dut=0x0
MMIO-DIVERGE#139 pc=0x80018596 pa=0x10000005 sz=1 model=0x60 dut=0x0
MMIO-DIVERGE#140 pc=0x80018596 pa=0x10000005 sz=1 model=0x60 dut=0x0
MMIO-DIVERGE#141 pc=0x80018596 pa=0x10000005 sz=1 model=0x60 dut=0x0
 MMIO-DIVERGE#142 pc=0x80018596 pa=0x10000005 sz=1 model=0x60 dut=0x0
MMIO-DIVERGE#143 pc=0x80018596 pa=0x10000005 sz=1 model=0x60 dut=0x0
MMIO-DIVERGE#144 pc=0x80018596 pa=0x10000005 sz=1 model=0x60 dut=0x0
MMIO-DIVERGE#145 pc=0x80018596 pa=0x10000005 sz=1 model=0x60 dut=0x0
MMIO-DIVERGE#146 pc=0x80018596 pa=0x10000005 sz=1 model=0x60 dut=0x0
 MMIO-DIVERGE#147 pc=0x80018596 pa=0x10000005 sz=1 model=0x60 dut=0x0
MMIO-DIVERGE#148 pc=0x80018596 pa=0x10000005 sz=1 model=0x60 dut=0x0
MMIO-DIVERGE#149 pc=0x80018596 pa=0x10000005 sz=1 model=0x60 dut=0x0
MMIO-DIVERGE#150 pc=0x80018596 pa=0x10000005 sz=1 model=0x60 dut=0x0
 MMIO-DIVERGE#151 pc=0x80018596 pa=0x10000005 sz=1 model=0x60 dut=0x0
MMIO-DIVERGE#152 pc=0x80018596 pa=0x10000005 sz=1 model=0x60 dut=0x0
MMIO-DIVERGE#153 pc=0x80018596 pa=0x10000005 sz=1 model=0x60 dut=0x0
MMIO-DIVERGE#154 pc=0x80018596 pa=0x10000005 sz=1 model=0x60 dut=0x0
MMIO-DIVERGE#155 pc=0x80018596 pa=0x10000005 sz=1 model=0x60 dut=0x0
 MMIO-DIVERGE#156 pc=0x80018596 pa=0x10000005 sz=1 model=0x60 dut=0x0
MMIO-DIVERGE#157 pc=0x80018596 pa=0x10000005 sz=1 model=0x60 dut=0x0
MMIO-DIVERGE#158 pc=0x80018596 pa=0x10000005 sz=1 model=0x60 dut=0x0
MMIO-DIVERGE#159 pc=0x80018596 pa=0x10000005 sz=1 model=0x60 dut=0x0
 MMIO-DIVERGE#160 pc=0x80018596 pa=0x10000005 sz=1 model=0x60 dut=0x0
MMIO-DIVERGE#161 pc=0x80018596 pa=0x10000005 sz=1 model=0x60 dut=0x0
MMIO-DIVERGE#162 pc=0x80018596 pa=0x10000005 sz=1 model=0x60 dut=0x0
MMIO-DIVERGE#163 pc=0x80018596 pa=0x10000005 sz=1 model=0x60 dut=0x0
MMIO-DIVERGE#164 pc=0x80018596 pa=0x10000005 sz=1 model=0x60 dut=0x0
 MMIO-DIVERGE#165 pc=0x80018596 pa=0x10000005 sz=1 model=0x60 dut=0x0
MMIO-DIVERGE#166 pc=0x80018596 pa=0x10000005 sz=1 model=0x60 dut=0x0
MMIO-DIVERGE#167 pc=0x80018596 pa=0x10000005 sz=1 model=0x60 dut=0x0
MMIO-DIVERGE#168 pc=0x80018596 pa=0x10000005 sz=1 model=0x60 dut=0x0
 MMIO-DIVERGE#169 pc=0x80018596 pa=0x10000005 sz=1 model=0x60 dut=0x0
MMIO-DIVERGE#170 pc=0x80018596 pa=0x10000005 sz=1 model=0x60 dut=0x0
MMIO-DIVERGE#171 pc=0x80018596 pa=0x10000005 sz=1 model=0x60 dut=0x0
MMIO-DIVERGE#172 pc=0x80018596 pa=0x10000005 sz=1 model=0x60 dut=0x0
MMIO-DIVERGE#173 pc=0x80018596 pa=0x10000005 sz=1 model=0x60 dut=0x0
 MMIO-DIVERGE#174 pc=0x80018596 pa=0x10000005 sz=1 model=0x60 dut=0x0
MMIO-DIVERGE#175 pc=0x80018596 pa=0x10000005 sz=1 model=0x60 dut=0x0
MMIO-DIVERGE#176 pc=0x80018596 pa=0x10000005 sz=1 model=0x60 dut=0x0
MMIO-DIVERGE#177 pc=0x80018596 pa=0x10000005 sz=1 model=0x60 dut=0x0
 MMIO-DIVERGE#178 pc=0x80018596 pa=0x10000005 sz=1 model=0x60 dut=0x0
MMIO-DIVERGE#179 pc=0x80018596 pa=0x10000005 sz=1 model=0x60 dut=0x0
MMIO-DIVERGE#180 pc=0x80018596 pa=0x10000005 sz=1 model=0x60 dut=0x0
MMIO-DIVERGE#181 pc=0x80018596 pa=0x10000005 sz=1 model=0x60 dut=0x0
MMIO-DIVERGE#182 pc=0x80018596 pa=0x10000005 sz=1 model=0x60 dut=0x0
_MMIO-DIVERGE#183 pc=0x80018596 pa=0x10000005 sz=1 model=0x60 dut=0x0
MMIO-DIVERGE#184 pc=0x80018596 pa=0x10000005 sz=1 model=0x60 dut=0x0
MMIO-DIVERGE#185 pc=0x80018596 pa=0x10000005 sz=1 model=0x60 dut=0x0
MMIO-DIVERGE#186 pc=0x80018596 pa=0x10000005 sz=1 model=0x60 dut=0x0
_MMIO-DIVERGE#187 pc=0x80018596 pa=0x10000005 sz=1 model=0x60 dut=0x0
MMIO-DIVERGE#188 pc=0x80018596 pa=0x10000005 sz=1 model=0x60 dut=0x0
MMIO-DIVERGE#189 pc=0x80018596 pa=0x10000005 sz=1 model=0x60 dut=0x0
MMIO-DIVERGE#190 pc=0x80018596 pa=0x10000005 sz=1 model=0x60 dut=0x0
MMIO-DIVERGE#191 pc=0x80018596 pa=0x10000005 sz=1 model=0x60 dut=0x0
_MMIO-DIVERGE#192 pc=0x80018596 pa=0x10000005 sz=1 model=0x60 dut=0x0
MMIO-DIVERGE#193 pc=0x80018596 pa=0x10000005 sz=1 model=0x60 dut=0x0
MMIO-DIVERGE#194 pc=0x80018596 pa=0x10000005 sz=1 model=0x60 dut=0x0
MMIO-DIVERGE#195 pc=0x80018596 pa=0x10000005 sz=1 model=0x60 dut=0x0
_MMIO-DIVERGE#196 pc=0x80018596 pa=0x10000005 sz=1 model=0x60 dut=0x0
MMIO-DIVERGE#197 pc=0x80018596 pa=0x10000005 sz=1 model=0x60 dut=0x0
MMIO-DIVERGE#198 pc=0x80018596 pa=0x10000005 sz=1 model=0x60 dut=0x0
MMIO-DIVERGE#199 pc=0x80018596 pa=0x10000005 sz=1 model=0x60 dut=0x0
_ __[c=2000000]
__ _____
  / __ \                  / ____|  _ \_   _|
 | |  | |_ __   ___ _ __ | (___ | |_) || |
 | |  | | '_ \ / _ \ '_ \ \___ \|  _ < | |
 | |__| | |_) |  __/ | | |____) | |_) || |_
  \____/| .__/ \___|_| |_|_____/|____/_____|
        | |
        |_|

cosim: 2000000 retirements ok (pc=0000000080019592)
[c=3000000]
[c=4000000]
cosim: 3000000 retirements ok (pc=0000000080019670)
[c=5000000]
cosim: 4000000 retirements ok (pc=000000008001952a)
[c=6000000]
cosim: 5000000 retirements ok (pc=0000000080019690)
Platform Name               : SmolRV64 gb5 2 GiB
Platform Features           : medeleg
Platform HART Count         : 1
Platform HART Protection    : ---
Platform IPI Device         : aclint-mswi
Platform Timer Device       : aclint-mtimer @ 100000Hz
Platform Console Device     : uart8250
Platform HSM Device         : ---
Platform PMU Device         : ---
Platform Reboot Device      : ---
Platform Shutdown Device    : ---
Platform Suspend Device     : ---
Platform CPPC Device        : ---
Firmware Base               : 0x80000000
Firmware Size               : 321 KB
Firmware RW Offset          : 0x40000
Firmware RW Size            : 65 KB
Firmware Heap Offset        : 0x47000
Firmware Heap Size [c=7000000]
         : 37 KB (total), 0 KB (reserved), 12 KB (used), 23 KB (free)
Firmware Scratch Size       : 4096 B (total), 424 B (used), 3672 B (free)
Runtime SBI Version         : 3.0
Standard SBI Extensions     : ipi,pmu,sse,hsm,rfnc,fwft,time,base,legacy,dbcn,dbtr
Experimental SBI Extensions : none

Domain0 Name                : root
Domain0 Boot HART           : 0
Domain0 HARTs               : 0*
Domain0 Region00            : 0x0000000080040000-0x000000008005ffff M: (F,R,W) S/U: ()
Domain0 Region01            : 0x0000000080000000-0x000000008003ffff M: (F,R,X) S/U: ()
Domain0 Region02            : 0x0000000010000000-0x0000000010000fff M: (I,R,W) S/U: (R,W)
Domain0 Region03            : 0x0000000002000000-0x000000000200ffff M: (I,R,W) S/U: ()
Domain0 Region04            : 0x000000000c000000-0x000000000fffffff M: (I,R,W) S/U: (R,W)
Domain0 Region05            : 0x0000000000000000-0xffffffffffffffff M: () S/U: (R,W,X)
Domain0 Next Address        : 0x0000000080200000
Domain0 Next Arg1           : 0x0000000082200000
Domain0 Next Mode           : S-mode
Domain0 SysReset            : yes
Domain0 SysSuspend          : yes

Boot HART ID                : 0
Boot HART Domain            : root
Boot HART Priv Version      : v1.12
Boot HART Base ISA          : rv64imafdc
Boot HART ISA Extensions    : sscofpmf,sstc,zicntr,zihpm,smcntrpmf,sdtrig
Boot HART PMP Count         : 0
Boot HART PMP Granularity   : 0 bits
Boot HART PMP Address Bits  : 0
Boot HART MHPM Info         : 13 (0x0000fff8)
Boot HART Debug Triggers    : 1 triggers
Boot HART MIDELEG           : 0x0000000000002222
Boot HART MEDELEG           : 0x000000000004b109
[c=8000000]
cosim: 6000000 retirements ok (pc=ffffffff808bd8dc)
[c=9000000]
[c=10000000]
cosim: 7000000 retirements ok (pc=ffffffff8049ad12)
[c=11000000]
cosim: 8000000 retirements ok (pc=ffffffff8019e864)
[c=12000000]
[c=13000000]
cosim: 9000000 retirements ok (pc=ffffffff8049ae88)
[c=14000000]
cosim: 10000000 retirements ok (pc=ffffffff8019e57e)
[c=15000000]
[c=16000000]
cosim: 11000000 retirements ok (pc=ffffffff808da65e)
[    0.000000] Linux version 7.1.0 (tommy@coffee) (riscv64-linux-gnu-gcc (Ubuntu 15.2.0-16ubuntu1) 15.2.0, GNU ld (GNU Binutils for Ubuntu) 2.46) #31 PREEMPT Sun Jun 28 15:03:59 PDT 2026
[    0.000000] random: crng init done
[    0.000000] Machine model: SmolRV64 gb5 2 GiB
[    0.000000] SBI specification v3.0 detected
[    0.000000] SBI implementation ID=0x1 Version=0x10008
[    0.000000] SBI TIME extension detected
[    0.000000] SBI IPI extension detected
[    0.000000] SBI RFENCE extension detected
[    0.000000] SBI DBCN extension detected
[    0.000000] SBI FWFT extension detected
[    0.000000] earlycon: sbi0 at I/O port 0x0 (options '')
[    0.000000] printk: legacy bootconsole [sbi0] enabled
[    0.000000] printk: debug: ignoring loglevel setting.
[c=17000000]
[    0.000000] efi: UEFI not found.
[c=18000000]
[    0.000000] OF: reserved mem: 0x0000000080000000..0x000000008003ffff (256 KiB) nomap non-reusable mmode_resv1@80000000
cosim: 12000000 retirements ok (pc=ffffffff808bd978)
[    0.000000] OF: reserved mem: 0x0000000080040000..0x000000008005ffff (128 KiB) nomap non-reusable mmode_resv0@80040000
[c=19000000]
[    0.000000] riscv: base ISA extensions acdfim
[    0.000000] riscv: ELF capabilities acdfim
[c=20000000]
[    0.000000] Ticket spinlock: enabled
[c=21000000]
[c=22000000]
cosim: 13000000 retirements ok (pc=ffffffff808e2b6c)
[c=23000000]
[c=24000000]
[c=25000000]
[c=26000000]
[c=27000000]
[c=28000000]
[c=29000000]
[c=30000000]
[c=31000000]
[c=32000000]
cosim: 14000000 retirements ok (pc=ffffffff808e2b4c)
[c=33000000]
[c=34000000]
[c=35000000]
[c=36000000]
[c=37000000]
[c=38000000]
[c=39000000]
[c=40000000]
[c=41000000]
[c=42000000]
[    0.00[c=43000000]
0000] Zone ranges:
cosim: 15000000 retirements ok (pc=ffffffff80078960)
[    0.000000]   DMA32    [mem 0x0000000080000000-0x00000000ffefffff]
[    0.000000]   Normal   empty
[    0.000000] Movable zone start for each node
[    0.000000] Early memory node ranges
[    0.000000]   node   0: [mem 0x0000000080000000-0x000000008005ffff]
[    0.000000]   node   0: [mem 0x0000000080060000-0x00000000ffefffff]
[    0.000000] Initmem setup node 0 [mem 0x0000000080000000-0x00000000ffefffff]
[c=44000000]
[c=45000000]
cosim: 16000000 retirements ok (pc=ffffffff80a11b30)
[c=46000000]
[c=47000000]
cosim: 17000000 retirements ok (pc=ffffffff80a115be)
[c=48000000]
[c=49000000]
[c=50000000]
cosim: 18000000 retirements ok (pc=ffffffff80a115de)
[c=51000000]
[c=52000000]
cosim: 19000000 retirements ok (pc=ffffffff80a11a4e)
[c=53000000]
[c=54000000]
[c=55000000]
cosim: 20000000 retirements ok (pc=ffffffff80a11af6)
[c=56000000]
[c=57000000]
cosim: 21000000 retirements ok (pc=ffffffff80a11b1c)
[c=58000000]
[c=59000000]
cosim: 22000000 retirements ok (pc=ffffffff80a11b38)
[c=60000000]
[c=61000000]
[c=62000000]
cosim: 23000000 retirements ok (pc=ffffffff80a11a52)
[c=63000000]
[c=64000000]
cosim: 24000000 retirements ok (pc=ffffffff80a11af8)
[c=65000000]
[c=66000000]
[c=67000000]
cosim: 25000000 retirements ok (pc=ffffffff80a11b1e)
[c=68000000]
[c=69000000]
cosim: 26000000 retirements ok (pc=ffffffff80a115b0)
[c=70000000]
[c=71000000]
[c=72000000]
cosim: 27000000 retirements ok (pc=ffffffff80a115c8)
[c=73000000]
[c=74000000]
cosim: 28000000 retirements ok (pc=ffffffff80a11b54)
[c=75000000]
[c=76000000]
cosim: 29000000 retirements ok (pc=ffffffff80a11a5e)
[c=77000000]
[c=78000000]
[c=79000000]
cosim: 30000000 retirements ok (pc=ffffffff80a11b04)
[c=80000000]
[c=81000000]
cosim: 31000000 retirements ok (pc=ffffffff80a11b26)
[c=82000000]
[c=83000000]
[c=84000000]
cosim: 32000000 retirements ok (pc=ffffffff80a115b6)
[c=85000000]
[c=86000000]
cosim: 33000000 retirements ok (pc=ffffffff80a115d4)
[c=87000000]
[c=88000000]
[c=89000000]
cosim: 34000000 retirements ok (pc=ffffffff80a11b68)
[c=90000000]
[c=91000000]
cosim: 35000000 retirements ok (pc=ffffffff80a11b28)
[c=92000000]
[c=93000000]
cosim: 36000000 retirements ok (pc=ffffffff80a115b8)
[c=94000000]
[c=95000000]
[c=96000000]
cosim: 37000000 retirements ok (pc=ffffffff80a115d8)
[c=97000000]
[c=98000000]
cosim: 38000000 retirements ok (pc=ffffffff80a11a94)
[c=99000000]
[c=100000000]
[c=101000000]
cosim: 39000000 retirements ok (pc=ffffffff80a11aec)
[c=102000000]
[c=103000000]
cosim: 40000000 retirements ok (pc=ffffffff80a11b12)
[c=104000000]
[c=105000000]
[c=106000000]
cosim: 41000000 retirements ok (pc=ffffffff80a11b30)
[c=107000000]
[c=108000000]
cosim: 42000000 retirements ok (pc=ffffffff80a115be)
[c=109000000]
[c=110000000]
cosim: 43000000 retirements ok (pc=ffffffff80a115de)
[c=111000000]
[c=112000000]
[c=113000000]
cosim: 44000000 retirements ok (pc=ffffffff80a11a4e)
[c=114000000]
[c=115000000]
cosim: 45000000 retirements ok (pc=ffffffff80a11af6)
[c=116000000]
[c=117000000]
[c=118000000]
cosim: 46000000 retirements ok (pc=ffffffff80a11b1c)
[c=119000000]
[c=120000000]
cosim: 47000000 retirements ok (pc=ffffffff80a115ae)
[c=121000000]
[c=122000000]
[c=123000000]
cosim: 48000000 retirements ok (pc=ffffffff80a11a52)
[    0.000000] On node 0, zone DMA32: 256 pages in unavailable ranges
[    0.000000] pcpu-alloc: s0 r0 d32768 u32768 alloc=1*32768
[    0.000000] pcpu-alloc: [0] 0 
[    0.000000] Kernel command line: console=ttyS0 earlycon=sbi root=/dev/raw rw ignore_loglevel random.trust_bootloader=on
[c=124000000]
[    0.000000] printk: log buffer data + meta data: 131072 + 458752 = 589824 bytes
[c=125000000]
[c=126000000]
[c=127000000]
[    0.000000] Dentry cache hash table entries: 262144 (order: 9, 2097152 bytes, linear)
[c=128000000]
[    0.000000] Inode-cache hash table entries: 131072 (order: 8, 1048576 bytes, linear)
[    0.000000] Built 1 zonelists, mobility grouping on.  Total pages: 524032
[    0.000000] mem auto-init: stack:all(zero), heap alloc:off, heap free:off
cosim: 49000000 retirements ok (pc=ffffffff80a119fe)
[c=129000000]
[c=130000000]
cosim: 50000000 retirements ok (pc=ffffffff80a15270)
[c=131000000]
[c=132000000]
[c=133000000]
cosim: 51000000 retirements ok (pc=ffffffff80a15362)
[c=134000000]
[c=135000000]
[c=136000000]
cosim: 52000000 retirements ok (pc=ffffffff8020b6ba)
[c=137000000]
[c=138000000]
[c=139000000]
[c=140000000]
cosim: 53000000 retirements ok (pc=ffffffff8020b6b0)
[c=141000000]
[c=142000000]
[c=143000000]
[c=144000000]
cosim: 54000000 retirements ok (pc=ffffffff8020b6c4)
[c=145000000]
[c=146000000]
[c=147000000]
[c=148000000]
cosim: 55000000 retirements ok (pc=ffffffff80a14a46)
[c=149000000]
[c=150000000]
[c=151000000]
cosim: 56000000 retirements ok (pc=ffffffff80a14a5c)
[c=152000000]
[c=153000000]
[c=154000000]
[c=155000000]
cosim: 57000000 retirements ok (pc=ffffffff80a14a4e)
[c=156000000]
[c=157000000]
[c=158000000]
[c=159000000]
cosim: 58000000 retirements ok (pc=ffffffff80a14a5c)
[c=160000000]
[c=161000000]
[c=162000000]
[    0.000000] SLUB: HWalign=64, Order=0-3, MinObjects=0, CPUs=1, Nodes=1
[c=163000000]
cosim: 59000000 retirements ok (pc=ffffffff800ee020)
[c=164000000]
[    0.000000] RCU Tasks: Setting shift to 0 and lim to 1 rcu_task_cb_adjust=1 rcu_task_cpu_ids=1.
[c=165000000]
[c=166000000]
cosim: 60000000 retirements ok (pc=ffffffff800f6554)
[c=167000000]
[c=168000000]
[c=169000000]
cosim: 61000000 retirements ok (pc=ffffffff800f6552)
[c=170000000]
[c=171000000]
[c=172000000]
cosim: 62000000 retirements ok (pc=ffffffff800f6552)
[c=173000000]
[c=174000000]
[c=175000000]
cosim: 63000000 retirements ok (pc=ffffffff800f652a)
[c=176000000]
[c=177000000]
[c=178000000]
cosim: 64000000 retirements ok (pc=ffffffff800f6552)
[c=179000000]
[c=180000000]
[c=181000000]
cosim: 65000000 retirements ok (pc=ffffffff800f6554)
[c=182000000]
[c=183000000]
[c=184000000]
cosim: 66000000 retirements ok (pc=ffffffff808d89e2)
[c=185000000]
[c=186000000]
[c=187000000]
cosim: 67000000 retirements ok (pc=ffffffff800f6554)
[c=188000000]
cosim: 68000000 retirements ok (pc=ffffffff800f6552)
[c=189000000]
cosim: 69000000 retirements ok (pc=ffffffff808e2c90)
[c=190000000]
[c=191000000]
[c=192000000]
cosim: 70000000 retirements ok (pc=ffffffff80219778)
[c=193000000]
[c=194000000]
cosim: 71000000 retirements ok (pc=ffffffff80212f62)
[c=195000000]
[c=196000000]
cosim: 72000000 retirements ok (pc=ffffffff808d89d6)
[    0.000000] NR_IRQS: 64, nr_irqs: 64, preallocated irqs: 0
[    0.000000] riscv-intc: 64 local interrupts mapped
[c=197000000]
[    0.000000] clocksource: riscv_clocksource: mask: 0xffffffffffffffff max_cycles: 0x179dd7f66, max_idle_ns: 28210892933900 ns
[    0.000100] sched_clock: 64 bits at 100kHz, resolution 10000ns, wraps every 35184372085000ns
[    0.003920] riscv-timer: Timer interrupt in S-mode is available via sstc extension
[    0.037470] Console: colour dummy device 80x25
[    0.044410] Calibrating delay loop (skipped), value calculated using timer frequency.. 0.20 BogoMIPS (lpj=1000)
[    0.048980] pid_max: default: 32768 minimum: 301
[c=198000000]
[    0.130290] Mount-cache hash table entries: 4096 (order: 3, 32768 bytes, linear)
[    0.136840] Mountpoint-cache hash table entries: 4096 (order: 3, 32768 bytes, linear)
[c=199000000]
[    0.164720] VFS: Finished mounting rootfs on nullfs
[c=200000000]
cosim: 73000000 retirements ok (pc=ffffffff80059eb2)
[c=201000000]
[    0.324620] ASID allocator using 10 bits (1024 entries)
[    0.368700] EFI services will not be available.
[c=202000000]
[    0.377500] Memory: 1856752K/2096128K available (9136K kernel code, 5791K rwdata, 4096K rodata, 2301K init, 360K bss, 237588K reserved, 0K cma-reserved)
[    0.440910] devtmpfs: initialized
[c=203000000]
cosim: 74000000 retirements ok (pc=ffffffff808eb3c0)
[c=204000000]
[    0.571700] clocksource: jiffies: mask: 0xffffffff max_cycles: 0xffffffff, max_idle_ns: 19112604462750000 ns
[    0.579290] posixtimers hash table entries: 512 (order: 0, 4096 bytes, linear)
[    0.584870] futex hash table entries: 256 (8192 bytes on 1 NUMA nodes, total 8 KiB, linear).
[c=205000000]
[    0.626260] DMI: not present or invalid.
[    0.653920] NET: Registered PF_NETLINK/PF_ROUTE protocol family
[c=206000000]
[    0.673430] DMA: preallocated 256 KiB GFP_KERNEL|GFP_DMA32 pool for atomic allocations
[    0.679260] audit: initializing netlink subsys (disabled)
[    0.704380] audit: type=2000 audit(0.630:1): state=initialized audit_enabled=0 res=1
cosim: 75000000 retirements ok (pc=ffffffff808eb3f2)
[    0.729070] cpuidle: using governor menu
[c=207000000]
[c=208000000]
[c=209000000]
cosim: 76000000 retirements ok (pc=ffffffff800ae850)
[    0.944630] HugeTLB: registered 2.00 MiB page size, pre-allocated 0 pages
[    0.947890] HugeTLB: 28 KiB vmemmap can be freed for a 2.00 MiB page
[c=210000000]
[c=211000000]
cosim: 77000000 retirements ok (pc=ffffffff800f77e6)
[c=212000000]
[c=213000000]
[c=214000000]
[    1.278320] SCSI subsystem initialized
cosim: 78000000 retirements ok (pc=ffffffff800f7758)
[c=215000000]
[    1.361810] Advanced Linux Sound Architecture Driver Initialized.
[c=216000000]
cosim: 79000000 retirements ok (pc=ffffffff808d89bc)
[c=217000000]
[c=218000000]
cosim: 80000000 retirements ok (pc=ffffffff808e2d24)
[c=219000000]
[    1.660680] clocksource: Switched to clocksource riscv_clocksource
[c=220000000]
[c=221000000]
cosim: 81000000 retirements ok (pc=ffffffff800af5b4)
[c=222000000]
[c=223000000]
cosim: 82000000 retirements ok (pc=ffffffff800f7728)
[c=224000000]
[c=225000000]
[c=226000000]
cosim: 83000000 retirements ok (pc=ffffffff80058bf2)
[c=227000000]
[c=228000000]
[c=229000000]
cosim: 84000000 retirements ok (pc=ffffffff808e2d1c)
[c=230000000]
[c=231000000]
[c=232000000]
cosim: 85000000 retirements ok (pc=ffffffff800f7766)
[c=233000000]
[c=234000000]
cosim: 86000000 retirements ok (pc=ffffffff800f7724)
[c=235000000]
[c=236000000]
[c=237000000]
cosim: 87000000 retirements ok (pc=ffffffff800f7758)
[c=238000000]
[c=239000000]
[c=240000000]
cosim: 88000000 retirements ok (pc=ffffffff801c8570)
[c=241000000]
[c=242000000]
cosim: 89000000 retirements ok (pc=ffffffff8004bf90)
[c=243000000]
[c=244000000]
[c=245000000]
cosim: 90000000 retirements ok (pc=ffffffff800f7756)
[c=246000000]
[c=247000000]
cosim: 91000000 retirements ok (pc=ffffffff80219f02)
[c=248000000]
[    3.829650] NET: Registered PF_INET protocol family
[c=249000000]
[    3.931990] IP idents hash table entries: 32768 (order: 6, 262144 bytes, linear)
[c=250000000]
cosim: 92000000 retirements ok (pc=ffffffff804ae82a)
[c=251000000]
cosim: 93000000 retirements ok (pc=ffffffff800af1e0)
[c=252000000]
[c=253000000]
cosim: 94000000 retirements ok (pc=ffffffff8004f00a)
[c=254000000]
cosim: 95000000 retirements ok (pc=ffffffff800f771a)
[c=255000000]
[c=256000000]
cosim: 96000000 retirements ok (pc=ffffffff8004bf28)
[c=257000000]
[c=258000000]
cosim: 97000000 retirements ok (pc=ffffffff804ae5fa)
[c=259000000]
cosim: 98000000 retirements ok (pc=ffffffff804ae5fc)
[c=260000000]
[c=261000000]
cosim: 99000000 retirements ok (pc=ffffffff808d86ac)
[c=262000000]
[    4.913610] tcp_listen_portaddr_hash hash table entries: 1024 (order: 1, 8192 bytes, linear)
[    4.919330] Table-perturb hash table entries: 65536 (order: 6, 262144 bytes, linear)
[    4.924530] TCP established hash table entries: 16384 (order: 5, 131072 bytes, linear)
[c=263000000]
cosim: 100000000 retirements ok (pc=000000008001513c)
[    4.995720] TCP bind hash table entries: 16384 (order: 6, 262144 bytes, linear)
[c=264000000]
[c=265000000]
[    5.127750] TCP: Hash tables configured (established 16384 bind 16384)
[    5.171630] UDP hash table entries: 1024 (order: 4, 65536 bytes, linear)
[c=266000000]
cosim: 101000000 retirements ok (pc=ffffffff800f76aa)
[    5.214930] NET: Registered PF_UNIX/PF_LOCAL protocol family
[c=267000000]
[c=268000000]
[    5.333720] RPC: Registered named UNIX socket transport module.
[    5.352030] RPC: Registered udp transport module.
[    5.355180] RPC: Registered tcp transport module.
[    5.357530] RPC: Registered tcp-with-tls transport module.
[    5.360040] RPC: Registered tcp NFSv4.1 backchannel transport module.
cosim: 102000000 retirements ok (pc=ffffffff80053ad2)
[c=269000000]
[    5.419700] Unpacking initramfs...
[c=270000000]
[c=271000000]
cosim: 103000000 retirements ok (pc=ffffffff808e28b4)
[c=272000000]
[    5.665910] workingset: timestamp_bits=46 (anon: 42) max_order=19 bucket_order=0 (anon: 0)
[c=273000000]
[c=274000000]
cosim: 104000000 retirements ok (pc=ffffffff800f771a)
[c=275000000]
[    5.895260] NFS: Registering the id_resolver key type
[    5.899250] Key type id_resolver registered
[c=276000000]
[    5.952170] Key type id_legacy registered
[    5.957480] nfs4filelayout_init: NFSv4 File Layout Driver Registering...
[    5.960430] nfs4flexfilelayout_init: NFSv4 Flexfile Layout Driver Registering...
[c=277000000]
[    6.022760] 9p: Installing v9fs 9p2000 file scosim: 105000000 retirements ok (pc=00000000800024ae)
ystem support
[c=278000000]
[    6.142650] Block layer SCSI generic (bsg) driver version 0.4 loaded (major 251)
[c=279000000]
[    6.225610] io scheduler mq-deadline registered
[c=280000000]
cosim: 106000000 retirements ok (pc=ffffffff800f76b4)
[    6.252230] io scheduler kyber registered
[    6.277190] io scheduler bfq registered
[c=281000000]
[    6.358210] riscv-plic: interrupt-controller@c000000: mapped 54 interrupts with 1 handlers for 2 contexts.
[c=282000000]
cosim: 107000000 retirements ok (pc=ffffffff800ae512)
[c=283000000]
[c=284000000]
[c=285000000]
cosim: 108000000 retirements ok (pc=ffffffff802e247a)
[c=286000000]
[c=287000000]
[c=288000000]
cosim: 109000000 retirements ok (pc=ffffffff8053112a)
[c=289000000]
[c=290000000]
[c=291000000]
cosim: 110000000 retirements ok (pc=ffffffff800af1c6)
[c=292000000]
[c=293000000]
[c=294000000]
cosim: 111000000 retirements ok (pc=ffffffff808ee220)
[c=295000000]
[c=296000000]
[c=297000000]
cosim: 112000000 retirements ok (pc=ffffffff808e2936)
[c=298000000]
[c=299000000]
[c=300000000]
cosim: 113000000 retirements ok (pc=ffffffff80218368)
[c=301000000]
[c=302000000]
[c=303000000]
cosim: 114000000 retirements ok (pc=ffffffff808c47d6)
[c=304000000]
[c=305000000]
[c=306000000]
cosim: 115000000 retirements ok (pc=ffffffff808e2bc4)
[c=307000000]
[c=308000000]
[c=309000000]
cosim: 116000000 retirements ok (pc=ffffffff8006436c)
[c=310000000]
[c=311000000]
[c=312000000]
cosim: 117000000 retirements ok (pc=ffffffff800a47ec)
[c=313000000]
[c=314000000]
[c=315000000]
cosim: 118000000 retirements ok (pc=ffffffff800a2468)
[c=316000000]
[c=317000000]
[c=318000000]
cosim: 119000000 retirements ok (pc=ffffffff800af290)
[c=319000000]
[c=320000000]
[c=321000000]
cosim: 120000000 retirements ok (pc=ffffffff80273176)
[c=322000000]
[c=323000000]
[c=324000000]
cosim: 121000000 retirements ok (pc=ffffffff800a47de)
[c=325000000]
[c=326000000]
[c=327000000]
cosim: 122000000 retirements ok (pc=ffffffff800af190)
[c=328000000]
[c=329000000]
[c=330000000]
cosim: 123000000 retirements ok (pc=ffffffff8006c2d8)
[c=331000000]
[c=332000000]
[c=333000000]
cosim: 124000000 retirements ok (pc=ffffffff800a2258)
[c=334000000]
[c=335000000]
[c=336000000]
cosim: 125000000 retirements ok (pc=ffffffff80057ce8)
[c=337000000]
[c=338000000]
[c=339000000]
cosim: 126000000 retirements ok (pc=ffffffff8024453a)
[c=340000000]
[c=341000000]
[c=342000000]
cosim: 127000000 retirements ok (pc=ffffffff808e692a)
[c=343000000]
[c=344000000]
[c=345000000]
cosim: 128000000 retirements ok (pc=ffffffff800642fa)
[c=346000000]
[c=347000000]
[c=348000000]
cosim: 129000000 retirements ok (pc=ffffffff8068b99c)
[c=349000000]
[c=350000000]
[c=351000000]
cosim: 130000000 retirements ok (pc=ffffffff808e6814)
[c=352000000]
[c=353000000]
[c=354000000]
cosim: 131000000 retirements ok (pc=ffffffff808e2c96)
[c=355000000]
[c=356000000]
[c=357000000]
cosim: 132000000 retirements ok (pc=ffffffff800a1168)
[c=358000000]
[c=359000000]
[c=360000000]
cosim: 133000000 retirements ok (pc=ffffffff804c25b4)
[c=361000000]
[c=362000000]
[c=363000000]
cosim: 134000000 retirements ok (pc=ffffffff800a5930)
[c=364000000]
[c=365000000]
[c=366000000]
cosim: 135000000 retirements ok (pc=ffffffff808e6ef2)
[c=367000000]
[c=368000000]
[c=369000000]
[c=370000000]
cosim: 136000000 retirements ok (pc=ffffffff808ee344)
[c=371000000]
[c=372000000]
[c=373000000]
cosim: 137000000 retirements ok (pc=ffffffff808d8998)
[c=374000000]
[c=375000000]
[c=376000000]
cosim: 138000000 retirements ok (pc=ffffffff808d89da)
[c=377000000]
[c=378000000]
[c=379000000]
cosim: 139000000 retirements ok (pc=ffffffff808e28e8)
[c=380000000]
[c=381000000]
[c=382000000]
cosim: 140000000 retirements ok (pc=ffffffff808e2b50)
[c=383000000]
[c=384000000]
[c=385000000]
cosim: 141000000 retirements ok (pc=ffffffff801a293a)
[c=386000000]
[c=387000000]
[c=388000000]
cosim: 142000000 retirements ok (pc=ffffffff8005541a)
[c=389000000]
[c=390000000]
[c=391000000]
cosim: 143000000 retirements ok (pc=ffffffff808e2b68)
[c=392000000]
[c=393000000]
[c=394000000]
cosim: 144000000 retirements ok (pc=ffffffff800af1e6)
[c=395000000]
[c=396000000]
[c=397000000]
cosim: 145000000 retirements ok (pc=ffffffff808d8994)
[c=398000000]
[c=399000000]
[c=400000000]
cosim: 146000000 retirements ok (pc=ffffffff800585f2)
[c=401000000]
[c=402000000]
[c=403000000]
cosim: 147000000 retirements ok (pc=ffffffff800f7800)
[c=404000000]
[c=405000000]
[c=406000000]
cosim: 148000000 retirements ok (pc=ffffffff808c4fde)
[c=407000000]
[c=408000000]
[c=409000000]
cosim: 149000000 retirements ok (pc=ffffffff800640c8)
[c=410000000]
[c=411000000]
[c=412000000]
cosim: 150000000 retirements ok (pc=ffffffff800585d2)
[c=413000000]
[c=414000000]
[c=415000000]
cosim: 151000000 retirements ok (pc=ffffffff802e546c)
[c=416000000]
[c=417000000]
[c=418000000]
cosim: 152000000 retirements ok (pc=ffffffff800f7752)
[c=419000000]
[c=420000000]
[c=421000000]
cosim: 153000000 retirements ok (pc=ffffffff80272c16)
[c=422000000]
[c=423000000]
[c=424000000]
cosim: 154000000 retirements ok (pc=ffffffff800a19cc)
[c=425000000]
[c=426000000]
[c=427000000]
cosim: 155000000 retirements ok (pc=ffffffff808d90f8)
[c=428000000]
[c=429000000]
[c=430000000]
[c=431000000]
cosim: 156000000 retirements ok (pc=ffffffff80057282)
[c=432000000]
[c=433000000]
[c=434000000]
cosim: 157000000 retirements ok (pc=ffffffff808da7d2)
[c=435000000]
[c=436000000]
[c=437000000]
cosim: 158000000 retirements ok (pc=ffffffff808d89da)
[c=438000000]
[c=439000000]
[c=440000000]
cosim: 159000000 retirements ok (pc=ffffffff80273766)
[c=441000000]
[c=442000000]
[c=443000000]
cosim: 160000000 retirements ok (pc=ffffffff808cc294)
[c=444000000]
[c=445000000]
[c=446000000]
cosim: 161000000 retirements ok (pc=ffffffff800f76c2)
[c=447000000]
[c=448000000]
[c=449000000]
cosim: 162000000 retirements ok (pc=ffffffff800558b4)
[c=450000000]
[c=451000000]
[c=452000000]
cosim: 163000000 retirements ok (pc=ffffffff800a2296)
[c=453000000]
[c=454000000]
[c=455000000]
cosim: 164000000 retirements ok (pc=ffffffff8020f624)
[c=456000000]
[c=457000000]
[c=458000000]
cosim: 165000000 retirements ok (pc=ffffffff80212f6a)
[c=459000000]
[c=460000000]
[c=461000000]
cosim: 166000000 retirements ok (pc=ffffffff8005474a)
[c=462000000]
[c=463000000]
[c=464000000]
cosim: 167000000 retirements ok (pc=ffffffff80248954)
[c=465000000]
[c=466000000]
[c=467000000]
cosim: 168000000 retirements ok (pc=ffffffff800a481a)
[c=468000000]
[c=469000000]
[c=470000000]
cosim: 169000000 retirements ok (pc=ffffffff800a58f2)
[c=471000000]
[c=472000000]
[c=473000000]
cosim: 170000000 retirements ok (pc=ffffffff808e2948)
[c=474000000]
[c=475000000]
[c=476000000]
cosim: 171000000 retirements ok (pc=ffffffff808cc2ae)
[c=477000000]
[c=478000000]
[c=479000000]
cosim: 172000000 retirements ok (pc=ffffffff808e675e)
[c=480000000]
[c=481000000]
[c=482000000]
[c=483000000]
cosim: 173000000 retirements ok (pc=ffffffff80057438)
[c=484000000]
[c=485000000]
[c=486000000]
cosim: 174000000 retirements ok (pc=ffffffff808db708)
[c=487000000]
[c=488000000]
[c=489000000]
cosim: 175000000 retirements ok (pc=ffffffff800640b4)
[c=490000000]
[c=491000000]
[c=492000000]
cosim: 176000000 retirements ok (pc=ffffffff8004f114)
[c=493000000]
[c=494000000]
[c=495000000]
cosim: 177000000 retirements ok (pc=ffffffff8053115e)
[c=496000000]
[c=497000000]
[c=498000000]
cosim: 178000000 retirements ok (pc=ffffffff808e724c)
[c=499000000]
[c=500000000]
[c=501000000]
cosim: 179000000 retirements ok (pc=ffffffff8004f96c)
[c=502000000]
[c=503000000]
[c=504000000]
cosim: 180000000 retirements ok (pc=ffffffff80058654)
[c=505000000]
[c=506000000]
[c=507000000]
[c=508000000]
cosim: 181000000 retirements ok (pc=ffffffff800a164c)
[c=509000000]
[c=510000000]
[c=511000000]
cosim: 182000000 retirements ok (pc=ffffffff808e2c96)
[c=512000000]
[c=513000000]
[c=514000000]
cosim: 183000000 retirements ok (pc=ffffffff8006529c)
[c=515000000]
[c=516000000]
[c=517000000]
cosim: 184000000 retirements ok (pc=ffffffff800a088a)
[c=518000000]
[c=519000000]
[c=520000000]
cosim: 185000000 retirements ok (pc=ffffffff80272c12)
[c=521000000]
[c=522000000]
[c=523000000]
cosim: 186000000 retirements ok (pc=ffffffff8018f57a)
[c=524000000]
[c=525000000]
[c=526000000]
cosim: 187000000 retirements ok (pc=ffffffff808ee340)
[c=527000000]
[c=528000000]
[c=529000000]
cosim: 188000000 retirements ok (pc=ffffffff800a1940)
[c=530000000]
[c=531000000]
[c=532000000]
cosim: 189000000 retirements ok (pc=ffffffff800f781c)
[c=533000000]
[c=534000000]
[c=535000000]
[c=536000000]
cosim: 190000000 retirements ok (pc=ffffffff808ee152)
[c=537000000]
[c=538000000]
[c=539000000]
cosim: 191000000 retirements ok (pc=ffffffff800a104a)
[c=540000000]
[c=541000000]
[c=542000000]
cosim: 192000000 retirements ok (pc=ffffffff800f76bc)
[c=543000000]
[c=544000000]
[c=545000000]
cosim: 193000000 retirements ok (pc=ffffffff800f76aa)
[c=546000000]
[c=547000000]
[c=548000000]
cosim: 194000000 retirements ok (pc=ffffffff800f77e8)
[c=549000000]
[c=550000000]
[c=551000000]
cosim: 195000000 retirements ok (pc=ffffffff800f76bc)
[c=552000000]
[c=553000000]
[c=554000000]
cosim: 196000000 retirements ok (pc=ffffffff800a15ea)
[c=555000000]
[c=556000000]
[c=557000000]
cosim: 197000000 retirements ok (pc=ffffffff808d53ec)
[c=558000000]
[c=559000000]
[c=560000000]
cosim: 198000000 retirements ok (pc=ffffffff800a0970)
[c=561000000]
[c=562000000]
[c=563000000]
cosim: 199000000 retirements ok (pc=ffffffff8009de02)
[c=564000000]
[c=565000000]
[c=566000000]
cosim: 200000000 retirements ok (pc=ffffffff801b47f6)
[c=567000000]
[c=568000000]
[c=569000000]
cosim: 201000000 retirements ok (pc=ffffffff800a199c)
[c=570000000]
[c=571000000]
[c=572000000]
cosim: 202000000 retirements ok (pc=ffffffff800f76c6)
[c=573000000]
[c=574000000]
[c=575000000]
cosim: 203000000 retirements ok (pc=ffffffff808d52f6)
[c=576000000]
[c=577000000]
[c=578000000]
cosim: 204000000 retirements ok (pc=ffffffff800f76b4)
[c=579000000]
[c=580000000]
[c=581000000]
cosim: 205000000 retirements ok (pc=ffffffff800f76ac)
[c=582000000]
[c=583000000]
[c=584000000]
cosim: 206000000 retirements ok (pc=ffffffff808ee15e)
[c=585000000]
[c=586000000]
[c=587000000]
[c=588000000]
cosim: 207000000 retirements ok (pc=ffffffff80059dc0)
[c=589000000]
[c=590000000]
[c=591000000]
cosim: 208000000 retirements ok (pc=ffffffff805310e4)
[c=592000000]
[c=593000000]
[   29.791520] Serial: 8250/16550 driver, 4 ports, IRQ sharing disabled
[c=594000000]
cosim: 209000000 retirements ok (pc=ffffffff808e176c)
[c=595000000]
[c=596000000]
[c=597000000]
cosim: 210000000 retirements ok (pc=ffffffff800f76a2)
[c=598000000]
[c=599000000]
[c=600000000]
cosim: 211000000 retirements ok (pc=ffffffff8005d2da)
[c=601000000]
[c=602000000]
[c=603000000]
cosim: 212000000 retirements ok (pc=ffffffff800f76d4)
[c=604000000]
[c=605000000]
[   30.649630] printk: legacy console [ttyS0] disabled
[c=606000000]
cosim: 213000000 retirements ok (pc=ffffffff808c501e)
[   30.816670] 10000000.uart: ttyS0 at MMIO 0x10000000 (irq = 1, base_baud = 230400) is a 16550A
[c=607000000]
[   30.823770] printk: legacy console [ttyS0] enabled
[   30.823770] printk: legacy console [ttyS0] enabled
[   30.872480] printk: legacy bootconsole [sbi0] disabled
[   30.872480] printk: legacy bootconsole [sbi0] disabled
[c=608000000]
[c=609000000]
cosim: 214000000 retirements ok (pc=ffffffff800f76c2)
[c=610000000]
[c=611000000]
cosim: 215000000 retirements ok (pc=ffffffff800a227e)
[c=612000000]
[c=613000000]
[c=614000000]
cosim: 216000000 retirements ok (pc=ffffffff808d421e)
[c=615000000]
[c=616000000]
[c=617000000]
cosim: 217000000 retirements ok (pc=ffffffff80057258)
[c=618000000]
[c=619000000]
[c=620000000]
cosim: 218000000 retirements ok (pc=ffffffff808d4694)
[c=621000000]
[c=622000000]
[c=623000000]
cosim: 219000000 retirements ok (pc=ffffffff8006c2d0)
[c=624000000]
[c=625000000]
[c=626000000]
[c=627000000]
cosim: 220000000 retirements ok (pc=ffffffff808c24a2)
[c=628000000]
[c=629000000]
[c=630000000]
cosim: 221000000 retirements ok (pc=ffffffff804a2cec)
[c=631000000]
[c=632000000]
[c=633000000]
cosim: 222000000 retirements ok (pc=ffffffff8026ec4a)
[c=634000000]
[c=635000000]
cosim: 223000000 retirements ok (pc=ffffffff800f77e8)
[c=636000000]
[c=637000000]
[c=638000000]
cosim: 224000000 retirements ok (pc=ffffffff800a112e)
[c=639000000]
[c=640000000]
[c=641000000]
cosim: 225000000 retirements ok (pc=ffffffff808e6848)
[c=642000000]
[c=643000000]
[c=644000000]
cosim: 226000000 retirements ok (pc=ffffffff802e2b78)
[c=645000000]
[c=646000000]
[c=647000000]
cosim: 227000000 retirements ok (pc=ffffffff808e673e)
[c=648000000]
[c=649000000]
[c=650000000]
cosim: 228000000 retirements ok (pc=ffffffff800f77e6)
[c=651000000]
[   34.155930] loop: module loaded
[c=652000000]
[c=653000000]
cosim: 229000000 retirements ok (pc=ffffffff801a7aaa)
[c=654000000]
[c=655000000]
[c=656000000]
cosim: 230000000 retirements ok (pc=ffffffff800f76b8)
[c=657000000]
[c=658000000]
[c=659000000]
cosim: 231000000 retirements ok (pc=ffffffff802e2b7a)
[c=660000000]
[c=661000000]
[c=662000000]
cosim: 232000000 retirements ok (pc=ffffffff808de28a)
[c=663000000]
[c=664000000]
[c=665000000]
cosim: 233000000 retirements ok (pc=ffffffff804c25b6)
[c=666000000]
[c=667000000]
[c=668000000]
cosim: 234000000 retirements ok (pc=ffffffff80064066)
[c=669000000]
[c=670000000]
[c=671000000]
cosim: 235000000 retirements ok (pc=ffffffff800710d6)
[c=672000000]
[c=673000000]
[c=674000000]
cosim: 236000000 retirements ok (pc=ffffffff808df608)
[c=675000000]
[   35.983970] PPP generic driver version 2.4.2
[c=676000000]
[c=677000000]
cosim: 237000000 retirements ok (pc=ffffffff800f76c0)
[   36.115940] mousedev: PS/2 mouse device common for all mice
[c=678000000]
[c=679000000]
[c=680000000]
cosim: 238000000 retirements ok (pc=ffffffff80055832)
[   36.359610] riscv-pmu-sbi: SBI PMU extension is available
[c=681000000]
[   36.395490] riscv-pmu-sbi: 16 firmware and 15 hardware counters
[   36.398300] riscv-pmu-sbi: Perf sampling/filtering is not supported as sscof extension is not available
[c=682000000]
[c=683000000]
cosim: 239000000 retirements ok (pc=ffffffff802dd496)
[c=684000000]
[   36.621510] NET: Registered PF_INET6 protocol family
[c=685000000]
cosim: 240000000 retirements ok (pc=ffffffff8081c438)
[c=686000000]
[c=687000000]
[c=688000000]
cosim: 241000000 retirements ok (pc=ffffffff800af1ba)
[c=689000000]
[   37.015330] Segment Routing with IPv6
[c=690000000]
[   37.057980] In-situ OAM (IOAM) with IPv6
[   37.116110] sit: IPv6, IPv4 and MPLS over IPv4 tunneling driver
[c=691000000]
cosim: 242000000 retirements ok (pc=ffffffff80057d2c)
[c=692000000]
[c=693000000]
[c=694000000]
[   37.407650] NET: Registered PF_PACKET protocol family
cosim: 243000000 retirements ok (pc=ffffffff808e2c90)
[   37.416960] 9pnet: Installing 9P2000 support
[c=695000000]
[   37.456750] Key type dns_resolver registered
[c=696000000]
[   37.535870] cpu0: scalar unaligned word access speed is 6.09x byte access speed (fast)
[c=697000000]
cosim: 244000000 retirements ok (pc=ffffffff800f769c)
[c=698000000]
[c=699000000]
[c=700000000]
cosim: 245000000 retirements ok (pc=ffffffff800f76aa)
[c=701000000]
[c=702000000]
[c=703000000]
cosim: 246000000 retirements ok (pc=ffffffff800f76c2)
[c=704000000]
[c=705000000]
[c=706000000]
cosim: 247000000 retirements ok (pc=ffffffff800559a0)
[c=707000000]
[c=708000000]
[c=709000000]
cosim: 248000000 retirements ok (pc=ffffffff800f76bc)
[c=710000000]
[c=711000000]
[c=712000000]
cosim: 249000000 retirements ok (pc=ffffffff808e2bec)
[c=713000000]
[c=714000000]
cosim: 250000000 retirements ok (pc=ffffffff800f76a6)
[c=715000000]
[c=716000000]
[c=717000000]
cosim: 251000000 retirements ok (pc=ffffffff80059dc8)
[c=718000000]
[c=719000000]
[c=720000000]
cosim: 252000000 retirements ok (pc=ffffffff800b05a4)
[c=721000000]
[c=722000000]
[c=723000000]
cosim: 253000000 retirements ok (pc=ffffffff800f7698)
[c=724000000]
[c=725000000]
[c=726000000]
cosim: 254000000 retirements ok (pc=ffffffff800f76b8)
[c=727000000]
[c=728000000]
[c=729000000]
cosim: 255000000 retirements ok (pc=ffffffff808c24ba)
[c=730000000]
[c=731000000]
[c=732000000]
cosim: 256000000 retirements ok (pc=ffffffff800553a0)
[c=733000000]
[c=734000000]
[c=735000000]
cosim: 257000000 retirements ok (pc=ffffffff80063f74)
[c=736000000]
[c=737000000]
[c=738000000]
cosim: 258000000 retirements ok (pc=ffffffff800567d6)
[c=739000000]
[c=740000000]
[c=741000000]
cosim: 259000000 retirements ok (pc=ffffffff8006a0e2)
[c=742000000]
[c=743000000]
[c=744000000]
cosim: 260000000 retirements ok (pc=ffffffff808e290c)
[c=745000000]
[c=746000000]
cosim: 261000000 retirements ok (pc=ffffffff802e0516)
[c=747000000]
[c=748000000]
[c=749000000]
cosim: 262000000 retirements ok (pc=ffffffff800f7776)
[c=750000000]
[c=751000000]
[c=752000000]
cosim: 263000000 retirements ok (pc=ffffffff808d4230)
[c=753000000]
[c=754000000]
[c=755000000]
cosim: 264000000 retirements ok (pc=ffffffff804a2d5a)
[c=756000000]
[c=757000000]
[c=758000000]
cosim: 265000000 retirements ok (pc=ffffffff808e2c92)
[c=759000000]
[c=760000000]
cosim: 266000000 retirements ok (pc=ffffffff802e2aa0)
[c=761000000]
[c=762000000]
[c=763000000]
cosim: 267000000 retirements ok (pc=ffffffff808e2c96)
[c=764000000]
[c=765000000]
[c=766000000]
cosim: 268000000 retirements ok (pc=ffffffff80059c92)
[c=767000000]
[c=768000000]
[c=769000000]
cosim: 269000000 retirements ok (pc=ffffffff802e0f26)
[c=770000000]
[c=771000000]
cosim: 270000000 retirements ok (pc=ffffffff80058630)
[c=772000000]
[c=773000000]
[c=774000000]
cosim: 271000000 retirements ok (pc=ffffffff800f77ec)
[c=775000000]
[c=776000000]
[c=777000000]
cosim: 272000000 retirements ok (pc=ffffffff802e0ed8)
[c=778000000]
[c=779000000]
cosim: 273000000 retirements ok (pc=ffffffff800f76b4)
[c=780000000]
[c=781000000]
[c=782000000]
cosim: 274000000 retirements ok (pc=ffffffff801a660e)
[c=783000000]
[c=784000000]
[c=785000000]
cosim: 275000000 retirements ok (pc=ffffffff80219f44)
[c=786000000]
[c=787000000]
[c=788000000]
cosim: 276000000 retirements ok (pc=ffffffff800a379a)
[c=789000000]
[c=790000000]
cosim: 277000000 retirements ok (pc=ffffffff801c84fc)
[c=791000000]
[c=792000000]
[c=793000000]
cosim: 278000000 retirements ok (pc=ffffffff800f7758)
[c=794000000]
[c=795000000]
[c=796000000]
cosim: 279000000 retirements ok (pc=ffffffff802e03b8)
[c=797000000]
[c=798000000]
cosim: 280000000 retirements ok (pc=ffffffff800f775a)
[c=799000000]
[c=800000000]
[c=801000000]
cosim: 281000000 retirements ok (pc=ffffffff800a386e)
[c=802000000]
[c=803000000]
[c=804000000]
cosim: 282000000 retirements ok (pc=ffffffff804a31b4)
[c=805000000]
[c=806000000]
cosim: 283000000 retirements ok (pc=ffffffff800f76b0)
[c=807000000]
[c=808000000]
[c=809000000]
cosim: 284000000 retirements ok (pc=ffffffff808ee142)
[c=810000000]
[c=811000000]
[c=812000000]
cosim: 285000000 retirements ok (pc=ffffffff800f7756)
[c=813000000]
[c=814000000]
cosim: 286000000 retirements ok (pc=ffffffff8018f5aa)
[c=815000000]
[c=816000000]
[c=817000000]
cosim: 287000000 retirements ok (pc=ffffffff808de1b6)
[c=818000000]
[c=819000000]
[c=820000000]
cosim: 288000000 retirements ok (pc=ffffffff808e2900)
[c=821000000]
[c=822000000]
[c=823000000]
cosim: 289000000 retirements ok (pc=ffffffff80056850)
[c=824000000]
[c=825000000]
[c=826000000]
cosim: 290000000 retirements ok (pc=ffffffff80249692)
[c=827000000]
[c=828000000]
cosim: 291000000 retirements ok (pc=ffffffff808ee358)
[c=829000000]
[c=830000000]
[c=831000000]
cosim: 292000000 retirements ok (pc=ffffffff800f773a)
[c=832000000]
[c=833000000]
[c=834000000]
cosim: 293000000 retirements ok (pc=ffffffff800af714)
[c=835000000]
[c=836000000]
[c=837000000]
cosim: 294000000 retirements ok (pc=ffffffff808e2be8)
[c=838000000]
[c=839000000]
cosim: 295000000 retirements ok (pc=ffffffff800f76ae)
[c=840000000]
[c=841000000]
[c=842000000]
cosim: 296000000 retirements ok (pc=ffffffff8020ee6e)
[c=843000000]
[c=844000000]
[c=845000000]
cosim: 297000000 retirements ok (pc=ffffffff800f7666)
[c=846000000]
[c=847000000]
[c=848000000]
[c=849000000]
cosim: 298000000 retirements ok (pc=ffffffff808e2c96)
[c=850000000]
[c=851000000]
[c=852000000]
cosim: 299000000 retirements ok (pc=ffffffff808e290c)
[c=853000000]
[c=854000000]
[c=855000000]
cosim: 300000000 retirements ok (pc=ffffffff808ee210)
[c=856000000]
[c=857000000]
[c=858000000]
[c=859000000]
cosim: 301000000 retirements ok (pc=ffffffff800f7650)
[c=860000000]
[c=861000000]
cosim: 302000000 retirements ok (pc=ffffffff800f775a)
[c=862000000]
[c=863000000]
[c=864000000]
cosim: 303000000 retirements ok (pc=ffffffff800f77ec)
[c=865000000]
[c=866000000]
[c=867000000]
cosim: 304000000 retirements ok (pc=ffffffff800a3b78)
[c=868000000]
[c=869000000]
cosim: 305000000 retirements ok (pc=ffffffff8007fb6a)
[c=870000000]
[c=871000000]
[c=872000000]
cosim: 306000000 retirements ok (pc=ffffffff808e2d22)
[c=873000000]
[c=874000000]
[c=875000000]
cosim: 307000000 retirements ok (pc=ffffffff800f775e)
[c=876000000]
[c=877000000]
cosim: 308000000 retirements ok (pc=ffffffff808e2d12)
[c=878000000]
[c=879000000]
[c=880000000]
cosim: 309000000 retirements ok (pc=ffffffff808e28ea)
[c=881000000]
[c=882000000]
[c=883000000]
cosim: 310000000 retirements ok (pc=ffffffff80248966)
[c=884000000]
[c=885000000]
cosim: 311000000 retirements ok (pc=ffffffff800f76c2)
[c=886000000]
[c=887000000]
[c=888000000]
cosim: 312000000 retirements ok (pc=ffffffff800f771e)
[c=889000000]
[c=890000000]
[c=891000000]
cosim: 313000000 retirements ok (pc=ffffffff808e29da)
[c=892000000]
[c=893000000]
cosim: 314000000 retirements ok (pc=ffffffff800f77f8)
[c=894000000]
[c=895000000]
[c=896000000]
cosim: 315000000 retirements ok (pc=ffffffff800f7762)
[c=897000000]
[c=898000000]
[c=899000000]
cosim: 316000000 retirements ok (pc=ffffffff800f77e2)
[c=900000000]
[c=901000000]
cosim: 317000000 retirements ok (pc=ffffffff800f76ae)
[c=902000000]
[c=903000000]
[c=904000000]
cosim: 318000000 retirements ok (pc=ffffffff800f769c)
[c=905000000]
[c=906000000]
[c=907000000]
cosim: 319000000 retirements ok (pc=ffffffff800f7758)
[c=908000000]
[c=909000000]
cosim: 320000000 retirements ok (pc=ffffffff808e28f0)
[c=910000000]
[c=911000000]
[c=912000000]
cosim: 321000000 retirements ok (pc=ffffffff800f771a)
[c=913000000]
[c=914000000]
[c=915000000]
cosim: 322000000 retirements ok (pc=ffffffff800f76ac)
[c=916000000]
[c=917000000]
[c=918000000]
cosim: 323000000 retirements ok (pc=ffffffff801c8cd6)
[c=919000000]
[c=920000000]
cosim: 324000000 retirements ok (pc=ffffffff8024896e)
[c=921000000]
[c=922000000]
[c=923000000]
cosim: 325000000 retirements ok (pc=ffffffff800a2472)
[c=924000000]
[c=925000000]
[c=926000000]
cosim: 326000000 retirements ok (pc=ffffffff801c0e8a)
[c=927000000]
[c=928000000]
[c=929000000]
cosim: 327000000 retirements ok (pc=ffffffff808e308e)
[c=930000000]
[c=931000000]
cosim: 328000000 retirements ok (pc=ffffffff800f7762)
[c=932000000]
[c=933000000]
[c=934000000]
cosim: 329000000 retirements ok (pc=ffffffff800f768c)
[c=935000000]
[c=936000000]
[c=937000000]
cosim: 330000000 retirements ok (pc=ffffffff800f7728)
[c=938000000]
[c=939000000]
cosim: 331000000 retirements ok (pc=ffffffff8020e0f8)
[c=940000000]
[c=941000000]
[c=942000000]
cosim: 332000000 retirements ok (pc=ffffffff800f7698)
[c=943000000]
[c=944000000]
[c=945000000]
cosim: 333000000 retirements ok (pc=ffffffff800f775e)
[c=946000000]
[c=947000000]
[c=948000000]
cosim: 334000000 retirements ok (pc=ffffffff800f76ae)
[c=949000000]
[c=950000000]
cosim: 335000000 retirements ok (pc=ffffffff808e28a8)
[c=951000000]
[c=952000000]
[c=953000000]
cosim: 336000000 retirements ok (pc=ffffffff800f769c)
[c=954000000]
[c=955000000]
[c=956000000]
cosim: 337000000 retirements ok (pc=ffffffff800f769e)
[c=957000000]
[c=958000000]
[c=959000000]
cosim: 338000000 retirements ok (pc=ffffffff800f76aa)
[c=960000000]
[c=961000000]
cosim: 339000000 retirements ok (pc=ffffffff808e2c92)
[c=962000000]
[c=963000000]
[c=964000000]
cosim: 340000000 retirements ok (pc=ffffffff800f76ae)
[c=965000000]
[c=966000000]
[c=967000000]
cosim: 341000000 retirements ok (pc=ffffffff80248954)
[c=968000000]
[c=969000000]
[c=970000000]
cosim: 342000000 retirements ok (pc=ffffffff808e28d0)
[c=971000000]
[c=972000000]
cosim: 343000000 retirements ok (pc=ffffffff800f76a2)
[c=973000000]
[c=974000000]
[c=975000000]
cosim: 344000000 retirements ok (pc=ffffffff800f7752)
[c=976000000]
[c=977000000]
[c=978000000]
cosim: 345000000 retirements ok (pc=ffffffff800f76ac)
[c=979000000]
[c=980000000]
cosim: 346000000 retirements ok (pc=ffffffff8024a4e2)
[c=981000000]
[c=982000000]
[c=983000000]
cosim: 347000000 retirements ok (pc=ffffffff800f772a)
[c=984000000]
[c=985000000]
[c=986000000]
cosim: 348000000 retirements ok (pc=ffffffff800f769c)
[c=987000000]
[c=988000000]
[c=989000000]
cosim: 349000000 retirements ok (pc=ffffffff800f772a)
[c=990000000]
[c=991000000]
cosim: 350000000 retirements ok (pc=ffffffff8004f84a)
[c=992000000]
[c=993000000]
[c=994000000]
cosim: 351000000 retirements ok (pc=ffffffff800f76c0)
[c=995000000]
[c=996000000]
[c=997000000]
cosim: 352000000 retirements ok (pc=ffffffff800f76b8)
[c=998000000]
[c=999000000]
[c=1000000000]
cosim: 353000000 retirements ok (pc=ffffffff808e28e0)
[c=1001000000]
[c=1002000000]
cosim: 354000000 retirements ok (pc=ffffffff801c8cea)
[c=1003000000]
[c=1004000000]
[c=1005000000]
cosim: 355000000 retirements ok (pc=ffffffff808e28fc)
[c=1006000000]
[c=1007000000]
[c=1008000000]
cosim: 356000000 retirements ok (pc=ffffffff808e28ea)
[c=1009000000]
[c=1010000000]
cosim: 357000000 retirements ok (pc=ffffffff801b45d0)
[c=1011000000]
[c=1012000000]
[c=1013000000]
cosim: 358000000 retirements ok (pc=ffffffff800f76ac)
[c=1014000000]
[c=1015000000]
[c=1016000000]
cosim: 359000000 retirements ok (pc=ffffffff800f76ae)
[c=1017000000]
[c=1018000000]
[c=1019000000]
cosim: 360000000 retirements ok (pc=ffffffff800f76aa)
[c=1020000000]
[c=1021000000]
cosim: 361000000 retirements ok (pc=ffffffff808e289e)
[c=1022000000]
[c=1023000000]
[c=1024000000]
cosim: 362000000 retirements ok (pc=ffffffff808d9160)
[c=1025000000]
[c=1026000000]
[c=1027000000]
cosim: 363000000 retirements ok (pc=ffffffff800f7728)
[c=1028000000]
[c=1029000000]
[c=1030000000]
cosim: 364000000 retirements ok (pc=ffffffff800f7720)
[c=1031000000]
[c=1032000000]
cosim: 365000000 retirements ok (pc=ffffffff800f775e)
[c=1033000000]
[c=1034000000]
[c=1035000000]
cosim: 366000000 retirements ok (pc=ffffffff800f76c6)
[c=1036000000]
[c=1037000000]
[c=1038000000]
cosim: 367000000 retirements ok (pc=ffffffff800f76a2)
[c=1039000000]
[c=1040000000]
[c=1041000000]
cosim: 368000000 retirements ok (pc=ffffffff800f76aa)
[c=1042000000]
[c=1043000000]
cosim: 369000000 retirements ok (pc=ffffffff800f76c6)
[c=1044000000]
[c=1045000000]
[c=1046000000]
cosim: 370000000 retirements ok (pc=ffffffff800f7752)
[c=1047000000]
[c=1048000000]
[c=1049000000]
cosim: 371000000 retirements ok (pc=ffffffff808e291c)
[c=1050000000]
[c=1051000000]
cosim: 372000000 retirements ok (pc=ffffffff800a40de)
[c=1052000000]
[c=1053000000]
[c=1054000000]
cosim: 373000000 retirements ok (pc=ffffffff800f76c2)
[c=1055000000]
[c=1056000000]
[c=1057000000]
cosim: 374000000 retirements ok (pc=ffffffff800b05f2)
[c=1058000000]
[c=1059000000]
[c=1060000000]
cosim: 375000000 retirements ok (pc=ffffffff800f7690)
[c=1061000000]
[c=1062000000]
cosim: 376000000 retirements ok (pc=ffffffff808e28c0)
[c=1063000000]
[c=1064000000]
[c=1065000000]
cosim: 377000000 retirements ok (pc=ffffffff800f76ac)
[c=1066000000]
[c=1067000000]
[c=1068000000]
cosim: 378000000 retirements ok (pc=ffffffff800f7724)
[c=1069000000]
[c=1070000000]
cosim: 379000000 retirements ok (pc=ffffffff800f772a)
[c=1071000000]
[c=1072000000]
[c=1073000000]
cosim: 380000000 retirements ok (pc=ffffffff808e28f4)
[c=1074000000]
[c=1075000000]
[c=1076000000]
cosim: 381000000 retirements ok (pc=ffffffff800f76b0)
[c=1077000000]
[c=1078000000]
[c=1079000000]
cosim: 382000000 retirements ok (pc=ffffffff800f7718)
[c=1080000000]
[c=1081000000]
cosim: 383000000 retirements ok (pc=ffffffff800f7756)
[c=1082000000]
[c=1083000000]
[c=1084000000]
cosim: 384000000 retirements ok (pc=ffffffff801a7a52)
[c=1085000000]
[c=1086000000]
[c=1087000000]
cosim: 385000000 retirements ok (pc=ffffffff808e2904)
[c=1088000000]
[c=1089000000]
[c=1090000000]
cosim: 386000000 retirements ok (pc=ffffffff808ee084)
[c=1091000000]
[c=1092000000]
cosim: 387000000 retirements ok (pc=ffffffff800f7756)
[c=1093000000]
[c=1094000000]
[c=1095000000]
cosim: 388000000 retirements ok (pc=ffffffff800f7724)
[c=1096000000]
[c=1097000000]
[c=1098000000]
cosim: 389000000 retirements ok (pc=ffffffff800f76c2)
[c=1099000000]
[c=1100000000]
[c=1101000000]
cosim: 390000000 retirements ok (pc=ffffffff800af6b2)
[c=1102000000]
[c=1103000000]
cosim: 391000000 retirements ok (pc=ffffffff8020dee4)
[c=1104000000]
[c=1105000000]
[c=1106000000]
cosim: 392000000 retirements ok (pc=ffffffff800f7756)
[c=1107000000]
[c=1108000000]
[c=1109000000]
cosim: 393000000 retirements ok (pc=ffffffff800f76a2)
[c=1110000000]
[c=1111000000]
cosim: 394000000 retirements ok (pc=ffffffff800f76bc)
[c=1112000000]
[c=1113000000]
[c=1114000000]
cosim: 395000000 retirements ok (pc=ffffffff808e289e)
[c=1115000000]
[c=1116000000]
[c=1117000000]
cosim: 396000000 retirements ok (pc=ffffffff800f775a)
[c=1118000000]
[c=1119000000]
[c=1120000000]
cosim: 397000000 retirements ok (pc=ffffffff800f7758)
[c=1121000000]
[c=1122000000]
cosim: 398000000 retirements ok (pc=ffffffff801a7b74)
[c=1123000000]
[c=1124000000]
[c=1125000000]
cosim: 399000000 retirements ok (pc=ffffffff8020f5c0)
[c=1126000000]
[c=1127000000]
[c=1128000000]
cosim: 400000000 retirements ok (pc=ffffffff800a59a8)
[c=1129000000]
[c=1130000000]
[c=1131000000]
cosim: 401000000 retirements ok (pc=ffffffff800f76a6)
[c=1132000000]
[c=1133000000]
cosim: 402000000 retirements ok (pc=ffffffff800f7720)
[c=1134000000]
[c=1135000000]
[c=1136000000]
cosim: 403000000 retirements ok (pc=ffffffff801a634a)
[c=1137000000]
[c=1138000000]
[c=1139000000]
cosim: 404000000 retirements ok (pc=ffffffff808e289c)
[c=1140000000]
[c=1141000000]
[c=1142000000]
cosim: 405000000 retirements ok (pc=ffffffff808e3094)
[c=1143000000]
[c=1144000000]
cosim: 406000000 retirements ok (pc=ffffffff800f76ca)
[c=1145000000]
[c=1146000000]
[c=1147000000]
cosim: 407000000 retirements ok (pc=ffffffff8020df04)
[c=1148000000]
[c=1149000000]
[c=1150000000]
cosim: 408000000 retirements ok (pc=ffffffff808d89d4)
[c=1151000000]
[c=1152000000]
cosim: 409000000 retirements ok (pc=ffffffff800f76aa)
[c=1153000000]
[c=1154000000]
[c=1155000000]
cosim: 410000000 retirements ok (pc=ffffffff800f76c0)
[c=1156000000]
[c=1157000000]
[c=1158000000]
cosim: 411000000 retirements ok (pc=ffffffff800f7758)
[c=1159000000]
[c=1160000000]
[c=1161000000]
cosim: 412000000 retirements ok (pc=ffffffff8004dd02)
[c=1162000000]
[c=1163000000]
cosim: 413000000 retirements ok (pc=ffffffff800f7756)
[c=1164000000]
[c=1165000000]
[c=1166000000]
cosim: 414000000 retirements ok (pc=ffffffff800f77f4)
[c=1167000000]
[c=1168000000]
[c=1169000000]
cosim: 415000000 retirements ok (pc=ffffffff808e2bee)
[c=1170000000]
[c=1171000000]
[c=1172000000]
cosim: 416000000 retirements ok (pc=ffffffff801c0e84)
[c=1173000000]
[c=1174000000]
cosim: 417000000 retirements ok (pc=ffffffff808dfc98)
[c=1175000000]
[c=1176000000]
[c=1177000000]
cosim: 418000000 retirements ok (pc=ffffffff800f76aa)
[c=1178000000]
[c=1179000000]
[c=1180000000]
cosim: 419000000 retirements ok (pc=ffffffff800f76c2)
[c=1181000000]
[c=1182000000]
cosim: 420000000 retirements ok (pc=ffffffff808e28f0)
[c=1183000000]
[c=1184000000]
[c=1185000000]
cosim: 421000000 retirements ok (pc=ffffffff802489ac)
[c=1186000000]
[c=1187000000]
[c=1188000000]
cosim: 422000000 retirements ok (pc=ffffffff800f772a)
[c=1189000000]
[c=1190000000]
[c=1191000000]
cosim: 423000000 retirements ok (pc=ffffffff800f76bc)
[c=1192000000]
[c=1193000000]
cosim: 424000000 retirements ok (pc=ffffffff800f7752)
[c=1194000000]
[c=1195000000]
[c=1196000000]
cosim: 425000000 retirements ok (pc=ffffffff800f76a6)
[c=1197000000]
[c=1198000000]
[c=1199000000]
cosim: 426000000 retirements ok (pc=ffffffff800f7698)
[c=1200000000]
[c=1201000000]
[c=1202000000]
cosim: 427000000 retirements ok (pc=ffffffff800f7736)
[c=1203000000]
[c=1204000000]
cosim: 428000000 retirements ok (pc=ffffffff800f7758)
[c=1205000000]
[c=1206000000]
[c=1207000000]
cosim: 429000000 retirements ok (pc=ffffffff800f773a)
[c=1208000000]
[c=1209000000]
[c=1210000000]
cosim: 430000000 retirements ok (pc=ffffffff8020df26)
[c=1211000000]
[c=1212000000]
[c=1213000000]
cosim: 431000000 retirements ok (pc=ffffffff801b46cc)
[c=1214000000]
[c=1215000000]
cosim: 432000000 retirements ok (pc=ffffffff800f76c0)
[c=1216000000]
[c=1217000000]
[c=1218000000]
cosim: 433000000 retirements ok (pc=ffffffff800f775e)
[c=1219000000]
[c=1220000000]
[c=1221000000]
cosim: 434000000 retirements ok (pc=ffffffff800f76b8)
[c=1222000000]
[c=1223000000]
cosim: 435000000 retirements ok (pc=ffffffff801cbae0)
[c=1224000000]
[c=1225000000]
[c=1226000000]
cosim: 436000000 retirements ok (pc=ffffffff800a2228)
[c=1227000000]
[c=1228000000]
[c=1229000000]
cosim: 437000000 retirements ok (pc=ffffffff808d46cc)
[c=1230000000]
[c=1231000000]
cosim: 438000000 retirements ok (pc=ffffffff800567cc)
[c=1232000000]
[c=1233000000]
[c=1234000000]
cosim: 439000000 retirements ok (pc=ffffffff800f7694)
[c=1235000000]
[c=1236000000]
[c=1237000000]
cosim: 440000000 retirements ok (pc=ffffffff805311c0)
[c=1238000000]
[c=1239000000]
cosim: 441000000 retirements ok (pc=ffffffff800f775a)
[c=1240000000]
[c=1241000000]
[c=1242000000]
cosim: 442000000 retirements ok (pc=ffffffff800f7698)
[c=1243000000]
[c=1244000000]
cosim: 443000000 retirements ok (pc=ffffffff800f76c2)
[c=1245000000]
[c=1246000000]
[c=1247000000]
cosim: 444000000 retirements ok (pc=ffffffff800f7694)
[c=1248000000]
[c=1249000000]
[c=1250000000]
cosim: 445000000 retirements ok (pc=ffffffff808ee18a)
[c=1251000000]
[c=1252000000]
cosim: 446000000 retirements ok (pc=ffffffff800f7698)
[c=1253000000]
[c=1254000000]
[c=1255000000]
cosim: 447000000 retirements ok (pc=ffffffff808e2936)
[c=1256000000]
[c=1257000000]
cosim: 448000000 retirements ok (pc=ffffffff8068bafc)
[c=1258000000]
[c=1259000000]
cosim: 449000000 retirements ok (pc=ffffffff808e2934)
[c=1260000000]
[c=1261000000]
[c=1262000000]
cosim: 450000000 retirements ok (pc=ffffffff800f77f4)
[c=1263000000]
[c=1264000000]
cosim: 451000000 retirements ok (pc=ffffffff808e293c)
[c=1265000000]
[c=1266000000]
cosim: 452000000 retirements ok (pc=ffffffff800f7756)
[c=1267000000]
[c=1268000000]
[c=1269000000]
cosim: 453000000 retirements ok (pc=ffffffff800f7752)
[c=1270000000]
[c=1271000000]
cosim: 454000000 retirements ok (pc=ffffffff800f76c2)
[c=1272000000]
[c=1273000000]
cosim: 455000000 retirements ok (pc=ffffffff800892f8)
[c=1274000000]
[c=1275000000]
[c=1276000000]
cosim: 456000000 retirements ok (pc=ffffffff808e2936)
[c=1277000000]
[c=1278000000]
cosim: 457000000 retirements ok (pc=ffffffff808df5e0)
[c=1279000000]
[c=1280000000]
cosim: 458000000 retirements ok (pc=ffffffff80057c92)
[c=1281000000]
[c=1282000000]
[c=1283000000]
cosim: 459000000 retirements ok (pc=ffffffff800f77ec)
[c=1284000000]
[c=1285000000]
cosim: 460000000 retirements ok (pc=ffffffff800f76b8)
[c=1286000000]
[c=1287000000]
cosim: 461000000 retirements ok (pc=ffffffff801ae330)
[c=1288000000]
[c=1289000000]
[c=1290000000]
cosim: 462000000 retirements ok (pc=ffffffff808e2936)
[c=1291000000]
[c=1292000000]
cosim: 463000000 retirements ok (pc=ffffffff800f76c6)
[c=1293000000]
[c=1294000000]
cosim: 464000000 retirements ok (pc=ffffffff808e2938)
[c=1295000000]
[c=1296000000]
[c=1297000000]
cosim: 465000000 retirements ok (pc=ffffffff800f76c6)
[c=1298000000]
[c=1299000000]
cosim: 466000000 retirements ok (pc=ffffffff800f77f0)
[c=1300000000]
[c=1301000000]
cosim: 467000000 retirements ok (pc=ffffffff808e2c90)
[c=1302000000]
[c=1303000000]
cosim: 468000000 retirements ok (pc=ffffffff8024a46e)
[c=1304000000]
[c=1305000000]
[c=1306000000]
cosim: 469000000 retirements ok (pc=ffffffff808e2c90)
[c=1307000000]
[c=1308000000]
cosim: 470000000 retirements ok (pc=ffffffff808e2934)
[c=1309000000]
[c=1310000000]
cosim: 471000000 retirements ok (pc=ffffffff8005cd68)
[c=1311000000]
[c=1312000000]
[c=1313000000]
cosim: 472000000 retirements ok (pc=ffffffff800f7698)
[c=1314000000]
[c=1315000000]
cosim: 473000000 retirements ok (pc=ffffffff808e2936)
[c=1316000000]
[c=1317000000]
cosim: 474000000 retirements ok (pc=ffffffff800f76b4)
[c=1318000000]
[c=1319000000]
cosim: 475000000 retirements ok (pc=ffffffff808e293e)
[c=1320000000]
[c=1321000000]
[c=1322000000]
cosim: 476000000 retirements ok (pc=ffffffff808e2938)
[c=1323000000]
[c=1324000000]
cosim: 477000000 retirements ok (pc=ffffffff800f775e)
[c=1325000000]
[c=1326000000]
cosim: 478000000 retirements ok (pc=ffffffff800f773a)
[c=1327000000]
[c=1328000000]
[c=1329000000]
cosim: 479000000 retirements ok (pc=ffffffff8005864a)
[c=1330000000]
[c=1331000000]
cosim: 480000000 retirements ok (pc=ffffffff800f7728)
[c=1332000000]
[c=1333000000]
cosim: 481000000 retirements ok (pc=ffffffff800a590a)
[c=1334000000]
[c=1335000000]
[c=1336000000]
cosim: 482000000 retirements ok (pc=ffffffff800f77fa)
[c=1337000000]
[c=1338000000]
cosim: 483000000 retirements ok (pc=ffffffff800a1a72)
[c=1339000000]
[c=1340000000]
[c=1341000000]
cosim: 484000000 retirements ok (pc=ffffffff808e2c92)
[c=1342000000]
[c=1343000000]
cosim: 485000000 retirements ok (pc=ffffffff808e2936)
[c=1344000000]
[c=1345000000]
[c=1346000000]
cosim: 486000000 retirements ok (pc=ffffffff808e293c)
[c=1347000000]
[c=1348000000]
cosim: 487000000 retirements ok (pc=ffffffff808e29c8)
[c=1349000000]
[c=1350000000]
cosim: 488000000 retirements ok (pc=ffffffff808e2934)
[c=1351000000]
[c=1352000000]
[c=1353000000]
cosim: 489000000 retirements ok (pc=ffffffff808e2936)
[c=1354000000]
[c=1355000000]
cosim: 490000000 retirements ok (pc=ffffffff8004bf64)
[c=1356000000]
[c=1357000000]
cosim: 491000000 retirements ok (pc=ffffffff800a400a)
[c=1358000000]
[c=1359000000]
[c=1360000000]
cosim: 492000000 retirements ok (pc=ffffffff8028892c)
[c=1361000000]
[c=1362000000]
cosim: 493000000 retirements ok (pc=ffffffff808e293e)
[c=1363000000]
[c=1364000000]
[c=1365000000]
cosim: 494000000 retirements ok (pc=ffffffff800585d4)
[c=1366000000]
[c=1367000000]
[c=1368000000]
cosim: 495000000 retirements ok (pc=ffffffff808e293e)
[c=1369000000]
[c=1370000000]
cosim: 496000000 retirements ok (pc=ffffffff80058660)
[c=1371000000]
[c=1372000000]
[c=1373000000]
cosim: 497000000 retirements ok (pc=ffffffff800f76c2)
[c=1374000000]
[c=1375000000]
cosim: 498000000 retirements ok (pc=ffffffff800f76a6)
[c=1376000000]
[c=1377000000]
[c=1378000000]
cosim: 499000000 retirements ok (pc=ffffffff800a382c)
[c=1379000000]
[c=1380000000]
[c=1381000000]
cosim: 500000000 retirements ok (pc=ffffffff800f77f4)
[c=1382000000]
[c=1383000000]
cosim: 501000000 retirements ok (pc=ffffffff800f77e2)
[c=1384000000]
[c=1385000000]
[c=1386000000]
cosim: 502000000 retirements ok (pc=ffffffff800556de)
[c=1387000000]
[c=1388000000]
[c=1389000000]
cosim: 503000000 retirements ok (pc=ffffffff800f76a6)
[c=1390000000]
[c=1391000000]
cosim: 504000000 retirements ok (pc=ffffffff800f77f8)
[c=1392000000]
[c=1393000000]
[c=1394000000]
cosim: 505000000 retirements ok (pc=ffffffff800f76c6)
[c=1395000000]
[c=1396000000]
cosim: 506000000 retirements ok (pc=ffffffff800a1112)
[c=1397000000]
[c=1398000000]
[c=1399000000]
cosim: 507000000 retirements ok (pc=ffffffff808e293e)
[c=1400000000]
[c=1401000000]
[c=1402000000]
cosim: 508000000 retirements ok (pc=ffffffff808e293c)
[c=1403000000]
[c=1404000000]
cosim: 509000000 retirements ok (pc=ffffffff808e2936)
[c=1405000000]
[c=1406000000]
[c=1407000000]
cosim: 510000000 retirements ok (pc=ffffffff808e2936)
[c=1408000000]
[c=1409000000]
cosim: 511000000 retirements ok (pc=ffffffff8020f558)
[c=1410000000]
[c=1411000000]
[c=1412000000]
cosim: 512000000 retirements ok (pc=ffffffff800f76c6)
[c=1413000000]
[c=1414000000]
cosim: 513000000 retirements ok (pc=ffffffff808e293e)
[c=1415000000]
[c=1416000000]
[c=1417000000]
cosim: 514000000 retirements ok (pc=ffffffff801a6096)
[c=1418000000]
[c=1419000000]
[c=1420000000]
cosim: 515000000 retirements ok (pc=ffffffff804a3eee)
[c=1421000000]
[c=1422000000]
cosim: 516000000 retirements ok (pc=ffffffff808e2d08)
[c=1423000000]
[c=1424000000]
cosim: 517000000 retirements ok (pc=ffffffff808e293c)
[c=1425000000]
[c=1426000000]
[c=1427000000]
cosim: 518000000 retirements ok (pc=ffffffff808e293e)
[c=1428000000]
[c=1429000000]
cosim: 519000000 retirements ok (pc=ffffffff800f77ec)
[c=1430000000]
[c=1431000000]
cosim: 520000000 retirements ok (pc=ffffffff800f775e)
[c=1432000000]
[c=1433000000]
[c=1434000000]
cosim: 521000000 retirements ok (pc=ffffffff800a157c)
[c=1435000000]
[c=1436000000]
cosim: 522000000 retirements ok (pc=ffffffff800f777a)
[c=1437000000]
[c=1438000000]
cosim: 523000000 retirements ok (pc=ffffffff808e2936)
[c=1439000000]
[c=1440000000]
[c=1441000000]
cosim: 524000000 retirements ok (pc=ffffffff800f76aa)
[c=1442000000]
[c=1443000000]
cosim: 525000000 retirements ok (pc=ffffffff800ae592)
[c=1444000000]
[c=1445000000]
cosim: 526000000 retirements ok (pc=ffffffff8020f610)
[c=1446000000]
[c=1447000000]
[c=1448000000]
cosim: 527000000 retirements ok (pc=ffffffff804a32c8)
[c=1449000000]
[c=1450000000]
cosim: 528000000 retirements ok (pc=ffffffff8028892c)
[c=1451000000]
[c=1452000000]
cosim: 529000000 retirements ok (pc=ffffffff800f775e)
[c=1453000000]
[c=1454000000]
cosim: 530000000 retirements ok (pc=ffffffff800f77fa)
[c=1455000000]
[c=1456000000]
[c=1457000000]
cosim: 531000000 retirements ok (pc=ffffffff808e2938)
[c=1458000000]
[c=1459000000]
cosim: 532000000 retirements ok (pc=ffffffff808e293c)
[c=1460000000]
[c=1461000000]
cosim: 533000000 retirements ok (pc=ffffffff800f76a2)
[c=1462000000]
[c=1463000000]
[c=1464000000]
cosim: 534000000 retirements ok (pc=ffffffff808e670c)
[c=1465000000]
[c=1466000000]
cosim: 535000000 retirements ok (pc=ffffffff800b05a8)
[c=1467000000]
[c=1468000000]
cosim: 536000000 retirements ok (pc=ffffffff808e1774)
[c=1469000000]
[c=1470000000]
[c=1471000000]
cosim: 537000000 retirements ok (pc=ffffffff800f76ac)
[c=1472000000]
[c=1473000000]
cosim: 538000000 retirements ok (pc=ffffffff8020de2e)
[c=1474000000]
[c=1475000000]
[c=1476000000]
cosim: 539000000 retirements ok (pc=ffffffff808e2938)
[c=1477000000]
[c=1478000000]
cosim: 540000000 retirements ok (pc=ffffffff801c8cc0)
[c=1479000000]
[c=1480000000]
cosim: 541000000 retirements ok (pc=ffffffff800f76c0)
[c=1481000000]
[c=1482000000]
[c=1483000000]
cosim: 542000000 retirements ok (pc=ffffffff800f7752)
[c=1484000000]
[c=1485000000]
cosim: 543000000 retirements ok (pc=ffffffff808e2934)
[c=1486000000]
[c=1487000000]
cosim: 544000000 retirements ok (pc=ffffffff800f776c)
[c=1488000000]
[c=1489000000]
[c=1490000000]
cosim: 545000000 retirements ok (pc=ffffffff8020f5c0)
[c=1491000000]
[c=1492000000]
cosim: 546000000 retirements ok (pc=ffffffff800f76d2)
[c=1493000000]
[c=1494000000]
cosim: 547000000 retirements ok (pc=ffffffff800f76bc)
[c=1495000000]
[c=1496000000]
cosim: 548000000 retirements ok (pc=ffffffff808e293c)
[c=1497000000]
[c=1498000000]
cosim: 549000000 retirements ok (pc=ffffffff808e1630)
[c=1499000000]
[c=1500000000]
[c=1501000000]
cosim: 550000000 retirements ok (pc=ffffffff80063fc4)
[c=1502000000]
[c=1503000000]
