source newer than binary -> rebuild
building obj_dir_cosim_tiny128/tb_cosim_tiny128 (MEM_LG2=31) ...
=== cosim 'tiny128' (mem=2048MiB fw=../workloads/ubuntu/fw_payload-7.1-small.bin dtb=../workloads/tiny128/tiny128.dtb@+2000000 initrd=../workloads/tiny128/tiny128.cpio@+1f52c000 a1=82000000) ===
[cosim-linux: loaded 15392264 bytes @ DDR+0000000000000000 (240505 lines)]
[cosim-linux: loaded 2464 bytes @ DDR+0000000002000000 (39 lines)]
[cosim-linux: loaded 10305536 bytes @ DDR+000000001f52c000 (161024 lines)]
[c=0]
cosim: loaded 15392264 bytes @ DDR+0 (../workloads/ubuntu/fw_payload-7.1-small.bin)
cosim: loaded 2464 bytes @ DDR+2000000 (../workloads/tiny128/tiny128.dtb)
cosim: loaded 10305536 bytes @ DDR+1f52c000 (../workloads/tiny128/tiny128.cpio)
cosim: simmerv ready (reset_pc=0000000080000000, linux)
cosim: 1 retirements ok (pc=0000000080000000)
[c=1000000]
cosim: 1000000 retirements ok (pc=000000008001958e)
[c=2000000]

MMIO-DIVERGE#0 pc=0x80018596 pa=0x10000005 sz=1 model=0x60 dut=0x0
MMIO-DIVERGE#1 pc=0x80018596 pa=0x10000005 sz=1 model=0x60 dut=0x0
OMMIO-DIVERGE#2 pc=0x80018596 pa=0x10000005 sz=1 model=0x60 dut=0x0
MMIO-DIVERGE#3 pc=0x80018596 pa=0x10000005 sz=1 model=0x60 dut=0x0
MMIO-DIVERGE#4 pc=0x80018596 pa=0x10000005 sz=1 model=0x60 dut=0x0
MMIO-DIVERGE#5 pc=0x80018596 pa=0x10000005 sz=1 model=0x60 dut=0x0
pMMIO-DIVERGE#6 pc=0x80018596 pa=0x10000005 sz=1 model=0x60 dut=0x0
MMIO-DIVERGE#7 pc=0x80018596 pa=0x10000005 sz=1 model=0x60 dut=0x0
MMIO-DIVERGE#8 pc=0x80018596 pa=0x10000005 sz=1 model=0x60 dut=0x0
MMIO-DIVERGE#9 pc=0x80018596 pa=0x10000005 sz=1 model=0x60 dut=0x0
eMMIO-DIVERGE#10 pc=0x80018596 pa=0x10000005 sz=1 model=0x60 dut=0x0
MMIO-DIVERGE#11 pc=0x80018596 pa=0x10000005 sz=1 model=0x60 dut=0x0
MMIO-DIVERGE#12 pc=0x80018596 pa=0x10000005 sz=1 model=0x60 dut=0x0
MMIO-DIVERGE#13 pc=0x80018596 pa=0x10000005 sz=1 model=0x60 dut=0x0
nMMIO-DIVERGE#14 pc=0x80018596 pa=0x10000005 sz=1 model=0x60 dut=0x0
MMIO-DIVERGE#15 pc=0x80018596 pa=0x10000005 sz=1 model=0x60 dut=0x0
MMIO-DIVERGE#16 pc=0x80018596 pa=0x10000005 sz=1 model=0x60 dut=0x0
MMIO-DIVERGE#17 pc=0x80018596 pa=0x10000005 sz=1 model=0x60 dut=0x0
MMIO-DIVERGE#18 pc=0x80018596 pa=0x10000005 sz=1 model=0x60 dut=0x0
SMMIO-DIVERGE#19 pc=0x80018596 pa=0x10000005 sz=1 model=0x60 dut=0x0
MMIO-DIVERGE#20 pc=0x80018596 pa=0x10000005 sz=1 model=0x60 dut=0x0
MMIO-DIVERGE#21 pc=0x80018596 pa=0x10000005 sz=1 model=0x60 dut=0x0
MMIO-DIVERGE#22 pc=0x80018596 pa=0x10000005 sz=1 model=0x60 dut=0x0
BMMIO-DIVERGE#23 pc=0x80018596 pa=0x10000005 sz=1 model=0x60 dut=0x0
MMIO-DIVERGE#24 pc=0x80018596 pa=0x10000005 sz=1 model=0x60 dut=0x0
MMIO-DIVERGE#25 pc=0x80018596 pa=0x10000005 sz=1 model=0x60 dut=0x0
MMIO-DIVERGE#26 pc=0x80018596 pa=0x10000005 sz=1 model=0x60 dut=0x0
IMMIO-DIVERGE#27 pc=0x80018596 pa=0x10000005 sz=1 model=0x60 dut=0x0
MMIO-DIVERGE#28 pc=0x80018596 pa=0x10000005 sz=1 model=0x60 dut=0x0
MMIO-DIVERGE#29 pc=0x80018596 pa=0x10000005 sz=1 model=0x60 dut=0x0
MMIO-DIVERGE#30 pc=0x80018596 pa=0x10000005 sz=1 model=0x60 dut=0x0
MMIO-DIVERGE#31 pc=0x80018596 pa=0x10000005 sz=1 model=0x60 dut=0x0
 MMIO-DIVERGE#32 pc=0x80018596 pa=0x10000005 sz=1 model=0x60 dut=0x0
MMIO-DIVERGE#33 pc=0x80018596 pa=0x10000005 sz=1 model=0x60 dut=0x0
MMIO-DIVERGE#34 pc=0x80018596 pa=0x10000005 sz=1 model=0x60 dut=0x0
MMIO-DIVERGE#35 pc=0x80018596 pa=0x10000005 sz=1 model=0x60 dut=0x0
vMMIO-DIVERGE#36 pc=0x80018596 pa=0x10000005 sz=1 model=0x60 dut=0x0
MMIO-DIVERGE#37 pc=0x80018596 pa=0x10000005 sz=1 model=0x60 dut=0x0
MMIO-DIVERGE#38 pc=0x80018596 pa=0x10000005 sz=1 model=0x60 dut=0x0
MMIO-DIVERGE#39 pc=0x80018596 pa=0x10000005 sz=1 model=0x60 dut=0x0
1MMIO-DIVERGE#40 pc=0x80018596 pa=0x10000005 sz=1 model=0x60 dut=0x0
MMIO-DIVERGE#41 pc=0x80018596 pa=0x10000005 sz=1 model=0x60 dut=0x0
MMIO-DIVERGE#42 pc=0x80018596 pa=0x10000005 sz=1 model=0x60 dut=0x0
MMIO-DIVERGE#43 pc=0x80018596 pa=0x10000005 sz=1 model=0x60 dut=0x0
MMIO-DIVERGE#44 pc=0x80018596 pa=0x10000005 sz=1 model=0x60 dut=0x0
.MMIO-DIVERGE#45 pc=0x80018596 pa=0x10000005 sz=1 model=0x60 dut=0x0
MMIO-DIVERGE#46 pc=0x80018596 pa=0x10000005 sz=1 model=0x60 dut=0x0
MMIO-DIVERGE#47 pc=0x80018596 pa=0x10000005 sz=1 model=0x60 dut=0x0
MMIO-DIVERGE#48 pc=0x80018596 pa=0x10000005 sz=1 model=0x60 dut=0x0
8MMIO-DIVERGE#49 pc=0x80018596 pa=0x10000005 sz=1 model=0x60 dut=0x0
MMIO-DIVERGE#50 pc=0x80018596 pa=0x10000005 sz=1 model=0x60 dut=0x0
MMIO-DIVERGE#51 pc=0x80018596 pa=0x10000005 sz=1 model=0x60 dut=0x0
MMIO-DIVERGE#52 pc=0x80018596 pa=0x10000005 sz=1 model=0x60 dut=0x0
.MMIO-DIVERGE#53 pc=0x80018596 pa=0x10000005 sz=1 model=0x60 dut=0x0
MMIO-DIVERGE#54 pc=0x80018596 pa=0x10000005 sz=1 model=0x60 dut=0x0
MMIO-DIVERGE#55 pc=0x80018596 pa=0x10000005 sz=1 model=0x60 dut=0x0
MMIO-DIVERGE#56 pc=0x80018596 pa=0x10000005 sz=1 model=0x60 dut=0x0
MMIO-DIVERGE#57 pc=0x80018596 pa=0x10000005 sz=1 model=0x60 dut=0x0
1MMIO-DIVERGE#58 pc=0x80018596 pa=0x10000005 sz=1 model=0x60 dut=0x0
MMIO-DIVERGE#59 pc=0x80018596 pa=0x10000005 sz=1 model=0x60 dut=0x0
MMIO-DIVERGE#60 pc=0x80018596 pa=0x10000005 sz=1 model=0x60 dut=0x0
MMIO-DIVERGE#61 pc=0x80018596 pa=0x10000005 sz=1 model=0x60 dut=0x0
MMIO-DIVERGE#62 pc=0x80018596 pa=0x10000005 sz=1 model=0x60 dut=0x0
MMIO-DIVERGE#63 pc=0x80018596 pa=0x10000005 sz=1 model=0x60 dut=0x0
MMIO-DIVERGE#64 pc=0x80018596 pa=0x10000005 sz=1 model=0x60 dut=0x0
MMIO-DIVERGE#65 pc=0x80018596 pa=0x10000005 sz=1 model=0x60 dut=0x0

  MMIO-DIVERGE#66 pc=0x80018596 pa=0x10000005 sz=1 model=0x60 dut=0x0
MMIO-DIVERGE#67 pc=0x80018596 pa=0x10000005 sz=1 model=0x60 dut=0x0
MMIO-DIVERGE#68 pc=0x80018596 pa=0x10000005 sz=1 model=0x60 dut=0x0
 MMIO-DIVERGE#69 pc=0x80018596 pa=0x10000005 sz=1 model=0x60 dut=0x0
MMIO-DIVERGE#70 pc=0x80018596 pa=0x10000005 sz=1 model=0x60 dut=0x0
MMIO-DIVERGE#71 pc=0x80018596 pa=0x10000005 sz=1 model=0x60 dut=0x0
MMIO-DIVERGE#72 pc=0x80018596 pa=0x10000005 sz=1 model=0x60 dut=0x0
_MMIO-DIVERGE#73 pc=0x80018596 pa=0x10000005 sz=1 model=0x60 dut=0x0
MMIO-DIVERGE#74 pc=0x80018596 pa=0x10000005 sz=1 model=0x60 dut=0x0
MMIO-DIVERGE#75 pc=0x80018596 pa=0x10000005 sz=1 model=0x60 dut=0x0
MMIO-DIVERGE#76 pc=0x80018596 pa=0x10000005 sz=1 model=0x60 dut=0x0
MMIO-DIVERGE#77 pc=0x80018596 pa=0x10000005 sz=1 model=0x60 dut=0x0
_MMIO-DIVERGE#78 pc=0x80018596 pa=0x10000005 sz=1 model=0x60 dut=0x0
MMIO-DIVERGE#79 pc=0x80018596 pa=0x10000005 sz=1 model=0x60 dut=0x0
MMIO-DIVERGE#80 pc=0x80018596 pa=0x10000005 sz=1 model=0x60 dut=0x0
MMIO-DIVERGE#81 pc=0x80018596 pa=0x10000005 sz=1 model=0x60 dut=0x0
_MMIO-DIVERGE#82 pc=0x80018596 pa=0x10000005 sz=1 model=0x60 dut=0x0
MMIO-DIVERGE#83 pc=0x80018596 pa=0x10000005 sz=1 model=0x60 dut=0x0
MMIO-DIVERGE#84 pc=0x80018596 pa=0x10000005 sz=1 model=0x60 dut=0x0
MMIO-DIVERGE#85 pc=0x80018596 pa=0x10000005 sz=1 model=0x60 dut=0x0
_MMIO-DIVERGE#86 pc=0x80018596 pa=0x10000005 sz=1 model=0x60 dut=0x0
MMIO-DIVERGE#87 pc=0x80018596 pa=0x10000005 sz=1 model=0x60 dut=0x0
MMIO-DIVERGE#88 pc=0x80018596 pa=0x10000005 sz=1 model=0x60 dut=0x0
MMIO-DIVERGE#89 pc=0x80018596 pa=0x10000005 sz=1 model=0x60 dut=0x0
MMIO-DIVERGE#90 pc=0x80018596 pa=0x10000005 sz=1 model=0x60 dut=0x0
 MMIO-DIVERGE#91 pc=0x80018596 pa=0x10000005 sz=1 model=0x60 dut=0x0
MMIO-DIVERGE#92 pc=0x80018596 pa=0x10000005 sz=1 model=0x60 dut=0x0
MMIO-DIVERGE#93 pc=0x80018596 pa=0x10000005 sz=1 model=0x60 dut=0x0
MMIO-DIVERGE#94 pc=0x80018596 pa=0x10000005 sz=1 model=0x60 dut=0x0
 MMIO-DIVERGE#95 pc=0x80018596 pa=0x10000005 sz=1 model=0x60 dut=0x0
MMIO-DIVERGE#96 pc=0x80018596 pa=0x10000005 sz=1 model=0x60 dut=0x0
MMIO-DIVERGE#97 pc=0x80018596 pa=0x10000005 sz=1 model=0x60 dut=0x0
MMIO-DIVERGE#98 pc=0x80018596 pa=0x10000005 sz=1 model=0x60 dut=0x0
 MMIO-DIVERGE#99 pc=0x80018596 pa=0x10000005 sz=1 model=0x60 dut=0x0
MMIO-DIVERGE#100 pc=0x80018596 pa=0x10000005 sz=1 model=0x60 dut=0x0
MMIO-DIVERGE#101 pc=0x80018596 pa=0x10000005 sz=1 model=0x60 dut=0x0
MMIO-DIVERGE#102 pc=0x80018596 pa=0x10000005 sz=1 model=0x60 dut=0x0
MMIO-DIVERGE#103 pc=0x80018596 pa=0x10000005 sz=1 model=0x60 dut=0x0
 MMIO-DIVERGE#104 pc=0x80018596 pa=0x10000005 sz=1 model=0x60 dut=0x0
MMIO-DIVERGE#105 pc=0x80018596 pa=0x10000005 sz=1 model=0x60 dut=0x0
MMIO-DIVERGE#106 pc=0x80018596 pa=0x10000005 sz=1 model=0x60 dut=0x0
MMIO-DIVERGE#107 pc=0x80018596 pa=0x10000005 sz=1 model=0x60 dut=0x0
 MMIO-DIVERGE#108 pc=0x80018596 pa=0x10000005 sz=1 model=0x60 dut=0x0
MMIO-DIVERGE#109 pc=0x80018596 pa=0x10000005 sz=1 model=0x60 dut=0x0
MMIO-DIVERGE#110 pc=0x80018596 pa=0x10000005 sz=1 model=0x60 dut=0x0
MMIO-DIVERGE#111 pc=0x80018596 pa=0x10000005 sz=1 model=0x60 dut=0x0
 MMIO-DIVERGE#112 pc=0x80018596 pa=0x10000005 sz=1 model=0x60 dut=0x0
MMIO-DIVERGE#113 pc=0x80018596 pa=0x10000005 sz=1 model=0x60 dut=0x0
MMIO-DIVERGE#114 pc=0x80018596 pa=0x10000005 sz=1 model=0x60 dut=0x0
MMIO-DIVERGE#115 pc=0x80018596 pa=0x10000005 sz=1 model=0x60 dut=0x0
MMIO-DIVERGE#116 pc=0x80018596 pa=0x10000005 sz=1 model=0x60 dut=0x0
 MMIO-DIVERGE#117 pc=0x80018596 pa=0x10000005 sz=1 model=0x60 dut=0x0
MMIO-DIVERGE#118 pc=0x80018596 pa=0x10000005 sz=1 model=0x60 dut=0x0
MMIO-DIVERGE#119 pc=0x80018596 pa=0x10000005 sz=1 model=0x60 dut=0x0
MMIO-DIVERGE#120 pc=0x80018596 pa=0x10000005 sz=1 model=0x60 dut=0x0
 MMIO-DIVERGE#121 pc=0x80018596 pa=0x10000005 sz=1 model=0x60 dut=0x0
MMIO-DIVERGE#122 pc=0x80018596 pa=0x10000005 sz=1 model=0x60 dut=0x0
MMIO-DIVERGE#123 pc=0x80018596 pa=0x10000005 sz=1 model=0x60 dut=0x0
MMIO-DIVERGE#124 pc=0x80018596 pa=0x10000005 sz=1 model=0x60 dut=0x0
 MMIO-DIVERGE#125 pc=0x80018596 pa=0x10000005 sz=1 model=0x60 dut=0x0
MMIO-DIVERGE#126 pc=0x80018596 pa=0x10000005 sz=1 model=0x60 dut=0x0
MMIO-DIVERGE#127 pc=0x80018596 pa=0x10000005 sz=1 model=0x60 dut=0x0
MMIO-DIVERGE#128 pc=0x80018596 pa=0x10000005 sz=1 model=0x60 dut=0x0
MMIO-DIVERGE#129 pc=0x80018596 pa=0x10000005 sz=1 model=0x60 dut=0x0
 MMIO-DIVERGE#130 pc=0x80018596 pa=0x10000005 sz=1 model=0x60 dut=0x0
MMIO-DIVERGE#131 pc=0x80018596 pa=0x10000005 sz=1 model=0x60 dut=0x0
MMIO-DIVERGE#132 pc=0x80018596 pa=0x10000005 sz=1 model=0x60 dut=0x0
MMIO-DIVERGE#133 pc=0x80018596 pa=0x10000005 sz=1 model=0x60 dut=0x0
 MMIO-DIVERGE#134 pc=0x80018596 pa=0x10000005 sz=1 model=0x60 dut=0x0
MMIO-DIVERGE#135 pc=0x80018596 pa=0x10000005 sz=1 model=0x60 dut=0x0
MMIO-DIVERGE#136 pc=0x80018596 pa=0x10000005 sz=1 model=0x60 dut=0x0
MMIO-DIVERGE#137 pc=0x80018596 pa=0x10000005 sz=1 model=0x60 dut=0x0
 MMIO-DIVERGE#138 pc=0x80018596 pa=0x10000005 sz=1 model=0x60 dut=0x0
MMIO-DIVERGE#139 pc=0x80018596 pa=0x10000005 sz=1 model=0x60 dut=0x0
MMIO-DIVERGE#140 pc=0x80018596 pa=0x10000005 sz=1 model=0x60 dut=0x0
MMIO-DIVERGE#141 pc=0x80018596 pa=0x10000005 sz=1 model=0x60 dut=0x0
MMIO-DIVERGE#142 pc=0x80018596 pa=0x10000005 sz=1 model=0x60 dut=0x0
 MMIO-DIVERGE#143 pc=0x80018596 pa=0x10000005 sz=1 model=0x60 dut=0x0
MMIO-DIVERGE#144 pc=0x80018596 pa=0x10000005 sz=1 model=0x60 dut=0x0
MMIO-DIVERGE#145 pc=0x80018596 pa=0x10000005 sz=1 model=0x60 dut=0x0
MMIO-DIVERGE#146 pc=0x80018596 pa=0x10000005 sz=1 model=0x60 dut=0x0
 MMIO-DIVERGE#147 pc=0x80018596 pa=0x10000005 sz=1 model=0x60 dut=0x0
MMIO-DIVERGE#148 pc=0x80018596 pa=0x10000005 sz=1 model=0x60 dut=0x0
MMIO-DIVERGE#149 pc=0x80018596 pa=0x10000005 sz=1 model=0x60 dut=0x0
MMIO-DIVERGE#150 pc=0x80018596 pa=0x10000005 sz=1 model=0x60 dut=0x0
 MMIO-DIVERGE#151 pc=0x80018596 pa=0x10000005 sz=1 model=0x60 dut=0x0
MMIO-DIVERGE#152 pc=0x80018596 pa=0x10000005 sz=1 model=0x60 dut=0x0
MMIO-DIVERGE#153 pc=0x80018596 pa=0x10000005 sz=1 model=0x60 dut=0x0
MMIO-DIVERGE#154 pc=0x80018596 pa=0x10000005 sz=1 model=0x60 dut=0x0
MMIO-DIVERGE#155 pc=0x80018596 pa=0x10000005 sz=1 model=0x60 dut=0x0
 MMIO-DIVERGE#156 pc=0x80018596 pa=0x10000005 sz=1 model=0x60 dut=0x0
MMIO-DIVERGE#157 pc=0x80018596 pa=0x10000005 sz=1 model=0x60 dut=0x0
MMIO-DIVERGE#158 pc=0x80018596 pa=0x10000005 sz=1 model=0x60 dut=0x0
MMIO-DIVERGE#159 pc=0x80018596 pa=0x10000005 sz=1 model=0x60 dut=0x0
 MMIO-DIVERGE#160 pc=0x80018596 pa=0x10000005 sz=1 model=0x60 dut=0x0
MMIO-DIVERGE#161 pc=0x80018596 pa=0x10000005 sz=1 model=0x60 dut=0x0
MMIO-DIVERGE#162 pc=0x80018596 pa=0x10000005 sz=1 model=0x60 dut=0x0
MMIO-DIVERGE#163 pc=0x80018596 pa=0x10000005 sz=1 model=0x60 dut=0x0
 MMIO-DIVERGE#164 pc=0x80018596 pa=0x10000005 sz=1 model=0x60 dut=0x0
MMIO-DIVERGE#165 pc=0x80018596 pa=0x10000005 sz=1 model=0x60 dut=0x0
MMIO-DIVERGE#166 pc=0x80018596 pa=0x10000005 sz=1 model=0x60 dut=0x0
MMIO-DIVERGE#167 pc=0x80018596 pa=0x10000005 sz=1 model=0x60 dut=0x0
MMIO-DIVERGE#168 pc=0x80018596 pa=0x10000005 sz=1 model=0x60 dut=0x0
 MMIO-DIVERGE#169 pc=0x80018596 pa=0x10000005 sz=1 model=0x60 dut=0x0
MMIO-DIVERGE#170 pc=0x80018596 pa=0x10000005 sz=1 model=0x60 dut=0x0
MMIO-DIVERGE#171 pc=0x80018596 pa=0x10000005 sz=1 model=0x60 dut=0x0
MMIO-DIVERGE#172 pc=0x80018596 pa=0x10000005 sz=1 model=0x60 dut=0x0
 MMIO-DIVERGE#173 pc=0x80018596 pa=0x10000005 sz=1 model=0x60 dut=0x0
MMIO-DIVERGE#174 pc=0x80018596 pa=0x10000005 sz=1 model=0x60 dut=0x0
MMIO-DIVERGE#175 pc=0x80018596 pa=0x10000005 sz=1 model=0x60 dut=0x0
MMIO-DIVERGE#176 pc=0x80018596 pa=0x10000005 sz=1 model=0x60 dut=0x0
_MMIO-DIVERGE#177 pc=0x80018596 pa=0x10000005 sz=1 model=0x60 dut=0x0
MMIO-DIVERGE#178 pc=0x80018596 pa=0x10000005 sz=1 model=0x60 dut=0x0
MMIO-DIVERGE#179 pc=0x80018596 pa=0x10000005 sz=1 model=0x60 dut=0x0
MMIO-DIVERGE#180 pc=0x80018596 pa=0x10000005 sz=1 model=0x60 dut=0x0
MMIO-DIVERGE#181 pc=0x80018596 pa=0x10000005 sz=1 model=0x60 dut=0x0
_MMIO-DIVERGE#182 pc=0x80018596 pa=0x10000005 sz=1 model=0x60 dut=0x0
MMIO-DIVERGE#183 pc=0x80018596 pa=0x10000005 sz=1 model=0x60 dut=0x0
MMIO-DIVERGE#184 pc=0x80018596 pa=0x10000005 sz=1 model=0x60 dut=0x0
MMIO-DIVERGE#185 pc=0x80018596 pa=0x10000005 sz=1 model=0x60 dut=0x0
_MMIO-DIVERGE#186 pc=0x80018596 pa=0x10000005 sz=1 model=0x60 dut=0x0
MMIO-DIVERGE#187 pc=0x80018596 pa=0x10000005 sz=1 model=0x60 dut=0x0
MMIO-DIVERGE#188 pc=0x80018596 pa=0x10000005 sz=1 model=0x60 dut=0x0
MMIO-DIVERGE#189 pc=0x80018596 pa=0x10000005 sz=1 model=0x60 dut=0x0
_MMIO-DIVERGE#190 pc=0x80018596 pa=0x10000005 sz=1 model=0x60 dut=0x0
MMIO-DIVERGE#191 pc=0x80018596 pa=0x10000005 sz=1 model=0x60 dut=0x0
MMIO-DIVERGE#192 pc=0x80018596 pa=0x10000005 sz=1 model=0x60 dut=0x0
MMIO-DIVERGE#193 pc=0x80018596 pa=0x10000005 sz=1 model=0x60 dut=0x0
MMIO-DIVERGE#194 pc=0x80018596 pa=0x10000005 sz=1 model=0x60 dut=0x0
_MMIO-DIVERGE#195 pc=0x80018596 pa=0x10000005 sz=1 model=0x60 dut=0x0
MMIO-DIVERGE#196 pc=0x80018596 pa=0x10000005 sz=1 model=0x60 dut=0x0
MMIO-DIVERGE#197 pc=0x80018596 pa=0x10000005 sz=1 model=0x60 dut=0x0
MMIO-DIVERGE#198 pc=0x80018596 pa=0x10000005 sz=1 model=0x60 dut=0x0
 MMIO-DIVERGE#199 pc=0x80018596 pa=0x10000005 sz=1 model=0x60 dut=0x0
____ _____
  / __ \                  / ____|  _ \_   _|
 | |  | |_ __   ___ _ __ | (___ | |_) || |
 | |  | | '_ \ / _ \ '_ \ \___ \|  _ < | |
 | |__| | |_) |  __/ | | |____) | |_) || |_
  \____/| .__/ \___|_| |_|_____/|____/_____|
        | |
        |_|

[c=3000000]
cosim: 2000000 retirements ok (pc=0000000080019474)
[c=4000000]
cosim: 3000000 retirements ok (pc=000000008001959c)
[c=5000000]
[c=6000000]
cosim: 4000000 retirements ok (pc=00000000800196d0)
[c=7000000]
[c=8000000]
cosim: 5000000 retirements ok (pc=00000000800195ba)
Platform Name               : SmolRV64 tiny512MiB
Platform Features           : medeleg
Platform HART Count         : 1
Platform HART Protection    : ---
Platform IPI Device         : aclint-mswi
Platform Timer Device       : aclint-mtimer @ 1000000Hz
Platform Console Device     : uart8250
Platform HSM Device         : ---
Platform PMU Device         : ---
Platform Reboot Device      : ---
Platform Shutdown Device    : ---
Platform Suspend Device     : ---
Platform CPPC Device        : ---
Firmware Base               : 0x80000000
Firmware Size               : 321 KB
Firmware RW Offset          : 0x40000
Firmware RW Size            : 65 KB
Firmware Heap Offset        : 0x47000
Firmware Heap Size          : 37 KB (total), 0 KB (reserved), 12 KB (used), 23 KB (free)
Firmware Scratch Size       : 4096 B (total), 1464 B (used), 2632 B (free)
Runtime SBI Version         : 3.0
[c=9000000]
Standard SBI Extensions     : ipi,pmu,sse,hsm,rfnc,fwft,time,base,legacy,dbcn,dbtr
Experimental SBI Extensions : none

Domain0 Name                : root
Domain0 Boot HART           : 0
Domain0 HARTs               : 0*
Domain0 Region00            : 0x0000000080040000-0x000000008005ffff M: (F,R,W) S/U: ()
Domain0 Region01            : 0x0000000080000000-0x000000008003ffff M: (F,R,X) S/U: ()
Domain0 Region02            : 0x0000000010000000-0x0000000010000fff M: (I,R,W) S/U: (R,W)
Domain0 Region03            : 0x0000000002000000-0x000000000200ffff M: (I,R,W) S/U: ()
Domain0 Region04            : 0x000000000c000000-0x000000000fffffff M: (I,R,W) S/U: (R,W)
Domain0 Region05            : 0x0000000000000000-0xffffffffffffffff M: () S/U: (R,W,X)
Domain0 Next Address        : 0x0000000080200000
Domain0 Next Arg1           : 0x0000000082200000
Domain0 Next Mode           : S-mode
Domain0 SysReset            : yes
Domain0 SysSuspend          : yes

Boot HART ID                : 0
Boot HART Domain            : root
Boot HART Priv Version      : v1.12
Boot HART Base ISA          : rv64imafdc
Boot HART ISA Extensions    : sscofpmf,sstc,zicntr,zihpm,smcntrpmf,zicboz,sdtrig
Boot HART PMP Count         : 0
Boot HART PMP Granularity   : 0 bits
Boot HART PMP Address Bits  : 0
Boot HART MHPM Info         : 13 (0x0000fff8)
Boot HART Debug Triggers    : 1 triggers
Boot HART MIDELEG           : 0x0000000000002222
Boot HART MEDELEG           : 0x000000000004b109
cosim: 6000000 retirements ok (pc=0000000080814a16)
[c=10000000]
[c=11000000]
[    0.000000] Linux version 7.1.0 (tommy@coffee) (riscv64-linux-gnu-gcc (Ubuntu 15.2.0-16ubuntu1) 15.2.0, GNU ld (GNU Binutils for Ubuntu) 2.46) #1 PREEMPT Sat Jul  4 09:01:16 PDT 2026
[    0.000000] random: crng init done
[    0.000000] Machine model: SmolRV64 tiny512MiB
[    0.000000] SBI specification v3.0 detected
[    0.000000] SBI implementation ID=0x1 Version=0x10008
[    0.000000] SBI TIME extension detected
[    0.000000] SBI IPI extension detected
[    0.000000] SBI RFENCE extension detected
[    0.000000] SBI DBCN extension detected
[    0.000000] SBI FWFT extension detected
[    0.000000] earlycon: sbi0 at I/O port 0x0 (options '')
cosim: 7000000 retirements ok (pc=ffffffff803e27c8)
[    0.000000] printk: legacy bootconsole [sbi0] enabled
[    0.000000] printk: debug: ignoring loglevel setting.
[    0.000000] efi: UEFI not found.
[c=12000000]
[c=13000000]
[    0.000000] OF: reserved mem: 0x0000000080000000..0x000000008003ffff (256 KiB) nomap non-reusable mmode_resv1@80000000
[    0.000000] OF: reserved mem: 0x0000000080040000..0x000000008005ffff (128 KiB) nomap non-reusable mmode_resv0@80040000
cosim: 8000000 retirements ok (pc=ffffffff803baa6e)
[c=14000000]
[    0.000000] riscv: base ISA extensions acdfim
[    0.000000] riscv: ELF capabilities acdfim
[    0.000000] Ticket spinlock: enabled
[c=15000000]
[c=16000000]
[c=17000000]
[c=18000000]
[c=19000000]
[c=20000000]
[c=21000000]
cosim: 9000000 retirements ok (pc=ffffffff803e29cc)
[c=22000000]
[c=23000000]
[c=24000000]
[c=25000000]
[c=26000000]
[c=27000000]
[c=28000000]
[c=29000000]
[c=30000000]
[c=31000000]
cosim: 10000000 retirements ok (pc=ffffffff803e2a34)
[c=32000000]
[c=33000000]
[c=34000000]
[c=35000000]
[c=36000000]
[c=37000000]
[    0.000000] Zone ranges:
[    0.000000]   DMA32    [mem 0x0000000080000000-0x000000009fefffff]
[    0.000000]   Normal   empty
[    0.000000] Movable zone start for each node
[    0.000000] Early memory node ranges
[    0.000000]   node   0: [mem 0x0000000080000000-0x000000008005ffff]
[    0.000000]   node   0: [mem 0x0000000080060000-0x000000009fefffff]
[    0.000000] Initmem setup node 0 [mem 0x0000000080000000-0x000000009fefffff]
[c=38000000]
cosim: 11000000 retirements ok (pc=ffffffff8040e0f0)
[c=39000000]
[c=40000000]
[c=41000000]
cosim: 12000000 retirements ok (pc=ffffffff8040e12e)
[c=42000000]
[c=43000000]
cosim: 13000000 retirements ok (pc=ffffffff8040e0b0)
[c=44000000]
[c=45000000]
[c=46000000]
cosim: 14000000 retirements ok (pc=ffffffff8040db88)
[c=47000000]
[c=48000000]
cosim: 15000000 retirements ok (pc=ffffffff8040dbaa)
[c=49000000]
[c=50000000]
[c=51000000]
cosim: 16000000 retirements ok (pc=ffffffff8040e138)
[c=52000000]
[c=53000000]
cosim: 17000000 retirements ok (pc=ffffffff8040dba8)
[c=54000000]
[c=55000000]
[c=56000000]
cosim: 18000000 retirements ok (pc=ffffffff8040e060)
[c=57000000]
[c=58000000]
[c=59000000]
[    0.000000] On node 0, zone DMA32: 256 pages in unavailable ranges
[    0.000000] pcpu-alloc: s0 r0 d32768 u32768 alloc=1*32768
cosim: 19000000 retirements ok (pc=ffffffff803df098)
[    0.000000] pcpu-alloc: [0] 0 
[    0.000000] Kernel command line: console=ttyS0 earlycon=sbi root=/dev/raw rw ignore_loglevel random.trust_bootloader=on
[    0.000000] printk: log buffer data + meta data: 131072 + 458752 = 589824 bytes
[c=60000000]
[    0.000000] Dentry cache hash table entries: 65536 (order: 7, 524288 bytes, linear)
[    0.000000] Inode-cache hash table entries: 32768 (order: 6, 262144 bytes, linear)
[    0.000000] Built 1 zonelists, mobility grouping on.  Total pages: 130816
[    0.000000] mem auto-init: stack:all(zero), heap alloc:off, heap free:off
[c=61000000]
[c=62000000]
cosim: 20000000 retirements ok (pc=ffffffff80410d68)
[c=63000000]
[c=64000000]
[c=65000000]
[c=66000000]
cosim: 21000000 retirements ok (pc=ffffffff8015375a)
[c=67000000]
[c=68000000]
[c=69000000]
[c=70000000]
[    0.000000] SLUB: HWalign=64, Order=0-3, MinObjects=0, CPUs=1, Nodes=1
cosim: 22000000 retirements ok (pc=ffffffff80405b90)
[    0.000000] RCU Tasks: Setting shift to 0 and lim to 1 rcu_task_cb_adjust=1 rcu_[c=71000000]
task_cpu_ids=1.
[    0.000000] NR_IRQS: 64, nr_irqs: 64, preallocated irqs: 0
[    0.000000] riscv-intc: 64 local interrupts mapped
[    0.000000] clocksource: riscv_clocksource: mask: 0xffffffffffffffff max_cycles: 0x1d854df40, max_idle_ns: 3526361616960 ns
[    0.000008] sched_clock: 64 bits at 1000kHz, resolution 1000ns, wraps every 2199023255500ns
[    0.002325] Console: colour dummy device 80x25
[    0.002851] Calibrating delay loop (skipped), value calculated using timer frequency.. 2.00 BogoMIPS (lpj=4000)
[    0.003305] pid_max: default: 32768 minimum: 301
[c=72000000]
[    0.007291] Mount-cache hash table entries: 1024 (order: 1, 8192 bytes, linear)
[    0.007674] Mountpoint-cache hash table entries: 1024 (order: 1, 8192 bytes, linear)
[    0.010309] VFS: Finished mounting rootfs on nullfs
[c=73000000]
cosim: 23000000 retirements ok (pc=ffffffff8014a186)
[c=74000000]
[    0.022275] ASID allocator using 10 bits (1024 entries)
[    0.023820] EFI services will not be available.
[    0.024659] Memory: 471960K/523264K available (4006K kernel code, 4690K rwdata, 2048K rodata, 2149K init, 271K bss, 50208K reserved, 0K cma-reserved)
[c=75000000]
[    0.028081] devtmpfs: initialized
[c=76000000]
[    0.039513] clocksource: jiffies: mask: 0xffffffff max_cycles: 0xffffffff, max_idle_ns: 7645041785100000 ns
[    0.040098] posixtimers hash table entries: 512 (order: 0, 4096 bytes, linear)
[    0.040554] futex hash table entries: 256 (8192 bytes on 1 NUMA nodes, total 8 KiB, linear).
cosim: 24000000 retirements ok (pc=ffffffff80129098)
[c=77000000]
[    0.043767] DMA: preallocated 128 KiB GFP_KERNEL|GFP_DMA32 pool for atomic allocations
[c=78000000]
COSIM-LINUX WEDGE: no commit for 200000 cyc, fetch pc=00000000805b7312 (c=78557269)
  DF: df=0 df_stall=0 dmem_idle=1 dc_inv_req=0 dc_inv_busy=0 ifence=0
  FI: fi=0 ifence=0   PTW: pw_read=000 pw_busy=000 pw_match=000
  REDIR: redirect=0 target=0000000000000000   satp=8000000000080eb8 priv=1
  D$flush: st=0 fscan=2048 inv_busy=0 inv_pend=0  l2: req=0 we=0 ack=0 addr=000000002042df2
  I$: ic_rd_req=0 ic_l2_req=0 ic_l2_ack=0 i_rd_pend=0  dcr: req=0 addr=0000000080eb8000

*** cosim HANG: fetch stuck at pc=00000000805b7312, no retirement (after retire #24475317) ***
Last 32 retirements (DUT vs REF):
  DUT seq=24475286 pc=ffffffff8036f37e npc=ffffffff8036f380 insn=00900533 prv=1 trap=0 rd=(k1,x10)=ffffffd601061010 cause=0000000000000000 tval=0000000000000000 mepc=ffffffff80010424
  REF seq=24475286 pc=ffffffff8036f37e npc=ffffffff8036f380 insn=70ef8526 prv=1 trap=0 rd=(k1,x10)=ffffffd601061010 cause=0000000000000000 tval=0000000000000000 mepc=ffffffff80010424
  DUT seq=24475287 pc=ffffffff8036f380 npc=ffffffff803c72ec insn=76d570ef prv=1 trap=0 rd=(k1,x1)=ffffffff8036f384 cause=0000000000000000 tval=0000000000000000 mepc=ffffffff80010424
  REF seq=24475287 pc=ffffffff8036f380 npc=ffffffff803c72ec insn=76d570ef prv=1 trap=0 rd=(k1,x1)=ffffffff8036f384 cause=0000000000000000 tval=0000000000000000 mepc=ffffffff80010424
  DUT seq=24475288 pc=ffffffff803c72ec npc=ffffffff803c72ee insn=0a050063 prv=1 trap=0 rd=(k0,x0)=0000000000000000 cause=0000000000000000 tval=0000000000000000 mepc=ffffffff80010424
  REF seq=24475288 pc=ffffffff803c72ec npc=ffffffff803c72ee insn=7139c145 prv=1 trap=0 rd=(k0,x0)=0000000000000000 cause=0000000000000000 tval=0000000000000000 mepc=ffffffff80010424
  DUT seq=24475289 pc=ffffffff803c72ee npc=ffffffff803c72f0 insn=fc010113 prv=1 trap=0 rd=(k1,x2)=ffffffc60000bbe0 cause=0000000000000000 tval=0000000000000000 mepc=ffffffff80010424
  REF seq=24475289 pc=ffffffff803c72ee npc=ffffffff803c72f0 insn=f8227139 prv=1 trap=0 rd=(k1,x2)=ffffffc60000bbe0 cause=0000000000000000 tval=0000000000000000 mepc=ffffffff80010424
  DUT seq=24475290 pc=ffffffff803c72f0 npc=ffffffff803c72f2 insn=02813823 prv=1 trap=0 rd=(k0,x0)=0000000000000000 cause=0000000000000000 tval=0000000000000000 mepc=ffffffff80010424
  REF seq=24475290 pc=ffffffff803c72f0 npc=ffffffff803c72f2 insn=fc06f822 prv=1 trap=0 rd=(k0,x0)=0000000000000000 cause=0000000000000000 tval=0000000000000000 mepc=ffffffff80010424
  DUT seq=24475291 pc=ffffffff803c72f2 npc=ffffffff803c72f4 insn=02113c23 prv=1 trap=0 rd=(k0,x0)=0000000000000000 cause=0000000000000000 tval=0000000000000000 mepc=ffffffff80010424
  REF seq=24475291 pc=ffffffff803c72f2 npc=ffffffff803c72f4 insn=0080fc06 prv=1 trap=0 rd=(k0,x0)=0000000000000000 cause=0000000000000000 tval=0000000000000000 mepc=ffffffff80010424
  DUT seq=24475292 pc=ffffffff803c72f4 npc=ffffffff803c72f6 insn=04010413 prv=1 trap=0 rd=(k1,x8)=ffffffc60000bc20 cause=0000000000000000 tval=0000000000000000 mepc=ffffffff80010424
  REF seq=24475292 pc=ffffffff803c72f4 npc=ffffffff803c72f6 insn=47830080 prv=1 trap=0 rd=(k1,x8)=ffffffc60000bc20 cause=0000000000000000 tval=0000000000000000 mepc=ffffffff80010424
  DUT seq=24475293 pc=ffffffff803c72f6 npc=ffffffff803c72fa insn=03c54783 prv=1 trap=0 rd=(k1,x15)=0000000000000007 cause=0000000000000000 tval=0000000000000000 mepc=ffffffff80010424
  REF seq=24475293 pc=ffffffff803c72f6 npc=ffffffff803c72fa insn=03c54783 prv=1 trap=0 rd=(k1,x15)=0000000000000007 cause=0000000000000000 tval=0000000000000000 mepc=ffffffff80010424
  DUT seq=24475294 pc=ffffffff803c72fa npc=ffffffff803c72fc insn=00a00633 prv=1 trap=0 rd=(k1,x12)=ffffffd601061010 cause=0000000000000000 tval=0000000000000000 mepc=ffffffff80010424
  REF seq=24475294 pc=ffffffff803c72fa npc=ffffffff803c72fc insn=8b85862a prv=1 trap=0 rd=(k1,x12)=ffffffd601061010 cause=0000000000000000 tval=0000000000000000 mepc=ffffffff80010424
  DUT seq=24475295 pc=ffffffff803c72fc npc=ffffffff803c72fe insn=0017f793 prv=1 trap=0 rd=(k1,x15)=0000000000000001 cause=0000000000000000 tval=0000000000000000 mepc=ffffffff80010424
  REF seq=24475295 pc=ffffffff803c72fc npc=ffffffff803c72fe insn=cfb98b85 prv=1 trap=0 rd=(k1,x15)=0000000000000001 cause=0000000000000000 tval=0000000000000000 mepc=ffffffff80010424
  DUT seq=24475296 pc=ffffffff803c72fe npc=ffffffff803c7300 insn=04078f63 prv=1 trap=0 rd=(k0,x0)=0000000000000000 cause=0000000000000000 tval=0000000000000000 mepc=ffffffff80010424
  REF seq=24475296 pc=ffffffff803c72fe npc=ffffffff803c7300 insn=0513cfb9 prv=1 trap=0 rd=(k0,x0)=0000000000000000 cause=0000000000000000 tval=0000000000000000 mepc=ffffffff80010424
  DUT seq=24475297 pc=ffffffff803c7300 npc=ffffffff803c7304 insn=03860513 prv=1 trap=0 rd=(k1,x10)=ffffffd601061048 cause=0000000000000000 tval=0000000000000000 mepc=ffffffff80010424
  REF seq=24475297 pc=ffffffff803c7300 npc=ffffffff803c7304 insn=03860513 prv=1 trap=0 rd=(k1,x10)=ffffffd601061048 cause=0000000000000000 tval=0000000000000000 mepc=ffffffff80010424
  DUT seq=24475298 pc=ffffffff803c7304 npc=ffffffff803c7306 insn=fff00793 prv=1 trap=0 rd=(k1,x15)=ffffffffffffffff cause=0000000000000000 tval=0000000000000000 mepc=ffffffff80010424
  REF seq=24475298 pc=ffffffff803c7304 npc=ffffffff803c7306 insn=27af57fd prv=1 trap=0 rd=(k1,x15)=ffffffffffffffff cause=0000000000000000 tval=0000000000000000 mepc=ffffffff80010424
  DUT seq=24475299 pc=ffffffff803c7306 npc=ffffffff803c730a insn=00f527af prv=1 trap=0 rd=(k1,x15)=0000000000000004 cause=0000000000000000 tval=0000000000000000 mepc=ffffffff80010424
  REF seq=24475299 pc=ffffffff803c7306 npc=ffffffff803c730a insn=00f527af prv=1 trap=0 rd=(k1,x15)=0000000000000004 cause=0000000000000000 tval=0000000000000000 mepc=ffffffff80010424
  DUT seq=24475300 pc=ffffffff803c730a npc=ffffffff803c730c insn=00100713 prv=1 trap=0 rd=(k1,x14)=0000000000000001 cause=0000000000000000 tval=0000000000000000 mepc=ffffffff80010424
  REF seq=24475300 pc=ffffffff803c730a npc=ffffffff803c730c insn=27814705 prv=1 trap=0 rd=(k1,x14)=0000000000000001 cause=0000000000000000 tval=0000000000000000 mepc=ffffffff80010424
  DUT seq=24475301 pc=ffffffff803c730c npc=ffffffff803c730e insn=0007879b prv=1 trap=0 rd=(k1,x15)=0000000000000004 cause=0000000000000000 tval=0000000000000000 mepc=ffffffff80010424
  REF seq=24475301 pc=ffffffff803c730c npc=ffffffff803c730e insn=88632781 prv=1 trap=0 rd=(k1,x15)=0000000000000004 cause=0000000000000000 tval=0000000000000000 mepc=ffffffff80010424
  DUT seq=24475302 pc=ffffffff803c730e npc=ffffffff803c7312 insn=00e78863 prv=1 trap=0 rd=(k0,x0)=0000000000000000 cause=0000000000000000 tval=0000000000000000 mepc=ffffffff80010424
  REF seq=24475302 pc=ffffffff803c730e npc=ffffffff803c7312 insn=00e78863 prv=1 trap=0 rd=(k0,x0)=0000000000000000 cause=0000000000000000 tval=0000000000000000 mepc=ffffffff80010424
  DUT seq=24475303 pc=ffffffff803c7312 npc=ffffffff803c7316 insn=0af05163 prv=1 trap=0 rd=(k0,x0)=0000000000000000 cause=0000000000000000 tval=0000000000000000 mepc=ffffffff80010424
  REF seq=24475303 pc=ffffffff803c7312 npc=ffffffff803c7316 insn=0af05163 prv=1 trap=0 rd=(k0,x0)=0000000000000000 cause=0000000000000000 tval=0000000000000000 mepc=ffffffff80010424
  DUT seq=24475304 pc=ffffffff803c7316 npc=ffffffff803c7318 insn=03813083 prv=1 trap=0 rd=(k1,x1)=ffffffff8036f384 cause=0000000000000000 tval=0000000000000000 mepc=ffffffff80010424
  REF seq=24475304 pc=ffffffff803c7316 npc=ffffffff803c7318 insn=744270e2 prv=1 trap=0 rd=(k1,x1)=ffffffff8036f384 cause=0000000000000000 tval=0000000000000000 mepc=ffffffff80010424
  DUT seq=24475305 pc=ffffffff803c7318 npc=ffffffff803c731a insn=03013403 prv=1 trap=0 rd=(k1,x8)=ffffffc60000bc80 cause=0000000000000000 tval=0000000000000000 mepc=ffffffff80010424
  REF seq=24475305 pc=ffffffff803c7318 npc=ffffffff803c731a insn=61217442 prv=1 trap=0 rd=(k1,x8)=ffffffc60000bc80 cause=0000000000000000 tval=0000000000000000 mepc=ffffffff80010424
  DUT seq=24475306 pc=ffffffff803c731a npc=ffffffff803c731c insn=04010113 prv=1 trap=0 rd=(k1,x2)=ffffffc60000bc20 cause=0000000000000000 tval=0000000000000000 mepc=ffffffff80010424
  REF seq=24475306 pc=ffffffff803c731a npc=ffffffff803c731c insn=80826121 prv=1 trap=0 rd=(k1,x2)=ffffffc60000bc20 cause=0000000000000000 tval=0000000000000000 mepc=ffffffff80010424
  DUT seq=24475307 pc=ffffffff803c731c npc=ffffffff8036f384 insn=00008067 prv=1 trap=0 rd=(k0,x0)=0000000000000000 cause=0000000000000000 tval=0000000000000000 mepc=ffffffff80010424
  REF seq=24475307 pc=ffffffff803c731c npc=ffffffff8036f384 insn=f4268082 prv=1 trap=0 rd=(k0,x0)=0000000000000000 cause=0000000000000000 tval=0000000000000000 mepc=ffffffff80010424
  DUT seq=24475308 pc=ffffffff8036f384 npc=ffffffff8036f386 insn=05813083 prv=1 trap=0 rd=(k1,x1)=ffffffff803b729a cause=0000000000000000 tval=0000000000000000 mepc=ffffffff80010424
  REF seq=24475308 pc=ffffffff8036f384 npc=ffffffff8036f386 insn=644660e6 prv=1 trap=0 rd=(k1,x1)=ffffffff803b729a cause=0000000000000000 tval=0000000000000000 mepc=ffffffff80010424
  DUT seq=24475309 pc=ffffffff8036f386 npc=ffffffff8036f388 insn=05013403 prv=1 trap=0 rd=(k1,x8)=ffffffc60000bc90 cause=0000000000000000 tval=0000000000000000 mepc=ffffffff80010424
  REF seq=24475309 pc=ffffffff8036f386 npc=ffffffff8036f388 insn=64a66446 prv=1 trap=0 rd=(k1,x8)=ffffffc60000bc90 cause=0000000000000000 tval=0000000000000000 mepc=ffffffff80010424
  DUT seq=24475310 pc=ffffffff8036f388 npc=ffffffff8036f38a insn=04813483 prv=1 trap=0 rd=(k1,x9)=ffffffd601061000 cause=0000000000000000 tval=0000000000000000 mepc=ffffffff80010424
  REF seq=24475310 pc=ffffffff8036f388 npc=ffffffff8036f38a insn=854a64a6 prv=1 trap=0 rd=(k1,x9)=ffffffd601061000 cause=0000000000000000 tval=0000000000000000 mepc=ffffffff80010424
  DUT seq=24475311 pc=ffffffff8036f38a npc=ffffffff8036f38c insn=01200533 prv=1 trap=0 rd=(k1,x10)=0000000000000000 cause=0000000000000000 tval=0000000000000000 mepc=ffffffff80010424
  REF seq=24475311 pc=ffffffff8036f38a npc=ffffffff8036f38c insn=6906854a prv=1 trap=0 rd=(k1,x10)=0000000000000000 cause=0000000000000000 tval=0000000000000000 mepc=ffffffff80010424
  DUT seq=24475312 pc=ffffffff8036f38c npc=ffffffff8036f38e insn=04013903 prv=1 trap=0 rd=(k1,x18)=ffffffd61f527338 cause=0000000000000000 tval=0000000000000000 mepc=ffffffff80010424
  REF seq=24475312 pc=ffffffff8036f38c npc=ffffffff8036f38e insn=61256906 prv=1 trap=0 rd=(k1,x18)=ffffffd61f527338 cause=0000000000000000 tval=0000000000000000 mepc=ffffffff80010424
  DUT seq=24475313 pc=ffffffff8036f38e npc=ffffffff8036f390 insn=06010113 prv=1 trap=0 rd=(k1,x2)=ffffffc60000bc80 cause=0000000000000000 tval=0000000000000000 mepc=ffffffff80010424
  REF seq=24475313 pc=ffffffff8036f38e npc=ffffffff8036f390 insn=80826125 prv=1 trap=0 rd=(k1,x2)=ffffffc60000bc80 cause=0000000000000000 tval=0000000000000000 mepc=ffffffff80010424
  DUT seq=24475314 pc=ffffffff8036f390 npc=ffffffff803b729a insn=00008067 prv=1 trap=0 rd=(k0,x0)=0000000000000000 cause=0000000000000000 tval=0000000000000000 mepc=ffffffff80010424
  REF seq=24475314 pc=ffffffff8036f390 npc=ffffffff803b729a insn=64a68082 prv=1 trap=0 rd=(k0,x0)=0000000000000000 cause=0000000000000000 tval=0000000000000000 mepc=ffffffff80010424
  DUT seq=24475315 pc=ffffffff803b729a npc=ffffffff803b729c insn=00813083 prv=1 trap=0 rd=(k1,x1)=ffffffff803b7310 cause=0000000000000000 tval=0000000000000000 mepc=ffffffff80010424
  REF seq=24475315 pc=ffffffff803b729a npc=ffffffff803b729c insn=640260a2 prv=1 trap=0 rd=(k1,x1)=ffffffff803b7310 cause=0000000000000000 tval=0000000000000000 mepc=ffffffff80010424
  DUT seq=24475316 pc=ffffffff803b729c npc=ffffffff803b729e insn=00013403 prv=1 trap=0 rd=(k1,x8)=ffffffc60000bcc0 cause=0000000000000000 tval=0000000000000000 mepc=ffffffff80010424
  REF seq=24475316 pc=ffffffff803b729c npc=ffffffff803b729e insn=01416402 prv=1 trap=0 rd=(k1,x8)=ffffffc60000bcc0 cause=0000000000000000 tval=0000000000000000 mepc=ffffffff80010424
  DUT seq=24475317 pc=ffffffff803b729e npc=ffffffff803b72a0 insn=01010113 prv=1 trap=0 rd=(k1,x2)=ffffffc60000bc90 cause=0000000000000000 tval=0000000000000000 mepc=ffffffff80010424
  REF seq=24475317 pc=ffffffff803b729e npc=ffffffff803b72a0 insn=80820141 prv=1 trap=0 rd=(k1,x2)=ffffffc60000bc90 cause=0000000000000000 tval=0000000000000000 mepc=ffffffff80010424
- tb_cosim_linux.v:145: Verilog $finish
COSIM-LINUX TIMEOUT after 200000000000 cycles (pc~00000000805b7312)
- tb_cosim_linux.v:181: Verilog $finish
- S i m u l a t i o n   R e p o r t: Verilator 5.050 2026-07-01
- Verilator: $finish at 786ms; walltime 299.939 s; speed 2.619 ms/s
- Verilator: cpu 299.826 s on 1 threads; allocated 2138 MB
