=== cosim 'tiny128big' (mem=2048MiB fw=../workloads/tiny128/fw_payload.bin dtb=../workloads/tiny128/tiny128.dtb@+1ff00000 initrd=../workloads/tiny128/tiny128.cpio@+1f52c000 a1=9ff00000) ===
[cosim-linux: loaded 25064456 bytes @ DDR+0000000000000000 (391633 lines)]
[cosim-linux: loaded 2464 bytes @ DDR+000000001ff00000 (39 lines)]
[cosim-linux: loaded 10305536 bytes @ DDR+000000001f52c000 (161024 lines)]
[c=0]
cosim: loaded 25064456 bytes @ DDR+0 (../workloads/tiny128/fw_payload.bin)
cosim: loaded 2464 bytes @ DDR+1ff00000 (../workloads/tiny128/tiny128.dtb)
cosim: loaded 10305536 bytes @ DDR+1f52c000 (../workloads/tiny128/tiny128.cpio)
cosim: simmerv ready (reset_pc=0000000080000000, linux)
cosim: 1 retirements ok (pc=0000000080000000)
[c=1000000]
[c=2000000]
cosim: 1000000 retirements ok (pc=000000008001958e)
[c=3000000]

OMMIO-DIVERGE#0 pc=0x80018596 pa=0x10000005 sz=1 model=0x60 dut=0x0
pMMIO-DIVERGE#1 pc=0x80018596 pa=0x10000005 sz=1 model=0x60 dut=0x0
eMMIO-DIVERGE#2 pc=0x80018596 pa=0x10000005 sz=1 model=0x60 dut=0x0
MMIO-DIVERGE#3 pc=0x80018596 pa=0x10000005 sz=1 model=0x60 dut=0x0
nMMIO-DIVERGE#4 pc=0x80018596 pa=0x10000005 sz=1 model=0x60 dut=0x0
SMMIO-DIVERGE#5 pc=0x80018596 pa=0x10000005 sz=1 model=0x60 dut=0x0
BMMIO-DIVERGE#6 pc=0x80018596 pa=0x10000005 sz=1 model=0x60 dut=0x0
IMMIO-DIVERGE#7 pc=0x80018596 pa=0x10000005 sz=1 model=0x60 dut=0x0
 MMIO-DIVERGE#8 pc=0x80018596 pa=0x10000005 sz=1 model=0x60 dut=0x0
vMMIO-DIVERGE#9 pc=0x80018596 pa=0x10000005 sz=1 model=0x60 dut=0x0
MMIO-DIVERGE#10 pc=0x80018596 pa=0x10000005 sz=1 model=0x60 dut=0x0
1MMIO-DIVERGE#11 pc=0x80018596 pa=0x10000005 sz=1 model=0x60 dut=0x0
.MMIO-DIVERGE#12 pc=0x80018596 pa=0x10000005 sz=1 model=0x60 dut=0x0
8MMIO-DIVERGE#13 pc=0x80018596 pa=0x10000005 sz=1 model=0x60 dut=0x0
.MMIO-DIVERGE#14 pc=0x80018596 pa=0x10000005 sz=1 model=0x60 dut=0x0
MMIO-DIVERGE#15 pc=0x80018596 pa=0x10000005 sz=1 model=0x60 dut=0x0
1MMIO-DIVERGE#16 pc=0x80018596 pa=0x10000005 sz=1 model=0x60 dut=0x0
MMIO-DIVERGE#17 pc=0x80018596 pa=0x10000005 sz=1 model=0x60 dut=0x0

  MMIO-DIVERGE#18 pc=0x80018596 pa=0x10000005 sz=1 model=0x60 dut=0x0
 MMIO-DIVERGE#19 pc=0x80018596 pa=0x10000005 sz=1 model=0x60 dut=0x0
_MMIO-DIVERGE#20 pc=0x80018596 pa=0x10000005 sz=1 model=0x60 dut=0x0
_MMIO-DIVERGE#21 pc=0x80018596 pa=0x10000005 sz=1 model=0x60 dut=0x0
MMIO-DIVERGE#22 pc=0x80018596 pa=0x10000005 sz=1 model=0x60 dut=0x0
_MMIO-DIVERGE#23 pc=0x80018596 pa=0x10000005 sz=1 model=0x60 dut=0x0
_MMIO-DIVERGE#24 pc=0x80018596 pa=0x10000005 sz=1 model=0x60 dut=0x0
 MMIO-DIVERGE#25 pc=0x80018596 pa=0x10000005 sz=1 model=0x60 dut=0x0
 MMIO-DIVERGE#26 pc=0x80018596 pa=0x10000005 sz=1 model=0x60 dut=0x0
 MMIO-DIVERGE#27 pc=0x80018596 pa=0x10000005 sz=1 model=0x60 dut=0x0
 MMIO-DIVERGE#28 pc=0x80018596 pa=0x10000005 sz=1 model=0x60 dut=0x0
MMIO-DIVERGE#29 pc=0x80018596 pa=0x10000005 sz=1 model=0x60 dut=0x0
 MMIO-DIVERGE#30 pc=0x80018596 pa=0x10000005 sz=1 model=0x60 dut=0x0
 MMIO-DIVERGE#31 pc=0x80018596 pa=0x10000005 sz=1 model=0x60 dut=0x0
 MMIO-DIVERGE#32 pc=0x80018596 pa=0x10000005 sz=1 model=0x60 dut=0x0
 MMIO-DIVERGE#33 pc=0x80018596 pa=0x10000005 sz=1 model=0x60 dut=0x0
MMIO-DIVERGE#34 pc=0x80018596 pa=0x10000005 sz=1 model=0x60 dut=0x0
 MMIO-DIVERGE#35 pc=0x80018596 pa=0x10000005 sz=1 model=0x60 dut=0x0
 MMIO-DIVERGE#36 pc=0x80018596 pa=0x10000005 sz=1 model=0x60 dut=0x0
 MMIO-DIVERGE#37 pc=0x80018596 pa=0x10000005 sz=1 model=0x60 dut=0x0
MMIO-DIVERGE#38 pc=0x80018596 pa=0x10000005 sz=1 model=0x60 dut=0x0
 MMIO-DIVERGE#39 pc=0x80018596 pa=0x10000005 sz=1 model=0x60 dut=0x0
 MMIO-DIVERGE#40 pc=0x80018596 pa=0x10000005 sz=1 model=0x60 dut=0x0
 MMIO-DIVERGE#41 pc=0x80018596 pa=0x10000005 sz=1 model=0x60 dut=0x0
 MMIO-DIVERGE#42 pc=0x80018596 pa=0x10000005 sz=1 model=0x60 dut=0x0
MMIO-DIVERGE#43 pc=0x80018596 pa=0x10000005 sz=1 model=0x60 dut=0x0
 MMIO-DIVERGE#44 pc=0x80018596 pa=0x10000005 sz=1 model=0x60 dut=0x0
 MMIO-DIVERGE#45 pc=0x80018596 pa=0x10000005 sz=1 model=0x60 dut=0x0
 MMIO-DIVERGE#46 pc=0x80018596 pa=0x10000005 sz=1 model=0x60 dut=0x0
 MMIO-DIVERGE#47 pc=0x80018596 pa=0x10000005 sz=1 model=0x60 dut=0x0
MMIO-DIVERGE#48 pc=0x80018596 pa=0x10000005 sz=1 model=0x60 dut=0x0
 MMIO-DIVERGE#49 pc=0x80018596 pa=0x10000005 sz=1 model=0x60 dut=0x0
_MMIO-DIVERGE#50 pc=0x80018596 pa=0x10000005 sz=1 model=0x60 dut=0x0
_MMIO-DIVERGE#51 pc=0x80018596 pa=0x10000005 sz=1 model=0x60 dut=0x0
MMIO-DIVERGE#52 pc=0x80018596 pa=0x10000005 sz=1 model=0x60 dut=0x0
_MMIO-DIVERGE#53 pc=0x80018596 pa=0x10000005 sz=1 model=0x60 dut=0x0
_MMIO-DIVERGE#54 pc=0x80018596 pa=0x10000005 sz=1 model=0x60 dut=0x0
_MMIO-DIVERGE#55 pc=0x80018596 pa=0x10000005 sz=1 model=0x60 dut=0x0
 MMIO-DIVERGE#56 pc=0x80018596 pa=0x10000005 sz=1 model=0x60 dut=0x0
MMIO-DIVERGE#57 pc=0x80018596 pa=0x10000005 sz=1 model=0x60 dut=0x0
_MMIO-DIVERGE#58 pc=0x80018596 pa=0x10000005 sz=1 model=0x60 dut=0x0
_MMIO-DIVERGE#59 pc=0x80018596 pa=0x10000005 sz=1 model=0x60 dut=0x0
_MMIO-DIVERGE#60 pc=0x80018596 pa=0x10000005 sz=1 model=0x60 dut=0x0
_MMIO-DIVERGE#61 pc=0x80018596 pa=0x10000005 sz=1 model=0x60 dut=0x0
MMIO-DIVERGE#62 pc=0x80018596 pa=0x10000005 sz=1 model=0x60 dut=0x0
 MMIO-DIVERGE#63 pc=0x80018596 pa=0x10000005 sz=1 model=0x60 dut=0x0
_MMIO-DIVERGE#64 pc=0x80018596 pa=0x10000005 sz=1 model=0x60 dut=0x0
_MMIO-DIVERGE#65 pc=0x80018596 pa=0x10000005 sz=1 model=0x60 dut=0x0
_MMIO-DIVERGE#66 pc=0x80018596 pa=0x10000005 sz=1 model=0x60 dut=0x0
MMIO-DIVERGE#67 pc=0x80018596 pa=0x10000005 sz=1 model=0x60 dut=0x0
_MMIO-DIVERGE#68 pc=0x80018596 pa=0x10000005 sz=1 model=0x60 dut=0x0
_MMIO-DIVERGE#69 pc=0x80018596 pa=0x10000005 sz=1 model=0x60 dut=0x0
MMIO-DIVERGE#70 pc=0x80018596 pa=0x10000005 sz=1 model=0x60 dut=0x0

MMIO-DIVERGE#71 pc=0x80018596 pa=0x10000005 sz=1 model=0x60 dut=0x0
MMIO-DIVERGE#72 pc=0x80018596 pa=0x10000005 sz=1 model=0x60 dut=0x0
 MMIO-DIVERGE#73 pc=0x80018596 pa=0x10000005 sz=1 model=0x60 dut=0x0
 MMIO-DIVERGE#74 pc=0x80018596 pa=0x10000005 sz=1 model=0x60 dut=0x0
/MMIO-DIVERGE#75 pc=0x80018596 pa=0x10000005 sz=1 model=0x60 dut=0x0
 MMIO-DIVERGE#76 pc=0x80018596 pa=0x10000005 sz=1 model=0x60 dut=0x0
MMIO-DIVERGE#77 pc=0x80018596 pa=0x10000005 sz=1 model=0x60 dut=0x0
_MMIO-DIVERGE#78 pc=0x80018596 pa=0x10000005 sz=1 model=0x60 dut=0x0
_MMIO-DIVERGE#79 pc=0x80018596 pa=0x10000005 sz=1 model=0x60 dut=0x0
 MMIO-DIVERGE#80 pc=0x80018596 pa=0x10000005 sz=1 model=0x60 dut=0x0
\MMIO-DIVERGE#81 pc=0x80018596 pa=0x10000005 sz=1 model=0x60 dut=0x0
MMIO-DIVERGE#82 pc=0x80018596 pa=0x10000005 sz=1 model=0x60 dut=0x0
 MMIO-DIVERGE#83 pc=0x80018596 pa=0x10000005 sz=1 model=0x60 dut=0x0
 MMIO-DIVERGE#84 pc=0x80018596 pa=0x10000005 sz=1 model=0x60 dut=0x0
 MMIO-DIVERGE#85 pc=0x80018596 pa=0x10000005 sz=1 model=0x60 dut=0x0
 MMIO-DIVERGE#86 pc=0x80018596 pa=0x10000005 sz=1 model=0x60 dut=0x0
MMIO-DIVERGE#87 pc=0x80018596 pa=0x10000005 sz=1 model=0x60 dut=0x0
 MMIO-DIVERGE#88 pc=0x80018596 pa=0x10000005 sz=1 model=0x60 dut=0x0
 MMIO-DIVERGE#89 pc=0x80018596 pa=0x10000005 sz=1 model=0x60 dut=0x0
 MMIO-DIVERGE#90 pc=0x80018596 pa=0x10000005 sz=1 model=0x60 dut=0x0
 MMIO-DIVERGE#91 pc=0x80018596 pa=0x10000005 sz=1 model=0x60 dut=0x0
MMIO-DIVERGE#92 pc=0x80018596 pa=0x10000005 sz=1 model=0x60 dut=0x0
 MMIO-DIVERGE#93 pc=0x80018596 pa=0x10000005 sz=1 model=0x60 dut=0x0
 MMIO-DIVERGE#94 pc=0x80018596 pa=0x10000005 sz=1 model=0x60 dut=0x0
 MMIO-DIVERGE#95 pc=0x80018596 pa=0x10000005 sz=1 model=0x60 dut=0x0
MMIO-DIVERGE#96 pc=0x80018596 pa=0x10000005 sz=1 model=0x60 dut=0x0
 MMIO-DIVERGE#97 pc=0x80018596 pa=0x10000005 sz=1 model=0x60 dut=0x0
 MMIO-DIVERGE#98 pc=0x80018596 pa=0x10000005 sz=1 model=0x60 dut=0x0
 MMIO-DIVERGE#99 pc=0x80018596 pa=0x10000005 sz=1 model=0x60 dut=0x0
 MMIO-DIVERGE#100 pc=0x80018596 pa=0x10000005 sz=1 model=0x60 dut=0x0
MMIO-DIVERGE#101 pc=0x80018596 pa=0x10000005 sz=1 model=0x60 dut=0x0
 MMIO-DIVERGE#102 pc=0x80018596 pa=0x10000005 sz=1 model=0x60 dut=0x0
 MMIO-DIVERGE#103 pc=0x80018596 pa=0x10000005 sz=1 model=0x60 dut=0x0
 MMIO-DIVERGE#104 pc=0x80018596 pa=0x10000005 sz=1 model=0x60 dut=0x0
/MMIO-DIVERGE#105 pc=0x80018596 pa=0x10000005 sz=1 model=0x60 dut=0x0
MMIO-DIVERGE#106 pc=0x80018596 pa=0x10000005 sz=1 model=0x60 dut=0x0
 MMIO-DIVERGE#107 pc=0x80018596 pa=0x10000005 sz=1 model=0x60 dut=0x0
_MMIO-DIVERGE#108 pc=0x80018596 pa=0x10000005 sz=1 model=0x60 dut=0x0
_MMIO-DIVERGE#109 pc=0x80018596 pa=0x10000005 sz=1 model=0x60 dut=0x0
_MMIO-DIVERGE#110 pc=0x80018596 pa=0x10000005 sz=1 model=0x60 dut=0x0
MMIO-DIVERGE#111 pc=0x80018596 pa=0x10000005 sz=1 model=0x60 dut=0x0
_MMIO-DIVERGE#112 pc=0x80018596 pa=0x10000005 sz=1 model=0x60 dut=0x0
|MMIO-DIVERGE#113 pc=0x80018596 pa=0x10000005 sz=1 model=0x60 dut=0x0
 MMIO-DIVERGE#114 pc=0x80018596 pa=0x10000005 sz=1 model=0x60 dut=0x0
MMIO-DIVERGE#115 pc=0x80018596 pa=0x10000005 sz=1 model=0x60 dut=0x0
 MMIO-DIVERGE#116 pc=0x80018596 pa=0x10000005 sz=1 model=0x60 dut=0x0
_MMIO-DIVERGE#117 pc=0x80018596 pa=0x10000005 sz=1 model=0x60 dut=0x0
 MMIO-DIVERGE#118 pc=0x80018596 pa=0x10000005 sz=1 model=0x60 dut=0x0
\MMIO-DIVERGE#119 pc=0x80018596 pa=0x10000005 sz=1 model=0x60 dut=0x0
MMIO-DIVERGE#120 pc=0x80018596 pa=0x10000005 sz=1 model=0x60 dut=0x0
_MMIO-DIVERGE#121 pc=0x80018596 pa=0x10000005 sz=1 model=0x60 dut=0x0
 MMIO-DIVERGE#122 pc=0x80018596 pa=0x10000005 sz=1 model=0x60 dut=0x0
 MMIO-DIVERGE#123 pc=0x80018596 pa=0x10000005 sz=1 model=0x60 dut=0x0
 MMIO-DIVERGE#124 pc=0x80018596 pa=0x10000005 sz=1 model=0x60 dut=0x0
MMIO-DIVERGE#125 pc=0x80018596 pa=0x10000005 sz=1 model=0x60 dut=0x0
_MMIO-DIVERGE#126 pc=0x80018596 pa=0x10000005 sz=1 model=0x60 dut=0x0
|MMIO-DIVERGE#127 pc=0x80018596 pa=0x10000005 sz=1 model=0x60 dut=0x0
MMIO-DIVERGE#128 pc=0x80018596 pa=0x10000005 sz=1 model=0x60 dut=0x0

MMIO-DIVERGE#129 pc=0x80018596 pa=0x10000005 sz=1 model=0x60 dut=0x0
MMIO-DIVERGE#130 pc=0x80018596 pa=0x10000005 sz=1 model=0x60 dut=0x0
 MMIO-DIVERGE#131 pc=0x80018596 pa=0x10000005 sz=1 model=0x60 dut=0x0
|MMIO-DIVERGE#132 pc=0x80018596 pa=0x10000005 sz=1 model=0x60 dut=0x0
 MMIO-DIVERGE#133 pc=0x80018596 pa=0x10000005 sz=1 model=0x60 dut=0x0
|MMIO-DIVERGE#134 pc=0x80018596 pa=0x10000005 sz=1 model=0x60 dut=0x0
MMIO-DIVERGE#135 pc=0x80018596 pa=0x10000005 sz=1 model=0x60 dut=0x0
 MMIO-DIVERGE#136 pc=0x80018596 pa=0x10000005 sz=1 model=0x60 dut=0x0
 MMIO-DIVERGE#137 pc=0x80018596 pa=0x10000005 sz=1 model=0x60 dut=0x0
|MMIO-DIVERGE#138 pc=0x80018596 pa=0x10000005 sz=1 model=0x60 dut=0x0
 MMIO-DIVERGE#139 pc=0x80018596 pa=0x10000005 sz=1 model=0x60 dut=0x0
MMIO-DIVERGE#140 pc=0x80018596 pa=0x10000005 sz=1 model=0x60 dut=0x0
|MMIO-DIVERGE#141 pc=0x80018596 pa=0x10000005 sz=1 model=0x60 dut=0x0
_MMIO-DIVERGE#142 pc=0x80018596 pa=0x10000005 sz=1 model=0x60 dut=0x0
 MMIO-DIVERGE#143 pc=0x80018596 pa=0x10000005 sz=1 model=0x60 dut=0x0
MMIO-DIVERGE#144 pc=0x80018596 pa=0x10000005 sz=1 model=0x60 dut=0x0
_MMIO-DIVERGE#145 pc=0x80018596 pa=0x10000005 sz=1 model=0x60 dut=0x0
_MMIO-DIVERGE#146 pc=0x80018596 pa=0x10000005 sz=1 model=0x60 dut=0x0
 MMIO-DIVERGE#147 pc=0x80018596 pa=0x10000005 sz=1 model=0x60 dut=0x0
 MMIO-DIVERGE#148 pc=0x80018596 pa=0x10000005 sz=1 model=0x60 dut=0x0
MMIO-DIVERGE#149 pc=0x80018596 pa=0x10000005 sz=1 model=0x60 dut=0x0
 MMIO-DIVERGE#150 pc=0x80018596 pa=0x10000005 sz=1 model=0x60 dut=0x0
_MMIO-DIVERGE#151 pc=0x80018596 pa=0x10000005 sz=1 model=0x60 dut=0x0
_MMIO-DIVERGE#152 pc=0x80018596 pa=0x10000005 sz=1 model=0x60 dut=0x0
_MMIO-DIVERGE#153 pc=0x80018596 pa=0x10000005 sz=1 model=0x60 dut=0x0
MMIO-DIVERGE#154 pc=0x80018596 pa=0x10000005 sz=1 model=0x60 dut=0x0
 MMIO-DIVERGE#155 pc=0x80018596 pa=0x10000005 sz=1 model=0x60 dut=0x0
_MMIO-DIVERGE#156 pc=0x80018596 pa=0x10000005 sz=1 model=0x60 dut=0x0
 MMIO-DIVERGE#157 pc=0x80018596 pa=0x10000005 sz=1 model=0x60 dut=0x0
_MMIO-DIVERGE#158 pc=0x80018596 pa=0x10000005 sz=1 model=0x60 dut=0x0
MMIO-DIVERGE#159 pc=0x80018596 pa=0x10000005 sz=1 model=0x60 dut=0x0
_MMIO-DIVERGE#160 pc=0x80018596 pa=0x10000005 sz=1 model=0x60 dut=0x0
 MMIO-DIVERGE#161 pc=0x80018596 pa=0x10000005 sz=1 model=0x60 dut=0x0
|MMIO-DIVERGE#162 pc=0x80018596 pa=0x10000005 sz=1 model=0x60 dut=0x0
 MMIO-DIVERGE#163 pc=0x80018596 pa=0x10000005 sz=1 model=0x60 dut=0x0
MMIO-DIVERGE#164 pc=0x80018596 pa=0x10000005 sz=1 model=0x60 dut=0x0
(MMIO-DIVERGE#165 pc=0x80018596 pa=0x10000005 sz=1 model=0x60 dut=0x0
_MMIO-DIVERGE#166 pc=0x80018596 pa=0x10000005 sz=1 model=0x60 dut=0x0
_MMIO-DIVERGE#167 pc=0x80018596 pa=0x10000005 sz=1 model=0x60 dut=0x0
_MMIO-DIVERGE#168 pc=0x80018596 pa=0x10000005 sz=1 model=0x60 dut=0x0
MMIO-DIVERGE#169 pc=0x80018596 pa=0x10000005 sz=1 model=0x60 dut=0x0
 MMIO-DIVERGE#170 pc=0x80018596 pa=0x10000005 sz=1 model=0x60 dut=0x0
|MMIO-DIVERGE#171 pc=0x80018596 pa=0x10000005 sz=1 model=0x60 dut=0x0
 MMIO-DIVERGE#172 pc=0x80018596 pa=0x10000005 sz=1 model=0x60 dut=0x0
MMIO-DIVERGE#173 pc=0x80018596 pa=0x10000005 sz=1 model=0x60 dut=0x0
|MMIO-DIVERGE#174 pc=0x80018596 pa=0x10000005 sz=1 model=0x60 dut=0x0
_MMIO-DIVERGE#175 pc=0x80018596 pa=0x10000005 sz=1 model=0x60 dut=0x0
)MMIO-DIVERGE#176 pc=0x80018596 pa=0x10000005 sz=1 model=0x60 dut=0x0
 MMIO-DIVERGE#177 pc=0x80018596 pa=0x10000005 sz=1 model=0x60 dut=0x0
MMIO-DIVERGE#178 pc=0x80018596 pa=0x10000005 sz=1 model=0x60 dut=0x0
|MMIO-DIVERGE#179 pc=0x80018596 pa=0x10000005 sz=1 model=0x60 dut=0x0
|MMIO-DIVERGE#180 pc=0x80018596 pa=0x10000005 sz=1 model=0x60 dut=0x0
 MMIO-DIVERGE#181 pc=0x80018596 pa=0x10000005 sz=1 model=0x60 dut=0x0
|MMIO-DIVERGE#182 pc=0x80018596 pa=0x10000005 sz=1 model=0x60 dut=0x0
MMIO-DIVERGE#183 pc=0x80018596 pa=0x10000005 sz=1 model=0x60 dut=0x0
MMIO-DIVERGE#184 pc=0x80018596 pa=0x10000005 sz=1 model=0x60 dut=0x0

MMIO-DIVERGE#185 pc=0x80018596 pa=0x10000005 sz=1 model=0x60 dut=0x0
 MMIO-DIVERGE#186 pc=0x80018596 pa=0x10000005 sz=1 model=0x60 dut=0x0
|MMIO-DIVERGE#187 pc=0x80018596 pa=0x10000005 sz=1 model=0x60 dut=0x0
MMIO-DIVERGE#188 pc=0x80018596 pa=0x10000005 sz=1 model=0x60 dut=0x0
 MMIO-DIVERGE#189 pc=0x80018596 pa=0x10000005 sz=1 model=0x60 dut=0x0
|MMIO-DIVERGE#190 pc=0x80018596 pa=0x10000005 sz=1 model=0x60 dut=0x0
 MMIO-DIVERGE#191 pc=0x80018596 pa=0x10000005 sz=1 model=0x60 dut=0x0
 MMIO-DIVERGE#192 pc=0x80018596 pa=0x10000005 sz=1 model=0x60 dut=0x0
MMIO-DIVERGE#193 pc=0x80018596 pa=0x10000005 sz=1 model=0x60 dut=0x0
|MMIO-DIVERGE#194 pc=0x80018596 pa=0x10000005 sz=1 model=0x60 dut=0x0
 MMIO-DIVERGE#195 pc=0x80018596 pa=0x10000005 sz=1 model=0x60 dut=0x0
|MMIO-DIVERGE#196 pc=0x80018596 pa=0x10000005 sz=1 model=0x60 dut=0x0
 MMIO-DIVERGE#197 pc=0x80018596 pa=0x10000005 sz=1 model=0x60 dut=0x0
MMIO-DIVERGE#198 pc=0x80018596 pa=0x10000005 sz=1 model=0x60 dut=0x0
'MMIO-DIVERGE#199 pc=0x80018596 pa=0x10000005 sz=1 model=0x60 dut=0x0
_ \ / _ \ '_ \ \___ \|  _ < | |
 | |__| | |_) |  __/ | | |____) | |_) || |_
  \____/| .__/ \___|_| |_|_____/|____/_____|
        | |
        |_|

[c=4000000]
cosim: 2000000 retirements ok (pc=0000000080019526)
[c=5000000]
[c=6000000]
[c=7000000]
cosim: 3000000 retirements ok (pc=00000000800194e8)
[c=8000000]
[c=9000000]
cosim: 4000000 retirements ok (pc=000000008001956a)
[c=10000000]
[c=11000000]
cosim: 5000000 retirements ok (pc=0000000080019532)
[c=12000000]
Platform Name               : SmolRV64 tiny512MiB
Platform Features           : medeleg
Platform HART Count         : 1
Platform HART Protection    : ---
Platform IPI Device         : aclint-mswi
Platform Timer Device       : aclint-mtimer @ 1000000Hz
Platform Console Device     : uart8250
Platform HSM Device         : ---
Platform PMU Device         : ---
Platform Reboot Device      : ---
Platform Shutdown Device    : ---
Platform Suspend Device     : ---
Platform CPPC Device        : ---
Firmware Base               : 0x80000000
Firmware Size               : 321 KB
Firmware RW Offset          : 0x40000
Firmware RW Size            : 65 KB
Firmware Heap Offset        : 0x47000
Firmware Heap Size          : 37 KB (total), 0 KB (reserved), 12 KB (used), 23 KB (free)
Firmware Scratch Size       : 4096 B (total), 1464 B (used), 2632 B (free)
Runtime SBI Version         : 3.0
[c=13000000]
Standard SBI Extensions     : ipi,pmu,sse,hsm,rfnc,fwft,time,base,legacy,dbcn,dbtr
Experimental SBI Extensions : none

Domain0 Name                : root
Domain0 Boot HART           : 0
Domain0 HARTs               : 0*
Domain0 Region00            : 0x0000000080040000-0x000000008005ffff M: (F,R,W) S/U: ()
Domain0 Region01            : 0x0000000080000000-0x000000008003ffff M: (F,R,X) S/U: ()
Domain0 Region02            : 0x0000000010000000-0x0000000010000fff M: (I,R,W) S/U: (R,W)
Domain0 Region03            : 0x0000000002000000-0x000000000200ffff M: (I,R,W) S/U: ()
Domain0 Region04            : 0x000000000c000000-0x000000000fffffff M: (I,R,W) S/U: (R,W)
Domain0 Region05            : 0x0000000000000000-0xffffffffffffffff M: () S/U: (R,W,X)
Domain0 Next Address        : 0x0000000080200000
Domain0 Next Arg1           : 0x0000000082200000
Domain0 Next Mode           : S-mode
Domain0 SysReset            : yes
Domain0 SysSuspend          : yes

Boot HART ID                : 0
Boot HART Domain            : root
Boot HART Priv Version      : v1.12
Boot HART Base ISA          : rv64imafdc
Boot HART ISA Extensions    : sscofpmf,sstc,zicntr,zihpm,smcntrpmf,zicboz,sdtrig
Boot HART PMP Count         : 0
Boot HART PMP Granularity   : 0 bits
Boot HART PMP Address Bits  : 0
Boot HART MHPM Info         : 13 (0x0000fff8)
Boot HART Debug Triggers    : 1 triggers
Boot HART MIDELEG           : 0x0000000000002222
Boot HART MEDELEG           : 0x000000000004b109
[c=14000000]
cosim: 6000000 retirements ok (pc=ffffffff804ac422)
[c=15000000]
[c=16000000]
cosim: 7000000 retirements ok (pc=ffffffff8049ae9c)
[c=17000000]
[c=18000000]
[c=19000000]
cosim: 8000000 retirements ok (pc=ffffffff8049af24)
[c=20000000]
[c=21000000]
cosim: 9000000 retirements ok (pc=ffffffff8019e86c)
[c=22000000]
[c=23000000]
[c=24000000]
cosim: 10000000 retirements ok (pc=ffffffff8019e580)
[c=25000000]
[c=26000000]
cosim: 11000000 retirements ok (pc=ffffffff8019e86a)
[c=27000000]
[    0.000000] Linux version 7.1.0 (tommy@coffee) (riscv64-linux-gnu-gcc (Ubuntu 15.2.0-16ubuntu1) 15.2.0, GNU ld (GNU Binutils for Ubuntu) 2.46) #31 PREEMPT Sun Jun 28 15:03:59 PDT 2026
[    0.000000] random: crng init done
[    0.000000] Machine model: SmolRV64 tiny512MiB
[    0.000000] SBI specification v3.0 detected
[    0.000000] SBI implementation ID=0x1 Version=0x10008
[    0.000000] SBI TIME extension detected
[    0.000000] SBI IPI extension detected
[    0.000000] SBI RFENCE extension detected
[    0.000000] SBI DBCN extension detected
[    0.000000] SBI FWFT extension detected
[    0.000000] earlycon: sbi0 at I/O port 0x0 (options '')
[    0.000000] printk: legacy bootconsole [sbi0] enabled
[    0.000000] printk: debug: ignoring loglevel setting.
[    0.000000] efi: UEFI not found.
[c=28000000]
[c=29000000]
[    0.000000] OF: reserved mem: 0x0000000080000000..0x000000008003ffff (256 KiB) nomap non-reusable mmode_resv1@80000000
[    0.000000] OF: reserved mem: 0x0000000080040000..0x000000008005ffff (128 KiB) nomap non-reusable mmode_resv0@80040000
cosim: 12000000 retirements ok (pc=ffffffff808bd54e)
[c=30000000]
[c=31000000]
[    0.000000] riscv: base ISA extensions acdfim
[    0.000000] riscv: ELF capabilities acdfim
[    0.000000] Ticket spinlock: enabled
[c=32000000]
[c=33000000]
[c=34000000]
[c=35000000]
cosim: 13000000 retirements ok (pc=ffffffff808e2b9c)
[c=36000000]
[c=37000000]
[c=38000000]
[c=39000000]
[c=40000000]
[c=41000000]
[c=42000000]
[c=43000000]
[c=44000000]
[c=45000000]
[c=46000000]
cosim: 14000000 retirements ok (pc=ffffffff808e2b7c)
[c=47000000]
[c=48000000]
[c=49000000]
[c=50000000]
[c=51000000]
[c=52000000]
[c=53000000]
[c=54000000]
[c=55000000]
[c=56000000]
[    0.000000] Zone ranges:
[    0.000000]   DMA32    [mem 0x0000000080000000[c=57000000]
-0x000000009fefffff]
[    0.000000]   Normal   empty
[    0.000000] Movable zone start for each node
[    0.000000] Early memory node ranges
cosim: 15000000 retirements ok (pc=ffffffff80074ed0)
[    0.000000]   node   0: [mem 0x0000000080000000-0x000000008005ffff]
[    0.000000]   node   0: [mem 0x0000000080060000-0x000000009fefffff]
[    0.000000] Initmem setup node 0 [mem 0x0000000080000000-0x000000009fefffff]
[c=58000000]
[c=59000000]
[c=60000000]
cosim: 16000000 retirements ok (pc=ffffffff80a11a60)
[c=61000000]
[c=62000000]
[c=63000000]
cosim: 17000000 retirements ok (pc=ffffffff80a11b6a)
[c=64000000]
[c=65000000]
[c=66000000]
[c=67000000]
cosim: 18000000 retirements ok (pc=ffffffff80a11b28)
[c=68000000]
[c=69000000]
[c=70000000]
cosim: 19000000 retirements ok (pc=ffffffff80a115b8)
[c=71000000]
[c=72000000]
[c=73000000]
cosim: 20000000 retirements ok (pc=ffffffff80a115d8)
[c=74000000]
[c=75000000]
[c=76000000]
[c=77000000]
cosim: 21000000 retirements ok (pc=ffffffff80a11a94)
[c=78000000]
[c=79000000]
[c=80000000]
cosim: 22000000 retirements ok (pc=ffffffff80a11aec)
[c=81000000]
[c=82000000]
[c=83000000]
cosim: 23000000 retirements ok (pc=ffffffff80a11b12)
[c=84000000]
[    0.000000] On node 0, zone DMA32: 256 pages in unavailable ranges
[c=85000000]
[    0.000000] pcpu-alloc: s0 r0 d32768 u32768 alloc=1*32768
[    0.000000] pcpu-alloc: [0] 0 
[    0.000000] Kernel command line: console=ttyS0 earlycon=sbi root=/dev/raw rw ignore_loglevel random.trust_bootloader=on
[    0.000000] printk: log buffer data + meta data: 131072 + 458752 = 589824 bytes
[c=86000000]
[    0.000000] Dentry cache hash table entries: 65536 (order: 7, 524288 bytes, linear)
[    0.000000] Inode-cache hash table entries: 32768 (order: 6, 262144 bytes, linear)
[c=87000000]
[    0.000000] Built 1 zonelists, mobility grouping on.  Total pages: 130816
[    0.000000] mem auto-init: stack:all(zero), heap alloc:off, heap free:off
cosim: 24000000 retirements ok (pc=ffffffff80a1529e)
[c=88000000]
[c=89000000]
[c=90000000]
[c=91000000]
[c=92000000]
cosim: 25000000 retirements ok (pc=ffffffff80a14a5c)
[c=93000000]
[c=94000000]
[c=95000000]
[c=96000000]
cosim: 26000000 retirements ok (pc=ffffffff80a14a54)
[c=97000000]
[c=98000000]
[    0.000000] SLUB: HWalign=64, Order=0-3, MinObjects=0, CPUs=1, Nodes=1
[c=99000000]
[    0.000000] RCU Tasks: Setting shift to 0 and lim to 1 rcu_task_cb_adjust=1 rcu_task_cpu_ids=1.
[c=100000000]
[c=101000000]
cosim: 27000000 retirements ok (pc=ffffffff800f652a)
[c=102000000]
[c=103000000]
[c=104000000]
[c=105000000]
cosim: 28000000 retirements ok (pc=ffffffff800f652a)
[c=106000000]
[c=107000000]
[c=108000000]
[c=109000000]
cosim: 29000000 retirements ok (pc=ffffffff800f6554)
[c=110000000]
[c=111000000]
[c=112000000]
[c=113000000]
cosim: 30000000 retirements ok (pc=ffffffff800f655c)
[c=114000000]
[c=115000000]
[c=116000000]
[c=117000000]
cosim: 31000000 retirements ok (pc=ffffffff800f6536)
[c=118000000]
[c=119000000]
[c=120000000]
[c=121000000]
[c=122000000]
cosim: 32000000 retirements ok (pc=ffffffff800f655c)
[c=123000000]
[c=124000000]
[c=125000000]
[c=126000000]
cosim: 33000000 retirements ok (pc=ffffffff800f6558)
[c=127000000]
[c=128000000]
[c=129000000]
[c=130000000]
cosim: 34000000 retirements ok (pc=ffffffff808e2bee)
[c=131000000]
[c=132000000]
[c=133000000]
cosim: 35000000 retirements ok (pc=ffffffff808e2c96)
[c=134000000]
[c=135000000]
cosim: 36000000 retirements ok (pc=ffffffff808d89da)
[c=136000000]
[c=137000000]
[c=138000000]
cosim: 37000000 retirements ok (pc=ffffffff808e2c96)
[c=139000000]
[c=140000000]
[c=141000000]
cosim: 38000000 retirements ok (pc=ffffffff808e2c9a)
[c=142000000]
[c=143000000]
[c=144000000]
[c=145000000]
cosim: 39000000 retirements ok (pc=ffffffff80219f8e)
[c=146000000]
[    0.000000] NR_IRQS: 64, nr_irqs: 64, preallocated irqs: 0
[    0.000000] riscv-intc: 64 local interrupts mapped
[c=147000000]
[    0.000000] clocksource: riscv_clocksource: mask: 0xffffffffffffffff max_cycles: 0x1d854df40, max_idle_ns: 3526361616960 ns
[    0.000012] sched_clock: 64 bits at 1000kHz, resolution 1000ns, wraps every 2199023255500ns
[    0.003383] Console: colour dummy device 80x25
[    0.004090] Calibrating delay loop (skipped), value calculated using timer frequency.. 2.00 BogoMIPS (lpj=10000)
[    0.004647] pid_max: default: 32768 minimum: 301
[c=148000000]
[    0.011158] Mount-cache hash table entries: 1024 (order: 1, 8192 bytes, linear)
[    0.011638] Mountpoint-cache hash table entries: 1024 (order: 1, 8192 bytes, linear)
[c=149000000]
[    0.015023] VFS: Finished mounting rootfs on nullfs
cosim: 40000000 retirements ok (pc=ffffffff801cd43e)
[c=150000000]
[c=151000000]
[    0.032786] ASID allocator using 10 bits (1024 entries)
[c=152000000]
[    0.038209] EFI services will not be available.
[    0.039315] Memory: 461076K/523264K available (9136K kernel code, 5791K rwdata, 4096K rodata, 2301K init, 360K bss, 60448K reserved, 0K cma-reserved)
[c=153000000]
[    0.044538] devtmpfs: initialized
cosim: 41000000 retirements ok (pc=ffffffff808eb3dc)
[c=154000000]
[c=155000000]
[    0.061562] clocksource: jiffies: mask: 0xffffffff max_cycles: 0xffffffff, max_idle_ns: 19112604462750000 ns
[    0.062266] posixtimers hash table entries: 512 (order: 0, 4096 bytes, linear)
[    0.062848] futex hash table entries: 256 (8192 bytes on 1 NUMA nodes, total 8 KiB, linear).
[c=156000000]
[    0.067996] DMI: not present or invalid.
[    0.071612] NET: Registered PF_NETLINK/PF_ROUTE protocol family
[c=157000000]
[    0.074113] DMA: preallocated 128 KiB GFP_KERNEL|GFP_DMA32 pool for atomic allocations
[    0.074846] audit: initializing netlink subsys (disabled)
cosim: 42000000 retirements ok (pc=ffffffff8058a2fc)
[    0.079849] cpuidle: using governor menu
[c=158000000]
[    0.081508] audit: type=2000 audit(0.070:1): state=initialized audit_enabled=0 res=1
[c=159000000]
[c=160000000]
[c=161000000]
cosim: 43000000 retirements ok (pc=ffffffff800f769c)
[c=162000000]
[c=163000000]
[    0.122464] HugeTLB: registered 2.00 MiB page size, pre-allocated 0 pages
[    0.122857] HugeTLB: 28 KiB vmemmap can be freed for a 2.00 MiB page
[c=164000000]
cosim: 44000000 retirements ok (pc=ffffffff802e0e64)
[c=165000000]
[c=166000000]
[c=167000000]
cosim: 45000000 retirements ok (pc=ffffffff800f769e)
[c=168000000]
[    0.163418] SCSI subsystem initialized
[c=169000000]
[    0.168611] Advanced Linux Sound Architecture Driver Initialized.
[c=170000000]
[c=171000000]
cosim: 46000000 retirements ok (pc=ffffffff800f77fa)
[c=172000000]
[c=173000000]
[c=174000000]
[    0.208188] clocksource: Switcosim: 47000000 retirements ok (pc=000000008001853c)
ched to clocksource riscv_clocksource
[c=175000000]
[c=176000000]
[c=177000000]
[c=178000000]
cosim: 48000000 retirements ok (pc=0000000080013b50)
[c=179000000]
[c=180000000]
[c=181000000]
[c=182000000]
cosim: 49000000 retirements ok (pc=ffffffff800f7724)
[c=183000000]
[c=184000000]
[c=185000000]
[c=186000000]
cosim: 50000000 retirements ok (pc=ffffffff802bf22e)
[c=187000000]
[c=188000000]
[c=189000000]
[c=190000000]
cosim: 51000000 retirements ok (pc=ffffffff808d1ba6)
[c=191000000]
[c=192000000]
[c=193000000]
