Copyright 1986-2022 Xilinx, Inc. All Rights Reserved. Copyright 2022-2025 Advanced Micro Devices, Inc. All Rights Reserved.
--------------------------------------------------------------------------------------------------------------------------------------------------
| Tool Version      : Vivado v.2025.1 (lin64) Build 6140274 Wed May 21 22:58:25 MDT 2025
| Date              : Wed Jun 24 23:24:57 2026
| Host              : coffee running 64-bit Ubuntu 26.04 LTS
| Command           : report_timing -setup -max_paths 5 -file probe_timing.rpt
| Design            : vhpr_hit_fmax
| Device            : xcku5p-ffvb676
| Speed File        : -2  PRODUCTION 1.29 05-01-2022
| Design State      : Routed
| Temperature Grade : I
--------------------------------------------------------------------------------------------------------------------------------------------------

Timing Report

Slack (VIOLATED) :        -0.452ns  (required time - arrival time)
  Source:                 din_q_reg[1204]/C
                            (rising edge-triggered cell FDRE clocked by clk  {rise@0.000ns fall@1.000ns period=2.000ns})
  Destination:            s2_q_reg[25]/D
                            (rising edge-triggered cell FDRE clocked by clk  {rise@0.000ns fall@1.000ns period=2.000ns})
  Path Group:             clk
  Path Type:              Setup (Max at Slow Process Corner)
  Requirement:            2.000ns  (clk rise@2.000ns - clk rise@0.000ns)
  Data Path Delay:        2.431ns  (logic 0.844ns (34.716%)  route 1.587ns (65.284%))
  Logic Levels:           8  (CARRY8=1 LUT3=1 LUT4=1 LUT5=1 LUT6=3 MUXF7=1)
  Clock Path Skew:        -0.010ns (DCD - SCD + CPR)
    Destination Clock Delay (DCD):    0.020ns = ( 2.020 - 2.000 ) 
    Source Clock Delay      (SCD):    0.030ns
    Clock Pessimism Removal (CPR):    0.000ns
  Clock Uncertainty:      0.035ns  ((TSJ^2 + TIJ^2)^1/2 + DJ) / 2 + PE
    Total System Jitter     (TSJ):    0.071ns
    Total Input Jitter      (TIJ):    0.000ns
    Discrete Jitter          (DJ):    0.000ns
    Phase Error              (PE):    0.000ns

    Location             Delay type                Incr(ns)  Path(ns)    PBlock               Netlist Resource(s)
  -------------------------------------------------------------------    ----------------------------------------
                         (clock clk rise edge)        0.000     0.000 r                       
                                                      0.000     0.000 r                       clk (IN)
                         net (fo=2508, unset)         0.030     0.030                         clk
    SLICE_X25Y156        FDRE                                         r  pb_probe             din_q_reg[1204]/C
  -------------------------------------------------------------------    ----------------------------------------
    SLICE_X25Y156        FDRE (Prop_AFF_SLICEM_C_Q)
                                                      0.077     0.107 r  pb_probe             din_q_reg[1204]/Q
                         net (fo=2, routed)           0.263     0.370                         want_vtag__0[16]
    SLICE_X26Y155        LUT6 (Prop_F6LUT_SLICEL_I4_O)
                                                      0.148     0.518 r  pb_probe             s2_q[21]_i_9/O
                         net (fo=1, routed)           0.011     0.529                         s2_q[21]_i_9_n_0
    SLICE_X26Y155        CARRY8 (Prop_CARRY8_SLICEL_S[5]_CO[7])
                                                      0.162     0.691 r  pb_probe             s2_q_reg[21]_i_3/CO[7]
                         net (fo=3, routed)           0.155     0.846                         hit11
    SLICE_X26Y157        LUT4 (Prop_A6LUT_SLICEL_I0_O)
                                                      0.090     0.936 r  pb_probe             s2_q[33]_i_24/O
                         net (fo=129, routed)         0.327     1.262                         s2_q[33]_i_24_n_0
    SLICE_X21Y154        LUT6 (Prop_D6LUT_SLICEM_I4_O)
                                                      0.122     1.384 r  pb_probe             s2_q[33]_i_37/O
                         net (fo=1, routed)           0.025     1.409                         s2_q[33]_i_37_n_0
    SLICE_X21Y154        MUXF7 (Prop_F7MUX_CD_SLICEM_I0_O)
                                                      0.069     1.478 r  pb_probe             s2_q_reg[33]_i_16/O
                         net (fo=1, routed)           0.219     1.697                         s2_q_reg[33]_i_16_n_0
    SLICE_X21Y154        LUT6 (Prop_H6LUT_SLICEM_I3_O)
                                                      0.039     1.736 r  pb_probe             s2_q[33]_i_5/O
                         net (fo=3, routed)           0.408     2.144                         s2_q[33]_i_5_n_0
    SLICE_X27Y148        LUT5 (Prop_F6LUT_SLICEL_I0_O)
                                                      0.049     2.193 r  pb_probe             s2_q[25]_i_3/O
                         net (fo=1, routed)           0.130     2.323                         s2_q[25]_i_3_n_0
    SLICE_X27Y148        LUT3 (Prop_C6LUT_SLICEL_I2_O)
                                                      0.088     2.411 r  pb_probe             s2_q[25]_i_1/O
                         net (fo=1, routed)           0.050     2.461                         p_2_out[25]
    SLICE_X27Y148        FDRE                                         r  pb_probe             s2_q_reg[25]/D
  -------------------------------------------------------------------    ----------------------------------------

                         (clock clk rise edge)        2.000     2.000 r                       
                                                      0.000     2.000 r                       clk (IN)
                         net (fo=2508, unset)         0.020     2.020                         clk
    SLICE_X27Y148        FDRE                                         r  pb_probe             s2_q_reg[25]/C
                         clock pessimism              0.000     2.020                           
                         clock uncertainty           -0.035     1.985                           
    SLICE_X27Y148        FDRE (Setup_CFF_SLICEL_C_D)
                                                      0.025     2.010    pb_probe               s2_q_reg[25]
  -------------------------------------------------------------------
                         required time                          2.010                           
                         arrival time                          -2.461                           
  -------------------------------------------------------------------
                         slack                                 -0.452                           

Slack (VIOLATED) :        -0.382ns  (required time - arrival time)
  Source:                 din_q_reg[1204]/C
                            (rising edge-triggered cell FDRE clocked by clk  {rise@0.000ns fall@1.000ns period=2.000ns})
  Destination:            s2_q_reg[41]/D
                            (rising edge-triggered cell FDSE clocked by clk  {rise@0.000ns fall@1.000ns period=2.000ns})
  Path Group:             clk
  Path Type:              Setup (Max at Slow Process Corner)
  Requirement:            2.000ns  (clk rise@2.000ns - clk rise@0.000ns)
  Data Path Delay:        2.362ns  (logic 0.877ns (37.131%)  route 1.485ns (62.869%))
  Logic Levels:           8  (CARRY8=1 LUT4=3 LUT6=3 MUXF7=1)
  Clock Path Skew:        -0.010ns (DCD - SCD + CPR)
    Destination Clock Delay (DCD):    0.020ns = ( 2.020 - 2.000 ) 
    Source Clock Delay      (SCD):    0.030ns
    Clock Pessimism Removal (CPR):    0.000ns
  Clock Uncertainty:      0.035ns  ((TSJ^2 + TIJ^2)^1/2 + DJ) / 2 + PE
    Total System Jitter     (TSJ):    0.071ns
    Total Input Jitter      (TIJ):    0.000ns
    Discrete Jitter          (DJ):    0.000ns
    Phase Error              (PE):    0.000ns

    Location             Delay type                Incr(ns)  Path(ns)    PBlock               Netlist Resource(s)
  -------------------------------------------------------------------    ----------------------------------------
                         (clock clk rise edge)        0.000     0.000 r                       
                                                      0.000     0.000 r                       clk (IN)
                         net (fo=2508, unset)         0.030     0.030                         clk
    SLICE_X25Y156        FDRE                                         r  pb_probe             din_q_reg[1204]/C
  -------------------------------------------------------------------    ----------------------------------------
    SLICE_X25Y156        FDRE (Prop_AFF_SLICEM_C_Q)
                                                      0.077     0.107 r  pb_probe             din_q_reg[1204]/Q
                         net (fo=2, routed)           0.263     0.370                         want_vtag__0[16]
    SLICE_X26Y155        LUT6 (Prop_F6LUT_SLICEL_I4_O)
                                                      0.148     0.518 r  pb_probe             s2_q[21]_i_9/O
                         net (fo=1, routed)           0.011     0.529                         s2_q[21]_i_9_n_0
    SLICE_X26Y155        CARRY8 (Prop_CARRY8_SLICEL_S[5]_CO[7])
                                                      0.162     0.691 r  pb_probe             s2_q_reg[21]_i_3/CO[7]
                         net (fo=3, routed)           0.155     0.846                         hit11
    SLICE_X26Y157        LUT4 (Prop_A6LUT_SLICEL_I0_O)
                                                      0.090     0.936 r  pb_probe             s2_q[33]_i_24/O
                         net (fo=129, routed)         0.265     1.201                         s2_q[33]_i_24_n_0
    SLICE_X28Y157        LUT6 (Prop_B6LUT_SLICEM_I4_O)
                                                      0.089     1.290 r  pb_probe             s2_q[33]_i_25/O
                         net (fo=1, routed)           0.017     1.307                         s2_q[33]_i_25_n_0
    SLICE_X28Y157        MUXF7 (Prop_F7MUX_AB_SLICEM_I0_O)
                                                      0.067     1.374 r  pb_probe             s2_q_reg[33]_i_10/O
                         net (fo=2, routed)           0.190     1.564                         s2_q_reg[33]_i_10_n_0
    SLICE_X28Y153        LUT6 (Prop_A6LUT_SLICEM_I0_O)
                                                      0.125     1.689 r  pb_probe             s2_q[33]_i_4/O
                         net (fo=3, routed)           0.257     1.946                         s2_q[33]_i_4_n_0
    SLICE_X26Y153        LUT4 (Prop_E5LUT_SLICEL_I3_O)
                                                      0.070     2.016 r  pb_probe             s2_q[41]_i_2/O
                         net (fo=1, routed)           0.276     2.292                         s2_q[41]_i_2_n_0
    SLICE_X23Y150        LUT4 (Prop_F6LUT_SLICEL_I3_O)
                                                      0.049     2.341 r  pb_probe             s2_q[41]_i_1/O
                         net (fo=1, routed)           0.051     2.392                         s2_q[41]_i_1_n_0
    SLICE_X23Y150        FDSE                                         r  pb_probe             s2_q_reg[41]/D
  -------------------------------------------------------------------    ----------------------------------------

                         (clock clk rise edge)        2.000     2.000 r                       
                                                      0.000     2.000 r                       clk (IN)
                         net (fo=2508, unset)         0.020     2.020                         clk
    SLICE_X23Y150        FDSE                                         r  pb_probe             s2_q_reg[41]/C
                         clock pessimism              0.000     2.020                           
                         clock uncertainty           -0.035     1.985                           
    SLICE_X23Y150        FDSE (Setup_FFF_SLICEL_C_D)
                                                      0.025     2.010    pb_probe               s2_q_reg[41]
  -------------------------------------------------------------------
                         required time                          2.010                           
                         arrival time                          -2.392                           
  -------------------------------------------------------------------
                         slack                                 -0.382                           

Slack (VIOLATED) :        -0.381ns  (required time - arrival time)
  Source:                 din_q_reg[1204]/C
                            (rising edge-triggered cell FDRE clocked by clk  {rise@0.000ns fall@1.000ns period=2.000ns})
  Destination:            s2_q_reg[42]/S
                            (rising edge-triggered cell FDSE clocked by clk  {rise@0.000ns fall@1.000ns period=2.000ns})
  Path Group:             clk
  Path Type:              Setup (Max at Slow Process Corner)
  Requirement:            2.000ns  (clk rise@2.000ns - clk rise@0.000ns)
  Data Path Delay:        2.263ns  (logic 0.871ns (38.489%)  route 1.392ns (61.511%))
  Logic Levels:           8  (CARRY8=1 LUT4=1 LUT6=5 MUXF7=1)
  Clock Path Skew:        -0.009ns (DCD - SCD + CPR)
    Destination Clock Delay (DCD):    0.021ns = ( 2.021 - 2.000 ) 
    Source Clock Delay      (SCD):    0.030ns
    Clock Pessimism Removal (CPR):    0.000ns
  Clock Uncertainty:      0.035ns  ((TSJ^2 + TIJ^2)^1/2 + DJ) / 2 + PE
    Total System Jitter     (TSJ):    0.071ns
    Total Input Jitter      (TIJ):    0.000ns
    Discrete Jitter          (DJ):    0.000ns
    Phase Error              (PE):    0.000ns

    Location             Delay type                Incr(ns)  Path(ns)    PBlock               Netlist Resource(s)
  -------------------------------------------------------------------    ----------------------------------------
                         (clock clk rise edge)        0.000     0.000 r                       
                                                      0.000     0.000 r                       clk (IN)
                         net (fo=2508, unset)         0.030     0.030                         clk
    SLICE_X25Y156        FDRE                                         r  pb_probe             din_q_reg[1204]/C
  -------------------------------------------------------------------    ----------------------------------------
    SLICE_X25Y156        FDRE (Prop_AFF_SLICEM_C_Q)
                                                      0.077     0.107 r  pb_probe             din_q_reg[1204]/Q
                         net (fo=2, routed)           0.263     0.370                         want_vtag__0[16]
    SLICE_X26Y155        LUT6 (Prop_F6LUT_SLICEL_I4_O)
                                                      0.148     0.518 r  pb_probe             s2_q[21]_i_9/O
                         net (fo=1, routed)           0.011     0.529                         s2_q[21]_i_9_n_0
    SLICE_X26Y155        CARRY8 (Prop_CARRY8_SLICEL_S[5]_CO[7])
                                                      0.162     0.691 r  pb_probe             s2_q_reg[21]_i_3/CO[7]
                         net (fo=3, routed)           0.157     0.848                         hit11
    SLICE_X24Y155        LUT4 (Prop_C6LUT_SLICEL_I0_O)
                                                      0.050     0.898 r  pb_probe             s2_q[36]_i_24/O
                         net (fo=128, routed)         0.301     1.199                         s2_q[36]_i_24_n_0
    SLICE_X22Y149        LUT6 (Prop_A6LUT_SLICEL_I4_O)
                                                      0.035     1.234 r  pb_probe             s2_q[29]_i_27/O
                         net (fo=1, routed)           0.009     1.243                         s2_q[29]_i_27_n_0
    SLICE_X22Y149        MUXF7 (Prop_F7MUX_AB_SLICEL_I1_O)
                                                      0.064     1.307 r  pb_probe             s2_q_reg[29]_i_8/O
                         net (fo=1, routed)           0.147     1.454                         s2_q_reg[29]_i_8_n_0
    SLICE_X24Y149        LUT6 (Prop_A6LUT_SLICEL_I3_O)
                                                      0.149     1.603 r  pb_probe             s2_q[29]_i_2/O
                         net (fo=5, routed)           0.120     1.723                         s2_q[29]_i_2_n_0
    SLICE_X24Y151        LUT6 (Prop_C6LUT_SLICEL_I0_O)
                                                      0.096     1.819 r  pb_probe             s2_q[29]_i_1/O
                         net (fo=2, routed)           0.047     1.866                         p_2_out[29]
    SLICE_X24Y151        LUT6 (Prop_A6LUT_SLICEL_I0_O)
                                                      0.090     1.956 r  pb_probe             s2_q[85]_i_1/O
                         net (fo=49, routed)          0.337     2.293                         s2_q[85]_i_1_n_0
    SLICE_X25Y151        FDSE                                         r  pb_probe             s2_q_reg[42]/S
  -------------------------------------------------------------------    ----------------------------------------

                         (clock clk rise edge)        2.000     2.000 r                       
                                                      0.000     2.000 r                       clk (IN)
                         net (fo=2508, unset)         0.021     2.021                         clk
    SLICE_X25Y151        FDSE                                         r  pb_probe             s2_q_reg[42]/C
                         clock pessimism              0.000     2.021                           
                         clock uncertainty           -0.035     1.986                           
    SLICE_X25Y151        FDSE (Setup_BFF_SLICEM_C_S)
                                                     -0.074     1.912    pb_probe               s2_q_reg[42]
  -------------------------------------------------------------------
                         required time                          1.912                           
                         arrival time                          -2.293                           
  -------------------------------------------------------------------
                         slack                                 -0.381                           

Slack (VIOLATED) :        -0.381ns  (required time - arrival time)
  Source:                 din_q_reg[1204]/C
                            (rising edge-triggered cell FDRE clocked by clk  {rise@0.000ns fall@1.000ns period=2.000ns})
  Destination:            s2_q_reg[43]/S
                            (rising edge-triggered cell FDSE clocked by clk  {rise@0.000ns fall@1.000ns period=2.000ns})
  Path Group:             clk
  Path Type:              Setup (Max at Slow Process Corner)
  Requirement:            2.000ns  (clk rise@2.000ns - clk rise@0.000ns)
  Data Path Delay:        2.263ns  (logic 0.871ns (38.489%)  route 1.392ns (61.511%))
  Logic Levels:           8  (CARRY8=1 LUT4=1 LUT6=5 MUXF7=1)
  Clock Path Skew:        -0.009ns (DCD - SCD + CPR)
    Destination Clock Delay (DCD):    0.021ns = ( 2.021 - 2.000 ) 
    Source Clock Delay      (SCD):    0.030ns
    Clock Pessimism Removal (CPR):    0.000ns
  Clock Uncertainty:      0.035ns  ((TSJ^2 + TIJ^2)^1/2 + DJ) / 2 + PE
    Total System Jitter     (TSJ):    0.071ns
    Total Input Jitter      (TIJ):    0.000ns
    Discrete Jitter          (DJ):    0.000ns
    Phase Error              (PE):    0.000ns

    Location             Delay type                Incr(ns)  Path(ns)    PBlock               Netlist Resource(s)
  -------------------------------------------------------------------    ----------------------------------------
                         (clock clk rise edge)        0.000     0.000 r                       
                                                      0.000     0.000 r                       clk (IN)
                         net (fo=2508, unset)         0.030     0.030                         clk
    SLICE_X25Y156        FDRE                                         r  pb_probe             din_q_reg[1204]/C
  -------------------------------------------------------------------    ----------------------------------------
    SLICE_X25Y156        FDRE (Prop_AFF_SLICEM_C_Q)
                                                      0.077     0.107 r  pb_probe             din_q_reg[1204]/Q
                         net (fo=2, routed)           0.263     0.370                         want_vtag__0[16]
    SLICE_X26Y155        LUT6 (Prop_F6LUT_SLICEL_I4_O)
                                                      0.148     0.518 r  pb_probe             s2_q[21]_i_9/O
                         net (fo=1, routed)           0.011     0.529                         s2_q[21]_i_9_n_0
    SLICE_X26Y155        CARRY8 (Prop_CARRY8_SLICEL_S[5]_CO[7])
                                                      0.162     0.691 r  pb_probe             s2_q_reg[21]_i_3/CO[7]
                         net (fo=3, routed)           0.157     0.848                         hit11
    SLICE_X24Y155        LUT4 (Prop_C6LUT_SLICEL_I0_O)
                                                      0.050     0.898 r  pb_probe             s2_q[36]_i_24/O
                         net (fo=128, routed)         0.301     1.199                         s2_q[36]_i_24_n_0
    SLICE_X22Y149        LUT6 (Prop_A6LUT_SLICEL_I4_O)
                                                      0.035     1.234 r  pb_probe             s2_q[29]_i_27/O
                         net (fo=1, routed)           0.009     1.243                         s2_q[29]_i_27_n_0
    SLICE_X22Y149        MUXF7 (Prop_F7MUX_AB_SLICEL_I1_O)
                                                      0.064     1.307 r  pb_probe             s2_q_reg[29]_i_8/O
                         net (fo=1, routed)           0.147     1.454                         s2_q_reg[29]_i_8_n_0
    SLICE_X24Y149        LUT6 (Prop_A6LUT_SLICEL_I3_O)
                                                      0.149     1.603 r  pb_probe             s2_q[29]_i_2/O
                         net (fo=5, routed)           0.120     1.723                         s2_q[29]_i_2_n_0
    SLICE_X24Y151        LUT6 (Prop_C6LUT_SLICEL_I0_O)
                                                      0.096     1.819 r  pb_probe             s2_q[29]_i_1/O
                         net (fo=2, routed)           0.047     1.866                         p_2_out[29]
    SLICE_X24Y151        LUT6 (Prop_A6LUT_SLICEL_I0_O)
                                                      0.090     1.956 r  pb_probe             s2_q[85]_i_1/O
                         net (fo=49, routed)          0.337     2.293                         s2_q[85]_i_1_n_0
    SLICE_X25Y151        FDSE                                         r  pb_probe             s2_q_reg[43]/S
  -------------------------------------------------------------------    ----------------------------------------

                         (clock clk rise edge)        2.000     2.000 r                       
                                                      0.000     2.000 r                       clk (IN)
                         net (fo=2508, unset)         0.021     2.021                         clk
    SLICE_X25Y151        FDSE                                         r  pb_probe             s2_q_reg[43]/C
                         clock pessimism              0.000     2.021                           
                         clock uncertainty           -0.035     1.986                           
    SLICE_X25Y151        FDSE (Setup_AFF_SLICEM_C_S)
                                                     -0.074     1.912    pb_probe               s2_q_reg[43]
  -------------------------------------------------------------------
                         required time                          1.912                           
                         arrival time                          -2.293                           
  -------------------------------------------------------------------
                         slack                                 -0.381                           

Slack (VIOLATED) :        -0.381ns  (required time - arrival time)
  Source:                 din_q_reg[1204]/C
                            (rising edge-triggered cell FDRE clocked by clk  {rise@0.000ns fall@1.000ns period=2.000ns})
  Destination:            s2_q_reg[50]/S
                            (rising edge-triggered cell FDSE clocked by clk  {rise@0.000ns fall@1.000ns period=2.000ns})
  Path Group:             clk
  Path Type:              Setup (Max at Slow Process Corner)
  Requirement:            2.000ns  (clk rise@2.000ns - clk rise@0.000ns)
  Data Path Delay:        2.263ns  (logic 0.871ns (38.489%)  route 1.392ns (61.511%))
  Logic Levels:           8  (CARRY8=1 LUT4=1 LUT6=5 MUXF7=1)
  Clock Path Skew:        -0.009ns (DCD - SCD + CPR)
    Destination Clock Delay (DCD):    0.021ns = ( 2.021 - 2.000 ) 
    Source Clock Delay      (SCD):    0.030ns
    Clock Pessimism Removal (CPR):    0.000ns
  Clock Uncertainty:      0.035ns  ((TSJ^2 + TIJ^2)^1/2 + DJ) / 2 + PE
    Total System Jitter     (TSJ):    0.071ns
    Total Input Jitter      (TIJ):    0.000ns
    Discrete Jitter          (DJ):    0.000ns
    Phase Error              (PE):    0.000ns

    Location             Delay type                Incr(ns)  Path(ns)    PBlock               Netlist Resource(s)
  -------------------------------------------------------------------    ----------------------------------------
                         (clock clk rise edge)        0.000     0.000 r                       
                                                      0.000     0.000 r                       clk (IN)
                         net (fo=2508, unset)         0.030     0.030                         clk
    SLICE_X25Y156        FDRE                                         r  pb_probe             din_q_reg[1204]/C
  -------------------------------------------------------------------    ----------------------------------------
    SLICE_X25Y156        FDRE (Prop_AFF_SLICEM_C_Q)
                                                      0.077     0.107 r  pb_probe             din_q_reg[1204]/Q
                         net (fo=2, routed)           0.263     0.370                         want_vtag__0[16]
    SLICE_X26Y155        LUT6 (Prop_F6LUT_SLICEL_I4_O)
                                                      0.148     0.518 r  pb_probe             s2_q[21]_i_9/O
                         net (fo=1, routed)           0.011     0.529                         s2_q[21]_i_9_n_0
    SLICE_X26Y155        CARRY8 (Prop_CARRY8_SLICEL_S[5]_CO[7])
                                                      0.162     0.691 r  pb_probe             s2_q_reg[21]_i_3/CO[7]
                         net (fo=3, routed)           0.157     0.848                         hit11
    SLICE_X24Y155        LUT4 (Prop_C6LUT_SLICEL_I0_O)
                                                      0.050     0.898 r  pb_probe             s2_q[36]_i_24/O
                         net (fo=128, routed)         0.301     1.199                         s2_q[36]_i_24_n_0
    SLICE_X22Y149        LUT6 (Prop_A6LUT_SLICEL_I4_O)
                                                      0.035     1.234 r  pb_probe             s2_q[29]_i_27/O
                         net (fo=1, routed)           0.009     1.243                         s2_q[29]_i_27_n_0
    SLICE_X22Y149        MUXF7 (Prop_F7MUX_AB_SLICEL_I1_O)
                                                      0.064     1.307 r  pb_probe             s2_q_reg[29]_i_8/O
                         net (fo=1, routed)           0.147     1.454                         s2_q_reg[29]_i_8_n_0
    SLICE_X24Y149        LUT6 (Prop_A6LUT_SLICEL_I3_O)
                                                      0.149     1.603 r  pb_probe             s2_q[29]_i_2/O
                         net (fo=5, routed)           0.120     1.723                         s2_q[29]_i_2_n_0
    SLICE_X24Y151        LUT6 (Prop_C6LUT_SLICEL_I0_O)
                                                      0.096     1.819 r  pb_probe             s2_q[29]_i_1/O
                         net (fo=2, routed)           0.047     1.866                         p_2_out[29]
    SLICE_X24Y151        LUT6 (Prop_A6LUT_SLICEL_I0_O)
                                                      0.090     1.956 r  pb_probe             s2_q[85]_i_1/O
                         net (fo=49, routed)          0.337     2.293                         s2_q[85]_i_1_n_0
    SLICE_X25Y151        FDSE                                         r  pb_probe             s2_q_reg[50]/S
  -------------------------------------------------------------------    ----------------------------------------

                         (clock clk rise edge)        2.000     2.000 r                       
                                                      0.000     2.000 r                       clk (IN)
                         net (fo=2508, unset)         0.021     2.021                         clk
    SLICE_X25Y151        FDSE                                         r  pb_probe             s2_q_reg[50]/C
                         clock pessimism              0.000     2.021                           
                         clock uncertainty           -0.035     1.986                           
    SLICE_X25Y151        FDSE (Setup_BFF2_SLICEM_C_S)
                                                     -0.074     1.912    pb_probe               s2_q_reg[50]
  -------------------------------------------------------------------
                         required time                          1.912                           
                         arrival time                          -2.293                           
  -------------------------------------------------------------------
                         slack                                 -0.381                           




