Copyright 1986-2022 Xilinx, Inc. All Rights Reserved. Copyright 2022-2025 Advanced Micro Devices, Inc. All Rights Reserved.
--------------------------------------------------------------------------------------------------------------------------------------------------
| Tool Version      : Vivado v.2025.1 (lin64) Build 6140274 Wed May 21 22:58:25 MDT 2025
| Date              : Mon Jun 22 23:44:36 2026
| Host              : coffee running 64-bit Ubuntu 26.04 LTS
| Command           : report_timing_summary -delay_type max -max_paths 1 -report_unconstrained -file sanity_tsum.rpt
| Design            : backend_top
| Device            : xcku5p-ffvb676
| Speed File        : -2  PRODUCTION 1.29 05-01-2022
| Design State      : Synthesized
| Temperature Grade : I
--------------------------------------------------------------------------------------------------------------------------------------------------

Timing Summary Report

------------------------------------------------------------------------------------------------
| Timer Settings
| --------------
------------------------------------------------------------------------------------------------

  Enable Multi Corner Analysis               :  Yes
  Enable Pessimism Removal                   :  Yes
  Pessimism Removal Resolution               :  Nearest Common Node
  Enable Input Delay Default Clock           :  No
  Enable Preset / Clear Arcs                 :  No
  Disable Flight Delays                      :  No
  Ignore I/O Paths                           :  No
  Timing Early Launch at Borrowing Latches   :  No
  Borrow Time for Max Delay Exceptions       :  Yes
  Merge Timing Exceptions                    :  Yes
  Inter-SLR Compensation                     :  Conservative

  Corner  Analyze    Analyze    
  Name    Max Paths  Min Paths  
  ------  ---------  ---------  
  Slow    Yes        Yes        
  Fast    Yes        Yes        


------------------------------------------------------------------------------------------------
| Report Methodology
| ------------------
------------------------------------------------------------------------------------------------

No report available as report_methodology has not been run prior. Run report_methodology on the current design for the summary of methodology violations.



check_timing report

Table of Contents
-----------------
1. checking no_clock (0)
2. checking constant_clock (0)
3. checking pulse_width_clock (0)
4. checking unconstrained_internal_endpoints (0)
5. checking no_input_delay (197)
6. checking no_output_delay (625)
7. checking multiple_clock (0)
8. checking generated_clocks (0)
9. checking loops (0)
10. checking partial_input_delay (0)
11. checking partial_output_delay (0)
12. checking latch_loops (0)

1. checking no_clock (0)
------------------------
 There are 0 register/latch pins with no clock.


2. checking constant_clock (0)
------------------------------
 There are 0 register/latch pins with constant_clock.


3. checking pulse_width_clock (0)
---------------------------------
 There are 0 register/latch pins which need pulse_width check


4. checking unconstrained_internal_endpoints (0)
------------------------------------------------
 There are 0 pins that are not constrained for maximum delay.

 There are 0 pins that are not constrained for maximum delay due to constant clock.


5. checking no_input_delay (197)
--------------------------------
 There are 197 input ports with no input delay specified. (HIGH)

 There are 0 input ports with no input delay but user has a false path constraint.


6. checking no_output_delay (625)
---------------------------------
 There are 625 ports with no output delay specified. (HIGH)

 There are 0 ports with no output delay but user has a false path constraint

 There are 0 ports with no output delay but with a timing clock defined on it or propagating through it


7. checking multiple_clock (0)
------------------------------
 There are 0 register/latch pins with multiple clocks.


8. checking generated_clocks (0)
--------------------------------
 There are 0 generated clocks that are not connected to a clock source.


9. checking loops (0)
---------------------
 There are 0 combinational loops in the design.


10. checking partial_input_delay (0)
------------------------------------
 There are 0 input ports with partial input delay specified.


11. checking partial_output_delay (0)
-------------------------------------
 There are 0 ports with partial output delay specified.


12. checking latch_loops (0)
----------------------------
 There are 0 combinational latch loops in the design through latch input



------------------------------------------------------------------------------------------------
| Design Timing Summary
| ---------------------
------------------------------------------------------------------------------------------------

    WNS(ns)      TNS(ns)  TNS Failing Endpoints  TNS Total Endpoints     WPWS(ns)     TPWS(ns)  TPWS Failing Endpoints  TPWS Total Endpoints  
    -------      -------  ---------------------  -------------------     --------     --------  ----------------------  --------------------  
     -8.346  -115897.938                  20839                52868        0.718        0.000                       0                 18649  


Timing constraints are not met.


------------------------------------------------------------------------------------------------
| Clock Summary
| -------------
------------------------------------------------------------------------------------------------

Clock  Waveform(ns)         Period(ns)      Frequency(MHz)
-----  ------------         ----------      --------------
clk    {0.000 1.250}        2.500           400.000         


------------------------------------------------------------------------------------------------
| Intra Clock Table
| -----------------
------------------------------------------------------------------------------------------------

Clock             WNS(ns)      TNS(ns)  TNS Failing Endpoints  TNS Total Endpoints     WPWS(ns)     TPWS(ns)  TPWS Failing Endpoints  TPWS Total Endpoints  
-----             -------      -------  ---------------------  -------------------     --------     --------  ----------------------  --------------------  
clk                -8.346  -115897.938                  20839                52868        0.718        0.000                       0                 18649  


------------------------------------------------------------------------------------------------
| Inter Clock Table
| -----------------
------------------------------------------------------------------------------------------------

From Clock    To Clock          WNS(ns)      TNS(ns)  TNS Failing Endpoints  TNS Total Endpoints  
----------    --------          -------      -------  ---------------------  -------------------  


------------------------------------------------------------------------------------------------
| Other Path Groups Table
| -----------------------
------------------------------------------------------------------------------------------------

Path Group    From Clock    To Clock          WNS(ns)      TNS(ns)  TNS Failing Endpoints  TNS Total Endpoints  
----------    ----------    --------          -------      -------  ---------------------  -------------------  


------------------------------------------------------------------------------------------------
| User Ignored Path Table
| -----------------------
------------------------------------------------------------------------------------------------

Path Group    From Clock    To Clock    
----------    ----------    --------    


------------------------------------------------------------------------------------------------
| Unconstrained Path Table
| ------------------------
------------------------------------------------------------------------------------------------

Path Group    From Clock    To Clock    
----------    ----------    --------    
(none)        clk                         
(none)                      clk           


------------------------------------------------------------------------------------------------
| Timing Details
| --------------
------------------------------------------------------------------------------------------------


---------------------------------------------------------------------------------------------------
From Clock:  clk
  To Clock:  clk

Setup :        20839  Failing Endpoints,  Worst Slack       -8.346ns,  Total Violation  -115897.936ns
Hold  :           NA  Failing Endpoints,  Worst Slack           NA  ,  Total Violation           NA
PW    :            0  Failing Endpoints,  Worst Slack        0.718ns,  Total Violation        0.000ns
---------------------------------------------------------------------------------------------------


Max Delay Paths
--------------------------------------------------------------------------------------
Slack (VIOLATED) :        -8.346ns  (required time - arrival time)
  Source:                 eb/lane[1].sh/wb_pr_reg[0]/C
                            (rising edge-triggered cell FDRE clocked by clk  {rise@0.000ns fall@1.250ns period=2.500ns})
  Destination:            sb/ready_reg[64]/D
                            (rising edge-triggered cell FDSE clocked by clk  {rise@0.000ns fall@1.250ns period=2.500ns})
  Path Group:             clk
  Path Type:              Setup (Max at Slow Process Corner)
  Requirement:            2.500ns  (clk rise@2.500ns - clk rise@0.000ns)
  Data Path Delay:        10.827ns  (logic 2.544ns (23.497%)  route 8.283ns (76.503%))
  Logic Levels:           48  (CARRY8=8 LUT2=3 LUT3=4 LUT4=4 LUT5=11 LUT6=18)
  Clock Path Skew:        -0.009ns (DCD - SCD + CPR)
    Destination Clock Delay (DCD):    0.021ns = ( 2.521 - 2.500 ) 
    Source Clock Delay      (SCD):    0.030ns
    Clock Pessimism Removal (CPR):    0.000ns
  Clock Uncertainty:      0.035ns  ((TSJ^2 + TIJ^2)^1/2 + DJ) / 2 + PE
    Total System Jitter     (TSJ):    0.071ns
    Total Input Jitter      (TIJ):    0.000ns
    Discrete Jitter          (DJ):    0.000ns
    Phase Error              (PE):    0.000ns

    Location             Delay type                Incr(ns)  Path(ns)    Netlist Resource(s)
  -------------------------------------------------------------------    -------------------
                         (clock clk rise edge)        0.000     0.000 r  
                                                      0.000     0.000 r  clk (IN)
                         net (fo=19016, unset)        0.030     0.030    eb/lane[1].sh/clk
                         FDRE                                         r  eb/lane[1].sh/wb_pr_reg[0]/C
  -------------------------------------------------------------------    -------------------
                         FDRE (Prop_FDRE_C_Q)         0.077     0.107 r  eb/lane[1].sh/wb_pr_reg[0]/Q
                         net (fo=10, unplaced)        0.187     0.294    eb/lane[1].sh/wb_pr_reg[7]_32[0]
                         LUT6 (Prop_LUT6_I0_O)        0.150     0.444 r  eb/lane[1].sh/p20_i_148/O
                         net (fo=1, unplaced)         0.140     0.584    eb/lane[1].sh/p20_i_148_n_0
                         LUT4 (Prop_LUT4_I1_O)        0.090     0.674 r  eb/lane[1].sh/p20_i_140/O
                         net (fo=65, unplaced)        0.216     0.890    eb/lane[0].sh/p20__10_66
                         LUT3 (Prop_LUT3_I0_O)        0.090     0.980 r  eb/lane[0].sh/p20_i_48/O
                         net (fo=65, unplaced)        0.174     1.154    eb/lane[0].sh/dv/p20__10_32
                         LUT5 (Prop_LUT5_I0_O)        0.125     1.279 r  eb/lane[0].sh/dv/p20__3_i_16/O
                         net (fo=28, unplaced)        0.243     1.522    eb/lane[0].sh/B[1]
                         LUT3 (Prop_LUT3_I2_O)        0.038     1.560 r  eb/lane[0].sh/wb_val[1]_i_11/O
                         net (fo=139, unplaced)       0.279     1.839    eb/lane[0].sh/ea/core/ea/core/redirect_target[7]_INST_0_i_32_2
                         LUT5 (Prop_LUT5_I4_O)        0.037     1.876 r  eb/lane[0].sh/ea/core/wb_val[0]_i_47/O
                         net (fo=1, unplaced)         0.023     1.899    eb_n_1017
                         CARRY8 (Prop_CARRY8_S[1]_CO[7])
                                                      0.197     2.096 r  ea/core/wb_val_reg[0]_i_25/CO[7]
                         net (fo=1, unplaced)         0.005     2.101    ea/core/wb_val_reg[0]_i_25_n_0
                         CARRY8 (Prop_CARRY8_CI_CO[7])
                                                      0.022     2.123 r  ea/core/wb_val_reg[15]_i_27/CO[7]
                         net (fo=1, unplaced)         0.005     2.128    ea/core/wb_val_reg[15]_i_27_n_0
                         CARRY8 (Prop_CARRY8_CI_CO[7])
                                                      0.022     2.150 r  ea/core/wb_val_reg[23]_i_9/CO[7]
                         net (fo=1, unplaced)         0.005     2.155    ea/core/wb_val_reg[23]_i_9_n_0
                         CARRY8 (Prop_CARRY8_CI_CO[7])
                                                      0.022     2.177 r  ea/core/wb_val_reg[63]_i_42/CO[7]
                         net (fo=1, unplaced)         0.005     2.182    ea/core/wb_val_reg[63]_i_42_n_0
                         CARRY8 (Prop_CARRY8_CI_CO[7])
                                                      0.022     2.204 r  ea/core/wb_val_reg[38]_i_12/CO[7]
                         net (fo=1, unplaced)         0.005     2.209    ea/core/wb_val_reg[38]_i_12_n_0
                         CARRY8 (Prop_CARRY8_CI_CO[7])
                                                      0.022     2.231 r  ea/core/wb_val_reg[47]_i_12/CO[7]
                         net (fo=1, unplaced)         0.005     2.236    ea/core/wb_val_reg[47]_i_12_n_0
                         CARRY8 (Prop_CARRY8_CI_CO[7])
                                                      0.022     2.258 r  ea/core/wb_val_reg[55]_i_12/CO[7]
                         net (fo=1, unplaced)         0.005     2.263    ea/core/wb_val_reg[55]_i_12_n_0
                         CARRY8 (Prop_CARRY8_CI_O[7])
                                                      0.116     2.379 r  ea/core/wb_val_reg[63]_i_47/O[7]
                         net (fo=2, unplaced)         0.138     2.517    eb/lane[0].sh/wb_val[0]_i_31_0[7]
                         LUT5 (Prop_LUT5_I4_O)        0.038     2.555 r  eb/lane[0].sh/redirect_INST_0_i_29/O
                         net (fo=65, unplaced)        0.262     2.817    eb/lane[0].sh/cmp_lt
                         LUT6 (Prop_LUT6_I1_O)        0.038     2.855 f  eb/lane[0].sh/redirect_INST_0_i_10/O
                         net (fo=1, unplaced)         0.186     3.041    eb/lane[0].sh/bu/taken
                         LUT4 (Prop_LUT4_I0_O)        0.038     3.079 f  eb/lane[0].sh/redirect_INST_0_i_4/O
                         net (fo=91, unplaced)        0.269     3.348    eb/lane[0].sh/p_15_in
                         LUT5 (Prop_LUT5_I2_O)        0.038     3.386 r  eb/lane[0].sh/redirect_INST_0_i_72/O
                         net (fo=1, unplaced)         0.186     3.572    eb/lane[0].sh/redirect_INST_0_i_72_n_0
                         LUT6 (Prop_LUT6_I3_O)        0.038     3.610 r  eb/lane[0].sh/redirect_INST_0_i_32/O
                         net (fo=1, unplaced)         0.186     3.796    eb/lane[0].sh/redirect_INST_0_i_32_n_0
                         LUT6 (Prop_LUT6_I3_O)        0.038     3.834 r  eb/lane[0].sh/redirect_INST_0_i_12/O
                         net (fo=1, unplaced)         0.186     4.020    eb/lane[0].sh/redirect_INST_0_i_12_n_0
                         LUT6 (Prop_LUT6_I3_O)        0.038     4.058 r  eb/lane[0].sh/redirect_INST_0_i_5/O
                         net (fo=86, unplaced)        0.268     4.326    eb/lane[0].sh/redirect1
                         LUT4 (Prop_LUT4_I3_O)        0.038     4.364 f  eb/lane[0].sh/i___61_i_5/O
                         net (fo=2, unplaced)         0.140     4.504    eb/lane[0].sh/p_0_in[2]
                         LUT5 (Prop_LUT5_I0_O)        0.090     4.594 r  eb/lane[0].sh/redirect_INST_0_i_77/O
                         net (fo=1, unplaced)         0.186     4.780    eb/lane[0].sh/redirect_INST_0_i_77_n_0
                         LUT5 (Prop_LUT5_I2_O)        0.038     4.818 r  eb/lane[0].sh/redirect_INST_0_i_34/O
                         net (fo=2, unplaced)         0.186     5.004    eb/lane[0].sh/redirect_INST_0_i_34_n_0
                         LUT6 (Prop_LUT6_I4_O)        0.038     5.042 r  eb/lane[0].sh/redirect_INST_0_i_16/O
                         net (fo=1, unplaced)         0.186     5.228    eb/lane[0].sh/redirect_INST_0_i_16_n_0
                         LUT6 (Prop_LUT6_I3_O)        0.038     5.266 r  eb/lane[0].sh/redirect_INST_0_i_6/O
                         net (fo=72, unplaced)        0.264     5.530    eb/lane[0].sh/dv/redirect10_out
                         LUT6 (Prop_LUT6_I1_O)        0.038     5.568 r  eb/lane[0].sh/dv/wb_valid[3]_INST_0_i_9/O
                         net (fo=2, unplaced)         0.186     5.754    eb/lane[3].sh/v3_reg_0
                         LUT2 (Prop_LUT2_I1_O)        0.038     5.792 r  eb/lane[3].sh/redirect_target[63]_INST_0_i_12/O
                         net (fo=2, unplaced)         0.186     5.978    eb/lane[3].sh/redirect_target[63]_INST_0_i_12_n_0
                         LUT6 (Prop_LUT6_I5_O)        0.038     6.016 r  eb/lane[3].sh/redirect_target[63]_INST_0_i_3/O
                         net (fo=72, unplaced)        0.264     6.280    eb/lane[3].sh/dv/q_iss_valid[0]_i_3
                         LUT6 (Prop_LUT6_I4_O)        0.038     6.318 r  eb/lane[3].sh/dv/seq_q[5]_i_3/O
                         net (fo=76, unplaced)        0.265     6.583    eb/lane[1].sh/dv/v1_i_3__0_1
                         LUT4 (Prop_LUT4_I3_O)        0.038     6.621 r  eb/lane[1].sh/dv/v1_i_14__0/O
                         net (fo=1, unplaced)         0.186     6.807    eb/lane[1].sh/dv/v1_i_14__0_n_0
                         LUT6 (Prop_LUT6_I5_O)        0.038     6.845 f  eb/lane[1].sh/dv/v1_i_11__0/O
                         net (fo=1, unplaced)         0.186     7.031    eb/lane[1].sh/dv/v1_i_11__0_n_0
                         LUT6 (Prop_LUT6_I4_O)        0.038     7.069 r  eb/lane[1].sh/dv/v1_i_8__0/O
                         net (fo=1, unplaced)         0.186     7.255    eb/lane[1].sh/dv/v1_i_8__0_n_0
                         LUT6 (Prop_LUT6_I0_O)        0.038     7.293 r  eb/lane[1].sh/dv/v1_i_5__0/O
                         net (fo=4, unplaced)         0.198     7.491    eb/lane[1].sh/mu/m_ck_reg[0]_8
                         LUT5 (Prop_LUT5_I4_O)        0.070     7.561 f  eb/lane[1].sh/mu/v[1]_i_8__0/O
                         net (fo=1, unplaced)         0.186     7.747    eb/lane[1].sh/mu/eb_exec_busy[1]
                         LUT3 (Prop_LUT3_I2_O)        0.038     7.785 f  eb/lane[1].sh/mu/v[1]_i_4__0/O
                         net (fo=2, unplaced)         0.186     7.971    sb/lane[1].sh/busy_to_sched[0]
                         LUT6 (Prop_LUT6_I0_O)        0.038     8.009 r  sb/lane[1].sh/pd_reg_0_1_0_7_i_11__1/O
                         net (fo=8, unplaced)         0.214     8.223    sb/lane[1].sh/p_2_in
                         LUT3 (Prop_LUT3_I2_O)        0.038     8.261 r  sb/lane[1].sh/i___27_i_8/O
                         net (fo=1, unplaced)         0.140     8.401    sb/lane[0].sh/disp_ready[0]
                         LUT6 (Prop_LUT6_I3_O)        0.090     8.491 r  sb/lane[0].sh/i___27_i_5/O
                         net (fo=1, unplaced)         0.186     8.677    fe/u_dr/rn/lane[0].sh/fl/can_dispatch4
                         LUT5 (Prop_LUT5_I2_O)        0.038     8.715 r  fe/u_dr/rn/lane[0].sh/fl/i___27_i_3/O
                         net (fo=2, unplaced)         0.186     8.901    fe/u_dr/rn/lane[0].sh/fl/p_86_in
                         LUT5 (Prop_LUT5_I4_O)        0.038     8.939 r  fe/u_dr/rn/lane[0].sh/fl/i___27_i_1/O
                         net (fo=82, unplaced)        0.267     9.206    fe/u_dr/rn/lane[0].sh/fl/q_valid_reg[2]
                         LUT2 (Prop_LUT2_I1_O)        0.070     9.276 r  fe/u_dr/rn/lane[0].sh/fl/pdv_reg_0_1_0_0_i_4/O
                         net (fo=5, unplaced)         0.204     9.480    sb/lane[0].sh/sched_disp_valid[0]
                         LUT5 (Prop_LUT5_I4_O)        0.038     9.518 f  sb/lane[0].sh/r3[0]_i_4/O
                         net (fo=22, unplaced)        0.237     9.755    fe/u_dr/rn/lane[0].sh/fl/ready_reg[16]
                         LUT6 (Prop_LUT6_I5_O)        0.038     9.793 r  fe/u_dr/rn/lane[0].sh/fl/ready[20]_i_12/O
                         net (fo=65, unplaced)        0.262    10.055    fe/u_dr/rn/lane[0].sh/fl/free_reg[0]_22
                         LUT2 (Prop_LUT2_I0_O)        0.070    10.125 f  fe/u_dr/rn/lane[0].sh/fl/ready[92]_i_18/O
                         net (fo=4, unplaced)         0.198    10.323    fe/u_dr/rn/lane[0].sh/fl/ready[92]_i_18_n_0
                         LUT6 (Prop_LUT6_I5_O)        0.038    10.361 r  fe/u_dr/rn/lane[0].sh/fl/ready[64]_i_10/O
                         net (fo=1, unplaced)         0.186    10.547    eb/lane[0].sh/ready_reg[64]
                         LUT6 (Prop_LUT6_I0_O)        0.038    10.585 r  eb/lane[0].sh/ready[64]_i_4/O
                         net (fo=1, unplaced)         0.186    10.771    sb/lane[0].sh/ready_reg[64]_6
                         LUT5 (Prop_LUT5_I3_O)        0.038    10.809 r  sb/lane[0].sh/ready[64]_i_1/O
                         net (fo=1, unplaced)         0.048    10.857    sb/lane[0].sh_n_341
                         FDSE                                         r  sb/ready_reg[64]/D
  -------------------------------------------------------------------    -------------------

                         (clock clk rise edge)        2.500     2.500 r  
                                                      0.000     2.500 r  clk (IN)
                         net (fo=19016, unset)        0.021     2.521    sb/clk
                         FDSE                                         r  sb/ready_reg[64]/C
                         clock pessimism              0.000     2.521    
                         clock uncertainty           -0.035     2.486    
                         FDSE (Setup_FDSE_C_D)        0.025     2.511    sb/ready_reg[64]
  -------------------------------------------------------------------
                         required time                          2.511    
                         arrival time                         -10.857    
  -------------------------------------------------------------------
                         slack                                 -8.346    





Pulse Width Checks
--------------------------------------------------------------------------------------
Clock Name:         clk
Waveform(ns):       { 0.000 1.250 }
Period(ns):         2.500
Sources:            { clk }

Check Type        Corner  Lib Pin      Reference Pin  Required(ns)  Actual(ns)  Slack(ns)  Location  Pin
Min Period        n/a     RAMD64E/CLK  n/a            1.064         2.500       1.436                eb/lane[0].sh/rf/bank_reg[0][0]_r1_0_63_0_6/RAMA/CLK
Low Pulse Width   Slow    RAMD64E/CLK  n/a            0.532         1.250       0.718                eb/lane[0].sh/rf/bank_reg[0][0]_r1_0_63_0_6/RAMA/CLK
High Pulse Width  Slow    RAMD64E/CLK  n/a            0.532         1.250       0.718                eb/lane[0].sh/rf/bank_reg[0][0]_r1_0_63_0_6/RAMA/CLK



--------------------------------------------------------------------------------------
Path Group:  (none)
From Clock:  clk
  To Clock:  

Max Delay           625 Endpoints
Min Delay             0 Endpoints
--------------------------------------------------------------------------------------


Max Delay Paths
--------------------------------------------------------------------------------------
Slack:                    inf
  Source:                 eb/lane[1].sh/wb_pr_reg[0]/C
                            (rising edge-triggered cell FDRE clocked by clk  {rise@0.000ns fall@1.250ns period=2.500ns})
  Destination:            wb_valid[1]
                            (output port)
  Path Group:             (none)
  Path Type:              Max at Slow Process Corner
  Data Path Delay:        7.568ns  (logic 1.934ns (25.555%)  route 5.634ns (74.445%))
  Logic Levels:           35  (CARRY8=8 LUT2=1 LUT3=2 LUT4=5 LUT5=7 LUT6=12)
  Clock Uncertainty:      0.025ns  ((TSJ^2 + TIJ^2)^1/2 + DJ) / 2 + PE
    Total System Jitter     (TSJ):    0.050ns
    Total Input Jitter      (TIJ):    0.000ns
    Discrete Jitter          (DJ):    0.000ns
    Phase Error              (PE):    0.000ns

    Location             Delay type                Incr(ns)  Path(ns)    Netlist Resource(s)
  -------------------------------------------------------------------    -------------------
                         (clock clk rise edge)        0.000     0.000 r  
                                                      0.000     0.000 r  clk (IN)
                         net (fo=19016, unset)        0.030     0.030    eb/lane[1].sh/clk
                         FDRE                                         r  eb/lane[1].sh/wb_pr_reg[0]/C
  -------------------------------------------------------------------    -------------------
                         FDRE (Prop_FDRE_C_Q)         0.077     0.107 r  eb/lane[1].sh/wb_pr_reg[0]/Q
                         net (fo=10, unplaced)        0.187     0.294    eb/lane[1].sh/wb_pr_reg[7]_32[0]
                         LUT6 (Prop_LUT6_I0_O)        0.150     0.444 r  eb/lane[1].sh/p20_i_148/O
                         net (fo=1, unplaced)         0.140     0.584    eb/lane[1].sh/p20_i_148_n_0
                         LUT4 (Prop_LUT4_I1_O)        0.090     0.674 r  eb/lane[1].sh/p20_i_140/O
                         net (fo=65, unplaced)        0.216     0.890    eb/lane[0].sh/p20__10_66
                         LUT3 (Prop_LUT3_I0_O)        0.090     0.980 r  eb/lane[0].sh/p20_i_48/O
                         net (fo=65, unplaced)        0.174     1.154    eb/lane[0].sh/dv/p20__10_32
                         LUT5 (Prop_LUT5_I0_O)        0.125     1.279 r  eb/lane[0].sh/dv/p20__3_i_16/O
                         net (fo=28, unplaced)        0.243     1.522    eb/lane[0].sh/B[1]
                         LUT3 (Prop_LUT3_I2_O)        0.038     1.560 r  eb/lane[0].sh/wb_val[1]_i_11/O
                         net (fo=139, unplaced)       0.279     1.839    eb/lane[0].sh/ea/core/ea/core/redirect_target[7]_INST_0_i_32_2
                         LUT5 (Prop_LUT5_I4_O)        0.037     1.876 r  eb/lane[0].sh/ea/core/wb_val[0]_i_47/O
                         net (fo=1, unplaced)         0.023     1.899    eb_n_1017
                         CARRY8 (Prop_CARRY8_S[1]_CO[7])
                                                      0.197     2.096 r  ea/core/wb_val_reg[0]_i_25/CO[7]
                         net (fo=1, unplaced)         0.005     2.101    ea/core/wb_val_reg[0]_i_25_n_0
                         CARRY8 (Prop_CARRY8_CI_CO[7])
                                                      0.022     2.123 r  ea/core/wb_val_reg[15]_i_27/CO[7]
                         net (fo=1, unplaced)         0.005     2.128    ea/core/wb_val_reg[15]_i_27_n_0
                         CARRY8 (Prop_CARRY8_CI_CO[7])
                                                      0.022     2.150 r  ea/core/wb_val_reg[23]_i_9/CO[7]
                         net (fo=1, unplaced)         0.005     2.155    ea/core/wb_val_reg[23]_i_9_n_0
                         CARRY8 (Prop_CARRY8_CI_CO[7])
                                                      0.022     2.177 r  ea/core/wb_val_reg[63]_i_42/CO[7]
                         net (fo=1, unplaced)         0.005     2.182    ea/core/wb_val_reg[63]_i_42_n_0
                         CARRY8 (Prop_CARRY8_CI_CO[7])
                                                      0.022     2.204 r  ea/core/wb_val_reg[38]_i_12/CO[7]
                         net (fo=1, unplaced)         0.005     2.209    ea/core/wb_val_reg[38]_i_12_n_0
                         CARRY8 (Prop_CARRY8_CI_CO[7])
                                                      0.022     2.231 r  ea/core/wb_val_reg[47]_i_12/CO[7]
                         net (fo=1, unplaced)         0.005     2.236    ea/core/wb_val_reg[47]_i_12_n_0
                         CARRY8 (Prop_CARRY8_CI_CO[7])
                                                      0.022     2.258 r  ea/core/wb_val_reg[55]_i_12/CO[7]
                         net (fo=1, unplaced)         0.005     2.263    ea/core/wb_val_reg[55]_i_12_n_0
                         CARRY8 (Prop_CARRY8_CI_O[7])
                                                      0.116     2.379 r  ea/core/wb_val_reg[63]_i_47/O[7]
                         net (fo=2, unplaced)         0.138     2.517    eb/lane[0].sh/wb_val[0]_i_31_0[7]
                         LUT5 (Prop_LUT5_I4_O)        0.038     2.555 r  eb/lane[0].sh/redirect_INST_0_i_29/O
                         net (fo=65, unplaced)        0.262     2.817    eb/lane[0].sh/cmp_lt
                         LUT6 (Prop_LUT6_I1_O)        0.038     2.855 f  eb/lane[0].sh/redirect_INST_0_i_10/O
                         net (fo=1, unplaced)         0.186     3.041    eb/lane[0].sh/bu/taken
                         LUT4 (Prop_LUT4_I0_O)        0.038     3.079 f  eb/lane[0].sh/redirect_INST_0_i_4/O
                         net (fo=91, unplaced)        0.269     3.348    eb/lane[0].sh/p_15_in
                         LUT5 (Prop_LUT5_I2_O)        0.038     3.386 r  eb/lane[0].sh/redirect_INST_0_i_72/O
                         net (fo=1, unplaced)         0.186     3.572    eb/lane[0].sh/redirect_INST_0_i_72_n_0
                         LUT6 (Prop_LUT6_I3_O)        0.038     3.610 r  eb/lane[0].sh/redirect_INST_0_i_32/O
                         net (fo=1, unplaced)         0.186     3.796    eb/lane[0].sh/redirect_INST_0_i_32_n_0
                         LUT6 (Prop_LUT6_I3_O)        0.038     3.834 r  eb/lane[0].sh/redirect_INST_0_i_12/O
                         net (fo=1, unplaced)         0.186     4.020    eb/lane[0].sh/redirect_INST_0_i_12_n_0
                         LUT6 (Prop_LUT6_I3_O)        0.038     4.058 r  eb/lane[0].sh/redirect_INST_0_i_5/O
                         net (fo=86, unplaced)        0.268     4.326    eb/lane[0].sh/redirect1
                         LUT4 (Prop_LUT4_I3_O)        0.038     4.364 f  eb/lane[0].sh/i___61_i_5/O
                         net (fo=2, unplaced)         0.140     4.504    eb/lane[0].sh/p_0_in[2]
                         LUT5 (Prop_LUT5_I0_O)        0.090     4.594 r  eb/lane[0].sh/redirect_INST_0_i_77/O
                         net (fo=1, unplaced)         0.186     4.780    eb/lane[0].sh/redirect_INST_0_i_77_n_0
                         LUT5 (Prop_LUT5_I2_O)        0.038     4.818 r  eb/lane[0].sh/redirect_INST_0_i_34/O
                         net (fo=2, unplaced)         0.186     5.004    eb/lane[0].sh/redirect_INST_0_i_34_n_0
                         LUT6 (Prop_LUT6_I4_O)        0.038     5.042 r  eb/lane[0].sh/redirect_INST_0_i_16/O
                         net (fo=1, unplaced)         0.186     5.228    eb/lane[0].sh/redirect_INST_0_i_16_n_0
                         LUT6 (Prop_LUT6_I3_O)        0.038     5.266 r  eb/lane[0].sh/redirect_INST_0_i_6/O
                         net (fo=72, unplaced)        0.264     5.530    eb/lane[0].sh/dv/redirect10_out
                         LUT6 (Prop_LUT6_I1_O)        0.038     5.568 r  eb/lane[0].sh/dv/wb_valid[3]_INST_0_i_9/O
                         net (fo=2, unplaced)         0.186     5.754    eb/lane[3].sh/v3_reg_0
                         LUT2 (Prop_LUT2_I1_O)        0.038     5.792 r  eb/lane[3].sh/redirect_target[63]_INST_0_i_12/O
                         net (fo=2, unplaced)         0.186     5.978    eb/lane[3].sh/redirect_target[63]_INST_0_i_12_n_0
                         LUT6 (Prop_LUT6_I5_O)        0.038     6.016 r  eb/lane[3].sh/redirect_target[63]_INST_0_i_3/O
                         net (fo=72, unplaced)        0.264     6.280    eb/lane[3].sh/dv/q_iss_valid[0]_i_3
                         LUT6 (Prop_LUT6_I4_O)        0.038     6.318 r  eb/lane[3].sh/dv/seq_q[5]_i_3/O
                         net (fo=76, unplaced)        0.265     6.583    u_lsu/eb_rseq[3]
                         LUT4 (Prop_LUT4_I3_O)        0.038     6.621 r  u_lsu/wb_valid[3]_INST_0_i_11/O
                         net (fo=1, unplaced)         0.186     6.807    u_lsu/wb_valid[3]_INST_0_i_11_n_0
                         LUT6 (Prop_LUT6_I5_O)        0.038     6.845 f  u_lsu/wb_valid[3]_INST_0_i_6/O
                         net (fo=1, unplaced)         0.186     7.031    u_lsu/wb_valid[3]_INST_0_i_6_n_0
                         LUT6 (Prop_LUT6_I4_O)        0.038     7.069 r  u_lsu/wb_valid[3]_INST_0_i_2/O
                         net (fo=1, unplaced)         0.186     7.255    u_lsu/wb_valid[3]_INST_0_i_2_n_0
                         LUT5 (Prop_LUT5_I1_O)        0.038     7.293 r  u_lsu/wb_valid[3]_INST_0_i_1/O
                         net (fo=20, unplaced)        0.235     7.528    u_lsu/lsu_ld_done
                         LUT4 (Prop_LUT4_I1_O)        0.070     7.598 r  u_lsu/wb_valid[1]_INST_0/O
                         net (fo=185, unset)          0.000     7.598    wb_valid[1]
                                                                      r  wb_valid[1] (OUT)
  -------------------------------------------------------------------    -------------------





--------------------------------------------------------------------------------------
Path Group:  (none)
From Clock:  
  To Clock:  clk

Max Delay          5394 Endpoints
Min Delay             0 Endpoints
--------------------------------------------------------------------------------------


Max Delay Paths
--------------------------------------------------------------------------------------
Slack:                    inf
  Source:                 imem_avail[3]
                            (input port)
  Destination:            fe/u_dr/q_map_writer_reg[2]/D
                            (rising edge-triggered cell FDRE clocked by clk  {rise@0.000ns fall@1.250ns period=2.500ns})
  Path Group:             (none)
  Path Type:              Setup (Max at Slow Process Corner)
  Data Path Delay:        3.923ns  (logic 1.054ns (26.867%)  route 2.869ns (73.133%))
  Logic Levels:           15  (LUT2=1 LUT4=2 LUT6=12)
  Clock Path Skew:        0.021ns (DCD - SCD + CPR)
    Destination Clock Delay (DCD):    0.021ns
    Source Clock Delay      (SCD):    0.000ns
    Clock Pessimism Removal (CPR):    0.000ns
  Clock Uncertainty:      0.025ns  ((TSJ^2 + TIJ^2)^1/2 + DJ) / 2 + PE
    Total System Jitter     (TSJ):    0.050ns
    Total Input Jitter      (TIJ):    0.000ns
    Discrete Jitter          (DJ):    0.000ns
    Phase Error              (PE):    0.000ns

    Location             Delay type                Incr(ns)  Path(ns)    Netlist Resource(s)
  -------------------------------------------------------------------    -------------------
                                                      0.000     0.000 f  imem_avail[3] (IN)
                         net (fo=11, unset)           0.000     0.000    fe/u_dr/imem_avail[3]
                         LUT6 (Prop_LUT6_I0_O)        0.150     0.150 r  fe/u_dr/i___17_i_1/O
                         net (fo=18, unplaced)        0.152     0.302    fe/u_dr/imem_avail[3]_2
                         LUT6 (Prop_LUT6_I0_O)        0.150     0.452 r  fe/u_dr/i__i_5__0/O
                         net (fo=1, unplaced)         0.186     0.638    fe/u_dr/i__i_5__0_n_0
                         LUT6 (Prop_LUT6_I5_O)        0.038     0.676 r  fe/u_dr/i__i_2__0/O
                         net (fo=28, unplaced)        0.243     0.919    fe/u_dr/imem_data_2_sn_1
                         LUT6 (Prop_LUT6_I5_O)        0.038     0.957 r  fe/u_dr/i___10_i_1/O
                         net (fo=45, unplaced)        0.208     1.165    fe/u_dr/imem_avail_0_sn_1
                         LUT6 (Prop_LUT6_I2_O)        0.100     1.265 f  fe/u_dr/i__i_15/O
                         net (fo=92, unplaced)        0.224     1.489    fe/u_fetch/q_rd_v_reg[2][3]
                         LUT6 (Prop_LUT6_I2_O)        0.090     1.579 f  fe/u_fetch/i__i_5/O
                         net (fo=33, unplaced)        0.246     1.825    fe/u_fetch/imem_avail_3_sn_1
                         LUT6 (Prop_LUT6_I2_O)        0.038     1.863 r  fe/u_fetch/i___4_i_1/O
                         net (fo=36, unplaced)        0.248     2.111    fe/u_fetch/valid6[2]
                         LUT4 (Prop_LUT4_I2_O)        0.070     2.181 f  fe/u_fetch/i__i_7/O
                         net (fo=1, unplaced)         0.137     2.318    fe/u_fetch/i__i_7_n_0
                         LUT6 (Prop_LUT6_I3_O)        0.053     2.371 r  fe/u_fetch/i__i_1/O
                         net (fo=6, unplaced)         0.208     2.579    fe/u_fetch/i__i_1_n_0
                         LUT4 (Prop_LUT4_I3_O)        0.038     2.617 r  fe/u_fetch/i___2_i_2/O
                         net (fo=27, unplaced)        0.196     2.813    fe/u_fetch/i___2_i_2_n_0
                         LUT6 (Prop_LUT6_I0_O)        0.090     2.903 f  fe/u_fetch/q_rd_v[3]_i_12/O
                         net (fo=1, unplaced)         0.186     3.089    fe/u_fetch/q_rd_v[3]_i_12_n_0
                         LUT6 (Prop_LUT6_I1_O)        0.038     3.127 f  fe/u_fetch/q_rd_v[3]_i_6/O
                         net (fo=1, unplaced)         0.137     3.264    fe/u_fetch/q_rd_v[3]_i_6_n_0
                         LUT6 (Prop_LUT6_I4_O)        0.053     3.317 f  fe/u_fetch/dec/lane[3].ds/i_/q_rd_v[3]_i_1/O
                         net (fo=21, unplaced)        0.236     3.553    fe/u_fetch/d_rd_v[2]
                         LUT6 (Prop_LUT6_I5_O)        0.038     3.591 f  fe/u_fetch/q_map_writer[2]_i_2/O
                         net (fo=8, unplaced)         0.214     3.805    fe/u_fetch/u_dr/dec/xs/mw1__0
                         LUT2 (Prop_LUT2_I1_O)        0.070     3.875 r  fe/u_fetch/q_map_writer[2]_i_1/O
                         net (fo=1, unplaced)         0.048     3.923    fe/u_dr/q_map_writer_reg[2]_0[2]
                         FDRE                                         r  fe/u_dr/q_map_writer_reg[2]/D
  -------------------------------------------------------------------    -------------------

                         (clock clk rise edge)        0.000     0.000 r  
                                                      0.000     0.000 r  clk (IN)
                         net (fo=19016, unset)        0.021     0.021    fe/u_dr/clk
                         FDRE                                         r  fe/u_dr/q_map_writer_reg[2]/C





