Copyright 1986-2022 Xilinx, Inc. All Rights Reserved. Copyright 2022-2025 Advanced Micro Devices, Inc. All Rights Reserved.
--------------------------------------------------------------------------------------------------------------------------------------------------
| Tool Version      : Vivado v.2025.1 (lin64) Build 6140274 Wed May 21 22:58:25 MDT 2025
| Date              : Mon Jun 22 17:20:01 2026
| Host              : coffee running 64-bit Ubuntu 26.04 LTS
| Command           : report_timing_summary -delay_type max -max_paths 1 -report_unconstrained -file sanity_tsum.rpt
| Design            : backend_top
| Device            : xcku5p-ffvb676
| Speed File        : -2  PRODUCTION 1.29 05-01-2022
| Design State      : Synthesized
| Temperature Grade : I
--------------------------------------------------------------------------------------------------------------------------------------------------

Timing Summary Report

------------------------------------------------------------------------------------------------
| Timer Settings
| --------------
------------------------------------------------------------------------------------------------

  Enable Multi Corner Analysis               :  Yes
  Enable Pessimism Removal                   :  Yes
  Pessimism Removal Resolution               :  Nearest Common Node
  Enable Input Delay Default Clock           :  No
  Enable Preset / Clear Arcs                 :  No
  Disable Flight Delays                      :  No
  Ignore I/O Paths                           :  No
  Timing Early Launch at Borrowing Latches   :  No
  Borrow Time for Max Delay Exceptions       :  Yes
  Merge Timing Exceptions                    :  Yes
  Inter-SLR Compensation                     :  Conservative

  Corner  Analyze    Analyze    
  Name    Max Paths  Min Paths  
  ------  ---------  ---------  
  Slow    Yes        Yes        
  Fast    Yes        Yes        


------------------------------------------------------------------------------------------------
| Report Methodology
| ------------------
------------------------------------------------------------------------------------------------

No report available as report_methodology has not been run prior. Run report_methodology on the current design for the summary of methodology violations.



check_timing report

Table of Contents
-----------------
1. checking no_clock (0)
2. checking constant_clock (0)
3. checking pulse_width_clock (0)
4. checking unconstrained_internal_endpoints (0)
5. checking no_input_delay (197)
6. checking no_output_delay (625)
7. checking multiple_clock (0)
8. checking generated_clocks (0)
9. checking loops (0)
10. checking partial_input_delay (0)
11. checking partial_output_delay (0)
12. checking latch_loops (0)

1. checking no_clock (0)
------------------------
 There are 0 register/latch pins with no clock.


2. checking constant_clock (0)
------------------------------
 There are 0 register/latch pins with constant_clock.


3. checking pulse_width_clock (0)
---------------------------------
 There are 0 register/latch pins which need pulse_width check


4. checking unconstrained_internal_endpoints (0)
------------------------------------------------
 There are 0 pins that are not constrained for maximum delay.

 There are 0 pins that are not constrained for maximum delay due to constant clock.


5. checking no_input_delay (197)
--------------------------------
 There are 197 input ports with no input delay specified. (HIGH)

 There are 0 input ports with no input delay but user has a false path constraint.


6. checking no_output_delay (625)
---------------------------------
 There are 625 ports with no output delay specified. (HIGH)

 There are 0 ports with no output delay but user has a false path constraint

 There are 0 ports with no output delay but with a timing clock defined on it or propagating through it


7. checking multiple_clock (0)
------------------------------
 There are 0 register/latch pins with multiple clocks.


8. checking generated_clocks (0)
--------------------------------
 There are 0 generated clocks that are not connected to a clock source.


9. checking loops (0)
---------------------
 There are 0 combinational loops in the design.


10. checking partial_input_delay (0)
------------------------------------
 There are 0 input ports with partial input delay specified.


11. checking partial_output_delay (0)
-------------------------------------
 There are 0 ports with partial output delay specified.


12. checking latch_loops (0)
----------------------------
 There are 0 combinational latch loops in the design through latch input



------------------------------------------------------------------------------------------------
| Design Timing Summary
| ---------------------
------------------------------------------------------------------------------------------------

    WNS(ns)      TNS(ns)  TNS Failing Endpoints  TNS Total Endpoints     WPWS(ns)     TPWS(ns)  TPWS Failing Endpoints  TPWS Total Endpoints  
    -------      -------  ---------------------  -------------------     --------     --------  ----------------------  --------------------  
    -24.448  -317543.250                  33022                46805        0.968        0.000                       0                 16418  


Timing constraints are not met.


------------------------------------------------------------------------------------------------
| Clock Summary
| -------------
------------------------------------------------------------------------------------------------

Clock  Waveform(ns)         Period(ns)      Frequency(MHz)
-----  ------------         ----------      --------------
clk    {0.000 1.500}        3.000           333.333         


------------------------------------------------------------------------------------------------
| Intra Clock Table
| -----------------
------------------------------------------------------------------------------------------------

Clock             WNS(ns)      TNS(ns)  TNS Failing Endpoints  TNS Total Endpoints     WPWS(ns)     TPWS(ns)  TPWS Failing Endpoints  TPWS Total Endpoints  
-----             -------      -------  ---------------------  -------------------     --------     --------  ----------------------  --------------------  
clk               -24.448  -317543.250                  33022                46805        0.968        0.000                       0                 16418  


------------------------------------------------------------------------------------------------
| Inter Clock Table
| -----------------
------------------------------------------------------------------------------------------------

From Clock    To Clock          WNS(ns)      TNS(ns)  TNS Failing Endpoints  TNS Total Endpoints  
----------    --------          -------      -------  ---------------------  -------------------  


------------------------------------------------------------------------------------------------
| Other Path Groups Table
| -----------------------
------------------------------------------------------------------------------------------------

Path Group    From Clock    To Clock          WNS(ns)      TNS(ns)  TNS Failing Endpoints  TNS Total Endpoints  
----------    ----------    --------          -------      -------  ---------------------  -------------------  


------------------------------------------------------------------------------------------------
| User Ignored Path Table
| -----------------------
------------------------------------------------------------------------------------------------

Path Group    From Clock    To Clock    
----------    ----------    --------    


------------------------------------------------------------------------------------------------
| Unconstrained Path Table
| ------------------------
------------------------------------------------------------------------------------------------

Path Group    From Clock    To Clock    
----------    ----------    --------    
(none)                                    
(none)        clk                         
(none)                      clk           


------------------------------------------------------------------------------------------------
| Timing Details
| --------------
------------------------------------------------------------------------------------------------


---------------------------------------------------------------------------------------------------
From Clock:  clk
  To Clock:  clk

Setup :        33022  Failing Endpoints,  Worst Slack      -24.448ns,  Total Violation  -317543.250ns
Hold  :           NA  Failing Endpoints,  Worst Slack           NA  ,  Total Violation           NA
PW    :            0  Failing Endpoints,  Worst Slack        0.968ns,  Total Violation        0.000ns
---------------------------------------------------------------------------------------------------


Max Delay Paths
--------------------------------------------------------------------------------------
Slack (VIOLATED) :        -24.448ns  (required time - arrival time)
  Source:                 q_iss_ps2_reg[3]_rep__0/C
                            (rising edge-triggered cell FDRE clocked by clk  {rise@0.000ns fall@1.500ns period=3.000ns})
  Destination:            eb/lane[0].sh/rf/bank_reg[0][0]_r1_0_63_14_20/RAMD/I
                            (rising edge-triggered cell RAMD64E clocked by clk  {rise@0.000ns fall@1.500ns period=3.000ns})
  Path Group:             clk
  Path Type:              Setup (Max at Slow Process Corner)
  Requirement:            3.000ns  (clk rise@3.000ns - clk rise@0.000ns)
  Data Path Delay:        27.368ns  (logic 6.519ns (23.820%)  route 20.849ns (76.180%))
  Logic Levels:           118  (CARRY8=16 LUT1=1 LUT2=2 LUT3=6 LUT4=8 LUT5=27 LUT6=56 MUXF7=1 RAMD64E=1)
  Clock Path Skew:        0.013ns (DCD - SCD + CPR)
    Destination Clock Delay (DCD):    0.043ns = ( 3.043 - 3.000 ) 
    Source Clock Delay      (SCD):    0.030ns
    Clock Pessimism Removal (CPR):    0.000ns
  Clock Uncertainty:      0.035ns  ((TSJ^2 + TIJ^2)^1/2 + DJ) / 2 + PE
    Total System Jitter     (TSJ):    0.071ns
    Total Input Jitter      (TIJ):    0.000ns
    Discrete Jitter          (DJ):    0.000ns
    Phase Error              (PE):    0.000ns

    Location             Delay type                Incr(ns)  Path(ns)    Netlist Resource(s)
  -------------------------------------------------------------------    -------------------
                         (clock clk rise edge)        0.000     0.000 r  
                                                      0.000     0.000 r  clk (IN)
                         net (fo=16417, unset)        0.030     0.030    clk
                         FDRE                                         r  q_iss_ps2_reg[3]_rep__0/C
  -------------------------------------------------------------------    -------------------
                         FDRE (Prop_FDRE_C_Q)         0.077     0.107 r  q_iss_ps2_reg[3]_rep__0/Q
                         net (fo=175, unplaced)       0.247     0.354    eb/lane[0].sh/rf/bank_reg[1][0]_r2_0_63_0_6/ADDRB1
                         RAMD64E (Prop_RAMD64E_RADR1_O)
                                                      0.125     0.479 r  eb/lane[0].sh/rf/bank_reg[1][0]_r2_0_63_0_6/RAMB/O
                         net (fo=1, unplaced)         0.107     0.586    eb/lane[0].sh/rf/r2[65]
                         LUT6 (Prop_LUT6_I0_O)        0.150     0.736 r  eb/lane[0].sh/rf/p_su__4_i_32/O
                         net (fo=3, unplaced)         0.143     0.879    eb/lane[0].sh/rf/p_su__4_i_32_n_0
                         LUT6 (Prop_LUT6_I0_O)        0.053     0.932 r  eb/lane[0].sh/rf/p_su__4_i_16/O
                         net (fo=42, unplaced)        0.252     1.184    eb/lane[0].sh/rf/q_iss_ps2_reg[7]_1
                         LUT3 (Prop_LUT3_I1_O)        0.038     1.222 r  eb/lane[0].sh/rf/wb_val[60]_INST_0_i_22/O
                         net (fo=134, unplaced)       0.278     1.500    eb/lane[0].sh/rf/q_iss_pay_reg[15]
                         LUT5 (Prop_LUT5_I4_O)        0.037     1.537 r  eb/lane[0].sh/rf/wb_val[7]_INST_0_i_34/O
                         net (fo=1, unplaced)         0.023     1.560    eb_n_3150
                         CARRY8 (Prop_CARRY8_S[1]_CO[7])
                                                      0.197     1.757 r  ea/core/wb_val[7]_INST_0_i_17/CO[7]
                         net (fo=1, unplaced)         0.005     1.762    ea/core/wb_val[7]_INST_0_i_17_n_0
                         CARRY8 (Prop_CARRY8_CI_CO[7])
                                                      0.022     1.784 r  ea/core/wb_val[15]_INST_0_i_13/CO[7]
                         net (fo=1, unplaced)         0.005     1.789    ea/core/wb_val[15]_INST_0_i_13_n_0
                         CARRY8 (Prop_CARRY8_CI_CO[7])
                                                      0.022     1.811 r  ea/core/wb_val[23]_INST_0_i_13/CO[7]
                         net (fo=1, unplaced)         0.005     1.816    ea/core/wb_val[23]_INST_0_i_13_n_0
                         CARRY8 (Prop_CARRY8_CI_CO[7])
                                                      0.022     1.838 r  ea/core/wb_val[30]_INST_0_i_33/CO[7]
                         net (fo=1, unplaced)         0.005     1.843    ea/core/wb_val[30]_INST_0_i_33_n_0
                         CARRY8 (Prop_CARRY8_CI_CO[7])
                                                      0.022     1.865 r  ea/core/wb_val[39]_INST_0_i_24/CO[7]
                         net (fo=1, unplaced)         0.005     1.870    ea/core/wb_val[39]_INST_0_i_24_n_0
                         CARRY8 (Prop_CARRY8_CI_CO[7])
                                                      0.022     1.892 r  ea/core/wb_val[47]_INST_0_i_25/CO[7]
                         net (fo=1, unplaced)         0.005     1.897    ea/core/wb_val[47]_INST_0_i_25_n_0
                         CARRY8 (Prop_CARRY8_CI_CO[7])
                                                      0.022     1.919 r  ea/core/wb_val[55]_INST_0_i_24/CO[7]
                         net (fo=1, unplaced)         0.005     1.924    ea/core/wb_val[55]_INST_0_i_24_n_0
                         CARRY8 (Prop_CARRY8_CI_O[7])
                                                      0.116     2.040 r  ea/core/wb_val[63]_INST_0_i_61/O[7]
                         net (fo=2, unplaced)         0.138     2.178    eb/lane[0].sh/rf/O[0]
                         LUT5 (Prop_LUT5_I4_O)        0.038     2.216 r  eb/lane[0].sh/rf/redirect_INST_0_i_28/O
                         net (fo=65, unplaced)        0.213     2.429    fe/u_fetch/redirect_INST_0_i_4_0
                         LUT6 (Prop_LUT6_I0_O)        0.053     2.482 f  fe/u_fetch/redirect_INST_0_i_10/O
                         net (fo=1, unplaced)         0.186     2.668    fe/u_fetch/eb/lane[0].sh/bu/taken__8
                         LUT4 (Prop_LUT4_I0_O)        0.038     2.706 f  fe/u_fetch/redirect_INST_0_i_4/O
                         net (fo=91, unplaced)        0.269     2.975    fe/u_fetch/q_iss_pay_reg[142]_0
                         LUT5 (Prop_LUT5_I2_O)        0.038     3.013 r  fe/u_fetch/redirect_INST_0_i_61/O
                         net (fo=1, unplaced)         0.186     3.199    fe/u_fetch/redirect_INST_0_i_61_n_0
                         LUT6 (Prop_LUT6_I3_O)        0.038     3.237 r  fe/u_fetch/redirect_INST_0_i_31/O
                         net (fo=1, unplaced)         0.186     3.423    fe/u_fetch/redirect_INST_0_i_31_n_0
                         LUT6 (Prop_LUT6_I3_O)        0.038     3.461 r  fe/u_fetch/redirect_INST_0_i_12/O
                         net (fo=1, unplaced)         0.186     3.647    fe/u_fetch/redirect_INST_0_i_12_n_0
                         LUT6 (Prop_LUT6_I3_O)        0.038     3.685 r  fe/u_fetch/redirect_INST_0_i_5/O
                         net (fo=86, unplaced)        0.268     3.953    fe/u_fetch/q_iss_seq_reg[14]
                         LUT4 (Prop_LUT4_I3_O)        0.038     3.991 f  fe/u_fetch/i___61_i_6/O
                         net (fo=2, unplaced)         0.140     4.131    fe/u_fetch/q_iss_seq_reg[10][1]
                         LUT5 (Prop_LUT5_I0_O)        0.090     4.221 r  fe/u_fetch/redirect_INST_0_i_65/O
                         net (fo=1, unplaced)         0.186     4.407    fe/u_fetch/redirect_INST_0_i_65_n_0
                         LUT5 (Prop_LUT5_I2_O)        0.038     4.445 r  fe/u_fetch/redirect_INST_0_i_33/O
                         net (fo=2, unplaced)         0.186     4.631    fe/u_fetch/q_iss_seq_reg[19]
                         LUT6 (Prop_LUT6_I4_O)        0.038     4.669 r  fe/u_fetch/redirect_INST_0_i_16/O
                         net (fo=1, unplaced)         0.186     4.855    fe/u_fetch/redirect_INST_0_i_16_n_0
                         LUT6 (Prop_LUT6_I3_O)        0.038     4.893 r  fe/u_fetch/redirect_INST_0_i_6/O
                         net (fo=72, unplaced)        0.264     5.157    fe/u_fetch/q_iss_seq_reg[22]
                         LUT6 (Prop_LUT6_I1_O)        0.038     5.195 r  fe/u_fetch/redirect_target[63]_INST_0_i_32/O
                         net (fo=2, unplaced)         0.186     5.381    fe/u_fetch/q_iss_seq_reg[23]
                         LUT2 (Prop_LUT2_I1_O)        0.038     5.419 r  fe/u_fetch/redirect_target[63]_INST_0_i_11/O
                         net (fo=2, unplaced)         0.186     5.605    fe/u_fetch/q_iss_seq_reg[31]
                         LUT6 (Prop_LUT6_I5_O)        0.038     5.643 r  fe/u_fetch/redirect_target[63]_INST_0_i_3/O
                         net (fo=72, unplaced)        0.264     5.907    sb/lane[3].sh/seq_q_reg[1]_0
                         LUT5 (Prop_LUT5_I3_O)        0.038     5.945 r  sb/lane[3].sh/seq_q[1]_i_2/O
                         net (fo=59, unplaced)        0.213     6.158    eb/lane[2].sh/dv/FSM_onehot_st_reg[0]_6[0]
                         LUT6 (Prop_LUT6_I2_O)        0.090     6.248 r  eb/lane[2].sh/dv/FSM_onehot_st[2]_i_9__0/O
                         net (fo=1, unplaced)         0.186     6.434    eb/lane[2].sh/dv/FSM_onehot_st[2]_i_9__0_n_0
                         LUT5 (Prop_LUT5_I2_O)        0.038     6.472 r  eb/lane[2].sh/dv/FSM_onehot_st[2]_i_8__1/O
                         net (fo=1, unplaced)         0.186     6.658    eb/lane[2].sh/dv/FSM_onehot_st[2]_i_8__1_n_0
                         LUT5 (Prop_LUT5_I2_O)        0.038     6.696 r  eb/lane[2].sh/dv/FSM_onehot_st[2]_i_4__0/O
                         net (fo=1, unplaced)         0.186     6.882    eb/lane[2].sh/dv/FSM_onehot_st[2]_i_4__0_n_0
                         LUT5 (Prop_LUT5_I4_O)        0.038     6.920 r  eb/lane[2].sh/dv/FSM_onehot_st[2]_i_1__1/O
                         net (fo=9, unplaced)         0.217     7.137    eb/lane[2].sh/dv/dv_abort
                         LUT2 (Prop_LUT2_I1_O)        0.038     7.175 f  eb/lane[2].sh/dv/wb_pr[23]_INST_0_i_1/O
                         net (fo=132, unplaced)       0.278     7.453    eb/lane[2].sh/dv/FSM_onehot_st_reg[2]_0
                         LUT6 (Prop_LUT6_I5_O)        0.038     7.491 f  eb/lane[2].sh/dv/wb_valid[2]_INST_0_i_1/O
                         net (fo=131, unplaced)       0.278     7.769    u_lsu/eb_wb_busy[2]
                         LUT6 (Prop_LUT6_I2_O)        0.038     7.807 f  u_lsu/dmem_raddr[63]_INST_0_i_132/O
                         net (fo=1, unplaced)         0.186     7.993    u_lsu/dmem_raddr[63]_INST_0_i_132_n_0
                         LUT5 (Prop_LUT5_I4_O)        0.038     8.031 f  u_lsu/dmem_raddr[63]_INST_0_i_90/O
                         net (fo=1, unplaced)         0.186     8.217    u_lsu/dmem_raddr[63]_INST_0_i_90_n_0
                         LUT6 (Prop_LUT6_I1_O)        0.038     8.255 f  u_lsu/dmem_raddr[63]_INST_0_i_49/O
                         net (fo=25, unplaced)        0.240     8.495    u_lsu/dmem_raddr[63]_INST_0_i_49_n_0
                         LUT5 (Prop_LUT5_I3_O)        0.070     8.565 f  u_lsu/dmem_raddr[63]_INST_0_i_89/O
                         net (fo=1, unplaced)         0.186     8.751    u_lsu/dmem_raddr[63]_INST_0_i_89_n_0
                         LUT6 (Prop_LUT6_I5_O)        0.038     8.789 r  u_lsu/dmem_raddr[63]_INST_0_i_47/O
                         net (fo=1, unplaced)         0.186     8.975    u_lsu/dmem_raddr[63]_INST_0_i_47_n_0
                         LUT6 (Prop_LUT6_I0_O)        0.038     9.013 r  u_lsu/dmem_raddr[63]_INST_0_i_24/O
                         net (fo=19, unplaced)        0.234     9.247    u_lsu/dmem_raddr[63]_INST_0_i_24_n_0
                         LUT4 (Prop_LUT4_I2_O)        0.038     9.285 r  u_lsu/dmem_raddr[63]_INST_0_i_57/O
                         net (fo=5, unplaced)         0.204     9.489    u_lsu/dmem_raddr[63]_INST_0_i_57_n_0
                         LUT4 (Prop_LUT4_I3_O)        0.070     9.559 r  u_lsu/dmem_raddr[63]_INST_0_i_68/O
                         net (fo=3, unplaced)         0.111     9.670    u_lsu/dmem_raddr[63]_INST_0_i_68_n_0
                         LUT6 (Prop_LUT6_I0_O)        0.150     9.820 r  u_lsu/dmem_raddr[63]_INST_0_i_32/O
                         net (fo=2, unplaced)         0.186    10.006    u_lsu/dmem_raddr[63]_INST_0_i_32_n_0
                         LUT6 (Prop_LUT6_I1_O)        0.038    10.044 r  u_lsu/dmem_raddr[63]_INST_0_i_15/O
                         net (fo=18, unplaced)        0.233    10.277    u_lsu/dmem_raddr[63]_INST_0_i_15_n_0
                         LUT4 (Prop_LUT4_I1_O)        0.070    10.347 f  u_lsu/dmem_raddr[63]_INST_0_i_52/O
                         net (fo=1, unplaced)         0.098    10.445    u_lsu/dmem_raddr[63]_INST_0_i_52_n_0
                         LUT6 (Prop_LUT6_I1_O)        0.125    10.570 r  u_lsu/dmem_raddr[63]_INST_0_i_25/O
                         net (fo=1, unplaced)         0.186    10.756    u_lsu/dmem_raddr[63]_INST_0_i_25_n_0
                         LUT6 (Prop_LUT6_I0_O)        0.038    10.794 r  u_lsu/dmem_raddr[63]_INST_0_i_14/O
                         net (fo=18, unplaced)        0.233    11.027    u_lsu/dmem_raddr[63]_INST_0_i_14_n_0
                         LUT6 (Prop_LUT6_I4_O)        0.038    11.065 f  u_lsu/dmem_raddr[1]_INST_0_i_74/O
                         net (fo=1, unplaced)         0.105    11.170    u_lsu/dmem_raddr[1]_INST_0_i_74_n_0
                         LUT6 (Prop_LUT6_I0_O)        0.150    11.320 r  u_lsu/dmem_raddr[1]_INST_0_i_29/O
                         net (fo=1, unplaced)         0.186    11.506    u_lsu/dmem_raddr[1]_INST_0_i_29_n_0
                         LUT6 (Prop_LUT6_I1_O)        0.038    11.544 r  u_lsu/dmem_raddr[1]_INST_0_i_10/O
                         net (fo=21, unplaced)        0.236    11.780    u_lsu/dmem_raddr[1]_INST_0_i_10_n_0
                         LUT6 (Prop_LUT6_I4_O)        0.038    11.818 f  u_lsu/dmem_raddr[1]_INST_0_i_81/O
                         net (fo=4, unplaced)         0.117    11.935    u_lsu/dmem_raddr[1]_INST_0_i_81_n_0
                         LUT6 (Prop_LUT6_I0_O)        0.150    12.085 r  u_lsu/dmem_raddr[1]_INST_0_i_34/O
                         net (fo=1, unplaced)         0.186    12.271    u_lsu/dmem_raddr[1]_INST_0_i_34_n_0
                         LUT6 (Prop_LUT6_I0_O)        0.038    12.309 r  u_lsu/dmem_raddr[1]_INST_0_i_11/O
                         net (fo=19, unplaced)        0.234    12.543    u_lsu/dmem_raddr[1]_INST_0_i_11_n_0
                         LUT6 (Prop_LUT6_I3_O)        0.038    12.581 r  u_lsu/dmem_raddr[1]_INST_0_i_64/O
                         net (fo=4, unplaced)         0.152    12.733    u_lsu/dmem_raddr[1]_INST_0_i_64_n_0
                         LUT6 (Prop_LUT6_I2_O)        0.090    12.823 r  u_lsu/dmem_raddr[1]_INST_0_i_24/O
                         net (fo=1, unplaced)         0.186    13.009    u_lsu/dmem_raddr[1]_INST_0_i_24_n_0
                         LUT6 (Prop_LUT6_I1_O)        0.038    13.047 r  u_lsu/dmem_raddr[1]_INST_0_i_9/O
                         net (fo=15, unplaced)        0.228    13.275    u_lsu/dmem_raddr[1]_INST_0_i_9_n_0
                         LUT6 (Prop_LUT6_I3_O)        0.038    13.313 r  u_lsu/dmem_raddr[63]_INST_0_i_10/O
                         net (fo=6, unplaced)         0.127    13.440    u_lsu/dmem_raddr[63]_INST_0_i_10_n_0
                         LUT6 (Prop_LUT6_I0_O)        0.150    13.590 r  u_lsu/dmem_raddr[1]_INST_0_i_6/O
                         net (fo=5, unplaced)         0.204    13.794    u_lsu/dmem_raddr[1]_INST_0_i_6_n_0
                         LUT6 (Prop_LUT6_I2_O)        0.038    13.832 f  u_lsu/dmem_raddr[63]_INST_0_i_4/O
                         net (fo=91, unplaced)        0.269    14.101    u_lsu/dmem_raddr[63]_INST_0_i_4_n_0
                         LUT1 (Prop_LUT1_I0_O)        0.038    14.139 r  u_lsu/dmem_raddr[63]_INST_0_i_1/O
                         net (fo=62, unplaced)        0.308    14.447    u_lsu/ld_sel[2]
                         MUXF7 (Prop_MUXF7_S_O)       0.076    14.523 r  u_lsu/dmem_raddr[2]_INST_0/O
                         net (fo=108, unplaced)       0.225    14.748    u_lsu/lq_addr_reg[3][2]_0
                         CARRY8 (Prop_CARRY8_S[1]_CO[7])
                                                      0.197    14.945 r  u_lsu/wb_val[255]_INST_0_i_2284/CO[7]
                         net (fo=1, unplaced)         0.005    14.950    u_lsu/wb_val[255]_INST_0_i_2284_n_0
                         CARRY8 (Prop_CARRY8_CI_CO[7])
                                                      0.022    14.972 r  u_lsu/wb_val[255]_INST_0_i_1814/CO[7]
                         net (fo=1, unplaced)         0.005    14.977    u_lsu/wb_val[255]_INST_0_i_1814_n_0
                         CARRY8 (Prop_CARRY8_CI_CO[7])
                                                      0.022    14.999 r  u_lsu/wb_val[255]_INST_0_i_1813/CO[7]
                         net (fo=1, unplaced)         0.005    15.004    u_lsu/wb_val[255]_INST_0_i_1813_n_0
                         CARRY8 (Prop_CARRY8_CI_CO[7])
                                                      0.022    15.026 r  u_lsu/wb_val[255]_INST_0_i_1254/CO[7]
                         net (fo=1, unplaced)         0.005    15.031    u_lsu/wb_val[255]_INST_0_i_1254_n_0
                         CARRY8 (Prop_CARRY8_CI_CO[7])
                                                      0.022    15.053 r  u_lsu/wb_val[255]_INST_0_i_1253/CO[7]
                         net (fo=1, unplaced)         0.005    15.058    u_lsu/wb_val[255]_INST_0_i_1253_n_0
                         CARRY8 (Prop_CARRY8_CI_CO[7])
                                                      0.022    15.080 r  u_lsu/wb_val[255]_INST_0_i_725/CO[7]
                         net (fo=1, unplaced)         0.005    15.085    u_lsu/wb_val[255]_INST_0_i_725_n_0
                         CARRY8 (Prop_CARRY8_CI_O[0])
                                                      0.056    15.141 f  u_lsu/wb_val[255]_INST_0_i_724/O[0]
                         net (fo=32, unplaced)        0.246    15.387    u_lsu/m_byt559_in[49]
                         LUT4 (Prop_LUT4_I0_O)        0.070    15.457 r  u_lsu/wb_val[255]_INST_0_i_680/O
                         net (fo=1, unplaced)         0.253    15.710    u_lsu/wb_val[255]_INST_0_i_680_n_0
                         CARRY8 (Prop_CARRY8_DI[0]_CO[7])
                                                      0.140    15.850 r  u_lsu/wb_val[255]_INST_0_i_277/CO[7]
                         net (fo=3, unplaced)         0.094    15.944    u_lsu/m_fwd5348_in
                         LUT3 (Prop_LUT3_I0_O)        0.053    15.997 r  u_lsu/wb_val[255]_INST_0_i_113/O
                         net (fo=32, unplaced)        0.246    16.243    u_lsu/wb_val[255]_INST_0_i_113_n_0
                         LUT5 (Prop_LUT5_I4_O)        0.038    16.281 r  u_lsu/wb_val[255]_INST_0_i_2494/O
                         net (fo=1, unplaced)         0.186    16.467    u_lsu/wb_val[255]_INST_0_i_2494_n_0
                         LUT6 (Prop_LUT6_I5_O)        0.038    16.505 f  u_lsu/wb_val[255]_INST_0_i_2285/O
                         net (fo=1, unplaced)         0.186    16.691    u_lsu/wb_val[255]_INST_0_i_2285_n_0
                         LUT6 (Prop_LUT6_I0_O)        0.038    16.729 f  u_lsu/wb_val[255]_INST_0_i_1831/O
                         net (fo=1, unplaced)         0.186    16.915    u_lsu/wb_val[255]_INST_0_i_1831_n_0
                         LUT6 (Prop_LUT6_I0_O)        0.038    16.953 f  u_lsu/wb_val[255]_INST_0_i_1272/O
                         net (fo=1, unplaced)         0.186    17.139    u_lsu/wb_val[255]_INST_0_i_1272_n_0
                         LUT6 (Prop_LUT6_I0_O)        0.038    17.177 f  u_lsu/wb_val[255]_INST_0_i_743/O
                         net (fo=1, unplaced)         0.186    17.363    u_lsu/wb_val[255]_INST_0_i_743_n_0
                         LUT6 (Prop_LUT6_I5_O)        0.038    17.401 r  u_lsu/wb_val[255]_INST_0_i_313/O
                         net (fo=1, unplaced)         0.186    17.587    u_lsu/wb_val[255]_INST_0_i_313_n_0
                         LUT4 (Prop_LUT4_I0_O)        0.070    17.657 r  u_lsu/wb_val[255]_INST_0_i_117/O
                         net (fo=1, unplaced)         0.186    17.843    u_lsu/m_fwd3106_in
                         LUT5 (Prop_LUT5_I4_O)        0.038    17.881 r  u_lsu/wb_val[255]_INST_0_i_36/O
                         net (fo=33, unplaced)        0.246    18.127    u_lsu/wb_val[255]_INST_0_i_36_n_0
                         LUT5 (Prop_LUT5_I2_O)        0.070    18.197 r  u_lsu/wb_val[206]_INST_0_i_706/O
                         net (fo=1, unplaced)         0.186    18.383    u_lsu/wb_val[206]_INST_0_i_706_n_0
                         LUT6 (Prop_LUT6_I5_O)        0.038    18.421 f  u_lsu/wb_val[206]_INST_0_i_460/O
                         net (fo=1, unplaced)         0.186    18.607    u_lsu/wb_val[206]_INST_0_i_460_n_0
                         LUT6 (Prop_LUT6_I4_O)        0.038    18.645 r  u_lsu/wb_val[206]_INST_0_i_208/O
                         net (fo=1, unplaced)         0.186    18.831    u_lsu/wb_val[206]_INST_0_i_208_n_0
                         LUT5 (Prop_LUT5_I2_O)        0.038    18.869 r  u_lsu/wb_val[206]_INST_0_i_57/O
                         net (fo=1, unplaced)         0.186    19.055    u_lsu/m_fwd3109_in
                         LUT5 (Prop_LUT5_I4_O)        0.070    19.125 r  u_lsu/wb_val[206]_INST_0_i_22/O
                         net (fo=24, unplaced)        0.239    19.364    u_lsu/wb_val[206]_INST_0_i_22_n_0
                         LUT6 (Prop_LUT6_I1_O)        0.038    19.402 f  u_lsu/wb_val[206]_INST_0_i_896/O
                         net (fo=3, unplaced)         0.146    19.548    u_lsu/wb_val[206]_INST_0_i_896_n_0
                         LUT6 (Prop_LUT6_I0_O)        0.090    19.638 r  u_lsu/wb_val[206]_INST_0_i_665/O
                         net (fo=1, unplaced)         0.186    19.824    u_lsu/wb_val[206]_INST_0_i_665_n_0
                         LUT5 (Prop_LUT5_I4_O)        0.038    19.862 f  u_lsu/wb_val[206]_INST_0_i_418/O
                         net (fo=1, unplaced)         0.186    20.048    u_lsu/wb_val[206]_INST_0_i_418_n_0
                         LUT6 (Prop_LUT6_I2_O)        0.038    20.086 r  u_lsu/wb_val[206]_INST_0_i_166/O
                         net (fo=1, unplaced)         0.186    20.272    u_lsu/wb_val[206]_INST_0_i_166_n_0
                         LUT5 (Prop_LUT5_I2_O)        0.070    20.342 r  u_lsu/wb_val[206]_INST_0_i_49/O
                         net (fo=1, unplaced)         0.186    20.528    u_lsu/m_fwd3112_in
                         LUT5 (Prop_LUT5_I4_O)        0.038    20.566 r  u_lsu/wb_val[206]_INST_0_i_20/O
                         net (fo=35, unplaced)        0.248    20.814    u_lsu/wb_val[206]_INST_0_i_20_n_0
                         LUT3 (Prop_LUT3_I1_O)        0.038    20.852 r  u_lsu/wb_val[206]_INST_0_i_858/O
                         net (fo=1, unplaced)         0.140    20.992    u_lsu/wb_val[206]_INST_0_i_858_n_0
                         LUT6 (Prop_LUT6_I1_O)        0.090    21.082 f  u_lsu/wb_val[206]_INST_0_i_623/O
                         net (fo=1, unplaced)         0.186    21.268    u_lsu/wb_val[206]_INST_0_i_623_n_0
                         LUT6 (Prop_LUT6_I2_O)        0.038    21.306 f  u_lsu/wb_val[206]_INST_0_i_378/O
                         net (fo=1, unplaced)         0.186    21.492    u_lsu/wb_val[206]_INST_0_i_378_n_0
                         LUT6 (Prop_LUT6_I4_O)        0.038    21.530 r  u_lsu/wb_val[206]_INST_0_i_126/O
                         net (fo=1, unplaced)         0.186    21.716    u_lsu/wb_val[206]_INST_0_i_126_n_0
                         LUT5 (Prop_LUT5_I4_O)        0.038    21.754 r  u_lsu/wb_val[206]_INST_0_i_41/O
                         net (fo=1, unplaced)         0.186    21.940    u_lsu/m_fwd3115_in
                         LUT5 (Prop_LUT5_I4_O)        0.038    21.978 r  u_lsu/wb_val[206]_INST_0_i_18/O
                         net (fo=26, unplaced)        0.241    22.219    u_lsu/wb_val[206]_INST_0_i_18_n_0
                         LUT5 (Prop_LUT5_I1_O)        0.070    22.289 f  u_lsu/wb_val[206]_INST_0_i_819/O
                         net (fo=4, unplaced)         0.198    22.487    u_lsu/wb_val[206]_INST_0_i_819_n_0
                         LUT6 (Prop_LUT6_I4_O)        0.038    22.525 f  u_lsu/wb_val[206]_INST_0_i_820/O
                         net (fo=1, unplaced)         0.186    22.711    u_lsu/wb_val[206]_INST_0_i_820_n_0
                         LUT6 (Prop_LUT6_I2_O)        0.038    22.749 f  u_lsu/wb_val[206]_INST_0_i_573/O
                         net (fo=1, unplaced)         0.186    22.935    u_lsu/wb_val[206]_INST_0_i_573_n_0
                         LUT6 (Prop_LUT6_I4_O)        0.038    22.973 r  u_lsu/wb_val[206]_INST_0_i_321/O
                         net (fo=1, unplaced)         0.186    23.159    u_lsu/wb_val[206]_INST_0_i_321_n_0
                         LUT3 (Prop_LUT3_I0_O)        0.070    23.229 r  u_lsu/wb_val[206]_INST_0_i_73/O
                         net (fo=1, unplaced)         0.186    23.415    u_lsu/m_fwd3118_in
                         LUT5 (Prop_LUT5_I4_O)        0.070    23.485 r  u_lsu/wb_val[206]_INST_0_i_27/O
                         net (fo=28, unplaced)        0.243    23.728    u_lsu/wb_val[206]_INST_0_i_27_n_0
                         LUT3 (Prop_LUT3_I1_O)        0.070    23.798 f  u_lsu/wb_val[206]_INST_0_i_781/O
                         net (fo=2, unplaced)         0.186    23.984    u_lsu/wb_val[206]_INST_0_i_781_n_0
                         LUT6 (Prop_LUT6_I4_O)        0.038    24.022 f  u_lsu/wb_val[206]_INST_0_i_782/O
                         net (fo=1, unplaced)         0.186    24.208    u_lsu/wb_val[206]_INST_0_i_782_n_0
                         LUT6 (Prop_LUT6_I2_O)        0.038    24.246 r  u_lsu/wb_val[206]_INST_0_i_537/O
                         net (fo=1, unplaced)         0.186    24.432    u_lsu/wb_val[206]_INST_0_i_537_n_0
                         LUT6 (Prop_LUT6_I4_O)        0.038    24.470 r  u_lsu/wb_val[206]_INST_0_i_285/O
                         net (fo=1, unplaced)         0.186    24.656    u_lsu/wb_val[206]_INST_0_i_285_n_0
                         LUT5 (Prop_LUT5_I0_O)        0.038    24.694 r  u_lsu/wb_val[206]_INST_0_i_69/O
                         net (fo=1, unplaced)         0.186    24.880    u_lsu/m_fwd3121_in
                         LUT5 (Prop_LUT5_I4_O)        0.038    24.918 r  u_lsu/wb_val[206]_INST_0_i_26/O
                         net (fo=19, unplaced)        0.234    25.152    u_lsu/m_fwd1380_out
                         LUT5 (Prop_LUT5_I1_O)        0.070    25.222 r  u_lsu/wb_val[206]_INST_0_i_709/O
                         net (fo=1, unplaced)         0.141    25.363    u_lsu/wb_val[206]_INST_0_i_709_n_0
                         LUT6 (Prop_LUT6_I0_O)        0.100    25.463 f  u_lsu/wb_val[206]_INST_0_i_466/O
                         net (fo=1, unplaced)         0.186    25.649    u_lsu/wb_val[206]_INST_0_i_466_n_0
                         LUT5 (Prop_LUT5_I4_O)        0.038    25.687 r  u_lsu/wb_val[206]_INST_0_i_216/O
                         net (fo=1, unplaced)         0.186    25.873    u_lsu/wb_val[206]_INST_0_i_216_n_0
                         LUT6 (Prop_LUT6_I5_O)        0.038    25.911 f  u_lsu/wb_val[206]_INST_0_i_64/O
                         net (fo=1, unplaced)         0.186    26.097    u_lsu/m_byt3193_in
                         LUT6 (Prop_LUT6_I2_O)        0.038    26.135 f  u_lsu/wb_val[206]_INST_0_i_25/O
                         net (fo=10, unplaced)        0.219    26.354    u_lsu/wb_val[206]_INST_0_i_25_n_0
                         LUT4 (Prop_LUT4_I2_O)        0.070    26.424 f  u_lsu/wb_val[255]_INST_0_i_34/O
                         net (fo=1, unplaced)         0.186    26.610    u_lsu/wb_val[255]_INST_0_i_34_n_0
                         LUT6 (Prop_LUT6_I1_O)        0.038    26.648 f  u_lsu/wb_val[255]_INST_0_i_13/O
                         net (fo=49, unplaced)        0.255    26.903    u_lsu/wb_val[255]_INST_0_i_13_n_0
                         LUT6 (Prop_LUT6_I0_O)        0.038    26.941 r  u_lsu/wb_val[209]_INST_0_i_2/O
                         net (fo=4, unplaced)         0.198    27.139    eb/lane[0].sh/ea/lsu_ld_wb_val[13]
                         LUT3 (Prop_LUT3_I2_O)        0.070    27.209 r  eb/lane[0].sh/ea/wb_val[17]_INST_0/O
                         net (fo=8, unplaced)         0.189    27.398    eb/lane[0].sh/rf/bank_reg[0][0]_r1_0_63_14_20/DID
                         RAMD64E                                      r  eb/lane[0].sh/rf/bank_reg[0][0]_r1_0_63_14_20/RAMD/I
  -------------------------------------------------------------------    -------------------

                         (clock clk rise edge)        3.000     3.000 r  
                                                      0.000     3.000 r  clk (IN)
                         net (fo=16417, unset)        0.043     3.043    eb/lane[0].sh/rf/bank_reg[0][0]_r1_0_63_14_20/WCLK
                         RAMD64E                                      r  eb/lane[0].sh/rf/bank_reg[0][0]_r1_0_63_14_20/RAMD/CLK
                         clock pessimism              0.000     3.043    
                         clock uncertainty           -0.035     3.008    
                         RAMD64E (Setup_RAMD64E_CLK_I)
                                                     -0.058     2.950    eb/lane[0].sh/rf/bank_reg[0][0]_r1_0_63_14_20/RAMD
  -------------------------------------------------------------------
                         required time                          2.950    
                         arrival time                         -27.398    
  -------------------------------------------------------------------
                         slack                                -24.448    





Pulse Width Checks
--------------------------------------------------------------------------------------
Clock Name:         clk
Waveform(ns):       { 0.000 1.500 }
Period(ns):         3.000
Sources:            { clk }

Check Type        Corner  Lib Pin      Reference Pin  Required(ns)  Actual(ns)  Slack(ns)  Location  Pin
Min Period        n/a     RAMD64E/CLK  n/a            1.064         3.000       1.936                eb/lane[0].sh/rf/bank_reg[0][0]_r1_0_63_0_6/RAMA/CLK
Low Pulse Width   Slow    RAMD64E/CLK  n/a            0.532         1.500       0.968                eb/lane[0].sh/rf/bank_reg[0][0]_r1_0_63_0_6/RAMA/CLK
High Pulse Width  Slow    RAMD64E/CLK  n/a            0.532         1.500       0.968                eb/lane[0].sh/rf/bank_reg[0][0]_r1_0_63_0_6/RAMA/CLK



--------------------------------------------------------------------------------------
Path Group:  (none)
From Clock:  
  To Clock:  

Max Delay           256 Endpoints
Min Delay             0 Endpoints
--------------------------------------------------------------------------------------


Max Delay Paths
--------------------------------------------------------------------------------------
Slack:                    inf
  Source:                 dmem_rdata[57]
                            (input port)
  Destination:            wb_val[121]
                            (output port)
  Path Group:             (none)
  Path Type:              Max at Slow Process Corner
  Data Path Delay:        1.363ns  (logic 0.466ns (34.189%)  route 0.897ns (65.811%))
  Logic Levels:           6  (LUT3=1 LUT5=1 LUT6=4)

    Location             Delay type                Incr(ns)  Path(ns)    Netlist Resource(s)
  -------------------------------------------------------------------    -------------------
                                                      0.000     0.000 r  dmem_rdata[57] (IN)
                         net (fo=0)                   0.000     0.000    u_lsu/dmem_rdata[57]
                         LUT6 (Prop_LUT6_I2_O)        0.150     0.150 f  u_lsu/wb_val[249]_INST_0_i_31/O
                         net (fo=1, unplaced)         0.141     0.291    u_lsu/wb_val[249]_INST_0_i_31_n_0
                         LUT6 (Prop_LUT6_I0_O)        0.100     0.391 f  u_lsu/wb_val[249]_INST_0_i_20/O
                         net (fo=1, unplaced)         0.186     0.577    u_lsu/wb_val[249]_INST_0_i_20_n_0
                         LUT6 (Prop_LUT6_I1_O)        0.038     0.615 r  u_lsu/wb_val[249]_INST_0_i_12/O
                         net (fo=1, unplaced)         0.186     0.801    u_lsu/m_mrg[57]
                         LUT5 (Prop_LUT5_I1_O)        0.070     0.871 r  u_lsu/wb_val[249]_INST_0_i_7/O
                         net (fo=1, unplaced)         0.186     1.057    u_lsu/wb_val[249]_INST_0_i_7_n_0
                         LUT6 (Prop_LUT6_I5_O)        0.038     1.095 r  u_lsu/wb_val[249]_INST_0_i_2/O
                         net (fo=4, unplaced)         0.198     1.293    eb/lane[1].sh/dv/lsu_ld_wb_val[27]
                         LUT3 (Prop_LUT3_I2_O)        0.070     1.363 r  eb/lane[1].sh/dv/wb_val[121]_INST_0/O
                         net (fo=8, unset)            0.000     1.363    wb_val[121]
                                                                      r  wb_val[121] (OUT)
  -------------------------------------------------------------------    -------------------





--------------------------------------------------------------------------------------
Path Group:  (none)
From Clock:  clk
  To Clock:  

Max Delay           625 Endpoints
Min Delay             0 Endpoints
--------------------------------------------------------------------------------------


Max Delay Paths
--------------------------------------------------------------------------------------
Slack:                    inf
  Source:                 q_iss_ps2_reg[3]_rep__0/C
                            (rising edge-triggered cell FDRE clocked by clk  {rise@0.000ns fall@1.500ns period=3.000ns})
  Destination:            wb_val[144]
                            (output port)
  Path Group:             (none)
  Path Type:              Max at Slow Process Corner
  Data Path Delay:        27.179ns  (logic 6.519ns (23.985%)  route 20.660ns (76.015%))
  Logic Levels:           118  (CARRY8=16 LUT1=1 LUT2=2 LUT3=6 LUT4=8 LUT5=27 LUT6=56 MUXF7=1 RAMD64E=1)
  Clock Uncertainty:      0.025ns  ((TSJ^2 + TIJ^2)^1/2 + DJ) / 2 + PE
    Total System Jitter     (TSJ):    0.050ns
    Total Input Jitter      (TIJ):    0.000ns
    Discrete Jitter          (DJ):    0.000ns
    Phase Error              (PE):    0.000ns

    Location             Delay type                Incr(ns)  Path(ns)    Netlist Resource(s)
  -------------------------------------------------------------------    -------------------
                         (clock clk rise edge)        0.000     0.000 r  
                                                      0.000     0.000 r  clk (IN)
                         net (fo=16417, unset)        0.030     0.030    clk
                         FDRE                                         r  q_iss_ps2_reg[3]_rep__0/C
  -------------------------------------------------------------------    -------------------
                         FDRE (Prop_FDRE_C_Q)         0.077     0.107 r  q_iss_ps2_reg[3]_rep__0/Q
                         net (fo=175, unplaced)       0.247     0.354    eb/lane[0].sh/rf/bank_reg[1][0]_r2_0_63_0_6/ADDRB1
                         RAMD64E (Prop_RAMD64E_RADR1_O)
                                                      0.125     0.479 r  eb/lane[0].sh/rf/bank_reg[1][0]_r2_0_63_0_6/RAMB/O
                         net (fo=1, unplaced)         0.107     0.586    eb/lane[0].sh/rf/r2[65]
                         LUT6 (Prop_LUT6_I0_O)        0.150     0.736 r  eb/lane[0].sh/rf/p_su__4_i_32/O
                         net (fo=3, unplaced)         0.143     0.879    eb/lane[0].sh/rf/p_su__4_i_32_n_0
                         LUT6 (Prop_LUT6_I0_O)        0.053     0.932 r  eb/lane[0].sh/rf/p_su__4_i_16/O
                         net (fo=42, unplaced)        0.252     1.184    eb/lane[0].sh/rf/q_iss_ps2_reg[7]_1
                         LUT3 (Prop_LUT3_I1_O)        0.038     1.222 r  eb/lane[0].sh/rf/wb_val[60]_INST_0_i_22/O
                         net (fo=134, unplaced)       0.278     1.500    eb/lane[0].sh/rf/q_iss_pay_reg[15]
                         LUT5 (Prop_LUT5_I4_O)        0.037     1.537 r  eb/lane[0].sh/rf/wb_val[7]_INST_0_i_34/O
                         net (fo=1, unplaced)         0.023     1.560    eb_n_3150
                         CARRY8 (Prop_CARRY8_S[1]_CO[7])
                                                      0.197     1.757 r  ea/core/wb_val[7]_INST_0_i_17/CO[7]
                         net (fo=1, unplaced)         0.005     1.762    ea/core/wb_val[7]_INST_0_i_17_n_0
                         CARRY8 (Prop_CARRY8_CI_CO[7])
                                                      0.022     1.784 r  ea/core/wb_val[15]_INST_0_i_13/CO[7]
                         net (fo=1, unplaced)         0.005     1.789    ea/core/wb_val[15]_INST_0_i_13_n_0
                         CARRY8 (Prop_CARRY8_CI_CO[7])
                                                      0.022     1.811 r  ea/core/wb_val[23]_INST_0_i_13/CO[7]
                         net (fo=1, unplaced)         0.005     1.816    ea/core/wb_val[23]_INST_0_i_13_n_0
                         CARRY8 (Prop_CARRY8_CI_CO[7])
                                                      0.022     1.838 r  ea/core/wb_val[30]_INST_0_i_33/CO[7]
                         net (fo=1, unplaced)         0.005     1.843    ea/core/wb_val[30]_INST_0_i_33_n_0
                         CARRY8 (Prop_CARRY8_CI_CO[7])
                                                      0.022     1.865 r  ea/core/wb_val[39]_INST_0_i_24/CO[7]
                         net (fo=1, unplaced)         0.005     1.870    ea/core/wb_val[39]_INST_0_i_24_n_0
                         CARRY8 (Prop_CARRY8_CI_CO[7])
                                                      0.022     1.892 r  ea/core/wb_val[47]_INST_0_i_25/CO[7]
                         net (fo=1, unplaced)         0.005     1.897    ea/core/wb_val[47]_INST_0_i_25_n_0
                         CARRY8 (Prop_CARRY8_CI_CO[7])
                                                      0.022     1.919 r  ea/core/wb_val[55]_INST_0_i_24/CO[7]
                         net (fo=1, unplaced)         0.005     1.924    ea/core/wb_val[55]_INST_0_i_24_n_0
                         CARRY8 (Prop_CARRY8_CI_O[7])
                                                      0.116     2.040 r  ea/core/wb_val[63]_INST_0_i_61/O[7]
                         net (fo=2, unplaced)         0.138     2.178    eb/lane[0].sh/rf/O[0]
                         LUT5 (Prop_LUT5_I4_O)        0.038     2.216 r  eb/lane[0].sh/rf/redirect_INST_0_i_28/O
                         net (fo=65, unplaced)        0.213     2.429    fe/u_fetch/redirect_INST_0_i_4_0
                         LUT6 (Prop_LUT6_I0_O)        0.053     2.482 f  fe/u_fetch/redirect_INST_0_i_10/O
                         net (fo=1, unplaced)         0.186     2.668    fe/u_fetch/eb/lane[0].sh/bu/taken__8
                         LUT4 (Prop_LUT4_I0_O)        0.038     2.706 f  fe/u_fetch/redirect_INST_0_i_4/O
                         net (fo=91, unplaced)        0.269     2.975    fe/u_fetch/q_iss_pay_reg[142]_0
                         LUT5 (Prop_LUT5_I2_O)        0.038     3.013 r  fe/u_fetch/redirect_INST_0_i_61/O
                         net (fo=1, unplaced)         0.186     3.199    fe/u_fetch/redirect_INST_0_i_61_n_0
                         LUT6 (Prop_LUT6_I3_O)        0.038     3.237 r  fe/u_fetch/redirect_INST_0_i_31/O
                         net (fo=1, unplaced)         0.186     3.423    fe/u_fetch/redirect_INST_0_i_31_n_0
                         LUT6 (Prop_LUT6_I3_O)        0.038     3.461 r  fe/u_fetch/redirect_INST_0_i_12/O
                         net (fo=1, unplaced)         0.186     3.647    fe/u_fetch/redirect_INST_0_i_12_n_0
                         LUT6 (Prop_LUT6_I3_O)        0.038     3.685 r  fe/u_fetch/redirect_INST_0_i_5/O
                         net (fo=86, unplaced)        0.268     3.953    fe/u_fetch/q_iss_seq_reg[14]
                         LUT4 (Prop_LUT4_I3_O)        0.038     3.991 f  fe/u_fetch/i___61_i_6/O
                         net (fo=2, unplaced)         0.140     4.131    fe/u_fetch/q_iss_seq_reg[10][1]
                         LUT5 (Prop_LUT5_I0_O)        0.090     4.221 r  fe/u_fetch/redirect_INST_0_i_65/O
                         net (fo=1, unplaced)         0.186     4.407    fe/u_fetch/redirect_INST_0_i_65_n_0
                         LUT5 (Prop_LUT5_I2_O)        0.038     4.445 r  fe/u_fetch/redirect_INST_0_i_33/O
                         net (fo=2, unplaced)         0.186     4.631    fe/u_fetch/q_iss_seq_reg[19]
                         LUT6 (Prop_LUT6_I4_O)        0.038     4.669 r  fe/u_fetch/redirect_INST_0_i_16/O
                         net (fo=1, unplaced)         0.186     4.855    fe/u_fetch/redirect_INST_0_i_16_n_0
                         LUT6 (Prop_LUT6_I3_O)        0.038     4.893 r  fe/u_fetch/redirect_INST_0_i_6/O
                         net (fo=72, unplaced)        0.264     5.157    fe/u_fetch/q_iss_seq_reg[22]
                         LUT6 (Prop_LUT6_I1_O)        0.038     5.195 r  fe/u_fetch/redirect_target[63]_INST_0_i_32/O
                         net (fo=2, unplaced)         0.186     5.381    fe/u_fetch/q_iss_seq_reg[23]
                         LUT2 (Prop_LUT2_I1_O)        0.038     5.419 r  fe/u_fetch/redirect_target[63]_INST_0_i_11/O
                         net (fo=2, unplaced)         0.186     5.605    fe/u_fetch/q_iss_seq_reg[31]
                         LUT6 (Prop_LUT6_I5_O)        0.038     5.643 r  fe/u_fetch/redirect_target[63]_INST_0_i_3/O
                         net (fo=72, unplaced)        0.264     5.907    sb/lane[3].sh/seq_q_reg[1]_0
                         LUT5 (Prop_LUT5_I3_O)        0.038     5.945 r  sb/lane[3].sh/seq_q[1]_i_2/O
                         net (fo=59, unplaced)        0.213     6.158    eb/lane[2].sh/dv/FSM_onehot_st_reg[0]_6[0]
                         LUT6 (Prop_LUT6_I2_O)        0.090     6.248 r  eb/lane[2].sh/dv/FSM_onehot_st[2]_i_9__0/O
                         net (fo=1, unplaced)         0.186     6.434    eb/lane[2].sh/dv/FSM_onehot_st[2]_i_9__0_n_0
                         LUT5 (Prop_LUT5_I2_O)        0.038     6.472 r  eb/lane[2].sh/dv/FSM_onehot_st[2]_i_8__1/O
                         net (fo=1, unplaced)         0.186     6.658    eb/lane[2].sh/dv/FSM_onehot_st[2]_i_8__1_n_0
                         LUT5 (Prop_LUT5_I2_O)        0.038     6.696 r  eb/lane[2].sh/dv/FSM_onehot_st[2]_i_4__0/O
                         net (fo=1, unplaced)         0.186     6.882    eb/lane[2].sh/dv/FSM_onehot_st[2]_i_4__0_n_0
                         LUT5 (Prop_LUT5_I4_O)        0.038     6.920 r  eb/lane[2].sh/dv/FSM_onehot_st[2]_i_1__1/O
                         net (fo=9, unplaced)         0.217     7.137    eb/lane[2].sh/dv/dv_abort
                         LUT2 (Prop_LUT2_I1_O)        0.038     7.175 f  eb/lane[2].sh/dv/wb_pr[23]_INST_0_i_1/O
                         net (fo=132, unplaced)       0.278     7.453    eb/lane[2].sh/dv/FSM_onehot_st_reg[2]_0
                         LUT6 (Prop_LUT6_I5_O)        0.038     7.491 f  eb/lane[2].sh/dv/wb_valid[2]_INST_0_i_1/O
                         net (fo=131, unplaced)       0.278     7.769    u_lsu/eb_wb_busy[2]
                         LUT6 (Prop_LUT6_I2_O)        0.038     7.807 f  u_lsu/dmem_raddr[63]_INST_0_i_132/O
                         net (fo=1, unplaced)         0.186     7.993    u_lsu/dmem_raddr[63]_INST_0_i_132_n_0
                         LUT5 (Prop_LUT5_I4_O)        0.038     8.031 f  u_lsu/dmem_raddr[63]_INST_0_i_90/O
                         net (fo=1, unplaced)         0.186     8.217    u_lsu/dmem_raddr[63]_INST_0_i_90_n_0
                         LUT6 (Prop_LUT6_I1_O)        0.038     8.255 f  u_lsu/dmem_raddr[63]_INST_0_i_49/O
                         net (fo=25, unplaced)        0.240     8.495    u_lsu/dmem_raddr[63]_INST_0_i_49_n_0
                         LUT5 (Prop_LUT5_I3_O)        0.070     8.565 f  u_lsu/dmem_raddr[63]_INST_0_i_89/O
                         net (fo=1, unplaced)         0.186     8.751    u_lsu/dmem_raddr[63]_INST_0_i_89_n_0
                         LUT6 (Prop_LUT6_I5_O)        0.038     8.789 r  u_lsu/dmem_raddr[63]_INST_0_i_47/O
                         net (fo=1, unplaced)         0.186     8.975    u_lsu/dmem_raddr[63]_INST_0_i_47_n_0
                         LUT6 (Prop_LUT6_I0_O)        0.038     9.013 r  u_lsu/dmem_raddr[63]_INST_0_i_24/O
                         net (fo=19, unplaced)        0.234     9.247    u_lsu/dmem_raddr[63]_INST_0_i_24_n_0
                         LUT4 (Prop_LUT4_I2_O)        0.038     9.285 r  u_lsu/dmem_raddr[63]_INST_0_i_57/O
                         net (fo=5, unplaced)         0.204     9.489    u_lsu/dmem_raddr[63]_INST_0_i_57_n_0
                         LUT4 (Prop_LUT4_I3_O)        0.070     9.559 r  u_lsu/dmem_raddr[63]_INST_0_i_68/O
                         net (fo=3, unplaced)         0.111     9.670    u_lsu/dmem_raddr[63]_INST_0_i_68_n_0
                         LUT6 (Prop_LUT6_I0_O)        0.150     9.820 r  u_lsu/dmem_raddr[63]_INST_0_i_32/O
                         net (fo=2, unplaced)         0.186    10.006    u_lsu/dmem_raddr[63]_INST_0_i_32_n_0
                         LUT6 (Prop_LUT6_I1_O)        0.038    10.044 r  u_lsu/dmem_raddr[63]_INST_0_i_15/O
                         net (fo=18, unplaced)        0.233    10.277    u_lsu/dmem_raddr[63]_INST_0_i_15_n_0
                         LUT4 (Prop_LUT4_I1_O)        0.070    10.347 f  u_lsu/dmem_raddr[63]_INST_0_i_52/O
                         net (fo=1, unplaced)         0.098    10.445    u_lsu/dmem_raddr[63]_INST_0_i_52_n_0
                         LUT6 (Prop_LUT6_I1_O)        0.125    10.570 r  u_lsu/dmem_raddr[63]_INST_0_i_25/O
                         net (fo=1, unplaced)         0.186    10.756    u_lsu/dmem_raddr[63]_INST_0_i_25_n_0
                         LUT6 (Prop_LUT6_I0_O)        0.038    10.794 r  u_lsu/dmem_raddr[63]_INST_0_i_14/O
                         net (fo=18, unplaced)        0.233    11.027    u_lsu/dmem_raddr[63]_INST_0_i_14_n_0
                         LUT6 (Prop_LUT6_I4_O)        0.038    11.065 f  u_lsu/dmem_raddr[1]_INST_0_i_74/O
                         net (fo=1, unplaced)         0.105    11.170    u_lsu/dmem_raddr[1]_INST_0_i_74_n_0
                         LUT6 (Prop_LUT6_I0_O)        0.150    11.320 r  u_lsu/dmem_raddr[1]_INST_0_i_29/O
                         net (fo=1, unplaced)         0.186    11.506    u_lsu/dmem_raddr[1]_INST_0_i_29_n_0
                         LUT6 (Prop_LUT6_I1_O)        0.038    11.544 r  u_lsu/dmem_raddr[1]_INST_0_i_10/O
                         net (fo=21, unplaced)        0.236    11.780    u_lsu/dmem_raddr[1]_INST_0_i_10_n_0
                         LUT6 (Prop_LUT6_I4_O)        0.038    11.818 f  u_lsu/dmem_raddr[1]_INST_0_i_81/O
                         net (fo=4, unplaced)         0.117    11.935    u_lsu/dmem_raddr[1]_INST_0_i_81_n_0
                         LUT6 (Prop_LUT6_I0_O)        0.150    12.085 r  u_lsu/dmem_raddr[1]_INST_0_i_34/O
                         net (fo=1, unplaced)         0.186    12.271    u_lsu/dmem_raddr[1]_INST_0_i_34_n_0
                         LUT6 (Prop_LUT6_I0_O)        0.038    12.309 r  u_lsu/dmem_raddr[1]_INST_0_i_11/O
                         net (fo=19, unplaced)        0.234    12.543    u_lsu/dmem_raddr[1]_INST_0_i_11_n_0
                         LUT6 (Prop_LUT6_I3_O)        0.038    12.581 r  u_lsu/dmem_raddr[1]_INST_0_i_64/O
                         net (fo=4, unplaced)         0.152    12.733    u_lsu/dmem_raddr[1]_INST_0_i_64_n_0
                         LUT6 (Prop_LUT6_I2_O)        0.090    12.823 r  u_lsu/dmem_raddr[1]_INST_0_i_24/O
                         net (fo=1, unplaced)         0.186    13.009    u_lsu/dmem_raddr[1]_INST_0_i_24_n_0
                         LUT6 (Prop_LUT6_I1_O)        0.038    13.047 r  u_lsu/dmem_raddr[1]_INST_0_i_9/O
                         net (fo=15, unplaced)        0.228    13.275    u_lsu/dmem_raddr[1]_INST_0_i_9_n_0
                         LUT6 (Prop_LUT6_I3_O)        0.038    13.313 r  u_lsu/dmem_raddr[63]_INST_0_i_10/O
                         net (fo=6, unplaced)         0.127    13.440    u_lsu/dmem_raddr[63]_INST_0_i_10_n_0
                         LUT6 (Prop_LUT6_I0_O)        0.150    13.590 r  u_lsu/dmem_raddr[1]_INST_0_i_6/O
                         net (fo=5, unplaced)         0.204    13.794    u_lsu/dmem_raddr[1]_INST_0_i_6_n_0
                         LUT6 (Prop_LUT6_I2_O)        0.038    13.832 f  u_lsu/dmem_raddr[63]_INST_0_i_4/O
                         net (fo=91, unplaced)        0.269    14.101    u_lsu/dmem_raddr[63]_INST_0_i_4_n_0
                         LUT1 (Prop_LUT1_I0_O)        0.038    14.139 r  u_lsu/dmem_raddr[63]_INST_0_i_1/O
                         net (fo=62, unplaced)        0.308    14.447    u_lsu/ld_sel[2]
                         MUXF7 (Prop_MUXF7_S_O)       0.076    14.523 r  u_lsu/dmem_raddr[2]_INST_0/O
                         net (fo=108, unplaced)       0.225    14.748    u_lsu/lq_addr_reg[3][2]_0
                         CARRY8 (Prop_CARRY8_S[1]_CO[7])
                                                      0.197    14.945 r  u_lsu/wb_val[255]_INST_0_i_2284/CO[7]
                         net (fo=1, unplaced)         0.005    14.950    u_lsu/wb_val[255]_INST_0_i_2284_n_0
                         CARRY8 (Prop_CARRY8_CI_CO[7])
                                                      0.022    14.972 r  u_lsu/wb_val[255]_INST_0_i_1814/CO[7]
                         net (fo=1, unplaced)         0.005    14.977    u_lsu/wb_val[255]_INST_0_i_1814_n_0
                         CARRY8 (Prop_CARRY8_CI_CO[7])
                                                      0.022    14.999 r  u_lsu/wb_val[255]_INST_0_i_1813/CO[7]
                         net (fo=1, unplaced)         0.005    15.004    u_lsu/wb_val[255]_INST_0_i_1813_n_0
                         CARRY8 (Prop_CARRY8_CI_CO[7])
                                                      0.022    15.026 r  u_lsu/wb_val[255]_INST_0_i_1254/CO[7]
                         net (fo=1, unplaced)         0.005    15.031    u_lsu/wb_val[255]_INST_0_i_1254_n_0
                         CARRY8 (Prop_CARRY8_CI_CO[7])
                                                      0.022    15.053 r  u_lsu/wb_val[255]_INST_0_i_1253/CO[7]
                         net (fo=1, unplaced)         0.005    15.058    u_lsu/wb_val[255]_INST_0_i_1253_n_0
                         CARRY8 (Prop_CARRY8_CI_CO[7])
                                                      0.022    15.080 r  u_lsu/wb_val[255]_INST_0_i_725/CO[7]
                         net (fo=1, unplaced)         0.005    15.085    u_lsu/wb_val[255]_INST_0_i_725_n_0
                         CARRY8 (Prop_CARRY8_CI_O[0])
                                                      0.056    15.141 f  u_lsu/wb_val[255]_INST_0_i_724/O[0]
                         net (fo=32, unplaced)        0.246    15.387    u_lsu/m_byt559_in[49]
                         LUT4 (Prop_LUT4_I0_O)        0.070    15.457 r  u_lsu/wb_val[255]_INST_0_i_680/O
                         net (fo=1, unplaced)         0.253    15.710    u_lsu/wb_val[255]_INST_0_i_680_n_0
                         CARRY8 (Prop_CARRY8_DI[0]_CO[7])
                                                      0.140    15.850 r  u_lsu/wb_val[255]_INST_0_i_277/CO[7]
                         net (fo=3, unplaced)         0.094    15.944    u_lsu/m_fwd5348_in
                         LUT3 (Prop_LUT3_I0_O)        0.053    15.997 r  u_lsu/wb_val[255]_INST_0_i_113/O
                         net (fo=32, unplaced)        0.246    16.243    u_lsu/wb_val[255]_INST_0_i_113_n_0
                         LUT5 (Prop_LUT5_I4_O)        0.038    16.281 r  u_lsu/wb_val[255]_INST_0_i_2494/O
                         net (fo=1, unplaced)         0.186    16.467    u_lsu/wb_val[255]_INST_0_i_2494_n_0
                         LUT6 (Prop_LUT6_I5_O)        0.038    16.505 f  u_lsu/wb_val[255]_INST_0_i_2285/O
                         net (fo=1, unplaced)         0.186    16.691    u_lsu/wb_val[255]_INST_0_i_2285_n_0
                         LUT6 (Prop_LUT6_I0_O)        0.038    16.729 f  u_lsu/wb_val[255]_INST_0_i_1831/O
                         net (fo=1, unplaced)         0.186    16.915    u_lsu/wb_val[255]_INST_0_i_1831_n_0
                         LUT6 (Prop_LUT6_I0_O)        0.038    16.953 f  u_lsu/wb_val[255]_INST_0_i_1272/O
                         net (fo=1, unplaced)         0.186    17.139    u_lsu/wb_val[255]_INST_0_i_1272_n_0
                         LUT6 (Prop_LUT6_I0_O)        0.038    17.177 f  u_lsu/wb_val[255]_INST_0_i_743/O
                         net (fo=1, unplaced)         0.186    17.363    u_lsu/wb_val[255]_INST_0_i_743_n_0
                         LUT6 (Prop_LUT6_I5_O)        0.038    17.401 r  u_lsu/wb_val[255]_INST_0_i_313/O
                         net (fo=1, unplaced)         0.186    17.587    u_lsu/wb_val[255]_INST_0_i_313_n_0
                         LUT4 (Prop_LUT4_I0_O)        0.070    17.657 r  u_lsu/wb_val[255]_INST_0_i_117/O
                         net (fo=1, unplaced)         0.186    17.843    u_lsu/m_fwd3106_in
                         LUT5 (Prop_LUT5_I4_O)        0.038    17.881 r  u_lsu/wb_val[255]_INST_0_i_36/O
                         net (fo=33, unplaced)        0.246    18.127    u_lsu/wb_val[255]_INST_0_i_36_n_0
                         LUT5 (Prop_LUT5_I2_O)        0.070    18.197 r  u_lsu/wb_val[206]_INST_0_i_706/O
                         net (fo=1, unplaced)         0.186    18.383    u_lsu/wb_val[206]_INST_0_i_706_n_0
                         LUT6 (Prop_LUT6_I5_O)        0.038    18.421 f  u_lsu/wb_val[206]_INST_0_i_460/O
                         net (fo=1, unplaced)         0.186    18.607    u_lsu/wb_val[206]_INST_0_i_460_n_0
                         LUT6 (Prop_LUT6_I4_O)        0.038    18.645 r  u_lsu/wb_val[206]_INST_0_i_208/O
                         net (fo=1, unplaced)         0.186    18.831    u_lsu/wb_val[206]_INST_0_i_208_n_0
                         LUT5 (Prop_LUT5_I2_O)        0.038    18.869 r  u_lsu/wb_val[206]_INST_0_i_57/O
                         net (fo=1, unplaced)         0.186    19.055    u_lsu/m_fwd3109_in
                         LUT5 (Prop_LUT5_I4_O)        0.070    19.125 r  u_lsu/wb_val[206]_INST_0_i_22/O
                         net (fo=24, unplaced)        0.239    19.364    u_lsu/wb_val[206]_INST_0_i_22_n_0
                         LUT6 (Prop_LUT6_I1_O)        0.038    19.402 f  u_lsu/wb_val[206]_INST_0_i_896/O
                         net (fo=3, unplaced)         0.146    19.548    u_lsu/wb_val[206]_INST_0_i_896_n_0
                         LUT6 (Prop_LUT6_I0_O)        0.090    19.638 r  u_lsu/wb_val[206]_INST_0_i_665/O
                         net (fo=1, unplaced)         0.186    19.824    u_lsu/wb_val[206]_INST_0_i_665_n_0
                         LUT5 (Prop_LUT5_I4_O)        0.038    19.862 f  u_lsu/wb_val[206]_INST_0_i_418/O
                         net (fo=1, unplaced)         0.186    20.048    u_lsu/wb_val[206]_INST_0_i_418_n_0
                         LUT6 (Prop_LUT6_I2_O)        0.038    20.086 r  u_lsu/wb_val[206]_INST_0_i_166/O
                         net (fo=1, unplaced)         0.186    20.272    u_lsu/wb_val[206]_INST_0_i_166_n_0
                         LUT5 (Prop_LUT5_I2_O)        0.070    20.342 r  u_lsu/wb_val[206]_INST_0_i_49/O
                         net (fo=1, unplaced)         0.186    20.528    u_lsu/m_fwd3112_in
                         LUT5 (Prop_LUT5_I4_O)        0.038    20.566 r  u_lsu/wb_val[206]_INST_0_i_20/O
                         net (fo=35, unplaced)        0.248    20.814    u_lsu/wb_val[206]_INST_0_i_20_n_0
                         LUT3 (Prop_LUT3_I1_O)        0.038    20.852 r  u_lsu/wb_val[206]_INST_0_i_858/O
                         net (fo=1, unplaced)         0.140    20.992    u_lsu/wb_val[206]_INST_0_i_858_n_0
                         LUT6 (Prop_LUT6_I1_O)        0.090    21.082 f  u_lsu/wb_val[206]_INST_0_i_623/O
                         net (fo=1, unplaced)         0.186    21.268    u_lsu/wb_val[206]_INST_0_i_623_n_0
                         LUT6 (Prop_LUT6_I2_O)        0.038    21.306 f  u_lsu/wb_val[206]_INST_0_i_378/O
                         net (fo=1, unplaced)         0.186    21.492    u_lsu/wb_val[206]_INST_0_i_378_n_0
                         LUT6 (Prop_LUT6_I4_O)        0.038    21.530 r  u_lsu/wb_val[206]_INST_0_i_126/O
                         net (fo=1, unplaced)         0.186    21.716    u_lsu/wb_val[206]_INST_0_i_126_n_0
                         LUT5 (Prop_LUT5_I4_O)        0.038    21.754 r  u_lsu/wb_val[206]_INST_0_i_41/O
                         net (fo=1, unplaced)         0.186    21.940    u_lsu/m_fwd3115_in
                         LUT5 (Prop_LUT5_I4_O)        0.038    21.978 r  u_lsu/wb_val[206]_INST_0_i_18/O
                         net (fo=26, unplaced)        0.241    22.219    u_lsu/wb_val[206]_INST_0_i_18_n_0
                         LUT5 (Prop_LUT5_I1_O)        0.070    22.289 f  u_lsu/wb_val[206]_INST_0_i_819/O
                         net (fo=4, unplaced)         0.198    22.487    u_lsu/wb_val[206]_INST_0_i_819_n_0
                         LUT6 (Prop_LUT6_I4_O)        0.038    22.525 f  u_lsu/wb_val[206]_INST_0_i_820/O
                         net (fo=1, unplaced)         0.186    22.711    u_lsu/wb_val[206]_INST_0_i_820_n_0
                         LUT6 (Prop_LUT6_I2_O)        0.038    22.749 f  u_lsu/wb_val[206]_INST_0_i_573/O
                         net (fo=1, unplaced)         0.186    22.935    u_lsu/wb_val[206]_INST_0_i_573_n_0
                         LUT6 (Prop_LUT6_I4_O)        0.038    22.973 r  u_lsu/wb_val[206]_INST_0_i_321/O
                         net (fo=1, unplaced)         0.186    23.159    u_lsu/wb_val[206]_INST_0_i_321_n_0
                         LUT3 (Prop_LUT3_I0_O)        0.070    23.229 r  u_lsu/wb_val[206]_INST_0_i_73/O
                         net (fo=1, unplaced)         0.186    23.415    u_lsu/m_fwd3118_in
                         LUT5 (Prop_LUT5_I4_O)        0.070    23.485 r  u_lsu/wb_val[206]_INST_0_i_27/O
                         net (fo=28, unplaced)        0.243    23.728    u_lsu/wb_val[206]_INST_0_i_27_n_0
                         LUT3 (Prop_LUT3_I1_O)        0.070    23.798 f  u_lsu/wb_val[206]_INST_0_i_781/O
                         net (fo=2, unplaced)         0.186    23.984    u_lsu/wb_val[206]_INST_0_i_781_n_0
                         LUT6 (Prop_LUT6_I4_O)        0.038    24.022 f  u_lsu/wb_val[206]_INST_0_i_782/O
                         net (fo=1, unplaced)         0.186    24.208    u_lsu/wb_val[206]_INST_0_i_782_n_0
                         LUT6 (Prop_LUT6_I2_O)        0.038    24.246 r  u_lsu/wb_val[206]_INST_0_i_537/O
                         net (fo=1, unplaced)         0.186    24.432    u_lsu/wb_val[206]_INST_0_i_537_n_0
                         LUT6 (Prop_LUT6_I4_O)        0.038    24.470 r  u_lsu/wb_val[206]_INST_0_i_285/O
                         net (fo=1, unplaced)         0.186    24.656    u_lsu/wb_val[206]_INST_0_i_285_n_0
                         LUT5 (Prop_LUT5_I0_O)        0.038    24.694 r  u_lsu/wb_val[206]_INST_0_i_69/O
                         net (fo=1, unplaced)         0.186    24.880    u_lsu/m_fwd3121_in
                         LUT5 (Prop_LUT5_I4_O)        0.038    24.918 r  u_lsu/wb_val[206]_INST_0_i_26/O
                         net (fo=19, unplaced)        0.234    25.152    u_lsu/m_fwd1380_out
                         LUT5 (Prop_LUT5_I1_O)        0.070    25.222 r  u_lsu/wb_val[206]_INST_0_i_709/O
                         net (fo=1, unplaced)         0.141    25.363    u_lsu/wb_val[206]_INST_0_i_709_n_0
                         LUT6 (Prop_LUT6_I0_O)        0.100    25.463 f  u_lsu/wb_val[206]_INST_0_i_466/O
                         net (fo=1, unplaced)         0.186    25.649    u_lsu/wb_val[206]_INST_0_i_466_n_0
                         LUT5 (Prop_LUT5_I4_O)        0.038    25.687 r  u_lsu/wb_val[206]_INST_0_i_216/O
                         net (fo=1, unplaced)         0.186    25.873    u_lsu/wb_val[206]_INST_0_i_216_n_0
                         LUT6 (Prop_LUT6_I5_O)        0.038    25.911 f  u_lsu/wb_val[206]_INST_0_i_64/O
                         net (fo=1, unplaced)         0.186    26.097    u_lsu/m_byt3193_in
                         LUT6 (Prop_LUT6_I2_O)        0.038    26.135 f  u_lsu/wb_val[206]_INST_0_i_25/O
                         net (fo=10, unplaced)        0.219    26.354    u_lsu/wb_val[206]_INST_0_i_25_n_0
                         LUT4 (Prop_LUT4_I2_O)        0.070    26.424 f  u_lsu/wb_val[255]_INST_0_i_34/O
                         net (fo=1, unplaced)         0.186    26.610    u_lsu/wb_val[255]_INST_0_i_34_n_0
                         LUT6 (Prop_LUT6_I1_O)        0.038    26.648 f  u_lsu/wb_val[255]_INST_0_i_13/O
                         net (fo=49, unplaced)        0.255    26.903    u_lsu/wb_val[255]_INST_0_i_13_n_0
                         LUT6 (Prop_LUT6_I0_O)        0.038    26.941 r  u_lsu/wb_val[208]_INST_0_i_2/O
                         net (fo=4, unplaced)         0.198    27.139    eb/lane[2].sh/ea/lsu_ld_wb_val[3]
                         LUT3 (Prop_LUT3_I2_O)        0.070    27.209 r  eb/lane[2].sh/ea/wb_val[144]_INST_0/O
                         net (fo=8, unset)            0.000    27.209    wb_val[144]
                                                                      r  wb_val[144] (OUT)
  -------------------------------------------------------------------    -------------------





--------------------------------------------------------------------------------------
Path Group:  (none)
From Clock:  
  To Clock:  clk

Max Delay          7025 Endpoints
Min Delay             0 Endpoints
--------------------------------------------------------------------------------------


Max Delay Paths
--------------------------------------------------------------------------------------
Slack:                    inf
  Source:                 imem_avail[3]
                            (input port)
  Destination:            fe/u_dr/q_s1_is_slot_reg[3]/D
                            (rising edge-triggered cell FDRE clocked by clk  {rise@0.000ns fall@1.500ns period=3.000ns})
  Path Group:             (none)
  Path Type:              Setup (Max at Slow Process Corner)
  Data Path Delay:        4.167ns  (logic 1.057ns (25.366%)  route 3.110ns (74.634%))
  Logic Levels:           16  (LUT2=1 LUT4=3 LUT6=12)
  Clock Path Skew:        0.021ns (DCD - SCD + CPR)
    Destination Clock Delay (DCD):    0.021ns
    Source Clock Delay      (SCD):    0.000ns
    Clock Pessimism Removal (CPR):    0.000ns
  Clock Uncertainty:      0.025ns  ((TSJ^2 + TIJ^2)^1/2 + DJ) / 2 + PE
    Total System Jitter     (TSJ):    0.050ns
    Total Input Jitter      (TIJ):    0.000ns
    Discrete Jitter          (DJ):    0.000ns
    Phase Error              (PE):    0.000ns

    Location             Delay type                Incr(ns)  Path(ns)    Netlist Resource(s)
  -------------------------------------------------------------------    -------------------
                                                      0.000     0.000 f  imem_avail[3] (IN)
                         net (fo=11, unset)           0.000     0.000    fe/u_dr/imem_avail[3]
                         LUT6 (Prop_LUT6_I0_O)        0.150     0.150 r  fe/u_dr/i___17_i_1/O
                         net (fo=18, unplaced)        0.152     0.302    fe/u_dr/imem_avail[3]_3
                         LUT6 (Prop_LUT6_I0_O)        0.150     0.452 r  fe/u_dr/i__i_5__0/O
                         net (fo=1, unplaced)         0.186     0.638    fe/u_dr/i__i_5__0_n_0
                         LUT6 (Prop_LUT6_I5_O)        0.038     0.676 r  fe/u_dr/i__i_2__0/O
                         net (fo=28, unplaced)        0.243     0.919    fe/u_dr/imem_data_2_sn_1
                         LUT6 (Prop_LUT6_I5_O)        0.038     0.957 r  fe/u_dr/i___10_i_1/O
                         net (fo=45, unplaced)        0.208     1.165    fe/u_dr/imem_avail_0_sn_1
                         LUT6 (Prop_LUT6_I2_O)        0.100     1.265 r  fe/u_dr/i__i_15/O
                         net (fo=118, unplaced)       0.229     1.494    fe/u_fetch/q_rs2_v_reg[2][2]
                         LUT6 (Prop_LUT6_I2_O)        0.090     1.584 r  fe/u_fetch/i__i_5/O
                         net (fo=31, unplaced)        0.245     1.829    fe/u_fetch/imem_avail_3_sn_1
                         LUT6 (Prop_LUT6_I2_O)        0.038     1.867 f  fe/u_fetch/i___4_i_1/O
                         net (fo=36, unplaced)        0.248     2.115    fe/u_fetch/valid6[2]
                         LUT4 (Prop_LUT4_I2_O)        0.070     2.185 r  fe/u_fetch/i__i_7/O
                         net (fo=1, unplaced)         0.137     2.322    fe/u_fetch/i__i_7_n_0
                         LUT6 (Prop_LUT6_I3_O)        0.053     2.375 f  fe/u_fetch/i__i_1/O
                         net (fo=6, unplaced)         0.208     2.583    fe/u_fetch/i__i_1_n_0
                         LUT4 (Prop_LUT4_I3_O)        0.038     2.621 f  fe/u_fetch/i___2_i_2/O
                         net (fo=25, unplaced)        0.240     2.861    fe/u_fetch/i___2_i_2_n_0
                         LUT2 (Prop_LUT2_I0_O)        0.070     2.931 r  fe/u_fetch/q_rs2_v[3]_i_6/O
                         net (fo=5, unplaced)         0.204     3.135    fe/u_fetch/q_rs2_v[3]_i_6_n_0
                         LUT6 (Prop_LUT6_I5_O)        0.038     3.173 r  fe/u_fetch/dec/lane[3].ds/i_/q_rs1_v[3]_i_10/O
                         net (fo=1, unplaced)         0.186     3.359    fe/u_fetch/dec/lane[3].ds/i_/q_rs1_v[3]_i_10_n_0
                         LUT6 (Prop_LUT6_I5_O)        0.038     3.397 r  fe/u_fetch/q_rs1_v[3]_i_2/O
                         net (fo=1, unplaced)         0.186     3.583    fe/u_fetch/q_rs1_v[3]_i_2_n_0
                         LUT6 (Prop_LUT6_I0_O)        0.038     3.621 r  fe/u_fetch/dec/lane[3].ds/i_/q_rs1_v[3]_i_1/O
                         net (fo=4, unplaced)         0.198     3.819    fe/u_dr/dec/lane[2].ds/q_s1_slot_reg[7][0]
                         LUT4 (Prop_LUT4_I0_O)        0.070     3.889 r  fe/u_dr/dec/lane[2].ds/q_s1_slot[7]_i_1/O
                         net (fo=3, unplaced)         0.192     4.081    fe/u_fetch/q_s1_slot_reg[6][0]
                         LUT6 (Prop_LUT6_I4_O)        0.038     4.119 r  fe/u_fetch/q_s1_is_slot[3]_i_1/O
                         net (fo=1, unplaced)         0.048     4.167    fe/u_dr/q_s1_is_slot_reg[3]_6[1]
                         FDRE                                         r  fe/u_dr/q_s1_is_slot_reg[3]/D
  -------------------------------------------------------------------    -------------------

                         (clock clk rise edge)        0.000     0.000 r  
                                                      0.000     0.000 r  clk (IN)
                         net (fo=16417, unset)        0.021     0.021    fe/u_dr/clk
                         FDRE                                         r  fe/u_dr/q_s1_is_slot_reg[3]/C





