Copyright 1986-2022 Xilinx, Inc. All Rights Reserved. Copyright 2022-2025 Advanced Micro Devices, Inc. All Rights Reserved.
-------------------------------------------------------------------------------------------------------------------------------------------------
| Tool Version     : Vivado v.2025.1 (lin64) Build 6140274 Wed May 21 22:58:25 MDT 2025
| Date             : Fri Aug 14 05:24:40 2026
| Host             : coffee running 64-bit Ubuntu 26.04 LTS
| Command          : report_power -file rk_xcku5p_power_routed.rpt -pb rk_xcku5p_power_summary_routed.pb -rpx rk_xcku5p_power_routed.rpx
| Design           : rk_xcku5p
| Device           : xcku5p-ffvb676-2-i
| Design State     : routed
| Grade            : industrial
| Process          : typical
| Characterization : Production
-------------------------------------------------------------------------------------------------------------------------------------------------

Power Report

Table of Contents
-----------------
1. Summary
1.1 On-Chip Components
1.2 Power Supply Summary
1.3 Confidence Level
2. Settings
2.1 Environment
2.2 Clock Constraints
3. Detailed Reports
3.1 By Hierarchy

1. Summary
----------

+--------------------------+--------------+
| Total On-Chip Power (W)  | 1.853        |
| Design Power Budget (W)  | Unspecified* |
| Power Budget Margin (W)  | NA           |
| Dynamic (W)              | 1.368        |
| Device Static (W)        | 0.485        |
| Effective TJA (C/W)      | 1.7          |
| Max Ambient (C)          | 96.8         |
| Junction Temperature (C) | 28.2         |
| Confidence Level         | Low          |
| Setting File             | ---          |
| Simulation Activity File | ---          |
| Design Nets Matched      | NA           |
+--------------------------+--------------+
* Specify Design Power Budget using, set_operating_conditions -design_power_budget <value in Watts>


1.1 On-Chip Components
----------------------

+--------------------------+-----------+----------+-----------+-----------------+
| On-Chip                  | Power (W) | Used     | Available | Utilization (%) |
+--------------------------+-----------+----------+-----------+-----------------+
| Clocks                   |     0.301 |       15 |       --- |             --- |
| CLB Logic                |     0.093 |   123384 |       --- |             --- |
|   LUT as Logic           |     0.064 |    51937 |    216960 |           23.94 |
|   LUT as Distributed RAM |     0.021 |     9964 |     99840 |            9.98 |
|   CARRY8                 |     0.004 |     1145 |     27120 |            4.22 |
|   Register               |     0.002 |    45168 |    433920 |           10.41 |
|   LUT as Shift Register  |     0.002 |      389 |     99840 |            0.39 |
|   Others                 |    <0.001 |     1125 |       --- |             --- |
|   BUFG                   |    <0.001 |        3 |        32 |            9.38 |
|   F7/F8 Muxes            |     0.000 |     4438 |    216960 |            2.05 |
| Signals                  |     0.096 |   109630 |       --- |             --- |
| Block RAM                |     0.115 |      144 |       480 |           30.00 |
| MMCM                     |     0.189 |        0 |       --- |             --- |
| PLL                      |     0.124 |        2 |       --- |             --- |
| DSPs                     |     0.008 |       28 |      1824 |            1.54 |
| I/O                      |     0.443 |      100 |       280 |           35.71 |
| Static Power             |     0.485 |          |           |                 |
| Total                    |     1.853 |          |           |                 |
+--------------------------+-----------+----------+-----------+-----------------+


1.2 Power Supply Summary
------------------------

+------------------+-------------+-----------+-------------+------------+-------------+-------------+------------+
| Source           | Voltage (V) | Total (A) | Dynamic (A) | Static (A) | Powerup (A) | Budget (A)  | Margin (A) |
+------------------+-------------+-----------+-------------+------------+-------------+-------------+------------+
| Vccint           |       0.850 |     0.875 |       0.723 |      0.152 |       NA    | Unspecified | NA         |
| Vccint_io        |       0.850 |     0.283 |       0.247 |      0.036 |       NA    | Unspecified | NA         |
| Vccbram          |       0.850 |     0.007 |       0.005 |      0.002 |       NA    | Unspecified | NA         |
| Vccaux           |       1.800 |     0.298 |       0.171 |      0.128 |       NA    | Unspecified | NA         |
| Vccaux_io        |       1.800 |     0.118 |       0.087 |      0.031 |       NA    | Unspecified | NA         |
| Vcco33           |       3.300 |     0.008 |       0.001 |      0.007 |       NA    | Unspecified | NA         |
| Vcco25           |       2.500 |     0.000 |       0.000 |      0.000 |       NA    | Unspecified | NA         |
| Vcco18           |       1.800 |     0.003 |       0.003 |      0.000 |       NA    | Unspecified | NA         |
| Vcco15           |       1.500 |     0.000 |       0.000 |      0.000 |       NA    | Unspecified | NA         |
| Vcco135          |       1.350 |     0.000 |       0.000 |      0.000 |       NA    | Unspecified | NA         |
| Vcco12           |       1.200 |     0.054 |       0.054 |      0.000 |       NA    | Unspecified | NA         |
| Vcco10           |       1.000 |     0.000 |       0.000 |      0.000 |       NA    | Unspecified | NA         |
| Vccadc           |       1.800 |     0.008 |       0.000 |      0.008 |       NA    | Unspecified | NA         |
| VMGTAVCC (GTY)   |       0.900 |     0.000 |       0.000 |      0.000 |       NA    | Unspecified | NA         |
| VMGTAVTT (GTY)   |       1.200 |     0.000 |       0.000 |      0.000 |       NA    | Unspecified | NA         |
| VMGTVCCAUX (GTY) |       1.800 |     0.000 |       0.000 |      0.000 |       NA    | Unspecified | NA         |
+------------------+-------------+-----------+-------------+------------+-------------+-------------+------------+


1.3 Confidence Level
--------------------

+-----------------------------+------------+--------------------------------------------------------+------------------------------------------------------------------------------------------------------------+
| User Input Data             | Confidence | Details                                                | Action                                                                                                     |
+-----------------------------+------------+--------------------------------------------------------+------------------------------------------------------------------------------------------------------------+
| Design implementation state | High       | Design is routed                                       |                                                                                                            |
| Clock nodes activity        | High       | User specified more than 95% of clocks                 |                                                                                                            |
| I/O nodes activity          | Low        | More than 75% of inputs are missing user specification | Provide missing input activity with simulation results or by editing the "By Resource Type -> I/Os" view   |
| Internal nodes activity     | Medium     | User specified less than 25% of internal nodes         | Provide missing internal nodes activity with simulation results or by editing the "By Resource Type" views |
| Device models               | High       | Device models are Production                           |                                                                                                            |
|                             |            |                                                        |                                                                                                            |
| Overall confidence level    | Low        |                                                        |                                                                                                            |
+-----------------------------+------------+--------------------------------------------------------+------------------------------------------------------------------------------------------------------------+


2. Settings
-----------

2.1 Environment
---------------

+-----------------------+--------------------------+
| Ambient Temp (C)      | 25.0                     |
| ThetaJA (C/W)         | 1.7                      |
| Airflow (LFM)         | 250                      |
| Heat Sink             | medium (Medium Profile)  |
| ThetaSA (C/W)         | 2.8                      |
| Board Selection       | medium (10"x10")         |
| # of Board Layers     | 12to15 (12 to 15 Layers) |
| Board Temperature (C) | 25.0                     |
+-----------------------+--------------------------+


2.2 Clock Constraints
---------------------

+-----------------------------------------------------------------------------------------------------+----------------------------------------------------------------------------------------------------------------------------------------------------------------------------------------------------+-----------------+
| Clock                                                                                               | Domain                                                                                                                                                                                             | Constraint (ns) |
+-----------------------------------------------------------------------------------------------------+----------------------------------------------------------------------------------------------------------------------------------------------------------------------------------------------------+-----------------+
| clk0                                                                                                | gmii_to_rgmii_inst/u_rgmii_rx/clk0                                                                                                                                                                 |             8.0 |
| clkfb                                                                                               | gmii_to_rgmii_inst/u_rgmii_rx/clkfb                                                                                                                                                                |             8.0 |
| dbg_hub/inst/BSCANID.u_xsdbm_id/SWITCH_N_EXT_BSCAN.bscan_inst/SERIES7_BSCAN.bscan_inst/INTERNAL_TCK | dbg_hub/inst/BSCANID.u_xsdbm_id/SWITCH_N_EXT_BSCAN.bscan_inst/DRCK                                                                                                                                 |            50.0 |
| eth_rxc                                                                                             | eth_rxc                                                                                                                                                                                            |             8.0 |
| mmcm_clkout0                                                                                        | u_ddr4_0/inst/u_ddr4_infrastructure/mmcm_clkout0                                                                                                                                                   |             3.0 |
| mmcm_clkout5                                                                                        | u_ddr4_0/inst/u_ddr4_infrastructure/mmcm_clkout5                                                                                                                                                   |            12.0 |
| mmcm_clkout6                                                                                        | u_ddr4_0/inst/u_ddr4_infrastructure/mmcm_clkout6                                                                                                                                                   |             6.0 |
| pll_clk[0]                                                                                          | u_ddr4_0/inst/u_ddr4_mem_intfc/u_mig_ddr4_phy/inst/u_ddr4_phy_pll/pll_clk[0]                                                                                                                       |             0.4 |
| pll_clk[0]_DIV                                                                                      | u_ddr4_0/inst/u_ddr4_mem_intfc/u_mig_ddr4_phy/inst/generate_block1.u_ddr_xiphy/byte_num[0].xiphy_byte_wrapper.u_xiphy_byte_wrapper/I_CONTROL[0].GEN_I_CONTROL.u_xiphy_control/TX_BIT_CTRL_OUT0[26] |             3.0 |
| pll_clk[1]                                                                                          | u_ddr4_0/inst/u_ddr4_mem_intfc/u_mig_ddr4_phy/inst/u_ddr4_phy_pll/pll_clk[1]                                                                                                                       |             0.4 |
| pll_clk[1]_DIV                                                                                      | u_ddr4_0/inst/u_ddr4_mem_intfc/u_mig_ddr4_phy/inst/generate_block1.u_ddr_xiphy/byte_num[5].xiphy_byte_wrapper.u_xiphy_byte_wrapper/I_CONTROL[0].GEN_I_CONTROL.u_xiphy_control/TX_BIT_CTRL_OUT0[26] |             3.0 |
| probe_clk                                                                                           | probe_clk                                                                                                                                                                                          |             9.0 |
| sys_clk_p                                                                                           | sys_clk_p                                                                                                                                                                                          |             5.0 |
+-----------------------------------------------------------------------------------------------------+----------------------------------------------------------------------------------------------------------------------------------------------------------------------------------------------------+-----------------+


3. Detailed Reports
-------------------

3.1 By Hierarchy
----------------

+-----------------------------+-----------+
| Name                        | Power (W) |
+-----------------------------+-----------+
| rk_xcku5p                   |     1.368 |
|   dbg_hub                   |     0.004 |
|     inst                    |     0.004 |
|       BSCANID.u_xsdbm_id    |     0.004 |
|   eth_rx_engine_inst        |     0.004 |
|   eth_tx_engine_inst        |     0.003 |
|     u_tx                    |     0.001 |
|   gmii_to_rgmii_inst        |     0.103 |
|     u_rgmii_rx              |     0.102 |
|   mmio_clock_bridge_inst    |     0.005 |
|     mmio_cmd_fifo           |     0.003 |
|       xpm_fifo_async_inst   |     0.003 |
|     mmio_rsp_fifo           |     0.001 |
|       xpm_fifo_async_inst   |     0.001 |
|   probe_bridge              |     0.011 |
|   probe_cdc                 |     0.017 |
|   probe_core                |     0.272 |
|     core                    |     0.129 |
|       fe                    |     0.046 |
|       u_csr                 |     0.022 |
|       u_div                 |     0.002 |
|       u_fpu                 |     0.030 |
|       u_immu                |     0.001 |
|       u_lsu                 |     0.015 |
|       u_mul                 |     0.009 |
|       u_rf                  |     0.002 |
|       u_x                   |     0.002 |
|     u_arb                   |     0.003 |
|     u_dcache                |     0.065 |
|       banks[0].u_bank       |     0.011 |
|       banks[1].u_bank       |     0.011 |
|       banks[2].u_bank       |     0.012 |
|       banks[3].u_bank       |     0.012 |
|     u_ddr_hpm               |     0.004 |
|     u_icache                |     0.048 |
|       banks[0].u_bank       |     0.010 |
|       banks[1].u_bank       |     0.010 |
|       banks[2].u_bank       |     0.009 |
|       banks[3].u_bank       |     0.009 |
|   sd_d_iobufs[3].sd_d_iobuf |     0.003 |
|   u_ddr4_0                  |     0.881 |
|     inst                    |     0.881 |
|       u_ddr4_infrastructure |     0.093 |
|       u_ddr4_mem_intfc      |     0.755 |
|       u_ddr_axi             |     0.033 |
|   virtio_blk_backend        |     0.016 |
|     dma_master              |     0.002 |
|     sd                      |     0.007 |
|   virtio_blk_inst           |     0.004 |
|   virtio_net_backend        |     0.016 |
|     dma_master              |     0.002 |
|   virtio_net_inst           |     0.006 |
+-----------------------------+-----------+


