Copyright 1986-2022 Xilinx, Inc. All Rights Reserved. Copyright 2022-2025 Advanced Micro Devices, Inc. All Rights Reserved.
---------------------------------------------------------------------------------------------------------------------------------------------
| Tool Version : Vivado v.2025.1 (lin64) Build 6140274 Wed May 21 22:58:25 MDT 2025
| Date         : Tue Aug 25 17:15:21 2026
| Host         : coffee running 64-bit Ubuntu 26.04 LTS
| Command      : report_utilization -file rk_xcku5p_utilization_placed.rpt -pb rk_xcku5p_utilization_placed.pb
| Design       : rk_xcku5p
| Device       : xcku5p-ffvb676-2-i
| Speed File   : -2
| Design State : Fully Placed
---------------------------------------------------------------------------------------------------------------------------------------------

Utilization Design Information

Table of Contents
-----------------
1. CLB Logic
1.1 Summary of Registers by Type
2. CLB Logic Distribution
3. BLOCKRAM
4. ARITHMETIC
5. I/O
6. CLOCK
7. ADVANCED
8. CONFIGURATION
9. Primitives
10. Black Boxes
11. Instantiated Netlists

1. CLB Logic
------------

+----------------------------+-------+-------+------------+-----------+-------+
|          Site Type         |  Used | Fixed | Prohibited | Available | Util% |
+----------------------------+-------+-------+------------+-----------+-------+
| CLB LUTs                   | 63124 |     0 |          0 |    216960 | 29.09 |
|   LUT as Logic             | 56123 |     0 |          0 |    216960 | 25.87 |
|   LUT as Memory            |  7001 |     0 |          0 |     99840 |  7.01 |
|     LUT as Distributed RAM |  6612 |     0 |            |           |       |
|     LUT as Shift Register  |   389 |     0 |            |           |       |
| CLB Registers              | 46239 |     2 |          0 |    433920 | 10.66 |
|   Register as Flip Flop    | 46238 |     2 |          0 |    433920 | 10.66 |
|   Register as Latch        |     0 |     0 |          0 |    433920 |  0.00 |
|   Register as AND/OR       |     1 |     0 |          0 |    433920 | <0.01 |
| CARRY8                     |  1217 |     0 |          0 |     27120 |  4.49 |
| F7 Muxes                   |  2795 |     0 |          0 |    108480 |  2.58 |
| F8 Muxes                   |   925 |     0 |          0 |     54240 |  1.71 |
| F9 Muxes                   |     2 |     0 |          0 |     27120 | <0.01 |
+----------------------------+-------+-------+------------+-----------+-------+
* Warning! LUT value is adjusted to account for LUT combining.


1.1 Summary of Registers by Type
--------------------------------

+-------+--------------+-------------+--------------+
| Total | Clock Enable | Synchronous | Asynchronous |
+-------+--------------+-------------+--------------+
| 1     |            _ |           - |            - |
| 0     |            _ |           - |          Set |
| 0     |            _ |           - |        Reset |
| 0     |            _ |         Set |            - |
| 0     |            _ |       Reset |            - |
| 0     |          Yes |           - |            - |
| 179   |          Yes |           - |          Set |
| 3943  |          Yes |           - |        Reset |
| 2090  |          Yes |         Set |            - |
| 40026 |          Yes |       Reset |            - |
+-------+--------------+-------------+--------------+


2. CLB Logic Distribution
-------------------------

+--------------------------------------------+-------+-------+------------+-----------+-------+
|                  Site Type                 |  Used | Fixed | Prohibited | Available | Util% |
+--------------------------------------------+-------+-------+------------+-----------+-------+
| CLB                                        | 12063 |     0 |          0 |     27120 | 44.48 |
|   CLBL                                     |  6486 |     0 |            |           |       |
|   CLBM                                     |  5577 |     0 |            |           |       |
| LUT as Logic                               | 56123 |     0 |          0 |    216960 | 25.87 |
|   using O5 output only                     |   471 |       |            |           |       |
|   using O6 output only                     | 47175 |       |            |           |       |
|   using O5 and O6                          |  8477 |       |            |           |       |
| LUT as Memory                              |  7001 |     0 |          0 |     99840 |  7.01 |
|   LUT as Distributed RAM                   |  6612 |     0 |            |           |       |
|     using O5 output only                   |     0 |       |            |           |       |
|     using O6 output only                   |  5822 |       |            |           |       |
|     using O5 and O6                        |   790 |       |            |           |       |
|   LUT as Shift Register                    |   389 |     0 |            |           |       |
|     using O5 output only                   |     0 |       |            |           |       |
|     using O6 output only                   |   354 |       |            |           |       |
|     using O5 and O6                        |    35 |       |            |           |       |
| CLB Registers                              | 46239 |     0 |          0 |    433920 | 10.66 |
|   Register driven from within the CLB      | 24661 |       |            |           |       |
|   Register driven from outside the CLB     | 21578 |       |            |           |       |
|     LUT in front of the register is unused | 12311 |       |            |           |       |
|     LUT in front of the register is used   |  9267 |       |            |           |       |
| Unique Control Sets                        |  1113 |       |          0 |     54240 |  2.05 |
+--------------------------------------------+-------+-------+------------+-----------+-------+
* * Note: Available Control Sets calculated as Slices * 2, Review the Control Sets Report for more information regarding control sets.


3. BLOCKRAM
-----------

+-------------------+-------+-------+------------+-----------+-------+
|     Site Type     |  Used | Fixed | Prohibited | Available | Util% |
+-------------------+-------+-------+------------+-----------+-------+
| Block RAM Tile    | 117.5 |     0 |          0 |       480 | 24.48 |
|   RAMB36/FIFO*    |   116 |     0 |          0 |       480 | 24.17 |
|     RAMB36E2 only |   116 |       |            |           |       |
|   RAMB18          |     3 |     0 |          0 |       960 |  0.31 |
|     RAMB18E2 only |     3 |       |            |           |       |
| URAM              |     0 |     0 |          0 |        64 |  0.00 |
+-------------------+-------+-------+------------+-----------+-------+
* Note: Each Block RAM Tile only has one FIFO logic available and therefore can accommodate only one FIFO36E2 or one FIFO18E2. However, if a FIFO18E2 occupies a Block RAM Tile, that tile can still accommodate a RAMB18E2


4. ARITHMETIC
-------------

+----------------+------+-------+------------+-----------+-------+
|    Site Type   | Used | Fixed | Prohibited | Available | Util% |
+----------------+------+-------+------------+-----------+-------+
| DSPs           |   28 |     0 |          0 |      1824 |  1.54 |
|   DSP48E2 only |   28 |       |            |           |       |
+----------------+------+-------+------------+-----------+-------+


5. I/O
------

+------------------+------+-------+------------+-----------+-------+
|     Site Type    | Used | Fixed | Prohibited | Available | Util% |
+------------------+------+-------+------------+-----------+-------+
| Bonded IOB       |  100 |   100 |          0 |       280 | 35.71 |
|   HPIOB_M        |   44 |    44 |          0 |        96 | 45.83 |
|     INPUT        |    4 |       |            |           |       |
|     OUTPUT       |   16 |       |            |           |       |
|     BIDIR        |   24 |       |            |           |       |
|   HPIOB_S        |   41 |    41 |          0 |        96 | 42.71 |
|     INPUT        |    4 |       |            |           |       |
|     OUTPUT       |   17 |       |            |           |       |
|     BIDIR        |   20 |       |            |           |       |
|   HDIOB_M        |    7 |     7 |          0 |        36 | 19.44 |
|     INPUT        |    2 |       |            |           |       |
|     OUTPUT       |    3 |       |            |           |       |
|     BIDIR        |    2 |       |            |           |       |
|   HDIOB_S        |    8 |     8 |          0 |        36 | 22.22 |
|     INPUT        |    2 |       |            |           |       |
|     OUTPUT       |    4 |       |            |           |       |
|     BIDIR        |    2 |       |            |           |       |
|   HPIOB_SNGL     |    0 |     0 |          0 |        16 |  0.00 |
| HPIOBDIFFINBUF   |    5 |     5 |          0 |        96 |  5.21 |
|   DIFFINBUF      |    5 |     5 |            |           |       |
| HPIOBDIFFOUTBUF  |    0 |     0 |          0 |        96 |  0.00 |
| HDIOBDIFFINBUF   |    0 |     0 |          0 |        48 |  0.00 |
| BITSLICE_CONTROL |   14 |     0 |          0 |        32 | 43.75 |
| BITSLICE_RX_TX   |   75 |    75 |          0 |      1248 |  6.01 |
|   RXTX_BITSLICE  |   65 |    65 |            |           |       |
|   OSERDES        |    5 |     5 |            |           |       |
|   IDDR           |    5 |     5 |            |           |       |
| BITSLICE_TX      |   14 |     0 |          0 |        32 | 43.75 |
| RIU_OR           |    7 |     0 |          0 |        16 | 43.75 |
+------------------+------+-------+------------+-----------+-------+


6. CLOCK
--------

+------------+------+-------+------------+-----------+-------+
|  Site Type | Used | Fixed | Prohibited | Available | Util% |
+------------+------+-------+------------+-----------+-------+
| BUFGCE     |   10 |     0 |          0 |       112 |  8.93 |
| BUFGCE_DIV |    1 |     0 |          0 |        16 |  6.25 |
| BUFG_GT    |    0 |     0 |          0 |        96 |  0.00 |
| BUFGCTRL*  |    0 |     0 |          0 |        32 |  0.00 |
| PLL        |    2 |     0 |          0 |         8 | 25.00 |
| MMCM       |    2 |     1 |          0 |         4 | 50.00 |
+------------+------+-------+------------+-----------+-------+
* Note: Each used BUFGCTRL counts as two GLOBAL CLOCK BUFFERs. This table does not include global clocking resources, only buffer cell usage. See the Clock Utilization Report (report_clock_utilization) for detailed accounting of global clocking resource availability.


7. ADVANCED
-----------

+-----------------+------+-------+------------+-----------+-------+
|    Site Type    | Used | Fixed | Prohibited | Available | Util% |
+-----------------+------+-------+------------+-----------+-------+
| CMACE4          |    0 |     0 |          0 |         1 |  0.00 |
| GTYE4_CHANNEL   |    0 |     0 |          0 |        16 |  0.00 |
| GTYE4_COMMON    |    0 |     0 |          0 |         4 |  0.00 |
| OBUFDS_GTE4     |    0 |     0 |          0 |         8 |  0.00 |
| OBUFDS_GTE4_ADV |    0 |     0 |          0 |         8 |  0.00 |
| PCIE40E4        |    0 |     0 |          0 |         1 |  0.00 |
| SYSMONE4        |    0 |     0 |          0 |         1 |  0.00 |
+-----------------+------+-------+------------+-----------+-------+


8. CONFIGURATION
----------------

+-------------+------+-------+------------+-----------+-------+
|  Site Type  | Used | Fixed | Prohibited | Available | Util% |
+-------------+------+-------+------------+-----------+-------+
| BSCANE2     |    1 |     0 |          0 |         4 | 25.00 |
| DNA_PORTE2  |    0 |     0 |          0 |         1 |  0.00 |
| EFUSE_USR   |    0 |     0 |          0 |         1 |  0.00 |
| FRAME_ECCE4 |    0 |     0 |          0 |         1 |  0.00 |
| ICAPE3      |    0 |     0 |          0 |         2 |  0.00 |
| MASTER_JTAG |    0 |     0 |          0 |         1 |  0.00 |
| STARTUPE3   |    0 |     0 |          0 |         1 |  0.00 |
+-------------+------+-------+------------+-----------+-------+


9. Primitives
-------------

+------------------+-------+---------------------+
|     Ref Name     |  Used | Functional Category |
+------------------+-------+---------------------+
| FDRE             | 40026 |            Register |
| LUT6             | 28387 |                 CLB |
| LUT3             | 12138 |                 CLB |
| LUT5             |  9563 |                 CLB |
| LUT4             |  8967 |                 CLB |
| RAMD64E          |  5802 |                 CLB |
| LUT2             |  4582 |                 CLB |
| FDCE             |  3943 |            Register |
| MUXF7            |  2795 |                 CLB |
| FDSE             |  2090 |            Register |
| RAMD32           |  1276 |                 CLB |
| CARRY8           |  1217 |                 CLB |
| LUT1             |   963 |                 CLB |
| MUXF8            |   925 |                 CLB |
| SRLC32E          |   336 |                 CLB |
| RAMS32           |   308 |                 CLB |
| FDPE             |   179 |            Register |
| RAMB36E2         |   116 |            BLOCKRAM |
| SRL16E           |    88 |                 CLB |
| RXTX_BITSLICE    |    65 |                 I/O |
| IBUFCTRL         |    55 |              Others |
| INBUF            |    50 |                 I/O |
| OBUF             |    40 |                 I/O |
| OBUFT_DCIEN      |    36 |                 I/O |
| DSP48E2          |    28 |          Arithmetic |
| RAMS64E1         |    16 |                 CLB |
| TX_BITSLICE_TRI  |    14 |                 I/O |
| BITSLICE_CONTROL |    14 |                 I/O |
| OBUFT            |    12 |                 I/O |
| BUFGCE           |    10 |               Clock |
| RIU_OR           |     7 |                 I/O |
| OSERDESE3        |     5 |                 I/O |
| INV              |     5 |                 CLB |
| IDDRE1           |     5 |            Register |
| DIFFINBUF        |     5 |                 I/O |
| HPIO_VREF        |     4 |                 I/O |
| RAMB18E2         |     3 |            BLOCKRAM |
| PLLE4_ADV        |     2 |               Clock |
| MUXF9            |     2 |                 CLB |
| MMCME4_ADV       |     2 |               Clock |
| BUFGCE_DIV       |     1 |               Clock |
| BSCANE2          |     1 |       Configuration |
| AND2B1L          |     1 |              Others |
+------------------+-------+---------------------+


10. Black Boxes
---------------

+----------+------+
| Ref Name | Used |
+----------+------+


11. Instantiated Netlists
-------------------------

+------------+------+
|  Ref Name  | Used |
+------------+------+
| ddr4_0_phy |    1 |
| ddr4_0     |    1 |
| dbg_hub    |    1 |
+------------+------+


