Copyright 1986-2022 Xilinx, Inc. All Rights Reserved. Copyright 2022-2025 Advanced Micro Devices, Inc. All Rights Reserved.
---------------------------------------------------------------------------------------------------------------------------------------------
| Tool Version : Vivado v.2025.1 (lin64) Build 6140274 Wed May 21 22:58:25 MDT 2025
| Date         : Tue Aug 25 17:10:32 2026
| Host         : coffee running 64-bit Ubuntu 26.04 LTS
| Command      : report_utilization -file rk_xcku5p_utilization_synth.rpt -pb rk_xcku5p_utilization_synth.pb
| Design       : rk_xcku5p
| Device       : xcku5p-ffvb676-2-i
| Speed File   : -2
| Design State : Synthesized
---------------------------------------------------------------------------------------------------------------------------------------------

Utilization Design Information

Table of Contents
-----------------
1. CLB Logic
1.1 Summary of Registers by Type
2. BLOCKRAM
3. ARITHMETIC
4. I/O
5. CLOCK
6. ADVANCED
7. CONFIGURATION
8. Primitives
9. Black Boxes
10. Instantiated Netlists

1. CLB Logic
------------

+----------------------------+-------+-------+------------+-----------+-------+
|          Site Type         |  Used | Fixed | Prohibited | Available | Util% |
+----------------------------+-------+-------+------------+-----------+-------+
| CLB LUTs*                  | 51207 |     0 |          0 |    216960 | 23.60 |
|   LUT as Logic             | 45061 |     0 |          0 |    216960 | 20.77 |
|   LUT as Memory            |  6146 |     0 |          0 |     99840 |  6.16 |
|     LUT as Distributed RAM |  6146 |     0 |            |           |       |
|     LUT as Shift Register  |     0 |     0 |            |           |       |
| CLB Registers              | 31393 |     0 |          0 |    433920 |  7.23 |
|   Register as Flip Flop    | 31393 |     0 |          0 |    433920 |  7.23 |
|   Register as Latch        |     0 |     0 |          0 |    433920 |  0.00 |
| CARRY8                     |  1154 |     0 |          0 |     27120 |  4.26 |
| F7 Muxes                   |  2590 |     0 |          0 |    108480 |  2.39 |
| F8 Muxes                   |   925 |     0 |          0 |     54240 |  1.71 |
| F9 Muxes                   |     2 |     0 |          0 |     27120 | <0.01 |
+----------------------------+-------+-------+------------+-----------+-------+
* Warning! The Final LUT count, after physical optimizations and full implementation, is typically lower. Run opt_design after synthesis, if not already completed, for a more realistic count.
Warning! LUT value is adjusted to account for LUT combining.
Warning! For any ECO changes, please run place_design if there are unplaced instances


1.1 Summary of Registers by Type
--------------------------------

+-------+--------------+-------------+--------------+
| Total | Clock Enable | Synchronous | Asynchronous |
+-------+--------------+-------------+--------------+
| 0     |            _ |           - |            - |
| 0     |            _ |           - |          Set |
| 0     |            _ |           - |        Reset |
| 0     |            _ |         Set |            - |
| 0     |            _ |       Reset |            - |
| 0     |          Yes |           - |            - |
| 136   |          Yes |           - |          Set |
| 3761  |          Yes |           - |        Reset |
| 1679  |          Yes |         Set |            - |
| 25817 |          Yes |       Reset |            - |
+-------+--------------+-------------+--------------+


2. BLOCKRAM
-----------

+-------------------+------+-------+------------+-----------+-------+
|     Site Type     | Used | Fixed | Prohibited | Available | Util% |
+-------------------+------+-------+------------+-----------+-------+
| Block RAM Tile    |   92 |     0 |          0 |       480 | 19.17 |
|   RAMB36/FIFO*    |   91 |     0 |          0 |       480 | 18.96 |
|     RAMB36E2 only |   91 |       |            |           |       |
|   RAMB18          |    2 |     0 |          0 |       960 |  0.21 |
|     RAMB18E2 only |    2 |       |            |           |       |
| URAM              |    0 |     0 |          0 |        64 |  0.00 |
+-------------------+------+-------+------------+-----------+-------+
* Note: Each Block RAM Tile only has one FIFO logic available and therefore can accommodate only one FIFO36E2 or one FIFO18E2. However, if a FIFO18E2 occupies a Block RAM Tile, that tile can still accommodate a RAMB18E2


3. ARITHMETIC
-------------

+----------------+------+-------+------------+-----------+-------+
|    Site Type   | Used | Fixed | Prohibited | Available | Util% |
+----------------+------+-------+------------+-----------+-------+
| DSPs           |   25 |     0 |          0 |      1824 |  1.37 |
|   DSP48E2 only |   25 |       |            |           |       |
+----------------+------+-------+------------+-----------+-------+


4. I/O
------

+------------------+------+-------+------------+-----------+-------+
|     Site Type    | Used | Fixed | Prohibited | Available | Util% |
+------------------+------+-------+------------+-----------+-------+
| Bonded IOB       |   27 |     0 |          0 |       280 |  9.64 |
|   HPIOB_M        |    0 |     0 |          0 |        96 |  0.00 |
|   HPIOB_S        |    0 |     0 |          0 |        96 |  0.00 |
|   HDIOB_M        |    0 |     0 |          0 |        36 |  0.00 |
|   HDIOB_S        |    0 |     0 |          0 |        36 |  0.00 |
|   HPIOB_SNGL     |    0 |     0 |          0 |        16 |  0.00 |
| HPIOBDIFFINBUF   |    0 |     0 |          0 |        96 |  0.00 |
| HPIOBDIFFOUTBUF  |    0 |     0 |          0 |        96 |  0.00 |
| HDIOBDIFFINBUF   |    0 |     0 |          0 |        48 |  0.00 |
| BITSLICE_CONTROL |    0 |     0 |          0 |        32 |  0.00 |
| BITSLICE_RX_TX   |    0 |     0 |          0 |      1248 |  0.00 |
| BITSLICE_TX      |    0 |     0 |          0 |        32 |  0.00 |
| RIU_OR           |    0 |     0 |          0 |        16 |  0.00 |
+------------------+------+-------+------------+-----------+-------+


5. CLOCK
--------

+------------+------+-------+------------+-----------+-------+
|  Site Type | Used | Fixed | Prohibited | Available | Util% |
+------------+------+-------+------------+-----------+-------+
| BUFGCE     |    2 |     0 |          0 |       112 |  1.79 |
| BUFGCE_DIV |    3 |     0 |          0 |        16 | 18.75 |
| BUFG_GT    |    0 |     0 |          0 |        96 |  0.00 |
| BUFGCTRL*  |    0 |     0 |          0 |        32 |  0.00 |
| PLL        |    0 |     0 |          0 |         8 |  0.00 |
| MMCM       |    1 |     0 |          0 |         4 | 25.00 |
+------------+------+-------+------------+-----------+-------+
* Note: Each used BUFGCTRL counts as two GLOBAL CLOCK BUFFERs. This table does not include global clocking resources, only buffer cell usage. See the Clock Utilization Report (report_clock_utilization) for detailed accounting of global clocking resource availability.


6. ADVANCED
-----------

+-----------------+------+-------+------------+-----------+-------+
|    Site Type    | Used | Fixed | Prohibited | Available | Util% |
+-----------------+------+-------+------------+-----------+-------+
| CMACE4          |    0 |     0 |          0 |         1 |  0.00 |
| GTYE4_CHANNEL   |    0 |     0 |          0 |        16 |  0.00 |
| GTYE4_COMMON    |    0 |     0 |          0 |         4 |  0.00 |
| OBUFDS_GTE4     |    0 |     0 |          0 |         8 |  0.00 |
| OBUFDS_GTE4_ADV |    0 |     0 |          0 |         8 |  0.00 |
| PCIE40E4        |    0 |     0 |          0 |         1 |  0.00 |
| SYSMONE4        |    0 |     0 |          0 |         1 |  0.00 |
+-----------------+------+-------+------------+-----------+-------+


7. CONFIGURATION
----------------

+-------------+------+-------+------------+-----------+-------+
|  Site Type  | Used | Fixed | Prohibited | Available | Util% |
+-------------+------+-------+------------+-----------+-------+
| BSCANE2     |    0 |     0 |          0 |         4 |  0.00 |
| DNA_PORTE2  |    0 |     0 |          0 |         1 |  0.00 |
| EFUSE_USR   |    0 |     0 |          0 |         1 |  0.00 |
| FRAME_ECCE4 |    0 |     0 |          0 |         1 |  0.00 |
| ICAPE3      |    0 |     0 |          0 |         2 |  0.00 |
| MASTER_JTAG |    0 |     0 |          0 |         1 |  0.00 |
| STARTUPE3   |    0 |     0 |          0 |         1 |  0.00 |
+-------------+------+-------+------------+-----------+-------+


8. Primitives
-------------

+------------+-------+---------------------+
|  Ref Name  |  Used | Functional Category |
+------------+-------+---------------------+
| FDRE       | 25817 |            Register |
| LUT6       | 24191 |                 CLB |
| LUT3       |  8434 |                 CLB |
| LUT5       |  7037 |                 CLB |
| LUT4       |  6434 |                 CLB |
| RAMD64E    |  5802 |                 CLB |
| FDCE       |  3761 |            Register |
| LUT2       |  3582 |                 CLB |
| MUXF7      |  2590 |                 CLB |
| FDSE       |  1679 |            Register |
| CARRY8     |  1154 |                 CLB |
| MUXF8      |   925 |                 CLB |
| LUT1       |   802 |                 CLB |
| RAMD32     |   562 |                 CLB |
| FDPE       |   136 |            Register |
| RAMB36E2   |    91 |            BLOCKRAM |
| RAMS32     |    78 |                 CLB |
| DSP48E2    |    25 |          Arithmetic |
| RAMS64E1   |    16 |                 CLB |
| INBUF      |    14 |                 I/O |
| IBUFCTRL   |    14 |              Others |
| OBUF       |    13 |                 I/O |
| OSERDESE3  |     5 |                 I/O |
| IDDRE1     |     5 |            Register |
| OBUFT      |     4 |                 I/O |
| BUFGCE_DIV |     3 |               Clock |
| RAMB18E2   |     2 |            BLOCKRAM |
| MUXF9      |     2 |                 CLB |
| BUFGCE     |     2 |               Clock |
| MMCME4_ADV |     1 |               Clock |
+------------+-------+---------------------+


9. Black Boxes
--------------

+----------+------+
| Ref Name | Used |
+----------+------+
| ddr4_0   |    1 |
+----------+------+


10. Instantiated Netlists
-------------------------

+----------+------+
| Ref Name | Used |
+----------+------+


