Copyright 1986-2022 Xilinx, Inc. All Rights Reserved. Copyright 2022-2025 Advanced Micro Devices, Inc. All Rights Reserved.
--------------------------------------------------------------------------------------------------------------------------------------------------
| Tool Version      : Vivado v.2025.1 (lin64) Build 6140274 Wed May 21 22:58:25 MDT 2025
| Date              : Mon Jun 22 23:44:36 2026
| Host              : coffee running 64-bit Ubuntu 26.04 LTS
| Command           : report_timing -setup -max_paths 3 -file sanity_timing.rpt
| Design            : backend_top
| Device            : xcku5p-ffvb676
| Speed File        : -2  PRODUCTION 1.29 05-01-2022
| Design State      : Synthesized
| Temperature Grade : I
--------------------------------------------------------------------------------------------------------------------------------------------------

Timing Report

Slack (VIOLATED) :        -8.346ns  (required time - arrival time)
  Source:                 eb/lane[1].sh/wb_pr_reg[0]/C
                            (rising edge-triggered cell FDRE clocked by clk  {rise@0.000ns fall@1.250ns period=2.500ns})
  Destination:            sb/ready_reg[64]/D
                            (rising edge-triggered cell FDSE clocked by clk  {rise@0.000ns fall@1.250ns period=2.500ns})
  Path Group:             clk
  Path Type:              Setup (Max at Slow Process Corner)
  Requirement:            2.500ns  (clk rise@2.500ns - clk rise@0.000ns)
  Data Path Delay:        10.827ns  (logic 2.544ns (23.497%)  route 8.283ns (76.503%))
  Logic Levels:           48  (CARRY8=8 LUT2=3 LUT3=4 LUT4=4 LUT5=11 LUT6=18)
  Clock Path Skew:        -0.009ns (DCD - SCD + CPR)
    Destination Clock Delay (DCD):    0.021ns = ( 2.521 - 2.500 ) 
    Source Clock Delay      (SCD):    0.030ns
    Clock Pessimism Removal (CPR):    0.000ns
  Clock Uncertainty:      0.035ns  ((TSJ^2 + TIJ^2)^1/2 + DJ) / 2 + PE
    Total System Jitter     (TSJ):    0.071ns
    Total Input Jitter      (TIJ):    0.000ns
    Discrete Jitter          (DJ):    0.000ns
    Phase Error              (PE):    0.000ns

    Location             Delay type                Incr(ns)  Path(ns)    Netlist Resource(s)
  -------------------------------------------------------------------    -------------------
                         (clock clk rise edge)        0.000     0.000 r  
                                                      0.000     0.000 r  clk (IN)
                         net (fo=19016, unset)        0.030     0.030    eb/lane[1].sh/clk
                         FDRE                                         r  eb/lane[1].sh/wb_pr_reg[0]/C
  -------------------------------------------------------------------    -------------------
                         FDRE (Prop_FDRE_C_Q)         0.077     0.107 r  eb/lane[1].sh/wb_pr_reg[0]/Q
                         net (fo=10, unplaced)        0.187     0.294    eb/lane[1].sh/wb_pr_reg[7]_32[0]
                         LUT6 (Prop_LUT6_I0_O)        0.150     0.444 r  eb/lane[1].sh/p20_i_148/O
                         net (fo=1, unplaced)         0.140     0.584    eb/lane[1].sh/p20_i_148_n_0
                         LUT4 (Prop_LUT4_I1_O)        0.090     0.674 r  eb/lane[1].sh/p20_i_140/O
                         net (fo=65, unplaced)        0.216     0.890    eb/lane[0].sh/p20__10_66
                         LUT3 (Prop_LUT3_I0_O)        0.090     0.980 r  eb/lane[0].sh/p20_i_48/O
                         net (fo=65, unplaced)        0.174     1.154    eb/lane[0].sh/dv/p20__10_32
                         LUT5 (Prop_LUT5_I0_O)        0.125     1.279 r  eb/lane[0].sh/dv/p20__3_i_16/O
                         net (fo=28, unplaced)        0.243     1.522    eb/lane[0].sh/B[1]
                         LUT3 (Prop_LUT3_I2_O)        0.038     1.560 r  eb/lane[0].sh/wb_val[1]_i_11/O
                         net (fo=139, unplaced)       0.279     1.839    eb/lane[0].sh/ea/core/ea/core/redirect_target[7]_INST_0_i_32_2
                         LUT5 (Prop_LUT5_I4_O)        0.037     1.876 r  eb/lane[0].sh/ea/core/wb_val[0]_i_47/O
                         net (fo=1, unplaced)         0.023     1.899    eb_n_1017
                         CARRY8 (Prop_CARRY8_S[1]_CO[7])
                                                      0.197     2.096 r  ea/core/wb_val_reg[0]_i_25/CO[7]
                         net (fo=1, unplaced)         0.005     2.101    ea/core/wb_val_reg[0]_i_25_n_0
                         CARRY8 (Prop_CARRY8_CI_CO[7])
                                                      0.022     2.123 r  ea/core/wb_val_reg[15]_i_27/CO[7]
                         net (fo=1, unplaced)         0.005     2.128    ea/core/wb_val_reg[15]_i_27_n_0
                         CARRY8 (Prop_CARRY8_CI_CO[7])
                                                      0.022     2.150 r  ea/core/wb_val_reg[23]_i_9/CO[7]
                         net (fo=1, unplaced)         0.005     2.155    ea/core/wb_val_reg[23]_i_9_n_0
                         CARRY8 (Prop_CARRY8_CI_CO[7])
                                                      0.022     2.177 r  ea/core/wb_val_reg[63]_i_42/CO[7]
                         net (fo=1, unplaced)         0.005     2.182    ea/core/wb_val_reg[63]_i_42_n_0
                         CARRY8 (Prop_CARRY8_CI_CO[7])
                                                      0.022     2.204 r  ea/core/wb_val_reg[38]_i_12/CO[7]
                         net (fo=1, unplaced)         0.005     2.209    ea/core/wb_val_reg[38]_i_12_n_0
                         CARRY8 (Prop_CARRY8_CI_CO[7])
                                                      0.022     2.231 r  ea/core/wb_val_reg[47]_i_12/CO[7]
                         net (fo=1, unplaced)         0.005     2.236    ea/core/wb_val_reg[47]_i_12_n_0
                         CARRY8 (Prop_CARRY8_CI_CO[7])
                                                      0.022     2.258 r  ea/core/wb_val_reg[55]_i_12/CO[7]
                         net (fo=1, unplaced)         0.005     2.263    ea/core/wb_val_reg[55]_i_12_n_0
                         CARRY8 (Prop_CARRY8_CI_O[7])
                                                      0.116     2.379 r  ea/core/wb_val_reg[63]_i_47/O[7]
                         net (fo=2, unplaced)         0.138     2.517    eb/lane[0].sh/wb_val[0]_i_31_0[7]
                         LUT5 (Prop_LUT5_I4_O)        0.038     2.555 r  eb/lane[0].sh/redirect_INST_0_i_29/O
                         net (fo=65, unplaced)        0.262     2.817    eb/lane[0].sh/cmp_lt
                         LUT6 (Prop_LUT6_I1_O)        0.038     2.855 f  eb/lane[0].sh/redirect_INST_0_i_10/O
                         net (fo=1, unplaced)         0.186     3.041    eb/lane[0].sh/bu/taken
                         LUT4 (Prop_LUT4_I0_O)        0.038     3.079 f  eb/lane[0].sh/redirect_INST_0_i_4/O
                         net (fo=91, unplaced)        0.269     3.348    eb/lane[0].sh/p_15_in
                         LUT5 (Prop_LUT5_I2_O)        0.038     3.386 r  eb/lane[0].sh/redirect_INST_0_i_72/O
                         net (fo=1, unplaced)         0.186     3.572    eb/lane[0].sh/redirect_INST_0_i_72_n_0
                         LUT6 (Prop_LUT6_I3_O)        0.038     3.610 r  eb/lane[0].sh/redirect_INST_0_i_32/O
                         net (fo=1, unplaced)         0.186     3.796    eb/lane[0].sh/redirect_INST_0_i_32_n_0
                         LUT6 (Prop_LUT6_I3_O)        0.038     3.834 r  eb/lane[0].sh/redirect_INST_0_i_12/O
                         net (fo=1, unplaced)         0.186     4.020    eb/lane[0].sh/redirect_INST_0_i_12_n_0
                         LUT6 (Prop_LUT6_I3_O)        0.038     4.058 r  eb/lane[0].sh/redirect_INST_0_i_5/O
                         net (fo=86, unplaced)        0.268     4.326    eb/lane[0].sh/redirect1
                         LUT4 (Prop_LUT4_I3_O)        0.038     4.364 f  eb/lane[0].sh/i___61_i_5/O
                         net (fo=2, unplaced)         0.140     4.504    eb/lane[0].sh/p_0_in[2]
                         LUT5 (Prop_LUT5_I0_O)        0.090     4.594 r  eb/lane[0].sh/redirect_INST_0_i_77/O
                         net (fo=1, unplaced)         0.186     4.780    eb/lane[0].sh/redirect_INST_0_i_77_n_0
                         LUT5 (Prop_LUT5_I2_O)        0.038     4.818 r  eb/lane[0].sh/redirect_INST_0_i_34/O
                         net (fo=2, unplaced)         0.186     5.004    eb/lane[0].sh/redirect_INST_0_i_34_n_0
                         LUT6 (Prop_LUT6_I4_O)        0.038     5.042 r  eb/lane[0].sh/redirect_INST_0_i_16/O
                         net (fo=1, unplaced)         0.186     5.228    eb/lane[0].sh/redirect_INST_0_i_16_n_0
                         LUT6 (Prop_LUT6_I3_O)        0.038     5.266 r  eb/lane[0].sh/redirect_INST_0_i_6/O
                         net (fo=72, unplaced)        0.264     5.530    eb/lane[0].sh/dv/redirect10_out
                         LUT6 (Prop_LUT6_I1_O)        0.038     5.568 r  eb/lane[0].sh/dv/wb_valid[3]_INST_0_i_9/O
                         net (fo=2, unplaced)         0.186     5.754    eb/lane[3].sh/v3_reg_0
                         LUT2 (Prop_LUT2_I1_O)        0.038     5.792 r  eb/lane[3].sh/redirect_target[63]_INST_0_i_12/O
                         net (fo=2, unplaced)         0.186     5.978    eb/lane[3].sh/redirect_target[63]_INST_0_i_12_n_0
                         LUT6 (Prop_LUT6_I5_O)        0.038     6.016 r  eb/lane[3].sh/redirect_target[63]_INST_0_i_3/O
                         net (fo=72, unplaced)        0.264     6.280    eb/lane[3].sh/dv/q_iss_valid[0]_i_3
                         LUT6 (Prop_LUT6_I4_O)        0.038     6.318 r  eb/lane[3].sh/dv/seq_q[5]_i_3/O
                         net (fo=76, unplaced)        0.265     6.583    eb/lane[1].sh/dv/v1_i_3__0_1
                         LUT4 (Prop_LUT4_I3_O)        0.038     6.621 r  eb/lane[1].sh/dv/v1_i_14__0/O
                         net (fo=1, unplaced)         0.186     6.807    eb/lane[1].sh/dv/v1_i_14__0_n_0
                         LUT6 (Prop_LUT6_I5_O)        0.038     6.845 f  eb/lane[1].sh/dv/v1_i_11__0/O
                         net (fo=1, unplaced)         0.186     7.031    eb/lane[1].sh/dv/v1_i_11__0_n_0
                         LUT6 (Prop_LUT6_I4_O)        0.038     7.069 r  eb/lane[1].sh/dv/v1_i_8__0/O
                         net (fo=1, unplaced)         0.186     7.255    eb/lane[1].sh/dv/v1_i_8__0_n_0
                         LUT6 (Prop_LUT6_I0_O)        0.038     7.293 r  eb/lane[1].sh/dv/v1_i_5__0/O
                         net (fo=4, unplaced)         0.198     7.491    eb/lane[1].sh/mu/m_ck_reg[0]_8
                         LUT5 (Prop_LUT5_I4_O)        0.070     7.561 f  eb/lane[1].sh/mu/v[1]_i_8__0/O
                         net (fo=1, unplaced)         0.186     7.747    eb/lane[1].sh/mu/eb_exec_busy[1]
                         LUT3 (Prop_LUT3_I2_O)        0.038     7.785 f  eb/lane[1].sh/mu/v[1]_i_4__0/O
                         net (fo=2, unplaced)         0.186     7.971    sb/lane[1].sh/busy_to_sched[0]
                         LUT6 (Prop_LUT6_I0_O)        0.038     8.009 r  sb/lane[1].sh/pd_reg_0_1_0_7_i_11__1/O
                         net (fo=8, unplaced)         0.214     8.223    sb/lane[1].sh/p_2_in
                         LUT3 (Prop_LUT3_I2_O)        0.038     8.261 r  sb/lane[1].sh/i___27_i_8/O
                         net (fo=1, unplaced)         0.140     8.401    sb/lane[0].sh/disp_ready[0]
                         LUT6 (Prop_LUT6_I3_O)        0.090     8.491 r  sb/lane[0].sh/i___27_i_5/O
                         net (fo=1, unplaced)         0.186     8.677    fe/u_dr/rn/lane[0].sh/fl/can_dispatch4
                         LUT5 (Prop_LUT5_I2_O)        0.038     8.715 r  fe/u_dr/rn/lane[0].sh/fl/i___27_i_3/O
                         net (fo=2, unplaced)         0.186     8.901    fe/u_dr/rn/lane[0].sh/fl/p_86_in
                         LUT5 (Prop_LUT5_I4_O)        0.038     8.939 r  fe/u_dr/rn/lane[0].sh/fl/i___27_i_1/O
                         net (fo=82, unplaced)        0.267     9.206    fe/u_dr/rn/lane[0].sh/fl/q_valid_reg[2]
                         LUT2 (Prop_LUT2_I1_O)        0.070     9.276 r  fe/u_dr/rn/lane[0].sh/fl/pdv_reg_0_1_0_0_i_4/O
                         net (fo=5, unplaced)         0.204     9.480    sb/lane[0].sh/sched_disp_valid[0]
                         LUT5 (Prop_LUT5_I4_O)        0.038     9.518 f  sb/lane[0].sh/r3[0]_i_4/O
                         net (fo=22, unplaced)        0.237     9.755    fe/u_dr/rn/lane[0].sh/fl/ready_reg[16]
                         LUT6 (Prop_LUT6_I5_O)        0.038     9.793 r  fe/u_dr/rn/lane[0].sh/fl/ready[20]_i_12/O
                         net (fo=65, unplaced)        0.262    10.055    fe/u_dr/rn/lane[0].sh/fl/free_reg[0]_22
                         LUT2 (Prop_LUT2_I0_O)        0.070    10.125 f  fe/u_dr/rn/lane[0].sh/fl/ready[92]_i_18/O
                         net (fo=4, unplaced)         0.198    10.323    fe/u_dr/rn/lane[0].sh/fl/ready[92]_i_18_n_0
                         LUT6 (Prop_LUT6_I5_O)        0.038    10.361 r  fe/u_dr/rn/lane[0].sh/fl/ready[64]_i_10/O
                         net (fo=1, unplaced)         0.186    10.547    eb/lane[0].sh/ready_reg[64]
                         LUT6 (Prop_LUT6_I0_O)        0.038    10.585 r  eb/lane[0].sh/ready[64]_i_4/O
                         net (fo=1, unplaced)         0.186    10.771    sb/lane[0].sh/ready_reg[64]_6
                         LUT5 (Prop_LUT5_I3_O)        0.038    10.809 r  sb/lane[0].sh/ready[64]_i_1/O
                         net (fo=1, unplaced)         0.048    10.857    sb/lane[0].sh_n_341
                         FDSE                                         r  sb/ready_reg[64]/D
  -------------------------------------------------------------------    -------------------

                         (clock clk rise edge)        2.500     2.500 r  
                                                      0.000     2.500 r  clk (IN)
                         net (fo=19016, unset)        0.021     2.521    sb/clk
                         FDSE                                         r  sb/ready_reg[64]/C
                         clock pessimism              0.000     2.521    
                         clock uncertainty           -0.035     2.486    
                         FDSE (Setup_FDSE_C_D)        0.025     2.511    sb/ready_reg[64]
  -------------------------------------------------------------------
                         required time                          2.511    
                         arrival time                         -10.857    
  -------------------------------------------------------------------
                         slack                                 -8.346    

Slack (VIOLATED) :        -8.334ns  (required time - arrival time)
  Source:                 eb/lane[1].sh/wb_pr_reg[0]/C
                            (rising edge-triggered cell FDRE clocked by clk  {rise@0.000ns fall@1.250ns period=2.500ns})
  Destination:            sb/ready_reg[168]/D
                            (rising edge-triggered cell FDSE clocked by clk  {rise@0.000ns fall@1.250ns period=2.500ns})
  Path Group:             clk
  Path Type:              Setup (Max at Slow Process Corner)
  Requirement:            2.500ns  (clk rise@2.500ns - clk rise@0.000ns)
  Data Path Delay:        10.815ns  (logic 2.544ns (23.523%)  route 8.271ns (76.477%))
  Logic Levels:           48  (CARRY8=8 LUT2=3 LUT3=4 LUT4=4 LUT5=10 LUT6=19)
  Clock Path Skew:        -0.009ns (DCD - SCD + CPR)
    Destination Clock Delay (DCD):    0.021ns = ( 2.521 - 2.500 ) 
    Source Clock Delay      (SCD):    0.030ns
    Clock Pessimism Removal (CPR):    0.000ns
  Clock Uncertainty:      0.035ns  ((TSJ^2 + TIJ^2)^1/2 + DJ) / 2 + PE
    Total System Jitter     (TSJ):    0.071ns
    Total Input Jitter      (TIJ):    0.000ns
    Discrete Jitter          (DJ):    0.000ns
    Phase Error              (PE):    0.000ns

    Location             Delay type                Incr(ns)  Path(ns)    Netlist Resource(s)
  -------------------------------------------------------------------    -------------------
                         (clock clk rise edge)        0.000     0.000 r  
                                                      0.000     0.000 r  clk (IN)
                         net (fo=19016, unset)        0.030     0.030    eb/lane[1].sh/clk
                         FDRE                                         r  eb/lane[1].sh/wb_pr_reg[0]/C
  -------------------------------------------------------------------    -------------------
                         FDRE (Prop_FDRE_C_Q)         0.077     0.107 r  eb/lane[1].sh/wb_pr_reg[0]/Q
                         net (fo=10, unplaced)        0.187     0.294    eb/lane[1].sh/wb_pr_reg[7]_32[0]
                         LUT6 (Prop_LUT6_I0_O)        0.150     0.444 r  eb/lane[1].sh/p20_i_148/O
                         net (fo=1, unplaced)         0.140     0.584    eb/lane[1].sh/p20_i_148_n_0
                         LUT4 (Prop_LUT4_I1_O)        0.090     0.674 r  eb/lane[1].sh/p20_i_140/O
                         net (fo=65, unplaced)        0.216     0.890    eb/lane[0].sh/p20__10_66
                         LUT3 (Prop_LUT3_I0_O)        0.090     0.980 r  eb/lane[0].sh/p20_i_48/O
                         net (fo=65, unplaced)        0.174     1.154    eb/lane[0].sh/dv/p20__10_32
                         LUT5 (Prop_LUT5_I0_O)        0.125     1.279 r  eb/lane[0].sh/dv/p20__3_i_16/O
                         net (fo=28, unplaced)        0.243     1.522    eb/lane[0].sh/B[1]
                         LUT3 (Prop_LUT3_I2_O)        0.038     1.560 r  eb/lane[0].sh/wb_val[1]_i_11/O
                         net (fo=139, unplaced)       0.279     1.839    eb/lane[0].sh/ea/core/ea/core/redirect_target[7]_INST_0_i_32_2
                         LUT5 (Prop_LUT5_I4_O)        0.037     1.876 r  eb/lane[0].sh/ea/core/wb_val[0]_i_47/O
                         net (fo=1, unplaced)         0.023     1.899    eb_n_1017
                         CARRY8 (Prop_CARRY8_S[1]_CO[7])
                                                      0.197     2.096 r  ea/core/wb_val_reg[0]_i_25/CO[7]
                         net (fo=1, unplaced)         0.005     2.101    ea/core/wb_val_reg[0]_i_25_n_0
                         CARRY8 (Prop_CARRY8_CI_CO[7])
                                                      0.022     2.123 r  ea/core/wb_val_reg[15]_i_27/CO[7]
                         net (fo=1, unplaced)         0.005     2.128    ea/core/wb_val_reg[15]_i_27_n_0
                         CARRY8 (Prop_CARRY8_CI_CO[7])
                                                      0.022     2.150 r  ea/core/wb_val_reg[23]_i_9/CO[7]
                         net (fo=1, unplaced)         0.005     2.155    ea/core/wb_val_reg[23]_i_9_n_0
                         CARRY8 (Prop_CARRY8_CI_CO[7])
                                                      0.022     2.177 r  ea/core/wb_val_reg[63]_i_42/CO[7]
                         net (fo=1, unplaced)         0.005     2.182    ea/core/wb_val_reg[63]_i_42_n_0
                         CARRY8 (Prop_CARRY8_CI_CO[7])
                                                      0.022     2.204 r  ea/core/wb_val_reg[38]_i_12/CO[7]
                         net (fo=1, unplaced)         0.005     2.209    ea/core/wb_val_reg[38]_i_12_n_0
                         CARRY8 (Prop_CARRY8_CI_CO[7])
                                                      0.022     2.231 r  ea/core/wb_val_reg[47]_i_12/CO[7]
                         net (fo=1, unplaced)         0.005     2.236    ea/core/wb_val_reg[47]_i_12_n_0
                         CARRY8 (Prop_CARRY8_CI_CO[7])
                                                      0.022     2.258 r  ea/core/wb_val_reg[55]_i_12/CO[7]
                         net (fo=1, unplaced)         0.005     2.263    ea/core/wb_val_reg[55]_i_12_n_0
                         CARRY8 (Prop_CARRY8_CI_O[7])
                                                      0.116     2.379 r  ea/core/wb_val_reg[63]_i_47/O[7]
                         net (fo=2, unplaced)         0.138     2.517    eb/lane[0].sh/wb_val[0]_i_31_0[7]
                         LUT5 (Prop_LUT5_I4_O)        0.038     2.555 r  eb/lane[0].sh/redirect_INST_0_i_29/O
                         net (fo=65, unplaced)        0.262     2.817    eb/lane[0].sh/cmp_lt
                         LUT6 (Prop_LUT6_I1_O)        0.038     2.855 f  eb/lane[0].sh/redirect_INST_0_i_10/O
                         net (fo=1, unplaced)         0.186     3.041    eb/lane[0].sh/bu/taken
                         LUT4 (Prop_LUT4_I0_O)        0.038     3.079 f  eb/lane[0].sh/redirect_INST_0_i_4/O
                         net (fo=91, unplaced)        0.269     3.348    eb/lane[0].sh/p_15_in
                         LUT5 (Prop_LUT5_I2_O)        0.038     3.386 r  eb/lane[0].sh/redirect_INST_0_i_72/O
                         net (fo=1, unplaced)         0.186     3.572    eb/lane[0].sh/redirect_INST_0_i_72_n_0
                         LUT6 (Prop_LUT6_I3_O)        0.038     3.610 r  eb/lane[0].sh/redirect_INST_0_i_32/O
                         net (fo=1, unplaced)         0.186     3.796    eb/lane[0].sh/redirect_INST_0_i_32_n_0
                         LUT6 (Prop_LUT6_I3_O)        0.038     3.834 r  eb/lane[0].sh/redirect_INST_0_i_12/O
                         net (fo=1, unplaced)         0.186     4.020    eb/lane[0].sh/redirect_INST_0_i_12_n_0
                         LUT6 (Prop_LUT6_I3_O)        0.038     4.058 r  eb/lane[0].sh/redirect_INST_0_i_5/O
                         net (fo=86, unplaced)        0.268     4.326    eb/lane[0].sh/redirect1
                         LUT4 (Prop_LUT4_I3_O)        0.038     4.364 f  eb/lane[0].sh/i___61_i_5/O
                         net (fo=2, unplaced)         0.140     4.504    eb/lane[0].sh/p_0_in[2]
                         LUT5 (Prop_LUT5_I0_O)        0.090     4.594 r  eb/lane[0].sh/redirect_INST_0_i_77/O
                         net (fo=1, unplaced)         0.186     4.780    eb/lane[0].sh/redirect_INST_0_i_77_n_0
                         LUT5 (Prop_LUT5_I2_O)        0.038     4.818 r  eb/lane[0].sh/redirect_INST_0_i_34/O
                         net (fo=2, unplaced)         0.186     5.004    eb/lane[0].sh/redirect_INST_0_i_34_n_0
                         LUT6 (Prop_LUT6_I4_O)        0.038     5.042 r  eb/lane[0].sh/redirect_INST_0_i_16/O
                         net (fo=1, unplaced)         0.186     5.228    eb/lane[0].sh/redirect_INST_0_i_16_n_0
                         LUT6 (Prop_LUT6_I3_O)        0.038     5.266 r  eb/lane[0].sh/redirect_INST_0_i_6/O
                         net (fo=72, unplaced)        0.264     5.530    eb/lane[0].sh/dv/redirect10_out
                         LUT6 (Prop_LUT6_I1_O)        0.038     5.568 r  eb/lane[0].sh/dv/wb_valid[3]_INST_0_i_9/O
                         net (fo=2, unplaced)         0.186     5.754    eb/lane[3].sh/v3_reg_0
                         LUT2 (Prop_LUT2_I1_O)        0.038     5.792 r  eb/lane[3].sh/redirect_target[63]_INST_0_i_12/O
                         net (fo=2, unplaced)         0.186     5.978    eb/lane[3].sh/redirect_target[63]_INST_0_i_12_n_0
                         LUT6 (Prop_LUT6_I5_O)        0.038     6.016 r  eb/lane[3].sh/redirect_target[63]_INST_0_i_3/O
                         net (fo=72, unplaced)        0.264     6.280    eb/lane[3].sh/dv/q_iss_valid[0]_i_3
                         LUT6 (Prop_LUT6_I4_O)        0.038     6.318 r  eb/lane[3].sh/dv/seq_q[5]_i_3/O
                         net (fo=76, unplaced)        0.265     6.583    eb/lane[1].sh/dv/v1_i_3__0_1
                         LUT4 (Prop_LUT4_I3_O)        0.038     6.621 r  eb/lane[1].sh/dv/v1_i_14__0/O
                         net (fo=1, unplaced)         0.186     6.807    eb/lane[1].sh/dv/v1_i_14__0_n_0
                         LUT6 (Prop_LUT6_I5_O)        0.038     6.845 f  eb/lane[1].sh/dv/v1_i_11__0/O
                         net (fo=1, unplaced)         0.186     7.031    eb/lane[1].sh/dv/v1_i_11__0_n_0
                         LUT6 (Prop_LUT6_I4_O)        0.038     7.069 r  eb/lane[1].sh/dv/v1_i_8__0/O
                         net (fo=1, unplaced)         0.186     7.255    eb/lane[1].sh/dv/v1_i_8__0_n_0
                         LUT6 (Prop_LUT6_I0_O)        0.038     7.293 r  eb/lane[1].sh/dv/v1_i_5__0/O
                         net (fo=4, unplaced)         0.198     7.491    eb/lane[1].sh/mu/m_ck_reg[0]_8
                         LUT5 (Prop_LUT5_I4_O)        0.070     7.561 f  eb/lane[1].sh/mu/v[1]_i_8__0/O
                         net (fo=1, unplaced)         0.186     7.747    eb/lane[1].sh/mu/eb_exec_busy[1]
                         LUT3 (Prop_LUT3_I2_O)        0.038     7.785 f  eb/lane[1].sh/mu/v[1]_i_4__0/O
                         net (fo=2, unplaced)         0.186     7.971    sb/lane[1].sh/busy_to_sched[0]
                         LUT6 (Prop_LUT6_I0_O)        0.038     8.009 r  sb/lane[1].sh/pd_reg_0_1_0_7_i_11__1/O
                         net (fo=8, unplaced)         0.214     8.223    sb/lane[1].sh/p_2_in
                         LUT3 (Prop_LUT3_I2_O)        0.038     8.261 r  sb/lane[1].sh/i___27_i_8/O
                         net (fo=1, unplaced)         0.140     8.401    sb/lane[0].sh/disp_ready[0]
                         LUT6 (Prop_LUT6_I3_O)        0.090     8.491 r  sb/lane[0].sh/i___27_i_5/O
                         net (fo=1, unplaced)         0.186     8.677    fe/u_dr/rn/lane[0].sh/fl/can_dispatch4
                         LUT5 (Prop_LUT5_I2_O)        0.038     8.715 r  fe/u_dr/rn/lane[0].sh/fl/i___27_i_3/O
                         net (fo=2, unplaced)         0.186     8.901    fe/u_dr/rn/lane[0].sh/fl/p_86_in
                         LUT5 (Prop_LUT5_I4_O)        0.038     8.939 r  fe/u_dr/rn/lane[0].sh/fl/i___27_i_1/O
                         net (fo=82, unplaced)        0.267     9.206    fe/u_dr/rn/lane[0].sh/fl/q_valid_reg[2]
                         LUT2 (Prop_LUT2_I1_O)        0.070     9.276 r  fe/u_dr/rn/lane[0].sh/fl/pdv_reg_0_1_0_0_i_4/O
                         net (fo=5, unplaced)         0.204     9.480    sb/lane[0].sh/sched_disp_valid[0]
                         LUT5 (Prop_LUT5_I4_O)        0.038     9.518 f  sb/lane[0].sh/r3[0]_i_4/O
                         net (fo=22, unplaced)        0.237     9.755    fe/u_dr/rn/lane[0].sh/fl/ready_reg[16]
                         LUT6 (Prop_LUT6_I5_O)        0.038     9.793 r  fe/u_dr/rn/lane[0].sh/fl/ready[20]_i_12/O
                         net (fo=65, unplaced)        0.262    10.055    fe/u_dr/rn/lane[0].sh/fl/free_reg[0]_22
                         LUT2 (Prop_LUT2_I0_O)        0.070    10.125 f  fe/u_dr/rn/lane[0].sh/fl/ready[168]_i_21/O
                         net (fo=1, unplaced)         0.186    10.311    fe/u_dr/rn/lane[0].sh/fl/ready[168]_i_21_n_0
                         LUT6 (Prop_LUT6_I5_O)        0.038    10.349 r  fe/u_dr/rn/lane[0].sh/fl/ready[168]_i_15/O
                         net (fo=1, unplaced)         0.186    10.535    eb/lane[0].sh/ready_reg[168]
                         LUT6 (Prop_LUT6_I4_O)        0.038    10.573 r  eb/lane[0].sh/ready[168]_i_5/O
                         net (fo=1, unplaced)         0.186    10.759    sb/lane[2].sh/ready_reg[168]_4
                         LUT6 (Prop_LUT6_I4_O)        0.038    10.797 r  sb/lane[2].sh/ready[168]_i_1/O
                         net (fo=1, unplaced)         0.048    10.845    sb/lane[2].sh_n_522
                         FDSE                                         r  sb/ready_reg[168]/D
  -------------------------------------------------------------------    -------------------

                         (clock clk rise edge)        2.500     2.500 r  
                                                      0.000     2.500 r  clk (IN)
                         net (fo=19016, unset)        0.021     2.521    sb/clk
                         FDSE                                         r  sb/ready_reg[168]/C
                         clock pessimism              0.000     2.521    
                         clock uncertainty           -0.035     2.486    
                         FDSE (Setup_FDSE_C_D)        0.025     2.511    sb/ready_reg[168]
  -------------------------------------------------------------------
                         required time                          2.511    
                         arrival time                         -10.845    
  -------------------------------------------------------------------
                         slack                                 -8.334    

Slack (VIOLATED) :        -8.142ns  (required time - arrival time)
  Source:                 eb/lane[1].sh/wb_pr_reg[0]/C
                            (rising edge-triggered cell FDRE clocked by clk  {rise@0.000ns fall@1.250ns period=2.500ns})
  Destination:            sb/ready_reg[60]/D
                            (rising edge-triggered cell FDSE clocked by clk  {rise@0.000ns fall@1.250ns period=2.500ns})
  Path Group:             clk
  Path Type:              Setup (Max at Slow Process Corner)
  Requirement:            2.500ns  (clk rise@2.500ns - clk rise@0.000ns)
  Data Path Delay:        10.623ns  (logic 2.538ns (23.892%)  route 8.085ns (76.108%))
  Logic Levels:           47  (CARRY8=8 LUT2=2 LUT3=5 LUT4=4 LUT5=11 LUT6=17)
  Clock Path Skew:        -0.009ns (DCD - SCD + CPR)
    Destination Clock Delay (DCD):    0.021ns = ( 2.521 - 2.500 ) 
    Source Clock Delay      (SCD):    0.030ns
    Clock Pessimism Removal (CPR):    0.000ns
  Clock Uncertainty:      0.035ns  ((TSJ^2 + TIJ^2)^1/2 + DJ) / 2 + PE
    Total System Jitter     (TSJ):    0.071ns
    Total Input Jitter      (TIJ):    0.000ns
    Discrete Jitter          (DJ):    0.000ns
    Phase Error              (PE):    0.000ns

    Location             Delay type                Incr(ns)  Path(ns)    Netlist Resource(s)
  -------------------------------------------------------------------    -------------------
                         (clock clk rise edge)        0.000     0.000 r  
                                                      0.000     0.000 r  clk (IN)
                         net (fo=19016, unset)        0.030     0.030    eb/lane[1].sh/clk
                         FDRE                                         r  eb/lane[1].sh/wb_pr_reg[0]/C
  -------------------------------------------------------------------    -------------------
                         FDRE (Prop_FDRE_C_Q)         0.077     0.107 r  eb/lane[1].sh/wb_pr_reg[0]/Q
                         net (fo=10, unplaced)        0.187     0.294    eb/lane[1].sh/wb_pr_reg[7]_32[0]
                         LUT6 (Prop_LUT6_I0_O)        0.150     0.444 r  eb/lane[1].sh/p20_i_148/O
                         net (fo=1, unplaced)         0.140     0.584    eb/lane[1].sh/p20_i_148_n_0
                         LUT4 (Prop_LUT4_I1_O)        0.090     0.674 r  eb/lane[1].sh/p20_i_140/O
                         net (fo=65, unplaced)        0.216     0.890    eb/lane[0].sh/p20__10_66
                         LUT3 (Prop_LUT3_I0_O)        0.090     0.980 r  eb/lane[0].sh/p20_i_48/O
                         net (fo=65, unplaced)        0.174     1.154    eb/lane[0].sh/dv/p20__10_32
                         LUT5 (Prop_LUT5_I0_O)        0.125     1.279 r  eb/lane[0].sh/dv/p20__3_i_16/O
                         net (fo=28, unplaced)        0.243     1.522    eb/lane[0].sh/B[1]
                         LUT3 (Prop_LUT3_I2_O)        0.038     1.560 r  eb/lane[0].sh/wb_val[1]_i_11/O
                         net (fo=139, unplaced)       0.279     1.839    eb/lane[0].sh/ea/core/ea/core/redirect_target[7]_INST_0_i_32_2
                         LUT5 (Prop_LUT5_I4_O)        0.037     1.876 r  eb/lane[0].sh/ea/core/wb_val[0]_i_47/O
                         net (fo=1, unplaced)         0.023     1.899    eb_n_1017
                         CARRY8 (Prop_CARRY8_S[1]_CO[7])
                                                      0.197     2.096 r  ea/core/wb_val_reg[0]_i_25/CO[7]
                         net (fo=1, unplaced)         0.005     2.101    ea/core/wb_val_reg[0]_i_25_n_0
                         CARRY8 (Prop_CARRY8_CI_CO[7])
                                                      0.022     2.123 r  ea/core/wb_val_reg[15]_i_27/CO[7]
                         net (fo=1, unplaced)         0.005     2.128    ea/core/wb_val_reg[15]_i_27_n_0
                         CARRY8 (Prop_CARRY8_CI_CO[7])
                                                      0.022     2.150 r  ea/core/wb_val_reg[23]_i_9/CO[7]
                         net (fo=1, unplaced)         0.005     2.155    ea/core/wb_val_reg[23]_i_9_n_0
                         CARRY8 (Prop_CARRY8_CI_CO[7])
                                                      0.022     2.177 r  ea/core/wb_val_reg[63]_i_42/CO[7]
                         net (fo=1, unplaced)         0.005     2.182    ea/core/wb_val_reg[63]_i_42_n_0
                         CARRY8 (Prop_CARRY8_CI_CO[7])
                                                      0.022     2.204 r  ea/core/wb_val_reg[38]_i_12/CO[7]
                         net (fo=1, unplaced)         0.005     2.209    ea/core/wb_val_reg[38]_i_12_n_0
                         CARRY8 (Prop_CARRY8_CI_CO[7])
                                                      0.022     2.231 r  ea/core/wb_val_reg[47]_i_12/CO[7]
                         net (fo=1, unplaced)         0.005     2.236    ea/core/wb_val_reg[47]_i_12_n_0
                         CARRY8 (Prop_CARRY8_CI_CO[7])
                                                      0.022     2.258 r  ea/core/wb_val_reg[55]_i_12/CO[7]
                         net (fo=1, unplaced)         0.005     2.263    ea/core/wb_val_reg[55]_i_12_n_0
                         CARRY8 (Prop_CARRY8_CI_O[7])
                                                      0.116     2.379 r  ea/core/wb_val_reg[63]_i_47/O[7]
                         net (fo=2, unplaced)         0.138     2.517    eb/lane[0].sh/wb_val[0]_i_31_0[7]
                         LUT5 (Prop_LUT5_I4_O)        0.038     2.555 r  eb/lane[0].sh/redirect_INST_0_i_29/O
                         net (fo=65, unplaced)        0.262     2.817    eb/lane[0].sh/cmp_lt
                         LUT6 (Prop_LUT6_I1_O)        0.038     2.855 f  eb/lane[0].sh/redirect_INST_0_i_10/O
                         net (fo=1, unplaced)         0.186     3.041    eb/lane[0].sh/bu/taken
                         LUT4 (Prop_LUT4_I0_O)        0.038     3.079 f  eb/lane[0].sh/redirect_INST_0_i_4/O
                         net (fo=91, unplaced)        0.269     3.348    eb/lane[0].sh/p_15_in
                         LUT5 (Prop_LUT5_I2_O)        0.038     3.386 r  eb/lane[0].sh/redirect_INST_0_i_72/O
                         net (fo=1, unplaced)         0.186     3.572    eb/lane[0].sh/redirect_INST_0_i_72_n_0
                         LUT6 (Prop_LUT6_I3_O)        0.038     3.610 r  eb/lane[0].sh/redirect_INST_0_i_32/O
                         net (fo=1, unplaced)         0.186     3.796    eb/lane[0].sh/redirect_INST_0_i_32_n_0
                         LUT6 (Prop_LUT6_I3_O)        0.038     3.834 r  eb/lane[0].sh/redirect_INST_0_i_12/O
                         net (fo=1, unplaced)         0.186     4.020    eb/lane[0].sh/redirect_INST_0_i_12_n_0
                         LUT6 (Prop_LUT6_I3_O)        0.038     4.058 r  eb/lane[0].sh/redirect_INST_0_i_5/O
                         net (fo=86, unplaced)        0.268     4.326    eb/lane[0].sh/redirect1
                         LUT4 (Prop_LUT4_I3_O)        0.038     4.364 f  eb/lane[0].sh/i___61_i_5/O
                         net (fo=2, unplaced)         0.140     4.504    eb/lane[0].sh/p_0_in[2]
                         LUT5 (Prop_LUT5_I0_O)        0.090     4.594 r  eb/lane[0].sh/redirect_INST_0_i_77/O
                         net (fo=1, unplaced)         0.186     4.780    eb/lane[0].sh/redirect_INST_0_i_77_n_0
                         LUT5 (Prop_LUT5_I2_O)        0.038     4.818 r  eb/lane[0].sh/redirect_INST_0_i_34/O
                         net (fo=2, unplaced)         0.186     5.004    eb/lane[0].sh/redirect_INST_0_i_34_n_0
                         LUT6 (Prop_LUT6_I4_O)        0.038     5.042 r  eb/lane[0].sh/redirect_INST_0_i_16/O
                         net (fo=1, unplaced)         0.186     5.228    eb/lane[0].sh/redirect_INST_0_i_16_n_0
                         LUT6 (Prop_LUT6_I3_O)        0.038     5.266 r  eb/lane[0].sh/redirect_INST_0_i_6/O
                         net (fo=72, unplaced)        0.264     5.530    eb/lane[0].sh/dv/redirect10_out
                         LUT6 (Prop_LUT6_I1_O)        0.038     5.568 r  eb/lane[0].sh/dv/wb_valid[3]_INST_0_i_9/O
                         net (fo=2, unplaced)         0.186     5.754    eb/lane[3].sh/v3_reg_0
                         LUT2 (Prop_LUT2_I1_O)        0.038     5.792 r  eb/lane[3].sh/redirect_target[63]_INST_0_i_12/O
                         net (fo=2, unplaced)         0.186     5.978    eb/lane[3].sh/redirect_target[63]_INST_0_i_12_n_0
                         LUT6 (Prop_LUT6_I5_O)        0.038     6.016 r  eb/lane[3].sh/redirect_target[63]_INST_0_i_3/O
                         net (fo=72, unplaced)        0.264     6.280    eb/lane[3].sh/dv/q_iss_valid[0]_i_3
                         LUT6 (Prop_LUT6_I4_O)        0.038     6.318 r  eb/lane[3].sh/dv/seq_q[5]_i_3/O
                         net (fo=76, unplaced)        0.265     6.583    eb/lane[1].sh/dv/v1_i_3__0_1
                         LUT4 (Prop_LUT4_I3_O)        0.038     6.621 r  eb/lane[1].sh/dv/v1_i_14__0/O
                         net (fo=1, unplaced)         0.186     6.807    eb/lane[1].sh/dv/v1_i_14__0_n_0
                         LUT6 (Prop_LUT6_I5_O)        0.038     6.845 f  eb/lane[1].sh/dv/v1_i_11__0/O
                         net (fo=1, unplaced)         0.186     7.031    eb/lane[1].sh/dv/v1_i_11__0_n_0
                         LUT6 (Prop_LUT6_I4_O)        0.038     7.069 r  eb/lane[1].sh/dv/v1_i_8__0/O
                         net (fo=1, unplaced)         0.186     7.255    eb/lane[1].sh/dv/v1_i_8__0_n_0
                         LUT6 (Prop_LUT6_I0_O)        0.038     7.293 f  eb/lane[1].sh/dv/v1_i_5__0/O
                         net (fo=4, unplaced)         0.198     7.491    eb/lane[1].sh/mu/m_ck_reg[0]_8
                         LUT5 (Prop_LUT5_I4_O)        0.070     7.561 r  eb/lane[1].sh/mu/v[1]_i_8__0/O
                         net (fo=1, unplaced)         0.186     7.747    eb/lane[1].sh/mu/eb_exec_busy[1]
                         LUT3 (Prop_LUT3_I2_O)        0.038     7.785 r  eb/lane[1].sh/mu/v[1]_i_4__0/O
                         net (fo=2, unplaced)         0.186     7.971    sb/lane[1].sh/busy_to_sched[0]
                         LUT6 (Prop_LUT6_I0_O)        0.038     8.009 f  sb/lane[1].sh/pd_reg_0_1_0_7_i_11__1/O
                         net (fo=8, unplaced)         0.214     8.223    sb/lane[1].sh/p_2_in
                         LUT3 (Prop_LUT3_I2_O)        0.038     8.261 f  sb/lane[1].sh/i___27_i_8/O
                         net (fo=1, unplaced)         0.140     8.401    sb/lane[0].sh/disp_ready[0]
                         LUT6 (Prop_LUT6_I3_O)        0.090     8.491 f  sb/lane[0].sh/i___27_i_5/O
                         net (fo=1, unplaced)         0.186     8.677    fe/u_dr/rn/lane[0].sh/fl/can_dispatch4
                         LUT5 (Prop_LUT5_I2_O)        0.038     8.715 f  fe/u_dr/rn/lane[0].sh/fl/i___27_i_3/O
                         net (fo=2, unplaced)         0.186     8.901    fe/u_dr/rn/lane[0].sh/fl/p_86_in
                         LUT5 (Prop_LUT5_I4_O)        0.038     8.939 f  fe/u_dr/rn/lane[0].sh/fl/i___27_i_1/O
                         net (fo=82, unplaced)        0.267     9.206    fe/u_dr/rn/lane[0].sh/fl/q_valid_reg[2]
                         LUT2 (Prop_LUT2_I1_O)        0.070     9.276 f  fe/u_dr/rn/lane[0].sh/fl/pdv_reg_0_1_0_0_i_4/O
                         net (fo=5, unplaced)         0.204     9.480    sb/lane[0].sh/sched_disp_valid[0]
                         LUT5 (Prop_LUT5_I4_O)        0.038     9.518 r  sb/lane[0].sh/r3[0]_i_4/O
                         net (fo=22, unplaced)        0.237     9.755    fe/u_dr/rn/lane[0].sh/fl/ready_reg[16]
                         LUT6 (Prop_LUT6_I5_O)        0.038     9.793 f  fe/u_dr/rn/lane[0].sh/fl/ready[20]_i_12/O
                         net (fo=65, unplaced)        0.262    10.055    fe/u_dr/rn/lane[0].sh/fl/free_reg[0]_22
                         LUT3 (Prop_LUT3_I2_O)        0.070    10.125 r  fe/u_dr/rn/lane[0].sh/fl/ready[60]_i_13/O
                         net (fo=2, unplaced)         0.186    10.311    fe/u_dr/rn/lane[0].sh/fl/ready[60]_i_13_n_0
                         LUT5 (Prop_LUT5_I2_O)        0.070    10.381 f  fe/u_dr/rn/lane[0].sh/fl/ready[60]_i_5/O
                         net (fo=1, unplaced)         0.186    10.567    eb/lane[2].sh/ready_reg[60]_2
                         LUT6 (Prop_LUT6_I4_O)        0.038    10.605 r  eb/lane[2].sh/ready[60]_i_1/O
                         net (fo=1, unplaced)         0.048    10.653    sb/ready_reg[60]_1
                         FDSE                                         r  sb/ready_reg[60]/D
  -------------------------------------------------------------------    -------------------

                         (clock clk rise edge)        2.500     2.500 r  
                                                      0.000     2.500 r  clk (IN)
                         net (fo=19016, unset)        0.021     2.521    sb/clk
                         FDSE                                         r  sb/ready_reg[60]/C
                         clock pessimism              0.000     2.521    
                         clock uncertainty           -0.035     2.486    
                         FDSE (Setup_FDSE_C_D)        0.025     2.511    sb/ready_reg[60]
  -------------------------------------------------------------------
                         required time                          2.511    
                         arrival time                         -10.653    
  -------------------------------------------------------------------
                         slack                                 -8.142    




